[95mPester v5.7.1[0m
[95m
[95mStarting discovery in 23 files.[0m
[95mDiscovery found 1035 tests in 1.09s.[0m
[95mRunning tests.[0m
[95m
[95mRunning tests from 'C:\Users\lavantien\dev\github\dotfiles\tests\powershell\bootstrap-integration.Tests.ps1'[0m
[92mDescribing Bootstrap Integration - Platform Detection[0m
[96m Context Windows Bootstrap Invocation[0m
[32m   [+] When Windows bootstrap exists, wrapper invokes it (not bash)[0m[90m 149ms (111ms|38ms)[0m
[32m   [+] When Windows bootstrap is missing, wrapper falls back to bash[0m[90m 1.23s (1.23s|1ms)[0m
[96m Context Parameter Passing to Windows Bootstrap[0m
[32m   [+] Passes -Y switch correctly to Windows bootstrap[0m[90m 94ms (90ms|4ms)[0m
[32m   [+] Passes -DryRun switch correctly to Windows bootstrap[0m[90m 72ms (71ms|1ms)[0m
[32m   [+] Passes -Categories parameter correctly to Windows bootstrap[0m[90m 106ms (104ms|1ms)[0m
[96m Context Native Windows Verification - Bash as Single Source of Truth[0m
[32m   [+] update-all.sh has Windows detection function[0m[90m 12ms (9ms|3ms)[0m
[32m   [+] update-all.sh skips Linux package managers on Windows (apt, dnf, pacman, zypper)[0m[90m 30ms (30ms|1ms)[0m
[32m   [+] update-all.sh preserves cross-platform package managers (npm, cargo, pip, etc.)[0m[90m 21ms (20ms|1ms)[0m
[32m   [+] Windows bootstrap calls update-all.ps1 wrapper (which calls bash script)[0m[90m 7ms (6ms|1ms)[0m
[32m   [+] update-all.ps1 wrapper does not block Windows execution[0m[90m 4ms (3ms|1ms)[0m
[95m
[95mRunning tests from 'C:\Users\lavantien\dev\github\dotfiles\tests\powershell\bootstrap-wrapper.Tests.ps1'[0m
[92mDescribing bootstrap.ps1 wrapper script[0m
[32m  [+] Script file exists[0m[90m 8ms (5ms|3ms)[0m
[32m  [+] Contains ErrorActionPreference Stop[0m[90m 12ms (11ms|1ms)[0m
[32m  [+] References Windows bootstrap path[0m[90m 4ms (3ms|1ms)[0m
[0m
[92mDescribing Parameter mapping for Windows bootstrap[0m
[32m  [+] Maps -y to Y parameter[0m[90m 9ms (6ms|3ms)[0m
[32m  [+] Maps -DryRun to DryRun parameter[0m[90m 3ms (2ms|1ms)[0m
[32m  [+] Maps -Categories to Categories parameter[0m[90m 5ms (4ms|1ms)[0m
[32m  [+] Maps -SkipUpdate to SkipUpdate parameter[0m[90m 10ms (9ms|1ms)[0m
[32m  [+] Handles -h/--help for showing help[0m[90m 4ms (3ms|1ms)[0m
[0m
[92mDescribing Parameter mapping for bash bootstrap[0m
[32m  [+] Maps -y to --yes for bash[0m[90m 6ms (4ms|2ms)[0m
[32m  [+] Maps -DryRun to --dry-run for bash[0m[90m 4ms (3ms|1ms)[0m
[32m  [+] Maps -Categories to --categories for bash[0m[90m 5ms (4ms|1ms)[0m
[32m  [+] Maps -SkipUpdate to --skip-update for bash[0m[90m 4ms (3ms|1ms)[0m
[0m
[92mDescribing Fallback to bash script[0m
[32m  [+] Checks for bash availability[0m[90m 8ms (5ms|3ms)[0m
[32m  [+] Shows error message if bash not found[0m[90m 6ms (5ms|1ms)[0m
[32m  [+] References bootstrap.sh[0m[90m 5ms (3ms|2ms)[0m
[32m  [+] Uses login shell (-l) for bash[0m[90m 6ms (5ms|2ms)[0m
[0m
[92mDescribing Location management[0m
[32m  [+] Uses try/finally for location restoration[0m[90m 11ms (8ms|3ms)[0m
[32m  [+] Changes to script directory before invoking bootstrap[0m[90m 4ms (3ms|1ms)[0m
[0m
[92mDescribing Exit code handling[0m
[32m  [+] Returns LASTEXITCODE from Windows bootstrap[0m[90m 5ms (3ms|3ms)[0m
[32m  [+] Returns exit code from bash script[0m[90m 4ms (3ms|1ms)[0m
[95m
[95mRunning tests from 'C:\Users\lavantien\dev\github\dotfiles\tests\powershell\bootstrap.Tests.ps1'[0m
[92mDescribing Bootstrap Common Functions[0m
[96m Context Logging Functions[0m
[32m   [+] Write-Info outputs info message[0m[90m 8ms (5ms|3ms)[0m
[32m   [+] Write-Success outputs success message[0m[90m 4ms (3ms|1ms)[0m
[32m   [+] Write-Warning outputs warning message[0m[90m 19ms (18ms|1ms)[0m
[32m   [+] Write-Error-Msg outputs error message[0m[90m 5ms (4ms|1ms)[0m
[96m Context Command Existence[0m
[32m   [+] Test-Command returns true for existing commands[0m[90m 11ms (8ms|3ms)[0m
[32m   [+] Test-Command returns false for non-existent commands[0m[90m 170ms (169ms|1ms)[0m
[96m Context Install Functions[0m
[32m   [+] Invoke-SafeInstall returns result from script block[0m[90m 5ms (4ms|2ms)[0m
[WARN] Installation failed: test-package (exit: test error)
[32m   [+] Invoke-SafeInstall handles failures gracefully[0m[90m 8ms (7ms|1ms)[0m
[96m Context Path Management[0m
[INFO] Added to PATH (User): C:\test-path-1cf82f5b-162b-4795-8bcb-43832dcc8d46
[32m   [+] Add-ToPath adds new path to PATH[0m[90m 1.43s (1.43s|1ms)[0m
[96m Context Platform Detection[0m
[32m   [+] Get-OSPlatform returns a known platform[0m[90m 3ms (2ms|1ms)[0m
[0m
[92mDescribing Bootstrap Tracking Functions[0m
[32m  [+] Track-Installed adds to installed list[0m[90m 7ms (6ms|1ms)[0m
[32m  [+] Track-Installed adds description when provided[0m[90m 2ms (1ms|0ms)[0m
[32m  [+] Track-Skipped adds to skipped list[0m[90m 2ms (1ms|0ms)[0m
[32m  [+] Track-Skipped adds description when provided[0m[90m 2ms (2ms|0ms)[0m
[32m  [+] Track-Failed adds to failed list[0m[90m 2ms (2ms|0ms)[0m
[32m  [+] Track-Failed adds description when provided[0m[90m 2ms (1ms|0ms)[0m
[0m
[92mDescribing Bootstrap Error Handling[0m
[96m Context Invoke-SafeInstall Error Scenarios[0m
[WARN] Installation failed: missing-package (exit: CommandNotFoundException)
[32m   [+] Invoke-SafeInstall handles command not found[0m[90m 4ms (3ms|1ms)[0m
[WARN] Installation failed: network-package (exit: Network connection failed)
[32m   [+] Invoke-SafeInstall handles network errors[0m[90m 6ms (5ms|0ms)[0m
[WARN] Installation failed: slow-package (exit: Timeout waiting for response)
[32m   [+] Invoke-SafeInstall handles timeout errors[0m[90m 2ms (2ms|0ms)[0m
[WARN] Installation failed: protected-package (exit: AccessDenied)
[32m   [+] Invoke-SafeInstall handles permission denied[0m[90m 3ms (2ms|0ms)[0m
[WARN] Installation failed: fail-package (exit: Test error)
[32m   [+] Invoke-SafeInstall tracks failed packages[0m[90m 3ms (2ms|0ms)[0m
[WARN] Installation failed: test-package (exit: Specific error message)
[32m   [+] Invoke-SafeInstall returns error message in result[0m[90m 3ms (2ms|0ms)[0m
[32m   [+] Invoke-SafeInstall handles null package name[0m[90m 2ms (2ms|0ms)[0m
[32m   [+] Invoke-SafeInstall handles empty package name[0m[90m 2ms (1ms|0ms)[0m
[96m Context Path Management Error Scenarios[0m
[32m   [+] Add-ToPath handles null path[0m[90m 10ms (9ms|1ms)[0m
[32m   [+] Add-ToPath handles empty path[0m[90m 2ms (2ms|0ms)[0m
[32m   [+] Add-ToPath does not add duplicate paths[0m[90m 7ms (6ms|0ms)[0m
[INFO] Added to PATH (User): C:\Users\LAVANT~1\AppData\Local\Temp\Test Path 015aad94-4717-440c-a183-4f56a2686a56
[32m   [+] Add-ToPath handles paths with spaces[0m[90m 2.18s (2.17s|0ms)[0m
[INFO] Added to PATH (User): .\test-relative-path-776c5d89-fd22-4ceb-9fee-6a19002509cf
[32m   [+] Add-ToPath handles relative paths[0m[90m 1.4s (1.4s|0ms)[0m
[96m Context Test-Command Edge Cases[0m
[32m   [+] Test-Command returns false for null input[0m[90m 3ms (1ms|1ms)[0m
[32m   [+] Test-Command returns false for empty string[0m[90m 2ms (1ms|0ms)[0m
[32m   [+] Test-Command returns false for whitespace only[0m[90m 123ms (123ms|0ms)[0m
[32m   [+] Test-Command handles command with spaces[0m[90m 181ms (180ms|1ms)[0m
[96m Context Tracking Function Edge Cases[0m
[32m   [+] Track-Installed handles null package name[0m[90m 5ms (4ms|1ms)[0m
[32m   [+] Track-Installed handles empty package name[0m[90m 2ms (2ms|1ms)[0m
[32m   [+] Track-Skipped handles null package name[0m[90m 3ms (2ms|1ms)[0m
[32m   [+] Track-Failed handles null package name[0m[90m 2ms (2ms|0ms)[0m
[32m   [+] Reset-Tracking clears all tracking arrays[0m[90m 4ms (3ms|1ms)[0m
[96m Context Platform Detection Edge Cases[0m
[32m   [+] Get-OSPlatform returns consistent result[0m[90m 3ms (2ms|1ms)[0m
[32m   [+] Get-OSPlatform returns valid string[0m[90m 9ms (9ms|0ms)[0m
[96m Context Logging Function Edge Cases[0m
[INFO] 
[32m   [+] Write-Info handles null message[0m[90m 4ms (3ms|1ms)[0m
[32m   [+] Write-Info handles empty message[0m[90m 3ms (2ms|1ms)[0m
[OK] 
[32m   [+] Write-Success handles null message[0m[90m 3ms (3ms|1ms)[0m
[WARN] 
[32m   [+] Write-Warning handles null message[0m[90m 16ms (2ms|14ms)[0m
[ERROR] 
[32m   [+] Write-Error-Msg handles null message[0m[90m 2ms (2ms|0ms)[0m
[INFO] Test <>&" message
[32m   [+] Write-Info handles message with special characters[0m[90m 2ms (2ms|0ms)[0m
[INFO] xxxxxxxxxxxxxxxxxxxxxxxxxxxxxxxxxxxxxxxxxxxxxxxxxxxxxxxxxxxxxxxxxxxxxxxxxxxxxxxxxxxxxxxxxxxxxxxxxxxxxxxxxxxxxxxxxxxxxxxxxxxxxxxxxxxxxxxxxxxxxxxxxxxxxxxxxxxxxxxxxxxxxxxxxxxxxxxxxxxxxxxxxxxxxxxxxxxxxxxxxxxxxxxxxxxxxxxxxxxxxxxxxxxxxxxxxxxxxxxxxxxxxxxxxxxxxxxxxxxxxxxxxxxxxxxxxxxxxxxxxxxxxxxxxxxxxxxxxxxxxxxxxxxxxxxxxxxxxxxxxxxxxxxxxxxxxxxxxxxxxxxxxxxxxxxxxxxxxxxxxxxxxxxxxxxxxxxxxxxxxxxxxxxxxxxxxxxxxxxxxxxxxxxxxxxxxxxxxxxxxxxxxxxxxxxxxxxxxxxxxxxxxxxxxxxxxxxxxxxxxxxxxxxxxxxxxxxxxxxxxxxxxxxxxxxxxxxxxxxxxxxxxxxxxxxxxxxxxxxxxxxxxxxxxxxxxxxxxxxxxxxxxxxxxxxxxxxxxxxxxxxxxxxxxxxxxxxxxxxxxxxxxxxxxxxxxxxxxxxxxxxxxxxxxxxxxxxxxxxxxxxxxxxxxxxxxxxxxxxxxxxxxxxxxxxxxxxxxxxxxxxxxxxxxxxxxxxxxxxxxxxxxxxxxxxxxxxxxxxxxxxxxxxxxxxxxxxxxxxxxxxxxxxxxxxxxxxxxxxxxxxxxxxxxxxxxxxxxxxxxxxxxxxxxxxxxxxxxxxxxxxxxxxxxxxxxxxxxxxxxxxxxxxxxxxxxxxxxxxxxxxxxxxxxxxxxxxxxxxxxxxxxxxxxxxxxxxxxxxxxxxxxxxxxxxxxxxxxxxxxxxxxxxxxxxxxxxxxxxxxxxxxxxxxxxxxxxxxxxxxxxxxxxxxxxxxxxxxxxxxxxxxxxxxxxxxxxxxxxxxxxxxxxxxxxxxxxxxxxxxxxxxxxxxxxxxxxxxxxxxxxxxxxxxxxxxxxxxxxxxxxxxxxxxxxxxxxxxxxxxxxxxxxxxxxxxxxxxxxxxxxxxxxxxxxxxxxxxxxxxxxxxxxxxxxxxxxxxxxxxxxxxxxxxxxxxxxxxxxxxxxxxxxxxxxxxxxxxxxxxxxxxxxxxxxxxxxxxxxxxxxxxxxxxxxxxxxxxxxxxxxxxxxxxxxxxxxxxxxxxxxxxxxxxxxxxxxxxxxxxxxxxxxxxxxxxxxxxxxxxxxxxxxxxxxxxxxxxxxxxxxxxxxxxxxxxxxxxxxxxxxxxxxxxxxxxxxxxxxxxxxxxxxxxxxxxxxxxxxxxxxxxxxxxxxxxxxxxxxxxxxxxxxxxxxxxxxxxxxxxxxxxxxxxxxxxxxxxxxxxxxxxxxxxxxxxxxxxxxxxxxxxxxxxxxxxxxxxxxxxxxxxxxxxxxxxxxxxxxxxxxxxxxxxxxxxxxxxxxxxxxxxxxxxxxxxxxxxxxxxxxxxxxxxxxxxxxxxxxxxxxxxxxxxxxxxxxxxxxxxxxxxxxxxxxxxxxxxxxxxxxxxxxxxxxxxxxxxxxxxxxxxxxxxxxxxxxxxxxxxxxxxxxxxxxxxxxxxxxxxxxxxxxxxxxxxxxxxxxxxxxxxxxxxxxxxxxxxxxxxxxxxxxxxxxxxxxxxxxxxxxxxxxxxxxxxxxxxxxxxxxxxxxxxxxxxxxxxxxxxxxxxxxxxxxxxxxxxxxxxxxxxxxxxxxxxxxxxxxxxxxxxxxxxxxxxxxxxxxxxxxxxxxxxxxxxxxxxxxxxxxxxxxxxxxxxxxxxxxxxxxxxxxxxxxxxxxxxxxxxxxxxxxxxxxxxxxxxxxxxxxxxxxxxxxxxxxxxxxxxxxxxxxxxxxxxxxxxxxxxxxxxxxxxxxxxxxxxxxxxxxxxxxxxxxxxxxxxxxxxxxxxxxxxxxxxxxxxxxxxxxxxxxxxxxxxxxxxxxxxxxxxxxxxxxxxxxxxxxxxxxxxxxxxxxxxxxxxxxxxxxxxxxxxxxxxxxxxxxxxxxxxxxxxxxxxxxxxxxxxxxxxxxxxxxxxxxxxxxxxxxxxxxxxxxxxxxxxxxxxxxxxxxxxxxxxxxxxxxxxxxxxxxxxxxxxxxxxxxxxxxxxxxxxxxxxxxxxxxxxxxxxxxxxxxxxxxxxxxxxxxxxxxxxxxxxxxxxxxxxxxxxxxxxxxxxxxxxxxxxxxxxxxxxxxxxxxxxxxxxxxxxxxxxxxxxxxxxxxxxxxxxxxxxxxxxxxxxxxxxxxxxxxxxxxxxxxxxxxxxxxxxxxxxxxxxxxxxxxxxxxxxxxxxxxxxxxxxxxxxxxxxxxxxxxxxxxxxxxxxxxxxxxxxxxxxxxxxxxxxxxxxxxxxxxxxxxxxxxxxxxxxxxxxxxxxxxxxxxxxxxxxxxxxxxxxxxxxxxxxxxxxxxxxxxxxxxxxxxxxxxxxxxxxxxxxxxxxxxxxxxxxxxxxxxxxxxxxxxxxxxxxxxxxxxxxxxxxxxxxxxxxxxxxxxxxxxxxxxxxxxxxxxxxxxxxxxxxxxxxxxxxxxxxxxxxxxxxxxxxxxxxxxxxxxxxxxxxxxxxxxxxxxxxxxxxxxxxxxxxxxxxxxxxxxxxxxxxxxxxxxxxxxxxxxxxxxxxxxxxxxxxxxxxxxxxxxxxxxxxxxxxxxxxxxxxxxxxxxxxxxxxxxxxxxxxxxxxxxxxxxxxxxxxxxxxxxxxxxxxxxxxxxxxxxxxxxxxxxxxxxxxxxxxxxxxxxxxxxxxxxxxxxxxxxxxxxxxxxxxxxxxxxxxxxxxxxxxxxxxxxxxxxxxxxxxxxxxxxxxxxxxxxxxxxxxxxxxxxxxxxxxxxxxxxxxxxxxxxxxxxxxxxxxxxxxxxxxxxxxxxxxxxxxxxxxxxxxxxxxxxxxxxxxxxxxxxxxxxxxxxxxxxxxxxxxxxxxxxxxxxxxxxxxxxxxxxxxxxxxxxxxxxxxxxxxxxxxxxxxxxxxxxxxxxxxxxxxxxxxxxxxxxxxxxxxxxxxxxxxxxxxxxxxxxxxxxxxxxxxxxxxxxxxxxxxxxxxxxxxxxxxxxxxxxxxxxxxxxxxxxxxxxxxxxxxxxxxxxxxxxxxxxxxxxxxxxxxxxxxxxxxxxxxxxxxxxxxxxxxxxxxxxxxxxxxxxxxxxxxxxxxxxxxxxxxxxxxxxxxxxxxxxxxxxxxxxxxxxxxxxxxxxxxxxxxxxxxxxxxxxxxxxxxxxxxxxxxxxxxxxxxxxxxxxxxxxxxxxxxxxxxxxxxxxxxxxxxxxxxxxxxxxxxxxxxxxxxxxxxxxxxxxxxxxxxxxxxxxxxxxxxxxxxxxxxxxxxxxxxxxxxxxxxxxxxxxxxxxxxxxxxxxxxxxxxxxxxxxxxxxxxxxxxxxxxxxxxxxxxxxxxxxxxxxxxxxxxxxxxxxxxxxxxxxxxxxxxxxxxxxxxxxxxxxxxxxxxxxxxxxxxxxxxxxxxxxxxxxxxxxxxxxxxxxxxxxxxxxxxxxxxxxxxxxxxxxxxxxxxxxxxxxxxxxxxxxxxxxxxxxxxxxxxxxxxxxxxxxxxxxxxxxxxxxxxxxxxxxxxxxxxxxxxxxxxxxxxxxxxxxxxxxxxxxxxxxxxxxxxxxxxxxxxxxxxxxxxxxxxxxxxxxxxxxxxxxxxxxxxxxxxxxxxxxxxxxxxxxxxxxxxxxxxxxxxxxxxxxxxxxxxxxxxxxxxxxxxxxxxxxxxxxxxxxxxxxxxxxxxxxxxxxxxxxxxxxxxxxxxxxxxxxxxxxxxxxxxxxxxxxxxxxxxxxxxxxxxxxxxxxxxxxxxxxxxxxxxxxxxxxxxxxxxxxxxxxxxxxxxxxxxxxxxxxxxxxxxxxxxxxxxxxxxxxxxxxxxxxxxxxxxxxxxxxxxxxxxxxxxxxxxxxxxxxxxxxxxxxxxxxxxxxxxxxxxxxxxxxxxxxxxxxxxxxxxxxxxxxxxxxxxxxxxxxxxxxxxxxxxxxxxxxxxxxxxxxxxxxxxxxxxxxxxxxxxxxxxxxxxxxxxxxxxxxxxxxxxxxxxxxxxxxxxxxxxxxxxxxxxxxxxxxxxxxxxxxxxxxxxxxxxxxxxxxxxxxxxxxxxxxxxxxxxxxxxxxxxxxxxxxxxxxxxxxxxxxxxxxxxxxxxxxxxxxxxxxxxxxxxxxxxxxxxxxxxxxxxxxxxxxxxxxxxxxxxxxxxxxxxxxxxxxxxxxxxxxxxxxxxxxxxxxxxxxxxxxxxxxxxxxxxxxxxxxxxxxxxxxxxxxxxxxxxxxxxxxxxxxxxxxxxxxxxxxxxxxxxxxxxxxxxxxxxxxxxxxxxxxxxxxxxxxxxxxxxxxxxxxxxxxxxxxxxxxxxxxxxxxxxxxxxxxxxxxxxxxxxxxxxxxxxxxxxxxxxxxxxxxxxxxxxxxxxxxxxxxxxxxxxxxxxxxxxxxxxxxxxxxxxxxxxxxxxxxxxxxxxxxxxxxxxxxxxxxxxxxxxxxxxxxxxxxxxxxxxxxxxxxxxxxxxxxxxxxxxxxxxxxxxxxxxxxxxxxxxxxxxxxxxxxxxxxxxxxxxxxxxxxxxxxxxxxxxxxxxxxxxxxxxxxxxxxxxxxxxxxxxxxxxxxxxxxxxxxxxxxxxxxxxxxxxxxxxxxxxxxxxxxxxxxxxxxxxxxxxxxxxxxxxxxxxxxxxxxxxxxxxxxxxxxxxxxxxxxxxxxxxxxxxxxxxxxxxxxxxxxxxxxxxxxxxxxxxxxxxxxxxxxxxxxxxxxxxxxxxxxxxxxxxxxxxxxxxxxxxxxxxxxxxxxxxxxxxxxxxxxxxxxxxxxxxxxxxxxxxxxxxxxxxxxxxxxxxxxxxxxxxxxxxxxxxxxxxxxxxxxxxxxxxxxxxxxxxxxxxxxxxxxxxxxxxxxxxxxxxxxxxxxxxxxxxxxxxxxxxxxxxxxxxxxxxxxxxxxxxxxxxxxxxxxxxxxxxxxxxxxxxxxxxxxxxxxxxxxxxxxxxxxxxxxxxxxxxxxxxxxxxxxxxxxxxxxxxxxxxxxxxxxxxxxxxxxxxxxxxxxxxxxxxxxxxxxxxxxxxxxxxxxxxxxxxxxxxxxxxxxxxxxxxxxxxxxxxxxxxxxxxxxxxxxxxxxxxxxxxxxxxxxxxxxxxxxxxxxxxxxxxxxxxxxxxxxxxxxxxxxxxxxxxxxxxxxxxxxxxxxxxxxxxxxxxxxxxxxxxxxxxxxxxxxxxxxxxxxxxxxxxxxxxxxxxxxxxxxxxxxxxxxxxxxxxxxxxxxxxxxxxxxxxxxxxxxxxxxxxxxxxxxxxxxxxxxxxxxxxxxxxxxxxxxxxxxxxxxxxxxxxxxxxxxxxxxxxxxxxxxxxxxxxxxxxxxxxxxxxxxxxxxxxxxxxxxxxxxxxxxxxxxxxxxxxxxxxxxxxxxxxxxxxxxxxxxxxxxxxxxxxxxxxxxxxxxxxxxxxxxxxxxxxxxxxxxxxxxxxxxxxxxxxxxxxxxxxxxxxxxxxxxxxxxxxxxxxxxxxxxxxxxxxxxxxxxxxxxxxxxxxxxxxxxxxxxxxxxxxxxxxxxxxxxxxxxxxxxxxxxxxxxxxxxxxxxxxxxxxxxxxxxxxxxxxxxxxxxxxxxxxxxxxxxxxxxxxxxxxxxxxxxxxxxxxxxxxxxxxxxxxxxxxxxxxxxxxxxxxxxxxxxxxxxxxxxxxxxxxxxxxxxxxxxxxxxxxxxxxxxxxxxxxxxxxxxxxxxxxxxxxxxxxxxxxxxxxxxxxxxxxxxxxxxxxxxxxxxxxxxxxxxxxxxxxxxxxxxxxxxxxxxxxxxxxxxxxxxxxxxxxxxxxxxxxxxxxxxxxxxxxxxxxxxxxxxxxxxxxxxxxxxxxxxxxxxxxxxxxxxxxxxxxxxxxxxxxxxxxxxxxxxxxxxxxxxxxxxxxxxxxxxxxxxxxxxxxxxxxxxxxxxxxxxxxxxxxxxxxxxxxxxxxxxxxxxxxxxxxxxxxxxxxxxxxxxxxxxxxxxxxxxxxxxxxxxxxxxxxxxxxxxxxxxxxxxxxxxxxxxxxxxxxxxxxxxxxxxxxxxxxxxxxxxxxxxxxxxxxxxxxxxxxxxxxxxxxxxxxxxxxxxxxxxxxxxxxxxxxxxxxxxxxxxxxxxxxxxxxxxxxxxxxxxxxxxxxxxxxxxxxxxxxxxxxxxxxxxxxxxxxxxxxxxxxxxxxxxxxxxxxxxxxxxxxxxxxxxxxxxxxxxxxxxxxxxxxxxxxxxxxxxxxxxxxxxxxxxxxxxxxxxxxxxxxxxxxxxxxxxxxxxxxxxxxxxxxxxxxxxxxxxxxxxxxxxxxxxxxxxxxxxxxxxxxxxxxxxxxxxxxxxxxxxxxxxxxxxxxxxxxxxxxxxxxxxxxxxxxxxxxxxxxxxxxxxxxxxxxxxxxxxxxxxxxxxxxxxxxxxxxxxxxxxxxxxxxxxxxxxxxxxxxxxxxxxxxxxxxxxxxxxxxxxxxxxxxxxxxxxxxxxxxxxxxxxxxxxxxxxxxxxxxxxxxxxxxxxxxxxxxxxxxxxxxxxxxxxxxxxxxxxxxxxxxxxxxxxxxxxxxxxxxxxxxxxxxxxxxxxxxxxxxxxxxxxxxxxxxxxxxxxxxxxxxxxxxxxxxxxxxxxxxxxxxxxxxxxxxxxxxxxxxxxxxxxxxxxxxxxxxxxxxxxxxxxxxxxxxxxxxxxxxxxxxxxxxxxxxxxxxxxxxxxxxxxxxxxxxxxxxxxxxxxxxxxxxxxxxxxxxxxxxxxxxxxxxxxxxxxxxxxxxxxxxxxxxxxxxxxxxxxxxxxxxxxxxxxxxxxxxxxxxxxxxxxxxxxxxxxxxxxxxxxxxxxxxxxxxxxxxxxxxxxxxxxxxxxxxxxxxxxxxxxxxxxxxxxxxxxxxxxxxxxxxxxxxxxxxxxxxxxxxxxxxxxxxxxxxxxxxxxxxxxxxxxxxxxxxxxxxxxxxxxxxxxxxxxxxxxxxxxxxxxxxxxxxxxxxxxxxxxxxxxxxxxxxxxxxxxxxxxxxxxxxxxxxxxxxxxxxxxxxxxxxxxxxxxxxxxxxxxxxxxxxxxxxxxxxxxxxxxxxxxxxxxxxxxxxxxxxxxxxxxxxxxxxxxxxxxxxxxxxxxxxxxxxxxxxxxxxxxxxxxxxxxxxxxxxxxxxxxxxxxxxxxxxxxxxxxxxxxxxxxxxxxxxxxxxxxxxxxxxxxxxxxxxxxxxxxxxxxxxxxxxxxxxxxxxxxxxxxxxxxxxxxxxxxxxxxxxxxxxxxxxxxxxxxxxxxxxxxxxxxxxxxxxxxxxxxxxxxxxxxxxxxxxxxxxxxxxxxxxxxxxxxxxxxxxxxxxxxxxxxxxxxxxxxxxxxxxxxxxxxxxxxxxxxxxxxxxxxxxxxxxxxxxxxxxxxxxxxxxxxxxxxxxxxxxxxxxxxxxxxxxxxxxxxxxxxxxxxxxxxxxxxxxxxxxxxxxxxxxxxxxxxxxxxxxxxxxxxxxxxxxxxxxxxxxxxxxxxxxxxxxxxxxxxxxxxxxxxxxxxxxxxxxxxxxxxxxxxxxxxxxxxxxxxxxxxxxxxxxxxxxxxxxxxxxxxxxxxxxxxxxxxxxxxxxxxxxxxxxxxxxxxxxxxxxxxxxxxxxxxxxxxxxxxxxxxxxxxxxxxxxxxxxxxxxxxxxxxxxxxxxxxxxxxxxxxxxxxxxxxxxxxxxxxxxxxxxxxxxxxxxxxxxxxxxxxxxxxxxxxxxxxxxxxxxxxxxxxxxxxxxxxxxxxxxxxxxxxxxxxxxxxxxxxxxxxxxxxxxxxxxxxxxxxxxxxxxxxxxxxxxxxxxxxxxxxxxxxxxxxxxxxxxxxxxxxxxxxxxxxxxxxxxxxxxxxxxxxxxxxxxxxxxxxxxxxxxxxxxxxxxxxxxxxxxxxxxxxxxxxxxxxxxxxxxxxxxxxxxxxxxxxxxxxxxxxxxxxxxxxxxxxxxxxxxxxxxxxxxxxxxxxxxxxxxxxxxxxxxxxxxxxxxxxxxxxxxxxxxxxxxxxxxxxxxxxxxxxxxxxxxxxxxxxxxxxxxxxxxxxxxxxxxxxxxxxxxxxxxxxxxxxxxxxxxxxxxxxxxxxxxxxxxxxxxxxxxxxxxxxxxxxxxxxxxxxxxxxxxxxxxxxxxxxxxxxxxxxxxxxxxxxxxxxxxxxxxxxxxxxxxxxxxxxxxxxxxxxxxxxxxxxxxxxxxxxxxxxxxxxxxxxxxxxxxxxxxxxxxxxxxxxxxxxxxxxxxxxxxxxxxxxxxxxxxxxxxxxxxxxxxxxxxxxxxxxxxxxxxxxxxxxxxxxxxxxxxxxxxxxxxxxxxxxxxxxxxxxxxxxxxxxxxxxxxxxxxxxxxxxxxxxxxxxxxxxxxxxxxxxxxxxxxxxxxxxxxxxxxxxxxxxxxxxxxxxxxxxxxxxxxxxxxxxxxxxxxxxxxxxxxxxxxxxxxxxxxxxxxxxxxxxxxxxxxxxxxxxxxxxxxxxxxxxxxxxxxxxxxxxxxxxxxxxxxxxxxxxxxxxxxxxxxxxxxxxxxxxxxxxxxxxxxxxxxxxxxxxxxxxxxxxxxxxxxxxxxxxxxxxxxxxxxxxxxxxxxxxxxxxxxxxxxxxxxxxxxxxxxxxxxxxxxxxxxxxxxxxxxxxxxxxxxxxxxxxxxxxxxxxxxxxxxxxxxxxxxxxxxxxxxxxxxxxxxxxxxxxxxxxxxxxxxxxxxxxxxxxxxxxxxxxxxxxxxxxxxxxxxxxxxxxxxxxxxxxxxxxxxxxxxxxxxxxxxxxxxxxxxxxxxxxxxxxxxxxxxxxxxxxxxxxxxxxxxxxxxxxxxxxxxxxxxxxxxxxxxxxxxxxxxxxxxxxxxxxxxxxxxxxxxxxxxxxxxxxxxxxxxxxxxxxxxxxxxxxxxxxxxxxxxxxxxxxxxxxxxxxxxxxxxxxxxxxxxxxxxxxxxxxxxxxxxxxxxxxxxxxxxxxxxxxxxxxxxxxxxxxxxxxxxxxxxxxxxxxxxxxxxxxxxxxxxxxxxxxxxxxxxxxxxxxxxxxxxxxxxxxxxxxxxxxxxxxxxxxxxxxxxxxxxxxxxxxxxxxxxxxxxxxxxxxxxxxxxxxxxxxxxxxxxxxxxxxxxxxxxxxxxxxxxxxxxxxxxxxxxxxxxxxxxxxxxxxxxxxxxxxxxxxxxxxxxxxxxxxxxxxxxxxxxxxxxxxxxxxxxxxxxxxxxxxxxxxxxxxxxxxxxxxxxxxxxxxxxxxxxxxxxxxxxxxxxxxxxxxxxxxxxxxxxxxxxxxxxxxxxxxxxxxxxxxxxxxxxxxxxxxxxxxxxxxxxxxxxxxxxxxxxxxxxxxxxxxxxxxxxxxxxxxxxxxxxxxxxxxxxxxxxxxxxxxxxxxxxxxxxxxxxxxxxxxxxxxxxxxxxxxxxxxxxxxxxxxxxxxxxxxxxxxxxxxxxxxxxxxxxxxxxxxxxxxxxxxxxxxxxxxxxxxxxxxxxxxxxxxxxxxxxxxxxxxxxxxxxxxxxxxxxxxxxxxxxxxxxxxxxxxxxxxxxxxxxxxxxxxxxxxxxxxxxxxxxxxxxxxxxxxxxxxxxxxxxxxxxxxxxxxxxxxxxxxxxxxxxxxxxxxxxxxxxxxxxxxxxxxxxxxxxxxxxxxxxxxxxxxxxxxxxxxxxxxxxxxxxxxxxxxxxxxxxxxxxxxxxxxxxxxxxxxxxxxxxxxxxxxxxxxxxxxxxxxxxxxxxxxxxxxxxxxxxxxxxxxxxxxxxxxxxxxxxxxxxxxxxxxxxxxxxxxxxxxxxxxxxxxxxxxxxxxxxxxxxxxxxxxxxxxxxxxxxxxxxxxxxxxxxxxxxxxxxxxxxxxxxxxxxxxxxxxxxxxxxxxxxxxxxxxxxxxxxxxxxxxxxxxxxxxxxxxxxxxxxxxxxxxxxxxxxxxxxxxxxxxxxxxxxxxxxxxxxxxxxxxxxxxxxxxxxxxxxxxxxxxxxxxxxxxxxxxxxxxxxxxxxxxxxxxxxxxxxxxxxxxxxxxxxxxxxxxxxxxxxxxxxxxxxxxxxxxxxxxxxxxxxxxxxxxxxxxxxxxxxxxxxxxxxxxx
[32m   [+] Write-Info handles very long messages[0m[90m 4ms (3ms|0ms)[0m
[96m Context Package Manager Mock Scenarios[0m
[32m   [+] Handles Scoop not installed[0m[90m 153ms (152ms|1ms)[0m
[32m   [+] Handles Winget not installed[0m[90m 156ms (155ms|1ms)[0m
[32m   [+] Handles Chocolatey not installed[0m[90m 158ms (158ms|0ms)[0m
[0m
[92mDescribing Bootstrap.ps1 Phase Functions[0m
[96m Context Install-Foundation Phase[0m
[32m   [+] Script contains Install-Foundation function[0m[90m 5ms (4ms|1ms)[0m
[32m   [+] Install-Foundation checks for git command[0m[90m 5ms (4ms|1ms)[0m
[32m   [+] Install-Foundation calls Ensure-Scoop[0m[90m 4ms (3ms|0ms)[0m
[32m   [+] Install-Foundation calls Configure-GitSettings[0m[90m 4ms (3ms|0ms)[0m
[96m Context Install-SDKs Phase[0m
[32m   [+] Script contains Install-SDKs function[0m[90m 10ms (4ms|6ms)[0m
[32m   [+] Install-SDKs checks for minimal category[0m[90m 4ms (3ms|0ms)[0m
[32m   [+] Install-SDKs installs nodejs[0m[90m 4ms (3ms|0ms)[0m
[32m   [+] Install-SDKs installs python[0m[90m 4ms (3ms|0ms)[0m
[32m   [+] Install-SDKs installs go[0m[90m 5ms (4ms|1ms)[0m
[32m   [+] Install-SDKs installs dotnet for full category[0m[90m 4ms (3ms|1ms)[0m
[32m   [+] Install-SDKs installs OpenJDK for full category[0m[90m 8ms (7ms|0ms)[0m
[96m Context Install-LanguageServers Phase[0m
[32m   [+] Script contains Install-LanguageServers function[0m[90m 8ms (7ms|1ms)[0m
[32m   [+] Install-LanguageServers installs clangd[0m[90m 7ms (7ms|1ms)[0m
[32m   [+] Install-LanguageServers installs gopls[0m[90m 5ms (5ms|0ms)[0m
[32m   [+] Install-LanguageServers installs pyright[0m[90m 5ms (5ms|0ms)[0m
[32m   [+] Install-LanguageServers installs typescript-language-server[0m[90m 5ms (5ms|1ms)[0m
[96m Context Install-LintersFormatters Phase[0m
[32m   [+] Script contains Install-LintersFormatters function[0m[90m 6ms (5ms|1ms)[0m
[32m   [+] Install-LintersFormatters installs prettier[0m[90m 8ms (7ms|1ms)[0m
[32m   [+] Install-LintersFormatters installs eslint[0m[90m 9ms (8ms|1ms)[0m
[32m   [+] Install-LintersFormatters installs ruff[0m[90m 7ms (6ms|1ms)[0m
[32m   [+] Install-LintersFormatters installs shellcheck[0m[90m 9ms (8ms|0ms)[0m
[32m   [+] Install-LintersFormatters calls Initialize-UserPath[0m[90m 9ms (8ms|1ms)[0m
[96m Context Install-CLITools Phase[0m
[32m   [+] Script contains Install-CLITools function[0m[90m 10ms (9ms|1ms)[0m
[32m   [+] Install-CLITools installs fzf[0m[90m 7ms (6ms|0ms)[0m
[32m   [+] Install-CLITools installs zoxide[0m[90m 8ms (7ms|0ms)[0m
[32m   [+] Install-CLITools installs bat[0m[90m 6ms (6ms|0ms)[0m
[32m   [+] Install-CLITools installs eza[0m[90m 6ms (5ms|0ms)[0m
[32m   [+] Install-CLITools installs lazygit[0m[90m 6ms (6ms|0ms)[0m
[32m   [+] Install-CLITools installs gh[0m[90m 8ms (7ms|0ms)[0m
[32m   [+] Install-CLITools installs ripgrep[0m[90m 6ms (6ms|0ms)[0m
[32m   [+] Install-CLITools installs fd[0m[90m 6ms (6ms|0ms)[0m
[96m Context Install-MCPServers Phase[0m
[32m   [+] Script contains Install-MCPServers function[0m[90m 6ms (5ms|1ms)[0m
[32m   [+] Install-MCPServers installs context7 MCP server[0m[90m 6ms (5ms|0ms)[0m
[32m   [+] Install-MCPServers installs playwright MCP server[0m[90m 6ms (6ms|0ms)[0m
[32m   [+] Install-MCPServers installs repomix[0m[90m 12ms (11ms|1ms)[0m
[96m Context Install-DevelopmentTools Phase[0m
[32m   [+] Script contains Install-DevelopmentTools function[0m[90m 8ms (7ms|1ms)[0m
[32m   [+] Install-DevelopmentTools installs VS Code[0m[90m 8ms (7ms|1ms)[0m
[32m   [+] Install-DevelopmentTools installs Visual Studio Community[0m[90m 9ms (9ms|1ms)[0m
[32m   [+] Install-DevelopmentTools installs LLVM[0m[90m 8ms (7ms|0ms)[0m
[32m   [+] Install-DevelopmentTools installs LaTeX[0m[90m 12ms (11ms|1ms)[0m
[32m   [+] Install-DevelopmentTools installs Claude Code CLI[0m[90m 7ms (7ms|0ms)[0m
[96m Context Deploy-Configs Phase[0m
[32m   [+] Script contains Deploy-Configs function[0m[90m 7ms (6ms|1ms)[0m
[32m   [+] Deploy-Configs references deploy.ps1[0m[90m 7ms (7ms|0ms)[0m
[96m Context Update-All Phase[0m
[32m   [+] Script contains Update-All function[0m[90m 8ms (7ms|1ms)[0m
[32m   [+] Update-All references update-all.ps1[0m[90m 5ms (5ms|0ms)[0m
[96m Context Main Function[0m
[32m   [+] Script contains Main function[0m[90m 8ms (5ms|2ms)[0m
[32m   [+] Main calls Install-Foundation[0m[90m 6ms (5ms|0ms)[0m
[32m   [+] Main calls Install-SDKs[0m[90m 6ms (5ms|0ms)[0m
[32m   [+] Main calls Install-LanguageServers[0m[90m 5ms (5ms|0ms)[0m
[32m   [+] Main calls Install-LintersFormatters[0m[90m 6ms (5ms|0ms)[0m
[32m   [+] Main calls Install-CLITools[0m[90m 5ms (5ms|0ms)[0m
[32m   [+] Main calls Write-Summary[0m[90m 8ms (7ms|0ms)[0m
[32m   [+] Main calls Main at script end[0m[90m 6ms (5ms|1ms)[0m
[96m Context Script Parameters[0m
[32m   [+] Script has Y parameter[0m[90m 6ms (5ms|1ms)[0m
[32m   [+] Script has DryRun parameter[0m[90m 6ms (5ms|0ms)[0m
[32m   [+] Script has Categories parameter[0m[90m 8ms (8ms|0ms)[0m
[32m   [+] Script has SkipUpdate parameter[0m[90m 6ms (6ms|0ms)[0m
[32m   [+] Script has VerboseMode parameter[0m[90m 8ms (8ms|0ms)[0m
[32m   [+] Script uses CmdletBinding attribute[0m[90m 6ms (6ms|0ms)[0m
[96m Context Category Handling[0m
[32m   [+] Checks for minimal category[0m[90m 6ms (5ms|1ms)[0m
[32m   [+] Checks for full category[0m[90m 5ms (5ms|0ms)[0m
[32m   [+] Default Categories is full[0m[90m 7ms (7ms|0ms)[0m
[96m Context DryRun Handling[0m
[32m   [+] Checks DryRun variable[0m[90m 6ms (5ms|1ms)[0m
[32m   [+] Contains DRY-RUN message[0m[90m 8ms (8ms|0ms)[0m
[96m Context Library Sourcing[0m
[32m   [+] Sources common.ps1 library[0m[90m 7ms (6ms|1ms)[0m
[32m   [+] Sources version-check.ps1 library[0m[90m 8ms (8ms|0ms)[0m
[32m   [+] Sources windows.ps1 platform file[0m[90m 8ms (7ms|1ms)[0m
[32m   [+] Sources config.ps1 if available[0m[90m 7ms (6ms|1ms)[0m
[95m
[95mRunning tests from 'C:\Users\lavantien\dev\github\dotfiles\tests\powershell\common-full-coverage.Tests.ps1'[0m
[92mDescribing common.ps1 - All Logging Functions[0m
Test
[32m  [+] Write-Color executes[0m[90m 5ms (4ms|2ms)[0m
[INFO] Test info
[32m  [+] Write-Info executes[0m[90m 4ms (3ms|1ms)[0m
[OK] Test success
[32m  [+] Write-Success executes[0m[90m 4ms (3ms|1ms)[0m
[WARN] Test warning
[32m  [+] Write-Warning executes[0m[90m 2ms (2ms|0ms)[0m
[ERROR] Test error
[32m  [+] Write-Error-Msg executes[0m[90m 2ms (2ms|0ms)[0m
[STEP] Test step
[32m  [+] Write-Step executes[0m[90m 2ms (2ms|0ms)[0m

==== Test ====

[32m  [+] Write-Header executes with default width[0m[90m 3ms (3ms|0ms)[0m

==== Test ====

[32m  [+] Write-Header executes with custom width[0m[90m 3ms (2ms|0ms)[0m

Test Section
[32m  [+] Write-Section executes[0m[90m 4ms (3ms|1ms)[0m
[INFO] Verbose message
[32m  [+] Write-VerboseInfo with Verbose=true[0m[90m 3ms (2ms|1ms)[0m
[32m  [+] Write-VerboseInfo with Verbose=false[0m[90m 2ms (2ms|0ms)[0m
[0m
[92mDescribing common.ps1 - All Tracking Functions[0m
[91m  [-] Track-Installed adds package[0m[90m 13ms (11ms|2ms)[0m
[91m   Expected the actual value to be greater than 0, but got 0.
[91m   at $Script:INSTALLED_PACKAGES.Count | Should -BeGreaterThan 0, C:\Users\lavantien\dev\github\dotfiles\tests\powershell\common-full-coverage.Tests.ps1:73
[91m   at Invoke-Assertion, C:\Users\lavantien\Documents\PowerShell\Modules\Pester\5.7.1\Pester.psm1:8250
[91m   at Should<End>, C:\Users\lavantien\Documents\PowerShell\Modules\Pester\5.7.1\Pester.psm1:8193
[91m   at <ScriptBlock>, C:\Users\lavantien\dev\github\dotfiles\tests\powershell\common-full-coverage.Tests.ps1:73
[91m   at <ScriptBlock>, C:\Users\lavantien\Documents\PowerShell\Modules\Pester\5.7.1\Pester.psm1:2024
[91m   at <ScriptBlock>, C:\Users\lavantien\Documents\PowerShell\Modules\Pester\5.7.1\Pester.psm1:1985
[91m   at Invoke-ScriptBlock, C:\Users\lavantien\Documents\PowerShell\Modules\Pester\5.7.1\Pester.psm1:2157
[91m   at Invoke-TestItem, C:\Users\lavantien\Documents\PowerShell\Modules\Pester\5.7.1\Pester.psm1:1199
[91m   at Invoke-Block, C:\Users\lavantien\Documents\PowerShell\Modules\Pester\5.7.1\Pester.psm1:835
[91m   at <ScriptBlock>, C:\Users\lavantien\Documents\PowerShell\Modules\Pester\5.7.1\Pester.psm1:893
[91m   at <ScriptBlock>, C:\Users\lavantien\Documents\PowerShell\Modules\Pester\5.7.1\Pester.psm1:2024
[91m   at <ScriptBlock>, C:\Users\lavantien\Documents\PowerShell\Modules\Pester\5.7.1\Pester.psm1:1985
[91m   at Invoke-ScriptBlock, C:\Users\lavantien\Documents\PowerShell\Modules\Pester\5.7.1\Pester.psm1:2160
[91m   at Invoke-Block, C:\Users\lavantien\Documents\PowerShell\Modules\Pester\5.7.1\Pester.psm1:940
[91m   at <ScriptBlock>, C:\Users\lavantien\Documents\PowerShell\Modules\Pester\5.7.1\Pester.psm1:893
[91m   at <ScriptBlock>, C:\Users\lavantien\Documents\PowerShell\Modules\Pester\5.7.1\Pester.psm1:2024
[91m   at <ScriptBlock>, C:\Users\lavantien\Documents\PowerShell\Modules\Pester\5.7.1\Pester.psm1:1985
[91m   at Invoke-ScriptBlock, C:\Users\lavantien\Documents\PowerShell\Modules\Pester\5.7.1\Pester.psm1:2160
[91m   at Invoke-Block, C:\Users\lavantien\Documents\PowerShell\Modules\Pester\5.7.1\Pester.psm1:940
[91m   at <ScriptBlock>, C:\Users\lavantien\Documents\PowerShell\Modules\Pester\5.7.1\Pester.psm1:1688
[91m   at <ScriptBlock>, C:\Users\lavantien\Documents\PowerShell\Modules\Pester\5.7.1\Pester.ps1:3
[91m   at <ScriptBlock>, C:\Users\lavantien\Documents\PowerShell\Modules\Pester\5.7.1\Pester.psm1:3260
[91m   at Invoke-InNewScriptScope, C:\Users\lavantien\Documents\PowerShell\Modules\Pester\5.7.1\Pester.psm1:3267
[91m   at Run-Test, C:\Users\lavantien\Documents\PowerShell\Modules\Pester\5.7.1\Pester.psm1:1691
[91m   at Invoke-Test, C:\Users\lavantien\Documents\PowerShell\Modules\Pester\5.7.1\Pester.psm1:2512
[91m   at Invoke-Pester<End>, C:\Users\lavantien\Documents\PowerShell\Modules\Pester\5.7.1\Pester.psm1:4960
[91m   at <ScriptBlock>, C:\Users\lavantien\dev\github\dotfiles\run-tests.ps1:10[0m
[91m  [-] Track-Skipped adds package[0m[90m 5ms (4ms|1ms)[0m
[91m   Expected the actual value to be greater than 0, but got 0.
[91m   at $Script:SKIPPED_PACKAGES.Count | Should -BeGreaterThan 0, C:\Users\lavantien\dev\github\dotfiles\tests\powershell\common-full-coverage.Tests.ps1:78
[91m   at Invoke-Assertion, C:\Users\lavantien\Documents\PowerShell\Modules\Pester\5.7.1\Pester.psm1:8250
[91m   at Should<End>, C:\Users\lavantien\Documents\PowerShell\Modules\Pester\5.7.1\Pester.psm1:8193
[91m   at <ScriptBlock>, C:\Users\lavantien\dev\github\dotfiles\tests\powershell\common-full-coverage.Tests.ps1:78
[91m   at <ScriptBlock>, C:\Users\lavantien\Documents\PowerShell\Modules\Pester\5.7.1\Pester.psm1:2024
[91m   at <ScriptBlock>, C:\Users\lavantien\Documents\PowerShell\Modules\Pester\5.7.1\Pester.psm1:1985
[91m   at Invoke-ScriptBlock, C:\Users\lavantien\Documents\PowerShell\Modules\Pester\5.7.1\Pester.psm1:2157
[91m   at Invoke-TestItem, C:\Users\lavantien\Documents\PowerShell\Modules\Pester\5.7.1\Pester.psm1:1199
[91m   at Invoke-Block, C:\Users\lavantien\Documents\PowerShell\Modules\Pester\5.7.1\Pester.psm1:835
[91m   at <ScriptBlock>, C:\Users\lavantien\Documents\PowerShell\Modules\Pester\5.7.1\Pester.psm1:893
[91m   at <ScriptBlock>, C:\Users\lavantien\Documents\PowerShell\Modules\Pester\5.7.1\Pester.psm1:2024
[91m   at <ScriptBlock>, C:\Users\lavantien\Documents\PowerShell\Modules\Pester\5.7.1\Pester.psm1:1985
[91m   at Invoke-ScriptBlock, C:\Users\lavantien\Documents\PowerShell\Modules\Pester\5.7.1\Pester.psm1:2160
[91m   at Invoke-Block, C:\Users\lavantien\Documents\PowerShell\Modules\Pester\5.7.1\Pester.psm1:940
[91m   at <ScriptBlock>, C:\Users\lavantien\Documents\PowerShell\Modules\Pester\5.7.1\Pester.psm1:893
[91m   at <ScriptBlock>, C:\Users\lavantien\Documents\PowerShell\Modules\Pester\5.7.1\Pester.psm1:2024
[91m   at <ScriptBlock>, C:\Users\lavantien\Documents\PowerShell\Modules\Pester\5.7.1\Pester.psm1:1985
[91m   at Invoke-ScriptBlock, C:\Users\lavantien\Documents\PowerShell\Modules\Pester\5.7.1\Pester.psm1:2160
[91m   at Invoke-Block, C:\Users\lavantien\Documents\PowerShell\Modules\Pester\5.7.1\Pester.psm1:940
[91m   at <ScriptBlock>, C:\Users\lavantien\Documents\PowerShell\Modules\Pester\5.7.1\Pester.psm1:1688
[91m   at <ScriptBlock>, C:\Users\lavantien\Documents\PowerShell\Modules\Pester\5.7.1\Pester.ps1:3
[91m   at <ScriptBlock>, C:\Users\lavantien\Documents\PowerShell\Modules\Pester\5.7.1\Pester.psm1:3260
[91m   at Invoke-InNewScriptScope, C:\Users\lavantien\Documents\PowerShell\Modules\Pester\5.7.1\Pester.psm1:3267
[91m   at Run-Test, C:\Users\lavantien\Documents\PowerShell\Modules\Pester\5.7.1\Pester.psm1:1691
[91m   at Invoke-Test, C:\Users\lavantien\Documents\PowerShell\Modules\Pester\5.7.1\Pester.psm1:2512
[91m   at Invoke-Pester<End>, C:\Users\lavantien\Documents\PowerShell\Modules\Pester\5.7.1\Pester.psm1:4960
[91m   at <ScriptBlock>, C:\Users\lavantien\dev\github\dotfiles\run-tests.ps1:10[0m
[91m  [-] Track-Failed adds package[0m[90m 3ms (2ms|1ms)[0m
[91m   Expected the actual value to be greater than 0, but got 0.
[91m   at $Script:FAILED_PACKAGES.Count | Should -BeGreaterThan 0, C:\Users\lavantien\dev\github\dotfiles\tests\powershell\common-full-coverage.Tests.ps1:83
[91m   at Invoke-Assertion, C:\Users\lavantien\Documents\PowerShell\Modules\Pester\5.7.1\Pester.psm1:8250
[91m   at Should<End>, C:\Users\lavantien\Documents\PowerShell\Modules\Pester\5.7.1\Pester.psm1:8193
[91m   at <ScriptBlock>, C:\Users\lavantien\dev\github\dotfiles\tests\powershell\common-full-coverage.Tests.ps1:83
[91m   at <ScriptBlock>, C:\Users\lavantien\Documents\PowerShell\Modules\Pester\5.7.1\Pester.psm1:2024
[91m   at <ScriptBlock>, C:\Users\lavantien\Documents\PowerShell\Modules\Pester\5.7.1\Pester.psm1:1985
[91m   at Invoke-ScriptBlock, C:\Users\lavantien\Documents\PowerShell\Modules\Pester\5.7.1\Pester.psm1:2157
[91m   at Invoke-TestItem, C:\Users\lavantien\Documents\PowerShell\Modules\Pester\5.7.1\Pester.psm1:1199
[91m   at Invoke-Block, C:\Users\lavantien\Documents\PowerShell\Modules\Pester\5.7.1\Pester.psm1:835
[91m   at <ScriptBlock>, C:\Users\lavantien\Documents\PowerShell\Modules\Pester\5.7.1\Pester.psm1:893
[91m   at <ScriptBlock>, C:\Users\lavantien\Documents\PowerShell\Modules\Pester\5.7.1\Pester.psm1:2024
[91m   at <ScriptBlock>, C:\Users\lavantien\Documents\PowerShell\Modules\Pester\5.7.1\Pester.psm1:1985
[91m   at Invoke-ScriptBlock, C:\Users\lavantien\Documents\PowerShell\Modules\Pester\5.7.1\Pester.psm1:2160
[91m   at Invoke-Block, C:\Users\lavantien\Documents\PowerShell\Modules\Pester\5.7.1\Pester.psm1:940
[91m   at <ScriptBlock>, C:\Users\lavantien\Documents\PowerShell\Modules\Pester\5.7.1\Pester.psm1:893
[91m   at <ScriptBlock>, C:\Users\lavantien\Documents\PowerShell\Modules\Pester\5.7.1\Pester.psm1:2024
[91m   at <ScriptBlock>, C:\Users\lavantien\Documents\PowerShell\Modules\Pester\5.7.1\Pester.psm1:1985
[91m   at Invoke-ScriptBlock, C:\Users\lavantien\Documents\PowerShell\Modules\Pester\5.7.1\Pester.psm1:2160
[91m   at Invoke-Block, C:\Users\lavantien\Documents\PowerShell\Modules\Pester\5.7.1\Pester.psm1:940
[91m   at <ScriptBlock>, C:\Users\lavantien\Documents\PowerShell\Modules\Pester\5.7.1\Pester.psm1:1688
[91m   at <ScriptBlock>, C:\Users\lavantien\Documents\PowerShell\Modules\Pester\5.7.1\Pester.ps1:3
[91m   at <ScriptBlock>, C:\Users\lavantien\Documents\PowerShell\Modules\Pester\5.7.1\Pester.psm1:3260
[91m   at Invoke-InNewScriptScope, C:\Users\lavantien\Documents\PowerShell\Modules\Pester\5.7.1\Pester.psm1:3267
[91m   at Run-Test, C:\Users\lavantien\Documents\PowerShell\Modules\Pester\5.7.1\Pester.psm1:1691
[91m   at Invoke-Test, C:\Users\lavantien\Documents\PowerShell\Modules\Pester\5.7.1\Pester.psm1:2512
[91m   at Invoke-Pester<End>, C:\Users\lavantien\Documents\PowerShell\Modules\Pester\5.7.1\Pester.psm1:4960
[91m   at <ScriptBlock>, C:\Users\lavantien\dev\github\dotfiles\run-tests.ps1:10[0m
[32m  [+] Reset-Tracking clears all arrays[0m[90m 4ms (4ms|1ms)[0m

==== Bootstrap Summary ====

Installed: 1
  - p1 (d1)

Skipped: 1
  - p2 (d2)

Failed: 1
  - p3 (d3)

[32m  [+] Write-Summary executes[0m[90m 6ms (5ms|1ms)[0m
[0m
[92mDescribing common.ps1 - Platform Detection[0m
[32m  [+] Get-OSPlatform returns valid value[0m[90m 2ms (1ms|1ms)[0m
[32m  [+] Get-WindowsVersion returns version[0m[90m 4ms (4ms|0ms)[0m
[0m
[92mDescribing common.ps1 - Test-Command[0m
[32m  [+] Returns true for existing command[0m[90m 5ms (3ms|1ms)[0m
[32m  [+] Returns false for non-existent command[0m[90m 130ms (130ms|0ms)[0m
[32m  [+] Handles built-in commands[0m[90m 2ms (2ms|0ms)[0m
[0m
[92mDescribing common.ps1 - Add-ToPath[0m
[INFO] Added to PATH (User): C:\Test-Path-893a84d9-f232-4cb6-b573-7bf10ab62338
[91m  [-] Adds path to User scope session[0m[90m 711ms (710ms|1ms)[0m
[91m   Expected $true, but got $false.
[91m   at $env:Path -like "*$testPath*" | Should -Be $true, C:\Users\lavantien\dev\github\dotfiles\tests\powershell\common-full-coverage.Tests.ps1:144
[91m   at Invoke-Assertion, C:\Users\lavantien\Documents\PowerShell\Modules\Pester\5.7.1\Pester.psm1:8250
[91m   at Should<End>, C:\Users\lavantien\Documents\PowerShell\Modules\Pester\5.7.1\Pester.psm1:8189
[91m   at <ScriptBlock>, C:\Users\lavantien\dev\github\dotfiles\tests\powershell\common-full-coverage.Tests.ps1:144
[91m   at <ScriptBlock>, C:\Users\lavantien\Documents\PowerShell\Modules\Pester\5.7.1\Pester.psm1:2024
[91m   at <ScriptBlock>, C:\Users\lavantien\Documents\PowerShell\Modules\Pester\5.7.1\Pester.psm1:1985
[91m   at Invoke-ScriptBlock, C:\Users\lavantien\Documents\PowerShell\Modules\Pester\5.7.1\Pester.psm1:2157
[91m   at Invoke-TestItem, C:\Users\lavantien\Documents\PowerShell\Modules\Pester\5.7.1\Pester.psm1:1199
[91m   at Invoke-Block, C:\Users\lavantien\Documents\PowerShell\Modules\Pester\5.7.1\Pester.psm1:835
[91m   at <ScriptBlock>, C:\Users\lavantien\Documents\PowerShell\Modules\Pester\5.7.1\Pester.psm1:893
[91m   at <ScriptBlock>, C:\Users\lavantien\Documents\PowerShell\Modules\Pester\5.7.1\Pester.psm1:2024
[91m   at <ScriptBlock>, C:\Users\lavantien\Documents\PowerShell\Modules\Pester\5.7.1\Pester.psm1:1985
[91m   at Invoke-ScriptBlock, C:\Users\lavantien\Documents\PowerShell\Modules\Pester\5.7.1\Pester.psm1:2160
[91m   at Invoke-Block, C:\Users\lavantien\Documents\PowerShell\Modules\Pester\5.7.1\Pester.psm1:940
[91m   at <ScriptBlock>, C:\Users\lavantien\Documents\PowerShell\Modules\Pester\5.7.1\Pester.psm1:893
[91m   at <ScriptBlock>, C:\Users\lavantien\Documents\PowerShell\Modules\Pester\5.7.1\Pester.psm1:2024
[91m   at <ScriptBlock>, C:\Users\lavantien\Documents\PowerShell\Modules\Pester\5.7.1\Pester.psm1:1985
[91m   at Invoke-ScriptBlock, C:\Users\lavantien\Documents\PowerShell\Modules\Pester\5.7.1\Pester.psm1:2160
[91m   at Invoke-Block, C:\Users\lavantien\Documents\PowerShell\Modules\Pester\5.7.1\Pester.psm1:940
[91m   at <ScriptBlock>, C:\Users\lavantien\Documents\PowerShell\Modules\Pester\5.7.1\Pester.psm1:1688
[91m   at <ScriptBlock>, C:\Users\lavantien\Documents\PowerShell\Modules\Pester\5.7.1\Pester.ps1:3
[91m   at <ScriptBlock>, C:\Users\lavantien\Documents\PowerShell\Modules\Pester\5.7.1\Pester.psm1:3260
[91m   at Invoke-InNewScriptScope, C:\Users\lavantien\Documents\PowerShell\Modules\Pester\5.7.1\Pester.psm1:3267
[91m   at Run-Test, C:\Users\lavantien\Documents\PowerShell\Modules\Pester\5.7.1\Pester.psm1:1691
[91m   at Invoke-Test, C:\Users\lavantien\Documents\PowerShell\Modules\Pester\5.7.1\Pester.psm1:2512
[91m   at Invoke-Pester<End>, C:\Users\lavantien\Documents\PowerShell\Modules\Pester\5.7.1\Pester.psm1:4960
[91m   at <ScriptBlock>, C:\Users\lavantien\dev\github\dotfiles\run-tests.ps1:10[0m
[INFO] Added to PATH (User): C:\Test-Path-7957629c-c58d-4b3e-8fc0-aa0eb745f86c
[91m  [-] Adds path to Process scope only[0m[90m 648ms (647ms|0ms)[0m
[91m   Expected $true, but got $false.
[91m   at $env:Path -like "*$testPath*" | Should -Be $true, C:\Users\lavantien\dev\github\dotfiles\tests\powershell\common-full-coverage.Tests.ps1:149
[91m   at Invoke-Assertion, C:\Users\lavantien\Documents\PowerShell\Modules\Pester\5.7.1\Pester.psm1:8250
[91m   at Should<End>, C:\Users\lavantien\Documents\PowerShell\Modules\Pester\5.7.1\Pester.psm1:8189
[91m   at <ScriptBlock>, C:\Users\lavantien\dev\github\dotfiles\tests\powershell\common-full-coverage.Tests.ps1:149
[91m   at <ScriptBlock>, C:\Users\lavantien\Documents\PowerShell\Modules\Pester\5.7.1\Pester.psm1:2024
[91m   at <ScriptBlock>, C:\Users\lavantien\Documents\PowerShell\Modules\Pester\5.7.1\Pester.psm1:1985
[91m   at Invoke-ScriptBlock, C:\Users\lavantien\Documents\PowerShell\Modules\Pester\5.7.1\Pester.psm1:2157
[91m   at Invoke-TestItem, C:\Users\lavantien\Documents\PowerShell\Modules\Pester\5.7.1\Pester.psm1:1199
[91m   at Invoke-Block, C:\Users\lavantien\Documents\PowerShell\Modules\Pester\5.7.1\Pester.psm1:835
[91m   at <ScriptBlock>, C:\Users\lavantien\Documents\PowerShell\Modules\Pester\5.7.1\Pester.psm1:893
[91m   at <ScriptBlock>, C:\Users\lavantien\Documents\PowerShell\Modules\Pester\5.7.1\Pester.psm1:2024
[91m   at <ScriptBlock>, C:\Users\lavantien\Documents\PowerShell\Modules\Pester\5.7.1\Pester.psm1:1985
[91m   at Invoke-ScriptBlock, C:\Users\lavantien\Documents\PowerShell\Modules\Pester\5.7.1\Pester.psm1:2160
[91m   at Invoke-Block, C:\Users\lavantien\Documents\PowerShell\Modules\Pester\5.7.1\Pester.psm1:940
[91m   at <ScriptBlock>, C:\Users\lavantien\Documents\PowerShell\Modules\Pester\5.7.1\Pester.psm1:893
[91m   at <ScriptBlock>, C:\Users\lavantien\Documents\PowerShell\Modules\Pester\5.7.1\Pester.psm1:2024
[91m   at <ScriptBlock>, C:\Users\lavantien\Documents\PowerShell\Modules\Pester\5.7.1\Pester.psm1:1985
[91m   at Invoke-ScriptBlock, C:\Users\lavantien\Documents\PowerShell\Modules\Pester\5.7.1\Pester.psm1:2160
[91m   at Invoke-Block, C:\Users\lavantien\Documents\PowerShell\Modules\Pester\5.7.1\Pester.psm1:940
[91m   at <ScriptBlock>, C:\Users\lavantien\Documents\PowerShell\Modules\Pester\5.7.1\Pester.psm1:1688
[91m   at <ScriptBlock>, C:\Users\lavantien\Documents\PowerShell\Modules\Pester\5.7.1\Pester.ps1:3
[91m   at <ScriptBlock>, C:\Users\lavantien\Documents\PowerShell\Modules\Pester\5.7.1\Pester.psm1:3260
[91m   at Invoke-InNewScriptScope, C:\Users\lavantien\Documents\PowerShell\Modules\Pester\5.7.1\Pester.psm1:3267
[91m   at Run-Test, C:\Users\lavantien\Documents\PowerShell\Modules\Pester\5.7.1\Pester.psm1:1691
[91m   at Invoke-Test, C:\Users\lavantien\Documents\PowerShell\Modules\Pester\5.7.1\Pester.psm1:2512
[91m   at Invoke-Pester<End>, C:\Users\lavantien\Documents\PowerShell\Modules\Pester\5.7.1\Pester.psm1:4960
[91m   at <ScriptBlock>, C:\Users\lavantien\dev\github\dotfiles\run-tests.ps1:10[0m
[INFO] Added to PATH (User): C:\Test-Path-e2ef0fa3-de4f-413a-9450-e8d826600fa5
[32m  [+] Handles duplicate paths gracefully[0m[90m 646ms (645ms|0ms)[0m
[0m
[92mDescribing common.ps1 - Initialize-UserPath[0m
[STEP] Ensuring development directories are in PATH...
[32m  [+] Executes without error[0m[90m 10ms (9ms|1ms)[0m
[STEP] Ensuring development directories are in PATH...
[32m  [+] Handles missing directories gracefully[0m[90m 11ms (11ms|0ms)[0m
[0m
[92mDescribing common.ps1 - Refresh-Path[0m
[32m  [+] Executes without error[0m[90m 4ms (2ms|1ms)[0m
[0m
[92mDescribing common.ps1 - Read-Confirmation[0m
[91m  [-] Returns 'y' when INTERACTIVE is false[0m[90m 8ms (6ms|1ms)[0m
[91m   Expected 'y', but got $true.
[91m   at $result | Should -Be "y", C:\Users\lavantien\dev\github\dotfiles\tests\powershell\common-full-coverage.Tests.ps1:182
[91m   at Invoke-Assertion, C:\Users\lavantien\Documents\PowerShell\Modules\Pester\5.7.1\Pester.psm1:8250
[91m   at Should<End>, C:\Users\lavantien\Documents\PowerShell\Modules\Pester\5.7.1\Pester.psm1:8189
[91m   at <ScriptBlock>, C:\Users\lavantien\dev\github\dotfiles\tests\powershell\common-full-coverage.Tests.ps1:182
[91m   at <ScriptBlock>, C:\Users\lavantien\Documents\PowerShell\Modules\Pester\5.7.1\Pester.psm1:2024
[91m   at <ScriptBlock>, C:\Users\lavantien\Documents\PowerShell\Modules\Pester\5.7.1\Pester.psm1:1985
[91m   at Invoke-ScriptBlock, C:\Users\lavantien\Documents\PowerShell\Modules\Pester\5.7.1\Pester.psm1:2157
[91m   at Invoke-TestItem, C:\Users\lavantien\Documents\PowerShell\Modules\Pester\5.7.1\Pester.psm1:1199
[91m   at Invoke-Block, C:\Users\lavantien\Documents\PowerShell\Modules\Pester\5.7.1\Pester.psm1:835
[91m   at <ScriptBlock>, C:\Users\lavantien\Documents\PowerShell\Modules\Pester\5.7.1\Pester.psm1:893
[91m   at <ScriptBlock>, C:\Users\lavantien\Documents\PowerShell\Modules\Pester\5.7.1\Pester.psm1:2024
[91m   at <ScriptBlock>, C:\Users\lavantien\Documents\PowerShell\Modules\Pester\5.7.1\Pester.psm1:1985
[91m   at Invoke-ScriptBlock, C:\Users\lavantien\Documents\PowerShell\Modules\Pester\5.7.1\Pester.psm1:2160
[91m   at Invoke-Block, C:\Users\lavantien\Documents\PowerShell\Modules\Pester\5.7.1\Pester.psm1:940
[91m   at <ScriptBlock>, C:\Users\lavantien\Documents\PowerShell\Modules\Pester\5.7.1\Pester.psm1:893
[91m   at <ScriptBlock>, C:\Users\lavantien\Documents\PowerShell\Modules\Pester\5.7.1\Pester.psm1:2024
[91m   at <ScriptBlock>, C:\Users\lavantien\Documents\PowerShell\Modules\Pester\5.7.1\Pester.psm1:1985
[91m   at Invoke-ScriptBlock, C:\Users\lavantien\Documents\PowerShell\Modules\Pester\5.7.1\Pester.psm1:2160
[91m   at Invoke-Block, C:\Users\lavantien\Documents\PowerShell\Modules\Pester\5.7.1\Pester.psm1:940
[91m   at <ScriptBlock>, C:\Users\lavantien\Documents\PowerShell\Modules\Pester\5.7.1\Pester.psm1:1688
[91m   at <ScriptBlock>, C:\Users\lavantien\Documents\PowerShell\Modules\Pester\5.7.1\Pester.ps1:3
[91m   at <ScriptBlock>, C:\Users\lavantien\Documents\PowerShell\Modules\Pester\5.7.1\Pester.psm1:3260
[91m   at Invoke-InNewScriptScope, C:\Users\lavantien\Documents\PowerShell\Modules\Pester\5.7.1\Pester.psm1:3267
[91m   at Run-Test, C:\Users\lavantien\Documents\PowerShell\Modules\Pester\5.7.1\Pester.psm1:1691
[91m   at Invoke-Test, C:\Users\lavantien\Documents\PowerShell\Modules\Pester\5.7.1\Pester.psm1:2512
[91m   at Invoke-Pester<End>, C:\Users\lavantien\Documents\PowerShell\Modules\Pester\5.7.1\Pester.psm1:4960
[91m   at <ScriptBlock>, C:\Users\lavantien\dev\github\dotfiles\run-tests.ps1:10[0m
[0m
[92mDescribing common.ps1 - Invoke-SafeInstall[0m
[91m  [-] Returns true on success[0m[90m 9ms (8ms|1ms)[0m
[91m   Expected $true, but got @($true, $true).
[91m   at $result | Should -Be $true, C:\Users\lavantien\dev\github\dotfiles\tests\powershell\common-full-coverage.Tests.ps1:191
[91m   at Invoke-Assertion, C:\Users\lavantien\Documents\PowerShell\Modules\Pester\5.7.1\Pester.psm1:8250
[91m   at Should<End>, C:\Users\lavantien\Documents\PowerShell\Modules\Pester\5.7.1\Pester.psm1:8189
[91m   at <ScriptBlock>, C:\Users\lavantien\dev\github\dotfiles\tests\powershell\common-full-coverage.Tests.ps1:191
[91m   at <ScriptBlock>, C:\Users\lavantien\Documents\PowerShell\Modules\Pester\5.7.1\Pester.psm1:2024
[91m   at <ScriptBlock>, C:\Users\lavantien\Documents\PowerShell\Modules\Pester\5.7.1\Pester.psm1:1985
[91m   at Invoke-ScriptBlock, C:\Users\lavantien\Documents\PowerShell\Modules\Pester\5.7.1\Pester.psm1:2157
[91m   at Invoke-TestItem, C:\Users\lavantien\Documents\PowerShell\Modules\Pester\5.7.1\Pester.psm1:1199
[91m   at Invoke-Block, C:\Users\lavantien\Documents\PowerShell\Modules\Pester\5.7.1\Pester.psm1:835
[91m   at <ScriptBlock>, C:\Users\lavantien\Documents\PowerShell\Modules\Pester\5.7.1\Pester.psm1:893
[91m   at <ScriptBlock>, C:\Users\lavantien\Documents\PowerShell\Modules\Pester\5.7.1\Pester.psm1:2024
[91m   at <ScriptBlock>, C:\Users\lavantien\Documents\PowerShell\Modules\Pester\5.7.1\Pester.psm1:1985
[91m   at Invoke-ScriptBlock, C:\Users\lavantien\Documents\PowerShell\Modules\Pester\5.7.1\Pester.psm1:2160
[91m   at Invoke-Block, C:\Users\lavantien\Documents\PowerShell\Modules\Pester\5.7.1\Pester.psm1:940
[91m   at <ScriptBlock>, C:\Users\lavantien\Documents\PowerShell\Modules\Pester\5.7.1\Pester.psm1:893
[91m   at <ScriptBlock>, C:\Users\lavantien\Documents\PowerShell\Modules\Pester\5.7.1\Pester.psm1:2024
[91m   at <ScriptBlock>, C:\Users\lavantien\Documents\PowerShell\Modules\Pester\5.7.1\Pester.psm1:1985
[91m   at Invoke-ScriptBlock, C:\Users\lavantien\Documents\PowerShell\Modules\Pester\5.7.1\Pester.psm1:2160
[91m   at Invoke-Block, C:\Users\lavantien\Documents\PowerShell\Modules\Pester\5.7.1\Pester.psm1:940
[91m   at <ScriptBlock>, C:\Users\lavantien\Documents\PowerShell\Modules\Pester\5.7.1\Pester.psm1:1688
[91m   at <ScriptBlock>, C:\Users\lavantien\Documents\PowerShell\Modules\Pester\5.7.1\Pester.ps1:3
[91m   at <ScriptBlock>, C:\Users\lavantien\Documents\PowerShell\Modules\Pester\5.7.1\Pester.psm1:3260
[91m   at Invoke-InNewScriptScope, C:\Users\lavantien\Documents\PowerShell\Modules\Pester\5.7.1\Pester.psm1:3267
[91m   at Run-Test, C:\Users\lavantien\Documents\PowerShell\Modules\Pester\5.7.1\Pester.psm1:1691
[91m   at Invoke-Test, C:\Users\lavantien\Documents\PowerShell\Modules\Pester\5.7.1\Pester.psm1:2512
[91m   at Invoke-Pester<End>, C:\Users\lavantien\Documents\PowerShell\Modules\Pester\5.7.1\Pester.psm1:4960
[91m   at <ScriptBlock>, C:\Users\lavantien\dev\github\dotfiles\run-tests.ps1:10[0m
[WARN] Installation failed: test (exit: test error)
[32m  [+] Returns false on failure[0m[90m 5ms (4ms|1ms)[0m
[91m  [-] Tracks successful install[0m[90m 6ms (4ms|2ms)[0m
[91m   Expected the actual value to be greater than 0, but got 0.
[91m   at $Script:INSTALLED_PACKAGES.Count | Should -BeGreaterThan 0, C:\Users\lavantien\dev\github\dotfiles\tests\powershell\common-full-coverage.Tests.ps1:203
[91m   at Invoke-Assertion, C:\Users\lavantien\Documents\PowerShell\Modules\Pester\5.7.1\Pester.psm1:8250
[91m   at Should<End>, C:\Users\lavantien\Documents\PowerShell\Modules\Pester\5.7.1\Pester.psm1:8193
[91m   at <ScriptBlock>, C:\Users\lavantien\dev\github\dotfiles\tests\powershell\common-full-coverage.Tests.ps1:203
[91m   at <ScriptBlock>, C:\Users\lavantien\Documents\PowerShell\Modules\Pester\5.7.1\Pester.psm1:2024
[91m   at <ScriptBlock>, C:\Users\lavantien\Documents\PowerShell\Modules\Pester\5.7.1\Pester.psm1:1985
[91m   at Invoke-ScriptBlock, C:\Users\lavantien\Documents\PowerShell\Modules\Pester\5.7.1\Pester.psm1:2157
[91m   at Invoke-TestItem, C:\Users\lavantien\Documents\PowerShell\Modules\Pester\5.7.1\Pester.psm1:1199
[91m   at Invoke-Block, C:\Users\lavantien\Documents\PowerShell\Modules\Pester\5.7.1\Pester.psm1:835
[91m   at <ScriptBlock>, C:\Users\lavantien\Documents\PowerShell\Modules\Pester\5.7.1\Pester.psm1:893
[91m   at <ScriptBlock>, C:\Users\lavantien\Documents\PowerShell\Modules\Pester\5.7.1\Pester.psm1:2024
[91m   at <ScriptBlock>, C:\Users\lavantien\Documents\PowerShell\Modules\Pester\5.7.1\Pester.psm1:1985
[91m   at Invoke-ScriptBlock, C:\Users\lavantien\Documents\PowerShell\Modules\Pester\5.7.1\Pester.psm1:2160
[91m   at Invoke-Block, C:\Users\lavantien\Documents\PowerShell\Modules\Pester\5.7.1\Pester.psm1:940
[91m   at <ScriptBlock>, C:\Users\lavantien\Documents\PowerShell\Modules\Pester\5.7.1\Pester.psm1:893
[91m   at <ScriptBlock>, C:\Users\lavantien\Documents\PowerShell\Modules\Pester\5.7.1\Pester.psm1:2024
[91m   at <ScriptBlock>, C:\Users\lavantien\Documents\PowerShell\Modules\Pester\5.7.1\Pester.psm1:1985
[91m   at Invoke-ScriptBlock, C:\Users\lavantien\Documents\PowerShell\Modules\Pester\5.7.1\Pester.psm1:2160
[91m   at Invoke-Block, C:\Users\lavantien\Documents\PowerShell\Modules\Pester\5.7.1\Pester.psm1:940
[91m   at <ScriptBlock>, C:\Users\lavantien\Documents\PowerShell\Modules\Pester\5.7.1\Pester.psm1:1688
[91m   at <ScriptBlock>, C:\Users\lavantien\Documents\PowerShell\Modules\Pester\5.7.1\Pester.ps1:3
[91m   at <ScriptBlock>, C:\Users\lavantien\Documents\PowerShell\Modules\Pester\5.7.1\Pester.psm1:3260
[91m   at Invoke-InNewScriptScope, C:\Users\lavantien\Documents\PowerShell\Modules\Pester\5.7.1\Pester.psm1:3267
[91m   at Run-Test, C:\Users\lavantien\Documents\PowerShell\Modules\Pester\5.7.1\Pester.psm1:1691
[91m   at Invoke-Test, C:\Users\lavantien\Documents\PowerShell\Modules\Pester\5.7.1\Pester.psm1:2512
[91m   at Invoke-Pester<End>, C:\Users\lavantien\Documents\PowerShell\Modules\Pester\5.7.1\Pester.psm1:4960
[91m   at <ScriptBlock>, C:\Users\lavantien\dev\github\dotfiles\run-tests.ps1:10[0m
[WARN] Installation failed: test (exit: error)
[91m  [-] Tracks failed install[0m[90m 5ms (4ms|1ms)[0m
[91m   Expected the actual value to be greater than 0, but got 0.
[91m   at $Script:FAILED_PACKAGES.Count | Should -BeGreaterThan 0, C:\Users\lavantien\dev\github\dotfiles\tests\powershell\common-full-coverage.Tests.ps1:209
[91m   at Invoke-Assertion, C:\Users\lavantien\Documents\PowerShell\Modules\Pester\5.7.1\Pester.psm1:8250
[91m   at Should<End>, C:\Users\lavantien\Documents\PowerShell\Modules\Pester\5.7.1\Pester.psm1:8193
[91m   at <ScriptBlock>, C:\Users\lavantien\dev\github\dotfiles\tests\powershell\common-full-coverage.Tests.ps1:209
[91m   at <ScriptBlock>, C:\Users\lavantien\Documents\PowerShell\Modules\Pester\5.7.1\Pester.psm1:2024
[91m   at <ScriptBlock>, C:\Users\lavantien\Documents\PowerShell\Modules\Pester\5.7.1\Pester.psm1:1985
[91m   at Invoke-ScriptBlock, C:\Users\lavantien\Documents\PowerShell\Modules\Pester\5.7.1\Pester.psm1:2157
[91m   at Invoke-TestItem, C:\Users\lavantien\Documents\PowerShell\Modules\Pester\5.7.1\Pester.psm1:1199
[91m   at Invoke-Block, C:\Users\lavantien\Documents\PowerShell\Modules\Pester\5.7.1\Pester.psm1:835
[91m   at <ScriptBlock>, C:\Users\lavantien\Documents\PowerShell\Modules\Pester\5.7.1\Pester.psm1:893
[91m   at <ScriptBlock>, C:\Users\lavantien\Documents\PowerShell\Modules\Pester\5.7.1\Pester.psm1:2024
[91m   at <ScriptBlock>, C:\Users\lavantien\Documents\PowerShell\Modules\Pester\5.7.1\Pester.psm1:1985
[91m   at Invoke-ScriptBlock, C:\Users\lavantien\Documents\PowerShell\Modules\Pester\5.7.1\Pester.psm1:2160
[91m   at Invoke-Block, C:\Users\lavantien\Documents\PowerShell\Modules\Pester\5.7.1\Pester.psm1:940
[91m   at <ScriptBlock>, C:\Users\lavantien\Documents\PowerShell\Modules\Pester\5.7.1\Pester.psm1:893
[91m   at <ScriptBlock>, C:\Users\lavantien\Documents\PowerShell\Modules\Pester\5.7.1\Pester.psm1:2024
[91m   at <ScriptBlock>, C:\Users\lavantien\Documents\PowerShell\Modules\Pester\5.7.1\Pester.psm1:1985
[91m   at Invoke-ScriptBlock, C:\Users\lavantien\Documents\PowerShell\Modules\Pester\5.7.1\Pester.psm1:2160
[91m   at Invoke-Block, C:\Users\lavantien\Documents\PowerShell\Modules\Pester\5.7.1\Pester.psm1:940
[91m   at <ScriptBlock>, C:\Users\lavantien\Documents\PowerShell\Modules\Pester\5.7.1\Pester.psm1:1688
[91m   at <ScriptBlock>, C:\Users\lavantien\Documents\PowerShell\Modules\Pester\5.7.1\Pester.ps1:3
[91m   at <ScriptBlock>, C:\Users\lavantien\Documents\PowerShell\Modules\Pester\5.7.1\Pester.psm1:3260
[91m   at Invoke-InNewScriptScope, C:\Users\lavantien\Documents\PowerShell\Modules\Pester\5.7.1\Pester.psm1:3267
[91m   at Run-Test, C:\Users\lavantien\Documents\PowerShell\Modules\Pester\5.7.1\Pester.psm1:1691
[91m   at Invoke-Test, C:\Users\lavantien\Documents\PowerShell\Modules\Pester\5.7.1\Pester.psm1:2512
[91m   at Invoke-Pester<End>, C:\Users\lavantien\Documents\PowerShell\Modules\Pester\5.7.1\Pester.psm1:4960
[91m   at <ScriptBlock>, C:\Users\lavantien\dev\github\dotfiles\run-tests.ps1:10[0m
[0m
[92mDescribing common.ps1 - cmd_exists[0m
[32m  [+] Returns true for existing command[0m[90m 20ms (18ms|2ms)[0m
[32m  [+] Returns false for non-existent command[0m[90m 148ms (147ms|1ms)[0m
[0m
[92mDescribing common.ps1 - exists[0m
[91m  [-] Returns true for existing file[0m[90m 36ms (35ms|1ms)[0m
[91m   CommandNotFoundException: The term 'exists' is not recognized as a name of a cmdlet, function, script file, or executable program.
[91m   Check the spelling of the name, or if a path was included, verify that the path is correct and try again.
[91m   at <ScriptBlock>, C:\Users\lavantien\dev\github\dotfiles\tests\powershell\common-full-coverage.Tests.ps1:231
[91m   at <ScriptBlock>, C:\Users\lavantien\Documents\PowerShell\Modules\Pester\5.7.1\Pester.psm1:2024
[91m   at <ScriptBlock>, C:\Users\lavantien\Documents\PowerShell\Modules\Pester\5.7.1\Pester.psm1:1985
[91m   at Invoke-ScriptBlock, C:\Users\lavantien\Documents\PowerShell\Modules\Pester\5.7.1\Pester.psm1:2157
[91m   at Invoke-TestItem, C:\Users\lavantien\Documents\PowerShell\Modules\Pester\5.7.1\Pester.psm1:1199
[91m   at Invoke-Block, C:\Users\lavantien\Documents\PowerShell\Modules\Pester\5.7.1\Pester.psm1:835
[91m   at <ScriptBlock>, C:\Users\lavantien\Documents\PowerShell\Modules\Pester\5.7.1\Pester.psm1:893
[91m   at <ScriptBlock>, C:\Users\lavantien\Documents\PowerShell\Modules\Pester\5.7.1\Pester.psm1:2024
[91m   at <ScriptBlock>, C:\Users\lavantien\Documents\PowerShell\Modules\Pester\5.7.1\Pester.psm1:1985
[91m   at Invoke-ScriptBlock, C:\Users\lavantien\Documents\PowerShell\Modules\Pester\5.7.1\Pester.psm1:2160
[91m   at Invoke-Block, C:\Users\lavantien\Documents\PowerShell\Modules\Pester\5.7.1\Pester.psm1:940
[91m   at <ScriptBlock>, C:\Users\lavantien\Documents\PowerShell\Modules\Pester\5.7.1\Pester.psm1:893
[91m   at <ScriptBlock>, C:\Users\lavantien\Documents\PowerShell\Modules\Pester\5.7.1\Pester.psm1:2024
[91m   at <ScriptBlock>, C:\Users\lavantien\Documents\PowerShell\Modules\Pester\5.7.1\Pester.psm1:1985
[91m   at Invoke-ScriptBlock, C:\Users\lavantien\Documents\PowerShell\Modules\Pester\5.7.1\Pester.psm1:2160
[91m   at Invoke-Block, C:\Users\lavantien\Documents\PowerShell\Modules\Pester\5.7.1\Pester.psm1:940
[91m   at <ScriptBlock>, C:\Users\lavantien\Documents\PowerShell\Modules\Pester\5.7.1\Pester.psm1:1688
[91m   at <ScriptBlock>, C:\Users\lavantien\Documents\PowerShell\Modules\Pester\5.7.1\Pester.ps1:3
[91m   at <ScriptBlock>, C:\Users\lavantien\Documents\PowerShell\Modules\Pester\5.7.1\Pester.psm1:3260
[91m   at Invoke-InNewScriptScope, C:\Users\lavantien\Documents\PowerShell\Modules\Pester\5.7.1\Pester.psm1:3267
[91m   at Run-Test, C:\Users\lavantien\Documents\PowerShell\Modules\Pester\5.7.1\Pester.psm1:1691
[91m   at Invoke-Test, C:\Users\lavantien\Documents\PowerShell\Modules\Pester\5.7.1\Pester.psm1:2512
[91m   at Invoke-Pester<End>, C:\Users\lavantien\Documents\PowerShell\Modules\Pester\5.7.1\Pester.psm1:4960
[91m   at <ScriptBlock>, C:\Users\lavantien\dev\github\dotfiles\run-tests.ps1:10[0m
[91m  [-] Returns false for non-existent file[0m[90m 34ms (34ms|0ms)[0m
[91m   CommandNotFoundException: The term 'exists' is not recognized as a name of a cmdlet, function, script file, or executable program.
[91m   Check the spelling of the name, or if a path was included, verify that the path is correct and try again.
[91m   at <ScriptBlock>, C:\Users\lavantien\dev\github\dotfiles\tests\powershell\common-full-coverage.Tests.ps1:239
[91m   at <ScriptBlock>, C:\Users\lavantien\Documents\PowerShell\Modules\Pester\5.7.1\Pester.psm1:2024
[91m   at <ScriptBlock>, C:\Users\lavantien\Documents\PowerShell\Modules\Pester\5.7.1\Pester.psm1:1985
[91m   at Invoke-ScriptBlock, C:\Users\lavantien\Documents\PowerShell\Modules\Pester\5.7.1\Pester.psm1:2157
[91m   at Invoke-TestItem, C:\Users\lavantien\Documents\PowerShell\Modules\Pester\5.7.1\Pester.psm1:1199
[91m   at Invoke-Block, C:\Users\lavantien\Documents\PowerShell\Modules\Pester\5.7.1\Pester.psm1:835
[91m   at <ScriptBlock>, C:\Users\lavantien\Documents\PowerShell\Modules\Pester\5.7.1\Pester.psm1:893
[91m   at <ScriptBlock>, C:\Users\lavantien\Documents\PowerShell\Modules\Pester\5.7.1\Pester.psm1:2024
[91m   at <ScriptBlock>, C:\Users\lavantien\Documents\PowerShell\Modules\Pester\5.7.1\Pester.psm1:1985
[91m   at Invoke-ScriptBlock, C:\Users\lavantien\Documents\PowerShell\Modules\Pester\5.7.1\Pester.psm1:2160
[91m   at Invoke-Block, C:\Users\lavantien\Documents\PowerShell\Modules\Pester\5.7.1\Pester.psm1:940
[91m   at <ScriptBlock>, C:\Users\lavantien\Documents\PowerShell\Modules\Pester\5.7.1\Pester.psm1:893
[91m   at <ScriptBlock>, C:\Users\lavantien\Documents\PowerShell\Modules\Pester\5.7.1\Pester.psm1:2024
[91m   at <ScriptBlock>, C:\Users\lavantien\Documents\PowerShell\Modules\Pester\5.7.1\Pester.psm1:1985
[91m   at Invoke-ScriptBlock, C:\Users\lavantien\Documents\PowerShell\Modules\Pester\5.7.1\Pester.psm1:2160
[91m   at Invoke-Block, C:\Users\lavantien\Documents\PowerShell\Modules\Pester\5.7.1\Pester.psm1:940
[91m   at <ScriptBlock>, C:\Users\lavantien\Documents\PowerShell\Modules\Pester\5.7.1\Pester.psm1:1688
[91m   at <ScriptBlock>, C:\Users\lavantien\Documents\PowerShell\Modules\Pester\5.7.1\Pester.ps1:3
[91m   at <ScriptBlock>, C:\Users\lavantien\Documents\PowerShell\Modules\Pester\5.7.1\Pester.psm1:3260
[91m   at Invoke-InNewScriptScope, C:\Users\lavantien\Documents\PowerShell\Modules\Pester\5.7.1\Pester.psm1:3267
[91m   at Run-Test, C:\Users\lavantien\Documents\PowerShell\Modules\Pester\5.7.1\Pester.psm1:1691
[91m   at Invoke-Test, C:\Users\lavantien\Documents\PowerShell\Modules\Pester\5.7.1\Pester.psm1:2512
[91m   at Invoke-Pester<End>, C:\Users\lavantien\Documents\PowerShell\Modules\Pester\5.7.1\Pester.psm1:4960
[91m   at <ScriptBlock>, C:\Users\lavantien\dev\github\dotfiles\run-tests.ps1:10[0m
[0m
[92mDescribing common.ps1 - Dry Run Mode[0m
[32m  [+] Respects DRY_RUN variable[0m[90m 2ms (1ms|1ms)[0m
[32m  [+] Respects VERBOSE variable[0m[90m 2ms (1ms|0ms)[0m
[32m  [+] Respects INTERACTIVE variable[0m[90m 1ms (1ms|0ms)[0m
[0m
[92mDescribing common.ps1 - run_cmd behavior[0m
[91m  [-] Handles DRY_RUN mode[0m[90m 89ms (88ms|1ms)[0m
[91m   Expected no exception to be thrown, but an exception "The term 'run_cmd' is not recognized as a name of a cmdlet, function, script file, or executable program.
[91m   Check the spelling of the name, or if a path was included, verify that the path is correct and try again." was thrown from C:\Users\lavantien\dev\github\dotfiles\tests\powershell\common-full-coverage.Tests.ps1:270 char:11
[91m       +         { run_cmd "echo test" } | Should -Not -Throw
[91m       +           ~~~~~~~.
[91m   at { run_cmd "echo test" } | Should -Not -Throw, C:\Users\lavantien\dev\github\dotfiles\tests\powershell\common-full-coverage.Tests.ps1:270
[91m   at Invoke-Assertion, C:\Users\lavantien\Documents\PowerShell\Modules\Pester\5.7.1\Pester.psm1:8250
[91m   at Should<End>, C:\Users\lavantien\Documents\PowerShell\Modules\Pester\5.7.1\Pester.psm1:8193
[91m   at <ScriptBlock>, C:\Users\lavantien\dev\github\dotfiles\tests\powershell\common-full-coverage.Tests.ps1:270
[91m   at <ScriptBlock>, C:\Users\lavantien\Documents\PowerShell\Modules\Pester\5.7.1\Pester.psm1:2024
[91m   at <ScriptBlock>, C:\Users\lavantien\Documents\PowerShell\Modules\Pester\5.7.1\Pester.psm1:1985
[91m   at Invoke-ScriptBlock, C:\Users\lavantien\Documents\PowerShell\Modules\Pester\5.7.1\Pester.psm1:2157
[91m   at Invoke-TestItem, C:\Users\lavantien\Documents\PowerShell\Modules\Pester\5.7.1\Pester.psm1:1199
[91m   at Invoke-Block, C:\Users\lavantien\Documents\PowerShell\Modules\Pester\5.7.1\Pester.psm1:835
[91m   at <ScriptBlock>, C:\Users\lavantien\Documents\PowerShell\Modules\Pester\5.7.1\Pester.psm1:893
[91m   at <ScriptBlock>, C:\Users\lavantien\Documents\PowerShell\Modules\Pester\5.7.1\Pester.psm1:2024
[91m   at <ScriptBlock>, C:\Users\lavantien\Documents\PowerShell\Modules\Pester\5.7.1\Pester.psm1:1985
[91m   at Invoke-ScriptBlock, C:\Users\lavantien\Documents\PowerShell\Modules\Pester\5.7.1\Pester.psm1:2160
[91m   at Invoke-Block, C:\Users\lavantien\Documents\PowerShell\Modules\Pester\5.7.1\Pester.psm1:940
[91m   at <ScriptBlock>, C:\Users\lavantien\Documents\PowerShell\Modules\Pester\5.7.1\Pester.psm1:893
[91m   at <ScriptBlock>, C:\Users\lavantien\Documents\PowerShell\Modules\Pester\5.7.1\Pester.psm1:2024
[91m   at <ScriptBlock>, C:\Users\lavantien\Documents\PowerShell\Modules\Pester\5.7.1\Pester.psm1:1985
[91m   at Invoke-ScriptBlock, C:\Users\lavantien\Documents\PowerShell\Modules\Pester\5.7.1\Pester.psm1:2160
[91m   at Invoke-Block, C:\Users\lavantien\Documents\PowerShell\Modules\Pester\5.7.1\Pester.psm1:940
[91m   at <ScriptBlock>, C:\Users\lavantien\Documents\PowerShell\Modules\Pester\5.7.1\Pester.psm1:1688
[91m   at <ScriptBlock>, C:\Users\lavantien\Documents\PowerShell\Modules\Pester\5.7.1\Pester.ps1:3
[91m   at <ScriptBlock>, C:\Users\lavantien\Documents\PowerShell\Modules\Pester\5.7.1\Pester.psm1:3260
[91m   at Invoke-InNewScriptScope, C:\Users\lavantien\Documents\PowerShell\Modules\Pester\5.7.1\Pester.psm1:3267
[91m   at Run-Test, C:\Users\lavantien\Documents\PowerShell\Modules\Pester\5.7.1\Pester.psm1:1691
[91m   at Invoke-Test, C:\Users\lavantien\Documents\PowerShell\Modules\Pester\5.7.1\Pester.psm1:2512
[91m   at Invoke-Pester<End>, C:\Users\lavantien\Documents\PowerShell\Modules\Pester\5.7.1\Pester.psm1:4960
[91m   at <ScriptBlock>, C:\Users\lavantien\dev\github\dotfiles\run-tests.ps1:10[0m
[91m  [-] Handles normal execution[0m[90m 36ms (35ms|1ms)[0m
[91m   Expected no exception to be thrown, but an exception "The term 'run_cmd' is not recognized as a name of a cmdlet, function, script file, or executable program.
[91m   Check the spelling of the name, or if a path was included, verify that the path is correct and try again." was thrown from C:\Users\lavantien\dev\github\dotfiles\tests\powershell\common-full-coverage.Tests.ps1:275 char:11
[91m       +         { run_cmd "echo test" } | Should -Not -Throw
[91m       +           ~~~~~~~.
[91m   at { run_cmd "echo test" } | Should -Not -Throw, C:\Users\lavantien\dev\github\dotfiles\tests\powershell\common-full-coverage.Tests.ps1:275
[91m   at Invoke-Assertion, C:\Users\lavantien\Documents\PowerShell\Modules\Pester\5.7.1\Pester.psm1:8250
[91m   at Should<End>, C:\Users\lavantien\Documents\PowerShell\Modules\Pester\5.7.1\Pester.psm1:8193
[91m   at <ScriptBlock>, C:\Users\lavantien\dev\github\dotfiles\tests\powershell\common-full-coverage.Tests.ps1:275
[91m   at <ScriptBlock>, C:\Users\lavantien\Documents\PowerShell\Modules\Pester\5.7.1\Pester.psm1:2024
[91m   at <ScriptBlock>, C:\Users\lavantien\Documents\PowerShell\Modules\Pester\5.7.1\Pester.psm1:1985
[91m   at Invoke-ScriptBlock, C:\Users\lavantien\Documents\PowerShell\Modules\Pester\5.7.1\Pester.psm1:2157
[91m   at Invoke-TestItem, C:\Users\lavantien\Documents\PowerShell\Modules\Pester\5.7.1\Pester.psm1:1199
[91m   at Invoke-Block, C:\Users\lavantien\Documents\PowerShell\Modules\Pester\5.7.1\Pester.psm1:835
[91m   at <ScriptBlock>, C:\Users\lavantien\Documents\PowerShell\Modules\Pester\5.7.1\Pester.psm1:893
[91m   at <ScriptBlock>, C:\Users\lavantien\Documents\PowerShell\Modules\Pester\5.7.1\Pester.psm1:2024
[91m   at <ScriptBlock>, C:\Users\lavantien\Documents\PowerShell\Modules\Pester\5.7.1\Pester.psm1:1985
[91m   at Invoke-ScriptBlock, C:\Users\lavantien\Documents\PowerShell\Modules\Pester\5.7.1\Pester.psm1:2160
[91m   at Invoke-Block, C:\Users\lavantien\Documents\PowerShell\Modules\Pester\5.7.1\Pester.psm1:940
[91m   at <ScriptBlock>, C:\Users\lavantien\Documents\PowerShell\Modules\Pester\5.7.1\Pester.psm1:893
[91m   at <ScriptBlock>, C:\Users\lavantien\Documents\PowerShell\Modules\Pester\5.7.1\Pester.psm1:2024
[91m   at <ScriptBlock>, C:\Users\lavantien\Documents\PowerShell\Modules\Pester\5.7.1\Pester.psm1:1985
[91m   at Invoke-ScriptBlock, C:\Users\lavantien\Documents\PowerShell\Modules\Pester\5.7.1\Pester.psm1:2160
[91m   at Invoke-Block, C:\Users\lavantien\Documents\PowerShell\Modules\Pester\5.7.1\Pester.psm1:940
[91m   at <ScriptBlock>, C:\Users\lavantien\Documents\PowerShell\Modules\Pester\5.7.1\Pester.psm1:1688
[91m   at <ScriptBlock>, C:\Users\lavantien\Documents\PowerShell\Modules\Pester\5.7.1\Pester.ps1:3
[91m   at <ScriptBlock>, C:\Users\lavantien\Documents\PowerShell\Modules\Pester\5.7.1\Pester.psm1:3260
[91m   at Invoke-InNewScriptScope, C:\Users\lavantien\Documents\PowerShell\Modules\Pester\5.7.1\Pester.psm1:3267
[91m   at Run-Test, C:\Users\lavantien\Documents\PowerShell\Modules\Pester\5.7.1\Pester.psm1:1691
[91m   at Invoke-Test, C:\Users\lavantien\Documents\PowerShell\Modules\Pester\5.7.1\Pester.psm1:2512
[91m   at Invoke-Pester<End>, C:\Users\lavantien\Documents\PowerShell\Modules\Pester\5.7.1\Pester.psm1:4960
[91m   at <ScriptBlock>, C:\Users\lavantien\dev\github\dotfiles\run-tests.ps1:10[0m
[95m
[95mRunning tests from 'C:\Users\lavantien\dev\github\dotfiles\tests\powershell\common-lib-full.Tests.ps1'[0m
[92mDescribing common.ps1 - Write-VerboseInfo[0m
[32m  [+] Writes message when Verbose is true[0m[90m 69ms (68ms|1ms)[0m
[32m  [+] Skips writing when Verbose is false[0m[90m 4ms (3ms|0ms)[0m
[0m
[92mDescribing common.ps1 - Write-Section[0m
[32m  [+] Writes section header with newline[0m[90m 40ms (39ms|1ms)[0m
[0m
[92mDescribing common.ps1 - cmd_exists[0m
[32m  [+] Returns true when command exists (via git)[0m[90m 9ms (7ms|1ms)[0m
[32m  [+] Returns false when command does not exist[0m[90m 134ms (134ms|0ms)[0m
[32m  [+] Delegates to Test-Command function[0m[90m 10ms (9ms|0ms)[0m
[0m
[92mDescribing common.ps1 - Get-WindowsVersion[0m
[32m  [+] Returns a version object[0m[90m 5ms (4ms|1ms)[0m
[32m  [+] Returns non-null version[0m[90m 2ms (1ms|1ms)[0m
[0m
[92mDescribing common.ps1 - Get-OSPlatform[0m
[32m  [+] Returns a valid platform string[0m[90m 6ms (5ms|1ms)[0m
[0m
[92mDescribing common.ps1 - Read-Confirmation[0m
[32m  [+] Returns true when user enters yes[0m[90m 10ms (9ms|1ms)[0m
[32m  [+] Returns true when user enters y[0m[90m 6ms (5ms|0ms)[0m
[32m  [+] Returns false when user enters no[0m[90m 5ms (5ms|0ms)[0m
[32m  [+] Returns false when user enters n[0m[90m 5ms (5ms|0ms)[0m
[32m  [+] Returns default value when user enters empty[0m[90m 5ms (5ms|0ms)[0m
[32m  [+] Returns true when not interactive[0m[90m 2ms (1ms|0ms)[0m
[32m  [+] Trims whitespace from user input[0m[90m 21ms (20ms|0ms)[0m
[32m  [+] Handles case insensitive input[0m[90m 5ms (5ms|0ms)[0m
[0m
[92mDescribing common.ps1 - Invoke-CommandSafe[0m
[32m  [+] Returns true when command succeeds[0m[90m 13ms (13ms|1ms)[0m
[32m  [+] Returns false when command fails[0m[90m 11ms (11ms|0ms)[0m
[32m  [+] Returns true without executing in dry run mode[0m[90m 12ms (11ms|0ms)[0m
[32m  [+] Suppresses output when NoOutput is specified[0m[90m 6ms (6ms|0ms)[0m
[0m
[92mDescribing common.ps1 - Initialize-UserPath[0m
[32m  [+] Calls Write-Step to indicate start[0m[90m 52ms (51ms|1ms)[0m
[32m  [+] Refreshes PATH after processing directories[0m[90m 25ms (24ms|0ms)[0m
[0m
[92mDescribing common.ps1 - Save-State[0m
[32m  [+] Saves tool state to file[0m[90m 23ms (21ms|1ms)[0m
[0m
[92mDescribing common.ps1 - Get-InstalledState[0m
[32m  [+] Returns null when state file does not exist[0m[90m 7ms (6ms|1ms)[0m
[32m  [+] Returns null when tool not found in state file[0m[90m 56ms (56ms|0ms)[0m
[0m
[92mDescribing common.ps1 - Test-Admin[0m
[32m  [+] Returns boolean indicating admin status[0m[90m 6ms (5ms|1ms)[0m
[0m
[92mDescribing common.ps1 - Restart-ShellPrompt[0m
[32m  [+] Writes restart message to host[0m[90m 21ms (20ms|1ms)[0m
[0m
[92mDescribing common.ps1 - Add-ToPath[0m
[32m  [+] Adds path to PATH variable[0m[90m 4ms (2ms|2ms)[0m
[0m
[92mDescribing common.ps1 - Refresh-Path[0m
[32m  [+] Refreshes PATH from environment[0m[90m 3ms (2ms|1ms)[0m
[0m
[92mDescribing common.ps1 - Write-Color[0m
[32m  [+] Writes colored output[0m[90m 7ms (5ms|1ms)[0m
[0m
[92mDescribing common.ps1 - Write-Info[0m
[32m  [+] Writes info message[0m[90m 7ms (5ms|2ms)[0m
[0m
[92mDescribing common.ps1 - Write-Success[0m
[32m  [+] Writes success message[0m[90m 6ms (5ms|1ms)[0m
[0m
[92mDescribing common.ps1 - Write-Warning[0m
[WARN] Test warning
[91m  [-] Writes warning message[0m[90m 11ms (10ms|1ms)[0m
[91m   Expected Write-Color to be called at least 1 times, but was called 0 times
[91m   at Should -Invoke Write-Color -Times 1 -Scope It, C:\Users\lavantien\dev\github\dotfiles\tests\powershell\common-lib-full.Tests.ps1:333
[91m   at Invoke-Assertion, C:\Users\lavantien\Documents\PowerShell\Modules\Pester\5.7.1\Pester.psm1:8250
[91m   at Should<End>, C:\Users\lavantien\Documents\PowerShell\Modules\Pester\5.7.1\Pester.psm1:8193
[91m   at <ScriptBlock>, C:\Users\lavantien\dev\github\dotfiles\tests\powershell\common-lib-full.Tests.ps1:333
[91m   at <ScriptBlock>, C:\Users\lavantien\Documents\PowerShell\Modules\Pester\5.7.1\Pester.psm1:2024
[91m   at <ScriptBlock>, C:\Users\lavantien\Documents\PowerShell\Modules\Pester\5.7.1\Pester.psm1:1985
[91m   at Invoke-ScriptBlock, C:\Users\lavantien\Documents\PowerShell\Modules\Pester\5.7.1\Pester.psm1:2157
[91m   at Invoke-TestItem, C:\Users\lavantien\Documents\PowerShell\Modules\Pester\5.7.1\Pester.psm1:1199
[91m   at Invoke-Block, C:\Users\lavantien\Documents\PowerShell\Modules\Pester\5.7.1\Pester.psm1:835
[91m   at <ScriptBlock>, C:\Users\lavantien\Documents\PowerShell\Modules\Pester\5.7.1\Pester.psm1:893
[91m   at <ScriptBlock>, C:\Users\lavantien\Documents\PowerShell\Modules\Pester\5.7.1\Pester.psm1:2024
[91m   at <ScriptBlock>, C:\Users\lavantien\Documents\PowerShell\Modules\Pester\5.7.1\Pester.psm1:1985
[91m   at Invoke-ScriptBlock, C:\Users\lavantien\Documents\PowerShell\Modules\Pester\5.7.1\Pester.psm1:2160
[91m   at Invoke-Block, C:\Users\lavantien\Documents\PowerShell\Modules\Pester\5.7.1\Pester.psm1:940
[91m   at <ScriptBlock>, C:\Users\lavantien\Documents\PowerShell\Modules\Pester\5.7.1\Pester.psm1:893
[91m   at <ScriptBlock>, C:\Users\lavantien\Documents\PowerShell\Modules\Pester\5.7.1\Pester.psm1:2024
[91m   at <ScriptBlock>, C:\Users\lavantien\Documents\PowerShell\Modules\Pester\5.7.1\Pester.psm1:1985
[91m   at Invoke-ScriptBlock, C:\Users\lavantien\Documents\PowerShell\Modules\Pester\5.7.1\Pester.psm1:2160
[91m   at Invoke-Block, C:\Users\lavantien\Documents\PowerShell\Modules\Pester\5.7.1\Pester.psm1:940
[91m   at <ScriptBlock>, C:\Users\lavantien\Documents\PowerShell\Modules\Pester\5.7.1\Pester.psm1:1688
[91m   at <ScriptBlock>, C:\Users\lavantien\Documents\PowerShell\Modules\Pester\5.7.1\Pester.ps1:3
[91m   at <ScriptBlock>, C:\Users\lavantien\Documents\PowerShell\Modules\Pester\5.7.1\Pester.psm1:3260
[91m   at Invoke-InNewScriptScope, C:\Users\lavantien\Documents\PowerShell\Modules\Pester\5.7.1\Pester.psm1:3267
[91m   at Run-Test, C:\Users\lavantien\Documents\PowerShell\Modules\Pester\5.7.1\Pester.psm1:1691
[91m   at Invoke-Test, C:\Users\lavantien\Documents\PowerShell\Modules\Pester\5.7.1\Pester.psm1:2512
[91m   at Invoke-Pester<End>, C:\Users\lavantien\Documents\PowerShell\Modules\Pester\5.7.1\Pester.psm1:4960
[91m   at <ScriptBlock>, C:\Users\lavantien\dev\github\dotfiles\run-tests.ps1:10[0m
[0m
[92mDescribing common.ps1 - Write-Error-Msg[0m
[ERROR] Test error
[91m  [-] Writes error message[0m[90m 5ms (4ms|1ms)[0m
[91m   Expected Write-Color to be called at least 1 times, but was called 0 times
[91m   at Should -Invoke Write-Color -Times 1 -Scope It, C:\Users\lavantien\dev\github\dotfiles\tests\powershell\common-lib-full.Tests.ps1:344
[91m   at Invoke-Assertion, C:\Users\lavantien\Documents\PowerShell\Modules\Pester\5.7.1\Pester.psm1:8250
[91m   at Should<End>, C:\Users\lavantien\Documents\PowerShell\Modules\Pester\5.7.1\Pester.psm1:8193
[91m   at <ScriptBlock>, C:\Users\lavantien\dev\github\dotfiles\tests\powershell\common-lib-full.Tests.ps1:344
[91m   at <ScriptBlock>, C:\Users\lavantien\Documents\PowerShell\Modules\Pester\5.7.1\Pester.psm1:2024
[91m   at <ScriptBlock>, C:\Users\lavantien\Documents\PowerShell\Modules\Pester\5.7.1\Pester.psm1:1985
[91m   at Invoke-ScriptBlock, C:\Users\lavantien\Documents\PowerShell\Modules\Pester\5.7.1\Pester.psm1:2157
[91m   at Invoke-TestItem, C:\Users\lavantien\Documents\PowerShell\Modules\Pester\5.7.1\Pester.psm1:1199
[91m   at Invoke-Block, C:\Users\lavantien\Documents\PowerShell\Modules\Pester\5.7.1\Pester.psm1:835
[91m   at <ScriptBlock>, C:\Users\lavantien\Documents\PowerShell\Modules\Pester\5.7.1\Pester.psm1:893
[91m   at <ScriptBlock>, C:\Users\lavantien\Documents\PowerShell\Modules\Pester\5.7.1\Pester.psm1:2024
[91m   at <ScriptBlock>, C:\Users\lavantien\Documents\PowerShell\Modules\Pester\5.7.1\Pester.psm1:1985
[91m   at Invoke-ScriptBlock, C:\Users\lavantien\Documents\PowerShell\Modules\Pester\5.7.1\Pester.psm1:2160
[91m   at Invoke-Block, C:\Users\lavantien\Documents\PowerShell\Modules\Pester\5.7.1\Pester.psm1:940
[91m   at <ScriptBlock>, C:\Users\lavantien\Documents\PowerShell\Modules\Pester\5.7.1\Pester.psm1:893
[91m   at <ScriptBlock>, C:\Users\lavantien\Documents\PowerShell\Modules\Pester\5.7.1\Pester.psm1:2024
[91m   at <ScriptBlock>, C:\Users\lavantien\Documents\PowerShell\Modules\Pester\5.7.1\Pester.psm1:1985
[91m   at Invoke-ScriptBlock, C:\Users\lavantien\Documents\PowerShell\Modules\Pester\5.7.1\Pester.psm1:2160
[91m   at Invoke-Block, C:\Users\lavantien\Documents\PowerShell\Modules\Pester\5.7.1\Pester.psm1:940
[91m   at <ScriptBlock>, C:\Users\lavantien\Documents\PowerShell\Modules\Pester\5.7.1\Pester.psm1:1688
[91m   at <ScriptBlock>, C:\Users\lavantien\Documents\PowerShell\Modules\Pester\5.7.1\Pester.ps1:3
[91m   at <ScriptBlock>, C:\Users\lavantien\Documents\PowerShell\Modules\Pester\5.7.1\Pester.psm1:3260
[91m   at Invoke-InNewScriptScope, C:\Users\lavantien\Documents\PowerShell\Modules\Pester\5.7.1\Pester.psm1:3267
[91m   at Run-Test, C:\Users\lavantien\Documents\PowerShell\Modules\Pester\5.7.1\Pester.psm1:1691
[91m   at Invoke-Test, C:\Users\lavantien\Documents\PowerShell\Modules\Pester\5.7.1\Pester.psm1:2512
[91m   at Invoke-Pester<End>, C:\Users\lavantien\Documents\PowerShell\Modules\Pester\5.7.1\Pester.psm1:4960
[91m   at <ScriptBlock>, C:\Users\lavantien\dev\github\dotfiles\run-tests.ps1:10[0m
[0m
[92mDescribing common.ps1 - Write-Step[0m
[32m  [+] Writes step message[0m[90m 6ms (5ms|1ms)[0m
[0m
[92mDescribing common.ps1 - Write-Header[0m
[32m  [+] Writes header message[0m[90m 9ms (8ms|1ms)[0m
[0m
[92mDescribing common.ps1 - Track-Installed[0m
[32m  [+] Adds package to installed list[0m[90m 3ms (2ms|1ms)[0m
[0m
[92mDescribing common.ps1 - Track-Skipped[0m
[32m  [+] Adds package to skipped list[0m[90m 2ms (2ms|1ms)[0m
[0m
[92mDescribing common.ps1 - Track-Failed[0m
[32m  [+] Adds package to failed list[0m[90m 4ms (2ms|2ms)[0m
[0m
[92mDescribing common.ps1 - Reset-Tracking[0m
[32m  [+] Clears all tracking lists[0m[90m 3ms (2ms|1ms)[0m
[95m
[95mRunning tests from 'C:\Users\lavantien\dev\github\dotfiles\tests\powershell\config-ps1.Tests.ps1'[0m
[92mDescribing PowerShell Config Library - Load Functions[0m
[32m  [+] Load-DotfilesConfig function exists[0m[90m 3ms (2ms|1ms)[0m
[32m  [+] Load-DotfilesConfig returns without error for non-existent file[0m[90m 2ms (2ms|0ms)[0m
[32m  [+] Load-DotfilesConfig preserves defaults when file doesn't exist[0m[90m 2ms (1ms|0ms)[0m
[0m
[92mDescribing PowerShell Config Library - Simple Parser[0m
[32m  [+] _ParseConfigSimple parses key-value pairs[0m[90m 15ms (14ms|1ms)[0m
[32m  [+] _ParseConfigSimple handles comments[0m[90m 15ms (15ms|0ms)[0m
[32m  [+] _ParseConfigSimple handles quoted values[0m[90m 7ms (6ms|0ms)[0m
[32m  [+] _ParseConfigSimple handles array values[0m[90m 8ms (8ms|0ms)[0m
[32m  [+] _ParseConfigSimple handles inline comments[0m[90m 12ms (12ms|0ms)[0m
[32m  [+] _ParseConfigSimple handles platform sections[0m[90m 9ms (8ms|0ms)[0m
[0m
[92mDescribing PowerShell Config Library - Getters[0m
[32m  [+] Get-ConfigValue function exists[0m[90m 3ms (2ms|1ms)[0m
[32m  [+] Get-ConfigValue returns default for missing key[0m[90m 2ms (2ms|0ms)[0m
[32m  [+] Get-ConfigValue returns configured value[0m[90m 1ms (1ms|0ms)[0m
[32m  [+] Get-ConfigValue returns empty string for unset value without default[0m[90m 1ms (1ms|0ms)[0m
[32m  [+] Get-ConfigValue handles all known keys[0m[90m 7ms (7ms|0ms)[0m
[0m
[92mDescribing PowerShell Config Library - Test-SkipPackage[0m
[32m  [+] Test-SkipPackage function exists[0m[90m 3ms (2ms|1ms)[0m
[32m  [+] Test-SkipPackage returns false when skip list is empty[0m[90m 2ms (1ms|0ms)[0m
[32m  [+] Test-SkipPackage returns false when skip list is null[0m[90m 1ms (1ms|0ms)[0m
[32m  [+] Test-SkipPackage returns true when package is in skip list[0m[90m 2ms (1ms|0ms)[0m
[32m  [+] Test-SkipPackage returns false when package not in skip list[0m[90m 2ms (2ms|0ms)[0m
[32m  [+] Test-SkipPackage is case-insensitive by default[0m[90m 2ms (1ms|0ms)[0m
[0m
[92mDescribing PowerShell Config Library - Config Variables[0m
[32m  [+] Has all expected config variables[0m[90m 11ms (10ms|1ms)[0m
[32m  [+] Has platform-specific config variables[0m[90m 2ms (2ms|0ms)[0m
[32m  [+] CONFIG_CATEGORIES defaults to 'full'[0m[90m 2ms (1ms|0ms)[0m
[32m  [+] CONFIG_AUTO_UPDATE_REPOS defaults to 'false'[0m[90m 1ms (1ms|0ms)[0m
[32m  [+] CONFIG_BACKUP_BEFORE_DEPLOY defaults to 'false'[0m[90m 1ms (1ms|0ms)[0m
[32m  [+] CONFIG_SIGN_COMMITS defaults to 'false'[0m[90m 1ms (1ms|0ms)[0m
[32m  [+] CONFIG_DEFAULT_BRANCH defaults to 'main'[0m[90m 2ms (1ms|0ms)[0m
[32m  [+] CONFIG_AUTO_COMMIT defaults to 'false'[0m[90m 2ms (1ms|0ms)[0m
[32m  [+] CONFIG_SKIP_PACKAGES defaults to empty array[0m[90m 2ms (1ms|0ms)[0m
[0m
[92mDescribing PowerShell Config Library - Module Parser[0m
[32m  [+] _ParseConfigWithModule function exists[0m[90m 3ms (2ms|1ms)[0m
[32m  [+] Checks for powershell-yaml module[0m[90m 15ms (14ms|0ms)[0m
[0m
[92mDescribing PowerShell Config Library - Edge Cases[0m
[32m  [+] Handles empty config file[0m[90m 9ms (7ms|1ms)[0m
[32m  [+] Handles config file with only comments[0m[90m 8ms (8ms|0ms)[0m
[32m  [+] Handles malformed key-value pairs gracefully[0m[90m 8ms (7ms|0ms)[0m
[32m  [+] Get-ConfigValue handles null key[0m[90m 2ms (2ms|0ms)[0m
[32m  [+] Get-ConfigValue handles empty key[0m[90m 2ms (1ms|0ms)[0m
[32m  [+] Test-SkipPackage handles null package name[0m[90m 1ms (1ms|0ms)[0m
[32m  [+] Test-SkipPackage handles empty package name[0m[90m 1ms (1ms|0ms)[0m
[95m
[95mRunning tests from 'C:\Users\lavantien\dev\github\dotfiles\tests\powershell\config.Tests.ps1'[0m
[92mDescribing Bridge Configuration System[0m
[96m Context Config Library Loading[0m
[32m   [+] config.sh exists and is readable[0m[90m 3ms (1ms|1ms)[0m
[32m   [+] config.sh contains load_dotfiles_config function[0m[90m 3ms (2ms|0ms)[0m
[32m   [+] config.sh contains get_config function[0m[90m 2ms (2ms|0ms)[0m
[32m   [+] config.sh contains should_skip_package function[0m[90m 2ms (2ms|0ms)[0m
[96m Context Config Value Parsing[0m
[32m   [+] Get-ConfigValue returns default for missing key[0m[90m 2ms (1ms|1ms)[0m
[32m   [+] Get-ConfigValue returns configured value when set[0m[90m 1ms (1ms|0ms)[0m
[96m Context Skip Packages Function[0m
[32m   [+] should_skip_package returns false when skip list is empty[0m[90m 2ms (1ms|1ms)[0m
[32m   [+] should_skip_package returns true when package in skip list[0m[90m 4ms (3ms|1ms)[0m
[32m   [+] should_skip_package handles comma-separated values[0m[90m 2ms (2ms|1ms)[0m
[32m   [+] should_skip_package handles comma-space separated values[0m[90m 2ms (1ms|0ms)[0m
[32m   [+] should_skip_package returns false when package not in list[0m[90m 2ms (2ms|0ms)[0m
[96m Context Config File Formats[0m
[32m   [+] Handles YAML key-value pairs[0m[90m 10ms (9ms|1ms)[0m
[32m   [+] Handles nested YAML (platform settings)[0m[90m 6ms (5ms|1ms)[0m
[32m   [+] Handles array values (skip_packages)[0m[90m 7ms (7ms|1ms)[0m
[96m Context Config Defaults[0m
[32m   [+] CONFIG_CATEGORIES defaults to 'full'[0m[90m 3ms (2ms|1ms)[0m
[32m   [+] CONFIG_AUTO_UPDATE_REPOS defaults to 'false'[0m[90m 1ms (1ms|0ms)[0m
[32m   [+] CONFIG_DEFAULT_BRANCH defaults to 'main'[0m[90m 1ms (1ms|0ms)[0m
[0m
[92mDescribing Bridge Configuration - YQ Integration[0m
[32m  [+] Detects if yq is installed[0m[90m 50ms (48ms|1ms)[0m
[32m  [+] config.sh has yq fallback logic[0m[90m 2ms (2ms|0ms)[0m
[0m
[92mDescribing Bridge Configuration - Edge Cases[0m
[32m  [+] Handles empty config file gracefully[0m[90m 7ms (6ms|1ms)[0m
[32m  [+] Handles malformed YAML gracefully[0m[90m 5ms (5ms|0ms)[0m
[32m  [+] Handles comments in YAML[0m[90m 7ms (7ms|0ms)[0m
[32m  [+] Handles special characters in values[0m[90m 9ms (7ms|2ms)[0m
[0m
[92mDescribing Bridge Configuration - Platform Specific[0m
[32m  [+] Has Linux-specific config variables[0m[90m 3ms (2ms|1ms)[0m
[32m  [+] Has Windows-specific config variables[0m[90m 2ms (1ms|0ms)[0m
[32m  [+] Has macOS-specific config variables[0m[90m 2ms (1ms|0ms)[0m
[32m  [+] Windows package manager defaults to scoop[0m[90m 1ms (1ms|0ms)[0m
[32m  [+] macOS package manager defaults to brew[0m[90m 1ms (1ms|0ms)[0m
[0m
[92mDescribing Bridge Configuration - Error Scenarios[0m
[32m  [+] Handles missing config file gracefully[0m[90m 4ms (3ms|1ms)[0m
[32m  [+] Handles null config value[0m[90m 1ms (1ms|0ms)[0m
[32m  [+] Handles empty config value[0m[90m 1ms (1ms|0ms)[0m
[32m  [+] Handles whitespace-only config value[0m[90m 1ms (1ms|0ms)[0m
[32m  [+] Handles invalid boolean config values[0m[90m 2ms (1ms|0ms)[0m
[32m  [+] Handles invalid categories value[0m[90m 2ms (2ms|1ms)[0m
[32m  [+] Handles very long config values[0m[90m 2ms (1ms|0ms)[0m
[32m  [+] Handles special YAML characters in values[0m[90m 8ms (8ms|0ms)[0m
[91m  [-] Handles YAML with duplicate keys[0m[90m 12ms (12ms|0ms)[0m
[91m   Expected the actual value to be greater than or equal to 2, but got 1.
[91m   at ($content | Select-String "editor").Count | Should -BeGreaterOrEqual 2, C:\Users\lavantien\dev\github\dotfiles\tests\powershell\config.Tests.ps1:375
[91m   at Invoke-Assertion, C:\Users\lavantien\Documents\PowerShell\Modules\Pester\5.7.1\Pester.psm1:8250
[91m   at Should<End>, C:\Users\lavantien\Documents\PowerShell\Modules\Pester\5.7.1\Pester.psm1:8193
[91m   at <ScriptBlock>, C:\Users\lavantien\dev\github\dotfiles\tests\powershell\config.Tests.ps1:375
[91m   at <ScriptBlock>, C:\Users\lavantien\Documents\PowerShell\Modules\Pester\5.7.1\Pester.psm1:2024
[91m   at <ScriptBlock>, C:\Users\lavantien\Documents\PowerShell\Modules\Pester\5.7.1\Pester.psm1:1985
[91m   at Invoke-ScriptBlock, C:\Users\lavantien\Documents\PowerShell\Modules\Pester\5.7.1\Pester.psm1:2157
[91m   at Invoke-TestItem, C:\Users\lavantien\Documents\PowerShell\Modules\Pester\5.7.1\Pester.psm1:1199
[91m   at Invoke-Block, C:\Users\lavantien\Documents\PowerShell\Modules\Pester\5.7.1\Pester.psm1:835
[91m   at <ScriptBlock>, C:\Users\lavantien\Documents\PowerShell\Modules\Pester\5.7.1\Pester.psm1:893
[91m   at <ScriptBlock>, C:\Users\lavantien\Documents\PowerShell\Modules\Pester\5.7.1\Pester.psm1:2024
[91m   at <ScriptBlock>, C:\Users\lavantien\Documents\PowerShell\Modules\Pester\5.7.1\Pester.psm1:1985
[91m   at Invoke-ScriptBlock, C:\Users\lavantien\Documents\PowerShell\Modules\Pester\5.7.1\Pester.psm1:2160
[91m   at Invoke-Block, C:\Users\lavantien\Documents\PowerShell\Modules\Pester\5.7.1\Pester.psm1:940
[91m   at <ScriptBlock>, C:\Users\lavantien\Documents\PowerShell\Modules\Pester\5.7.1\Pester.psm1:893
[91m   at <ScriptBlock>, C:\Users\lavantien\Documents\PowerShell\Modules\Pester\5.7.1\Pester.psm1:2024
[91m   at <ScriptBlock>, C:\Users\lavantien\Documents\PowerShell\Modules\Pester\5.7.1\Pester.psm1:1985
[91m   at Invoke-ScriptBlock, C:\Users\lavantien\Documents\PowerShell\Modules\Pester\5.7.1\Pester.psm1:2160
[91m   at Invoke-Block, C:\Users\lavantien\Documents\PowerShell\Modules\Pester\5.7.1\Pester.psm1:940
[91m   at <ScriptBlock>, C:\Users\lavantien\Documents\PowerShell\Modules\Pester\5.7.1\Pester.psm1:1688
[91m   at <ScriptBlock>, C:\Users\lavantien\Documents\PowerShell\Modules\Pester\5.7.1\Pester.ps1:3
[91m   at <ScriptBlock>, C:\Users\lavantien\Documents\PowerShell\Modules\Pester\5.7.1\Pester.psm1:3260
[91m   at Invoke-InNewScriptScope, C:\Users\lavantien\Documents\PowerShell\Modules\Pester\5.7.1\Pester.psm1:3267
[91m   at Run-Test, C:\Users\lavantien\Documents\PowerShell\Modules\Pester\5.7.1\Pester.psm1:1691
[91m   at Invoke-Test, C:\Users\lavantien\Documents\PowerShell\Modules\Pester\5.7.1\Pester.psm1:2512
[91m   at Invoke-Pester<End>, C:\Users\lavantien\Documents\PowerShell\Modules\Pester\5.7.1\Pester.psm1:4960
[91m   at <ScriptBlock>, C:\Users\lavantien\dev\github\dotfiles\run-tests.ps1:10[0m
[32m  [+] Handles YAML with invalid escape sequences[0m[90m 5ms (5ms|0ms)[0m
[32m  [+] Handles config file with BOM[0m[90m 11ms (11ms|0ms)[0m
[32m  [+] Handles different line endings[0m[90m 8ms (8ms|0ms)[0m
[32m  [+] Handles tabs in YAML[0m[90m 10ms (10ms|0ms)[0m
[32m  [+] Handles very large config files[0m[90m 34ms (33ms|1ms)[0m
[32m  [+] Handles skip_packages with empty entries[0m[90m 3ms (2ms|0ms)[0m
[32m  [+] Handles skip_packages with only spaces[0m[90m 2ms (1ms|0ms)[0m
[91m  [-] Handles package name case sensitivity[0m[90m 2ms (2ms|0ms)[0m
[91m   Expected 1, but got 3.
[91m   at $exactMatches.Count | Should -Be 1, C:\Users\lavantien\dev\github\dotfiles\tests\powershell\config.Tests.ps1:455
[91m   at Invoke-Assertion, C:\Users\lavantien\Documents\PowerShell\Modules\Pester\5.7.1\Pester.psm1:8250
[91m   at Should<End>, C:\Users\lavantien\Documents\PowerShell\Modules\Pester\5.7.1\Pester.psm1:8189
[91m   at <ScriptBlock>, C:\Users\lavantien\dev\github\dotfiles\tests\powershell\config.Tests.ps1:455
[91m   at <ScriptBlock>, C:\Users\lavantien\Documents\PowerShell\Modules\Pester\5.7.1\Pester.psm1:2024
[91m   at <ScriptBlock>, C:\Users\lavantien\Documents\PowerShell\Modules\Pester\5.7.1\Pester.psm1:1985
[91m   at Invoke-ScriptBlock, C:\Users\lavantien\Documents\PowerShell\Modules\Pester\5.7.1\Pester.psm1:2157
[91m   at Invoke-TestItem, C:\Users\lavantien\Documents\PowerShell\Modules\Pester\5.7.1\Pester.psm1:1199
[91m   at Invoke-Block, C:\Users\lavantien\Documents\PowerShell\Modules\Pester\5.7.1\Pester.psm1:835
[91m   at <ScriptBlock>, C:\Users\lavantien\Documents\PowerShell\Modules\Pester\5.7.1\Pester.psm1:893
[91m   at <ScriptBlock>, C:\Users\lavantien\Documents\PowerShell\Modules\Pester\5.7.1\Pester.psm1:2024
[91m   at <ScriptBlock>, C:\Users\lavantien\Documents\PowerShell\Modules\Pester\5.7.1\Pester.psm1:1985
[91m   at Invoke-ScriptBlock, C:\Users\lavantien\Documents\PowerShell\Modules\Pester\5.7.1\Pester.psm1:2160
[91m   at Invoke-Block, C:\Users\lavantien\Documents\PowerShell\Modules\Pester\5.7.1\Pester.psm1:940
[91m   at <ScriptBlock>, C:\Users\lavantien\Documents\PowerShell\Modules\Pester\5.7.1\Pester.psm1:893
[91m   at <ScriptBlock>, C:\Users\lavantien\Documents\PowerShell\Modules\Pester\5.7.1\Pester.psm1:2024
[91m   at <ScriptBlock>, C:\Users\lavantien\Documents\PowerShell\Modules\Pester\5.7.1\Pester.psm1:1985
[91m   at Invoke-ScriptBlock, C:\Users\lavantien\Documents\PowerShell\Modules\Pester\5.7.1\Pester.psm1:2160
[91m   at Invoke-Block, C:\Users\lavantien\Documents\PowerShell\Modules\Pester\5.7.1\Pester.psm1:940
[91m   at <ScriptBlock>, C:\Users\lavantien\Documents\PowerShell\Modules\Pester\5.7.1\Pester.psm1:1688
[91m   at <ScriptBlock>, C:\Users\lavantien\Documents\PowerShell\Modules\Pester\5.7.1\Pester.ps1:3
[91m   at <ScriptBlock>, C:\Users\lavantien\Documents\PowerShell\Modules\Pester\5.7.1\Pester.psm1:3260
[91m   at Invoke-InNewScriptScope, C:\Users\lavantien\Documents\PowerShell\Modules\Pester\5.7.1\Pester.psm1:3267
[91m   at Run-Test, C:\Users\lavantien\Documents\PowerShell\Modules\Pester\5.7.1\Pester.psm1:1691
[91m   at Invoke-Test, C:\Users\lavantien\Documents\PowerShell\Modules\Pester\5.7.1\Pester.psm1:2512
[91m   at Invoke-Pester<End>, C:\Users\lavantien\Documents\PowerShell\Modules\Pester\5.7.1\Pester.psm1:4960
[91m   at <ScriptBlock>, C:\Users\lavantien\dev\github\dotfiles\run-tests.ps1:10[0m
[32m  [+] Handles trailing comma in skip_packages[0m[90m 2ms (2ms|0ms)[0m
[32m  [+] Handles leading comma in skip_packages[0m[90m 2ms (2ms|0ms)[0m
[32m  [+] Handles multiple separators in skip_packages[0m[90m 3ms (2ms|0ms)[0m
[95m
[95mRunning tests from 'C:\Users\lavantien\dev\github\dotfiles\tests\powershell\git-hooks.Tests.ps1'[0m
[0;34mPre-commit checks...[0m
[1;33mNo recognized project type found.[0m
[92mDescribing Git Hooks - Pre-commit[0m
[96m Context Project Detection[0m
[32m   [+] Get-ProjectTypes detects Go project (go.mod)[0m[90m 27ms (25ms|2ms)[0m
[32m   [+] Get-ProjectTypes detects Rust project (Cargo.toml)[0m[90m 21ms (21ms|1ms)[0m
[32m   [+] Get-ProjectTypes detects Node project (package.json)[0m[90m 22ms (21ms|1ms)[0m
[32m   [+] Get-ProjectTypes detects Python project (pyproject.toml)[0m[90m 24ms (23ms|1ms)[0m
[32m   [+] Get-ProjectTypes detects Python project (requirements.txt)[0m[90m 24ms (23ms|0ms)[0m
[32m   [+] Get-ProjectTypes detects C# project (.cs files)[0m[90m 16ms (15ms|0ms)[0m
[32m   [+] Get-ProjectTypes detects Java project (pom.xml)[0m[90m 21ms (20ms|1ms)[0m
[32m   [+] Get-ProjectTypes detects PHP project (composer.json)[0m[90m 21ms (20ms|1ms)[0m
[32m   [+] Get-ProjectTypes detects Scala project (build.sbt)[0m[90m 22ms (21ms|0ms)[0m
[32m   [+] Get-ProjectTypes returns empty when no project detected[0m[90m 15ms (14ms|1ms)[0m
[32m   [+] Get-ProjectTypes detects multiple project types[0m[90m 16ms (16ms|1ms)[0m
[96m Context Pre-commit Hook File[0m
[32m   [+] pre-commit.ps1 exists and is readable[0m[90m 3ms (2ms|1ms)[0m
[91m   [-] pre-commit.ps1 has Get-ProjectTypes function[0m[90m 3ms (3ms|0ms)[0m
[91m    Expected regular expression 'function Get-ProjectTypes' to match '# PowerShell
[91m    ', but it did not match.
[91m    at $content | Should -Match "function Get-ProjectTypes", C:\Users\lavantien\dev\github\dotfiles\tests\powershell\git-hooks.Tests.ps1:164
[91m    at Invoke-Assertion, C:\Users\lavantien\Documents\PowerShell\Modules\Pester\5.7.1\Pester.psm1:8250
[91m    at Should<End>, C:\Users\lavantien\Documents\PowerShell\Modules\Pester\5.7.1\Pester.psm1:8193
[91m    at <ScriptBlock>, C:\Users\lavantien\dev\github\dotfiles\tests\powershell\git-hooks.Tests.ps1:164
[91m    at <ScriptBlock>, C:\Users\lavantien\Documents\PowerShell\Modules\Pester\5.7.1\Pester.psm1:2024
[91m    at <ScriptBlock>, C:\Users\lavantien\Documents\PowerShell\Modules\Pester\5.7.1\Pester.psm1:1985
[91m    at Invoke-ScriptBlock, C:\Users\lavantien\Documents\PowerShell\Modules\Pester\5.7.1\Pester.psm1:2157
[91m    at Invoke-TestItem, C:\Users\lavantien\Documents\PowerShell\Modules\Pester\5.7.1\Pester.psm1:1199
[91m    at Invoke-Block, C:\Users\lavantien\Documents\PowerShell\Modules\Pester\5.7.1\Pester.psm1:835
[91m    at <ScriptBlock>, C:\Users\lavantien\Documents\PowerShell\Modules\Pester\5.7.1\Pester.psm1:893
[91m    at <ScriptBlock>, C:\Users\lavantien\Documents\PowerShell\Modules\Pester\5.7.1\Pester.psm1:2024
[91m    at <ScriptBlock>, C:\Users\lavantien\Documents\PowerShell\Modules\Pester\5.7.1\Pester.psm1:1985
[91m    at Invoke-ScriptBlock, C:\Users\lavantien\Documents\PowerShell\Modules\Pester\5.7.1\Pester.psm1:2160
[91m    at Invoke-Block, C:\Users\lavantien\Documents\PowerShell\Modules\Pester\5.7.1\Pester.psm1:940
[91m    at <ScriptBlock>, C:\Users\lavantien\Documents\PowerShell\Modules\Pester\5.7.1\Pester.psm1:893
[91m    at <ScriptBlock>, C:\Users\lavantien\Documents\PowerShell\Modules\Pester\5.7.1\Pester.psm1:2024
[91m    at <ScriptBlock>, C:\Users\lavantien\Documents\PowerShell\Modules\Pester\5.7.1\Pester.psm1:1985
[91m    at Invoke-ScriptBlock, C:\Users\lavantien\Documents\PowerShell\Modules\Pester\5.7.1\Pester.psm1:2160
[91m    at Invoke-Block, C:\Users\lavantien\Documents\PowerShell\Modules\Pester\5.7.1\Pester.psm1:940
[91m    at <ScriptBlock>, C:\Users\lavantien\Documents\PowerShell\Modules\Pester\5.7.1\Pester.psm1:893
[91m    at <ScriptBlock>, C:\Users\lavantien\Documents\PowerShell\Modules\Pester\5.7.1\Pester.psm1:2024
[91m    at <ScriptBlock>, C:\Users\lavantien\Documents\PowerShell\Modules\Pester\5.7.1\Pester.psm1:1985
[91m    at Invoke-ScriptBlock, C:\Users\lavantien\Documents\PowerShell\Modules\Pester\5.7.1\Pester.psm1:2160
[91m    at Invoke-Block, C:\Users\lavantien\Documents\PowerShell\Modules\Pester\5.7.1\Pester.psm1:940
[91m    at <ScriptBlock>, C:\Users\lavantien\Documents\PowerShell\Modules\Pester\5.7.1\Pester.psm1:1688
[91m    at <ScriptBlock>, C:\Users\lavantien\Documents\PowerShell\Modules\Pester\5.7.1\Pester.ps1:3
[91m    at <ScriptBlock>, C:\Users\lavantien\Documents\PowerShell\Modules\Pester\5.7.1\Pester.psm1:3260
[91m    at Invoke-InNewScriptScope, C:\Users\lavantien\Documents\PowerShell\Modules\Pester\5.7.1\Pester.psm1:3267
[91m    at Run-Test, C:\Users\lavantien\Documents\PowerShell\Modules\Pester\5.7.1\Pester.psm1:1691
[91m    at Invoke-Test, C:\Users\lavantien\Documents\PowerShell\Modules\Pester\5.7.1\Pester.psm1:2512
[91m    at Invoke-Pester<End>, C:\Users\lavantien\Documents\PowerShell\Modules\Pester\5.7.1\Pester.psm1:4960
[91m    at <ScriptBlock>, C:\Users\lavantien\dev\github\dotfiles\run-tests.ps1:10[0m
[0m
[92mDescribing Git Hooks - Commit-msg[0m
[96m Context Commit Message Validation[0m
[32m   [+] commit-msg.ps1 exists and is readable[0m[90m 3ms (1ms|1ms)[0m
[32m   [+] Validates feat: type commit message[0m[90m 1ms (1ms|0ms)[0m
[32m   [+] Validates fix: type commit message[0m[90m 1ms (1ms|0ms)[0m
[32m   [+] Validates docs: type commit message[0m[90m 1ms (1ms|0ms)[0m
[32m   [+] Validates type(scope): format[0m[90m 1ms (1ms|0ms)[0m
[32m   [+] Validates type(scope)!: breaking change format[0m[90m 1ms (1ms|0ms)[0m
[32m   [+] Rejects invalid commit format (no type)[0m[90m 1ms (1ms|0ms)[0m
[32m   [+] Rejects subject over 72 characters[0m[90m 1ms (1ms|0ms)[0m
[32m   [+] Accepts subject exactly 72 characters[0m[90m 2ms (1ms|0ms)[0m
[0;34mPre-commit checks...[0m
[1;33mNo recognized project type found.[0m
[0m
[92mDescribing Git Hooks - Integration[0m
[96m Context Commit-msg Hook Integration[0m
[32m   [+] Accepts valid conventional commit message[0m[90m 153ms (151ms|2ms)[0m
[91m   [-] Rejects invalid commit format[0m[90m 187ms (186ms|0ms)[0m
[91m    Expected 0 to be different from the actual value, but got the same value.
[91m    at $LASTEXITCODE | Should -Not -Be 0, C:\Users\lavantien\dev\github\dotfiles\tests\powershell\git-hooks.Tests.ps1:296
[91m    at Invoke-Assertion, C:\Users\lavantien\Documents\PowerShell\Modules\Pester\5.7.1\Pester.psm1:8250
[91m    at Should<End>, C:\Users\lavantien\Documents\PowerShell\Modules\Pester\5.7.1\Pester.psm1:8189
[91m    at <ScriptBlock>, C:\Users\lavantien\dev\github\dotfiles\tests\powershell\git-hooks.Tests.ps1:296
[91m    at <ScriptBlock>, C:\Users\lavantien\Documents\PowerShell\Modules\Pester\5.7.1\Pester.psm1:2024
[91m    at <ScriptBlock>, C:\Users\lavantien\Documents\PowerShell\Modules\Pester\5.7.1\Pester.psm1:1985
[91m    at Invoke-ScriptBlock, C:\Users\lavantien\Documents\PowerShell\Modules\Pester\5.7.1\Pester.psm1:2157
[91m    at Invoke-TestItem, C:\Users\lavantien\Documents\PowerShell\Modules\Pester\5.7.1\Pester.psm1:1199
[91m    at Invoke-Block, C:\Users\lavantien\Documents\PowerShell\Modules\Pester\5.7.1\Pester.psm1:835
[91m    at <ScriptBlock>, C:\Users\lavantien\Documents\PowerShell\Modules\Pester\5.7.1\Pester.psm1:893
[91m    at <ScriptBlock>, C:\Users\lavantien\Documents\PowerShell\Modules\Pester\5.7.1\Pester.psm1:2024
[91m    at <ScriptBlock>, C:\Users\lavantien\Documents\PowerShell\Modules\Pester\5.7.1\Pester.psm1:1985
[91m    at Invoke-ScriptBlock, C:\Users\lavantien\Documents\PowerShell\Modules\Pester\5.7.1\Pester.psm1:2160
[91m    at Invoke-Block, C:\Users\lavantien\Documents\PowerShell\Modules\Pester\5.7.1\Pester.psm1:940
[91m    at <ScriptBlock>, C:\Users\lavantien\Documents\PowerShell\Modules\Pester\5.7.1\Pester.psm1:893
[91m    at <ScriptBlock>, C:\Users\lavantien\Documents\PowerShell\Modules\Pester\5.7.1\Pester.psm1:2024
[91m    at <ScriptBlock>, C:\Users\lavantien\Documents\PowerShell\Modules\Pester\5.7.1\Pester.psm1:1985
[91m    at Invoke-ScriptBlock, C:\Users\lavantien\Documents\PowerShell\Modules\Pester\5.7.1\Pester.psm1:2160
[91m    at Invoke-Block, C:\Users\lavantien\Documents\PowerShell\Modules\Pester\5.7.1\Pester.psm1:940
[91m    at <ScriptBlock>, C:\Users\lavantien\Documents\PowerShell\Modules\Pester\5.7.1\Pester.psm1:893
[91m    at <ScriptBlock>, C:\Users\lavantien\Documents\PowerShell\Modules\Pester\5.7.1\Pester.psm1:2024
[91m    at <ScriptBlock>, C:\Users\lavantien\Documents\PowerShell\Modules\Pester\5.7.1\Pester.psm1:1985
[91m    at Invoke-ScriptBlock, C:\Users\lavantien\Documents\PowerShell\Modules\Pester\5.7.1\Pester.psm1:2160
[91m    at Invoke-Block, C:\Users\lavantien\Documents\PowerShell\Modules\Pester\5.7.1\Pester.psm1:940
[91m    at <ScriptBlock>, C:\Users\lavantien\Documents\PowerShell\Modules\Pester\5.7.1\Pester.psm1:1688
[91m    at <ScriptBlock>, C:\Users\lavantien\Documents\PowerShell\Modules\Pester\5.7.1\Pester.ps1:3
[91m    at <ScriptBlock>, C:\Users\lavantien\Documents\PowerShell\Modules\Pester\5.7.1\Pester.psm1:3260
[91m    at Invoke-InNewScriptScope, C:\Users\lavantien\Documents\PowerShell\Modules\Pester\5.7.1\Pester.psm1:3267
[91m    at Run-Test, C:\Users\lavantien\Documents\PowerShell\Modules\Pester\5.7.1\Pester.psm1:1691
[91m    at Invoke-Test, C:\Users\lavantien\Documents\PowerShell\Modules\Pester\5.7.1\Pester.psm1:2512
[91m    at Invoke-Pester<End>, C:\Users\lavantien\Documents\PowerShell\Modules\Pester\5.7.1\Pester.psm1:4960
[91m    at <ScriptBlock>, C:\Users\lavantien\dev\github\dotfiles\run-tests.ps1:10[0m
[32m   [+] Allows merge commits[0m[90m 8ms (8ms|0ms)[0m
[32m   [+] Allows revert commits[0m[90m 8ms (8ms|0ms)[0m
[91m   [-] Requires blank line after subject for multi-line[0m[90m 9ms (9ms|0ms)[0m
[91m    Expected 0 to be different from the actual value, but got the same value.
[91m    at $LASTEXITCODE | Should -Not -Be 0, C:\Users\lavantien\dev\github\dotfiles\tests\powershell\git-hooks.Tests.ps1:320
[91m    at Invoke-Assertion, C:\Users\lavantien\Documents\PowerShell\Modules\Pester\5.7.1\Pester.psm1:8250
[91m    at Should<End>, C:\Users\lavantien\Documents\PowerShell\Modules\Pester\5.7.1\Pester.psm1:8189
[91m    at <ScriptBlock>, C:\Users\lavantien\dev\github\dotfiles\tests\powershell\git-hooks.Tests.ps1:320
[91m    at <ScriptBlock>, C:\Users\lavantien\Documents\PowerShell\Modules\Pester\5.7.1\Pester.psm1:2024
[91m    at <ScriptBlock>, C:\Users\lavantien\Documents\PowerShell\Modules\Pester\5.7.1\Pester.psm1:1985
[91m    at Invoke-ScriptBlock, C:\Users\lavantien\Documents\PowerShell\Modules\Pester\5.7.1\Pester.psm1:2157
[91m    at Invoke-TestItem, C:\Users\lavantien\Documents\PowerShell\Modules\Pester\5.7.1\Pester.psm1:1199
[91m    at Invoke-Block, C:\Users\lavantien\Documents\PowerShell\Modules\Pester\5.7.1\Pester.psm1:835
[91m    at <ScriptBlock>, C:\Users\lavantien\Documents\PowerShell\Modules\Pester\5.7.1\Pester.psm1:893
[91m    at <ScriptBlock>, C:\Users\lavantien\Documents\PowerShell\Modules\Pester\5.7.1\Pester.psm1:2024
[91m    at <ScriptBlock>, C:\Users\lavantien\Documents\PowerShell\Modules\Pester\5.7.1\Pester.psm1:1985
[91m    at Invoke-ScriptBlock, C:\Users\lavantien\Documents\PowerShell\Modules\Pester\5.7.1\Pester.psm1:2160
[91m    at Invoke-Block, C:\Users\lavantien\Documents\PowerShell\Modules\Pester\5.7.1\Pester.psm1:940
[91m    at <ScriptBlock>, C:\Users\lavantien\Documents\PowerShell\Modules\Pester\5.7.1\Pester.psm1:893
[91m    at <ScriptBlock>, C:\Users\lavantien\Documents\PowerShell\Modules\Pester\5.7.1\Pester.psm1:2024
[91m    at <ScriptBlock>, C:\Users\lavantien\Documents\PowerShell\Modules\Pester\5.7.1\Pester.psm1:1985
[91m    at Invoke-ScriptBlock, C:\Users\lavantien\Documents\PowerShell\Modules\Pester\5.7.1\Pester.psm1:2160
[91m    at Invoke-Block, C:\Users\lavantien\Documents\PowerShell\Modules\Pester\5.7.1\Pester.psm1:940
[91m    at <ScriptBlock>, C:\Users\lavantien\Documents\PowerShell\Modules\Pester\5.7.1\Pester.psm1:893
[91m    at <ScriptBlock>, C:\Users\lavantien\Documents\PowerShell\Modules\Pester\5.7.1\Pester.psm1:2024
[91m    at <ScriptBlock>, C:\Users\lavantien\Documents\PowerShell\Modules\Pester\5.7.1\Pester.psm1:1985
[91m    at Invoke-ScriptBlock, C:\Users\lavantien\Documents\PowerShell\Modules\Pester\5.7.1\Pester.psm1:2160
[91m    at Invoke-Block, C:\Users\lavantien\Documents\PowerShell\Modules\Pester\5.7.1\Pester.psm1:940
[91m    at <ScriptBlock>, C:\Users\lavantien\Documents\PowerShell\Modules\Pester\5.7.1\Pester.psm1:1688
[91m    at <ScriptBlock>, C:\Users\lavantien\Documents\PowerShell\Modules\Pester\5.7.1\Pester.ps1:3
[91m    at <ScriptBlock>, C:\Users\lavantien\Documents\PowerShell\Modules\Pester\5.7.1\Pester.psm1:3260
[91m    at Invoke-InNewScriptScope, C:\Users\lavantien\Documents\PowerShell\Modules\Pester\5.7.1\Pester.psm1:3267
[91m    at Run-Test, C:\Users\lavantien\Documents\PowerShell\Modules\Pester\5.7.1\Pester.psm1:1691
[91m    at Invoke-Test, C:\Users\lavantien\Documents\PowerShell\Modules\Pester\5.7.1\Pester.psm1:2512
[91m    at Invoke-Pester<End>, C:\Users\lavantien\Documents\PowerShell\Modules\Pester\5.7.1\Pester.psm1:4960
[91m    at <ScriptBlock>, C:\Users\lavantien\dev\github\dotfiles\run-tests.ps1:10[0m
[32m   [+] Accepts properly formatted multi-line commit[0m[90m 9ms (9ms|0ms)[0m
[96m Context Pre-commit Hook Integration[0m
[32m   [+] Skips checks when no recognized project type[0m[90m 129ms (128ms|1ms)[0m
[32m   [+] Detects Node project with package.json[0m[90m 128ms (127ms|1ms)[0m
[32m   [+] Detects Python project with pyproject.toml[0m[90m 151ms (151ms|0ms)[0m
[0m
[92mDescribing Git Hooks - Edge Cases[0m
[32m  [+] Handles empty commit message gracefully[0m[90m 2ms (1ms|1ms)[0m
[32m  [+] Handles whitespace-only commit message[0m[90m 1ms (1ms|0ms)[0m
[32m  [+] Handles special characters in scope[0m[90m 1ms (1ms|0ms)[0m
[32m  [+] Accepts all conventional commit types[0m[90m 4ms (4ms|0ms)[0m
[0m
[92mDescribing Git Hooks - Integrity (Regression Prevention)[0m
[96m Context Hook File Integrity[0m
[91m   [-] pre-commit.ps1 exists and is not truncated[0m[90m 4ms (2ms|1ms)[0m
[91m    Expected the actual value to be greater than 50, but got 1.
[91m    at $content.Count | Should -BeGreaterThan 50, C:\Users\lavantien\dev\github\dotfiles\tests\powershell\git-hooks.Tests.ps1:421
[91m    at Invoke-Assertion, C:\Users\lavantien\Documents\PowerShell\Modules\Pester\5.7.1\Pester.psm1:8250
[91m    at Should<End>, C:\Users\lavantien\Documents\PowerShell\Modules\Pester\5.7.1\Pester.psm1:8193
[91m    at <ScriptBlock>, C:\Users\lavantien\dev\github\dotfiles\tests\powershell\git-hooks.Tests.ps1:421
[91m    at <ScriptBlock>, C:\Users\lavantien\Documents\PowerShell\Modules\Pester\5.7.1\Pester.psm1:2024
[91m    at <ScriptBlock>, C:\Users\lavantien\Documents\PowerShell\Modules\Pester\5.7.1\Pester.psm1:1985
[91m    at Invoke-ScriptBlock, C:\Users\lavantien\Documents\PowerShell\Modules\Pester\5.7.1\Pester.psm1:2157
[91m    at Invoke-TestItem, C:\Users\lavantien\Documents\PowerShell\Modules\Pester\5.7.1\Pester.psm1:1199
[91m    at Invoke-Block, C:\Users\lavantien\Documents\PowerShell\Modules\Pester\5.7.1\Pester.psm1:835
[91m    at <ScriptBlock>, C:\Users\lavantien\Documents\PowerShell\Modules\Pester\5.7.1\Pester.psm1:893
[91m    at <ScriptBlock>, C:\Users\lavantien\Documents\PowerShell\Modules\Pester\5.7.1\Pester.psm1:2024
[91m    at <ScriptBlock>, C:\Users\lavantien\Documents\PowerShell\Modules\Pester\5.7.1\Pester.psm1:1985
[91m    at Invoke-ScriptBlock, C:\Users\lavantien\Documents\PowerShell\Modules\Pester\5.7.1\Pester.psm1:2160
[91m    at Invoke-Block, C:\Users\lavantien\Documents\PowerShell\Modules\Pester\5.7.1\Pester.psm1:940
[91m    at <ScriptBlock>, C:\Users\lavantien\Documents\PowerShell\Modules\Pester\5.7.1\Pester.psm1:893
[91m    at <ScriptBlock>, C:\Users\lavantien\Documents\PowerShell\Modules\Pester\5.7.1\Pester.psm1:2024
[91m    at <ScriptBlock>, C:\Users\lavantien\Documents\PowerShell\Modules\Pester\5.7.1\Pester.psm1:1985
[91m    at Invoke-ScriptBlock, C:\Users\lavantien\Documents\PowerShell\Modules\Pester\5.7.1\Pester.psm1:2160
[91m    at Invoke-Block, C:\Users\lavantien\Documents\PowerShell\Modules\Pester\5.7.1\Pester.psm1:940
[91m    at <ScriptBlock>, C:\Users\lavantien\Documents\PowerShell\Modules\Pester\5.7.1\Pester.psm1:893
[91m    at <ScriptBlock>, C:\Users\lavantien\Documents\PowerShell\Modules\Pester\5.7.1\Pester.psm1:2024
[91m    at <ScriptBlock>, C:\Users\lavantien\Documents\PowerShell\Modules\Pester\5.7.1\Pester.psm1:1985
[91m    at Invoke-ScriptBlock, C:\Users\lavantien\Documents\PowerShell\Modules\Pester\5.7.1\Pester.psm1:2160
[91m    at Invoke-Block, C:\Users\lavantien\Documents\PowerShell\Modules\Pester\5.7.1\Pester.psm1:940
[91m    at <ScriptBlock>, C:\Users\lavantien\Documents\PowerShell\Modules\Pester\5.7.1\Pester.psm1:1688
[91m    at <ScriptBlock>, C:\Users\lavantien\Documents\PowerShell\Modules\Pester\5.7.1\Pester.ps1:3
[91m    at <ScriptBlock>, C:\Users\lavantien\Documents\PowerShell\Modules\Pester\5.7.1\Pester.psm1:3260
[91m    at Invoke-InNewScriptScope, C:\Users\lavantien\Documents\PowerShell\Modules\Pester\5.7.1\Pester.psm1:3267
[91m    at Run-Test, C:\Users\lavantien\Documents\PowerShell\Modules\Pester\5.7.1\Pester.psm1:1691
[91m    at Invoke-Test, C:\Users\lavantien\Documents\PowerShell\Modules\Pester\5.7.1\Pester.psm1:2512
[91m    at Invoke-Pester<End>, C:\Users\lavantien\Documents\PowerShell\Modules\Pester\5.7.1\Pester.psm1:4960
[91m    at <ScriptBlock>, C:\Users\lavantien\dev\github\dotfiles\run-tests.ps1:10[0m
[91m   [-] commit-msg.ps1 exists and is not truncated[0m[90m 3ms (3ms|0ms)[0m
[91m    Expected the actual value to be greater than 20, but got 1.
[91m    at $content.Count | Should -BeGreaterThan 20, C:\Users\lavantien\dev\github\dotfiles\tests\powershell\git-hooks.Tests.ps1:430
[91m    at Invoke-Assertion, C:\Users\lavantien\Documents\PowerShell\Modules\Pester\5.7.1\Pester.psm1:8250
[91m    at Should<End>, C:\Users\lavantien\Documents\PowerShell\Modules\Pester\5.7.1\Pester.psm1:8193
[91m    at <ScriptBlock>, C:\Users\lavantien\dev\github\dotfiles\tests\powershell\git-hooks.Tests.ps1:430
[91m    at <ScriptBlock>, C:\Users\lavantien\Documents\PowerShell\Modules\Pester\5.7.1\Pester.psm1:2024
[91m    at <ScriptBlock>, C:\Users\lavantien\Documents\PowerShell\Modules\Pester\5.7.1\Pester.psm1:1985
[91m    at Invoke-ScriptBlock, C:\Users\lavantien\Documents\PowerShell\Modules\Pester\5.7.1\Pester.psm1:2157
[91m    at Invoke-TestItem, C:\Users\lavantien\Documents\PowerShell\Modules\Pester\5.7.1\Pester.psm1:1199
[91m    at Invoke-Block, C:\Users\lavantien\Documents\PowerShell\Modules\Pester\5.7.1\Pester.psm1:835
[91m    at <ScriptBlock>, C:\Users\lavantien\Documents\PowerShell\Modules\Pester\5.7.1\Pester.psm1:893
[91m    at <ScriptBlock>, C:\Users\lavantien\Documents\PowerShell\Modules\Pester\5.7.1\Pester.psm1:2024
[91m    at <ScriptBlock>, C:\Users\lavantien\Documents\PowerShell\Modules\Pester\5.7.1\Pester.psm1:1985
[91m    at Invoke-ScriptBlock, C:\Users\lavantien\Documents\PowerShell\Modules\Pester\5.7.1\Pester.psm1:2160
[91m    at Invoke-Block, C:\Users\lavantien\Documents\PowerShell\Modules\Pester\5.7.1\Pester.psm1:940
[91m    at <ScriptBlock>, C:\Users\lavantien\Documents\PowerShell\Modules\Pester\5.7.1\Pester.psm1:893
[91m    at <ScriptBlock>, C:\Users\lavantien\Documents\PowerShell\Modules\Pester\5.7.1\Pester.psm1:2024
[91m    at <ScriptBlock>, C:\Users\lavantien\Documents\PowerShell\Modules\Pester\5.7.1\Pester.psm1:1985
[91m    at Invoke-ScriptBlock, C:\Users\lavantien\Documents\PowerShell\Modules\Pester\5.7.1\Pester.psm1:2160
[91m    at Invoke-Block, C:\Users\lavantien\Documents\PowerShell\Modules\Pester\5.7.1\Pester.psm1:940
[91m    at <ScriptBlock>, C:\Users\lavantien\Documents\PowerShell\Modules\Pester\5.7.1\Pester.psm1:893
[91m    at <ScriptBlock>, C:\Users\lavantien\Documents\PowerShell\Modules\Pester\5.7.1\Pester.psm1:2024
[91m    at <ScriptBlock>, C:\Users\lavantien\Documents\PowerShell\Modules\Pester\5.7.1\Pester.psm1:1985
[91m    at Invoke-ScriptBlock, C:\Users\lavantien\Documents\PowerShell\Modules\Pester\5.7.1\Pester.psm1:2160
[91m    at Invoke-Block, C:\Users\lavantien\Documents\PowerShell\Modules\Pester\5.7.1\Pester.psm1:940
[91m    at <ScriptBlock>, C:\Users\lavantien\Documents\PowerShell\Modules\Pester\5.7.1\Pester.psm1:1688
[91m    at <ScriptBlock>, C:\Users\lavantien\Documents\PowerShell\Modules\Pester\5.7.1\Pester.ps1:3
[91m    at <ScriptBlock>, C:\Users\lavantien\Documents\PowerShell\Modules\Pester\5.7.1\Pester.psm1:3260
[91m    at Invoke-InNewScriptScope, C:\Users\lavantien\Documents\PowerShell\Modules\Pester\5.7.1\Pester.psm1:3267
[91m    at Run-Test, C:\Users\lavantien\Documents\PowerShell\Modules\Pester\5.7.1\Pester.psm1:1691
[91m    at Invoke-Test, C:\Users\lavantien\Documents\PowerShell\Modules\Pester\5.7.1\Pester.psm1:2512
[91m    at Invoke-Pester<End>, C:\Users\lavantien\Documents\PowerShell\Modules\Pester\5.7.1\Pester.psm1:4960
[91m    at <ScriptBlock>, C:\Users\lavantien\dev\github\dotfiles\run-tests.ps1:10[0m
[91m   [-] pre-commit hook (bash) exists and is not truncated[0m[90m 3ms (3ms|0ms)[0m
[91m    Expected the actual value to be greater than 50, but got 1.
[91m    at $content.Count | Should -BeGreaterThan 50, C:\Users\lavantien\dev\github\dotfiles\tests\powershell\git-hooks.Tests.ps1:439
[91m    at Invoke-Assertion, C:\Users\lavantien\Documents\PowerShell\Modules\Pester\5.7.1\Pester.psm1:8250
[91m    at Should<End>, C:\Users\lavantien\Documents\PowerShell\Modules\Pester\5.7.1\Pester.psm1:8193
[91m    at <ScriptBlock>, C:\Users\lavantien\dev\github\dotfiles\tests\powershell\git-hooks.Tests.ps1:439
[91m    at <ScriptBlock>, C:\Users\lavantien\Documents\PowerShell\Modules\Pester\5.7.1\Pester.psm1:2024
[91m    at <ScriptBlock>, C:\Users\lavantien\Documents\PowerShell\Modules\Pester\5.7.1\Pester.psm1:1985
[91m    at Invoke-ScriptBlock, C:\Users\lavantien\Documents\PowerShell\Modules\Pester\5.7.1\Pester.psm1:2157
[91m    at Invoke-TestItem, C:\Users\lavantien\Documents\PowerShell\Modules\Pester\5.7.1\Pester.psm1:1199
[91m    at Invoke-Block, C:\Users\lavantien\Documents\PowerShell\Modules\Pester\5.7.1\Pester.psm1:835
[91m    at <ScriptBlock>, C:\Users\lavantien\Documents\PowerShell\Modules\Pester\5.7.1\Pester.psm1:893
[91m    at <ScriptBlock>, C:\Users\lavantien\Documents\PowerShell\Modules\Pester\5.7.1\Pester.psm1:2024
[91m    at <ScriptBlock>, C:\Users\lavantien\Documents\PowerShell\Modules\Pester\5.7.1\Pester.psm1:1985
[91m    at Invoke-ScriptBlock, C:\Users\lavantien\Documents\PowerShell\Modules\Pester\5.7.1\Pester.psm1:2160
[91m    at Invoke-Block, C:\Users\lavantien\Documents\PowerShell\Modules\Pester\5.7.1\Pester.psm1:940
[91m    at <ScriptBlock>, C:\Users\lavantien\Documents\PowerShell\Modules\Pester\5.7.1\Pester.psm1:893
[91m    at <ScriptBlock>, C:\Users\lavantien\Documents\PowerShell\Modules\Pester\5.7.1\Pester.psm1:2024
[91m    at <ScriptBlock>, C:\Users\lavantien\Documents\PowerShell\Modules\Pester\5.7.1\Pester.psm1:1985
[91m    at Invoke-ScriptBlock, C:\Users\lavantien\Documents\PowerShell\Modules\Pester\5.7.1\Pester.psm1:2160
[91m    at Invoke-Block, C:\Users\lavantien\Documents\PowerShell\Modules\Pester\5.7.1\Pester.psm1:940
[91m    at <ScriptBlock>, C:\Users\lavantien\Documents\PowerShell\Modules\Pester\5.7.1\Pester.psm1:893
[91m    at <ScriptBlock>, C:\Users\lavantien\Documents\PowerShell\Modules\Pester\5.7.1\Pester.psm1:2024
[91m    at <ScriptBlock>, C:\Users\lavantien\Documents\PowerShell\Modules\Pester\5.7.1\Pester.psm1:1985
[91m    at Invoke-ScriptBlock, C:\Users\lavantien\Documents\PowerShell\Modules\Pester\5.7.1\Pester.psm1:2160
[91m    at Invoke-Block, C:\Users\lavantien\Documents\PowerShell\Modules\Pester\5.7.1\Pester.psm1:940
[91m    at <ScriptBlock>, C:\Users\lavantien\Documents\PowerShell\Modules\Pester\5.7.1\Pester.psm1:1688
[91m    at <ScriptBlock>, C:\Users\lavantien\Documents\PowerShell\Modules\Pester\5.7.1\Pester.ps1:3
[91m    at <ScriptBlock>, C:\Users\lavantien\Documents\PowerShell\Modules\Pester\5.7.1\Pester.psm1:3260
[91m    at Invoke-InNewScriptScope, C:\Users\lavantien\Documents\PowerShell\Modules\Pester\5.7.1\Pester.psm1:3267
[91m    at Run-Test, C:\Users\lavantien\Documents\PowerShell\Modules\Pester\5.7.1\Pester.psm1:1691
[91m    at Invoke-Test, C:\Users\lavantien\Documents\PowerShell\Modules\Pester\5.7.1\Pester.psm1:2512
[91m    at Invoke-Pester<End>, C:\Users\lavantien\Documents\PowerShell\Modules\Pester\5.7.1\Pester.psm1:4960
[91m    at <ScriptBlock>, C:\Users\lavantien\dev\github\dotfiles\run-tests.ps1:10[0m
[91m   [-] commit-msg hook (bash) exists and is not truncated[0m[90m 6ms (6ms|0ms)[0m
[91m    Expected the actual value to be greater than 20, but got 1.
[91m    at $content.Count | Should -BeGreaterThan 20, C:\Users\lavantien\dev\github\dotfiles\tests\powershell\git-hooks.Tests.ps1:448
[91m    at Invoke-Assertion, C:\Users\lavantien\Documents\PowerShell\Modules\Pester\5.7.1\Pester.psm1:8250
[91m    at Should<End>, C:\Users\lavantien\Documents\PowerShell\Modules\Pester\5.7.1\Pester.psm1:8193
[91m    at <ScriptBlock>, C:\Users\lavantien\dev\github\dotfiles\tests\powershell\git-hooks.Tests.ps1:448
[91m    at <ScriptBlock>, C:\Users\lavantien\Documents\PowerShell\Modules\Pester\5.7.1\Pester.psm1:2024
[91m    at <ScriptBlock>, C:\Users\lavantien\Documents\PowerShell\Modules\Pester\5.7.1\Pester.psm1:1985
[91m    at Invoke-ScriptBlock, C:\Users\lavantien\Documents\PowerShell\Modules\Pester\5.7.1\Pester.psm1:2157
[91m    at Invoke-TestItem, C:\Users\lavantien\Documents\PowerShell\Modules\Pester\5.7.1\Pester.psm1:1199
[91m    at Invoke-Block, C:\Users\lavantien\Documents\PowerShell\Modules\Pester\5.7.1\Pester.psm1:835
[91m    at <ScriptBlock>, C:\Users\lavantien\Documents\PowerShell\Modules\Pester\5.7.1\Pester.psm1:893
[91m    at <ScriptBlock>, C:\Users\lavantien\Documents\PowerShell\Modules\Pester\5.7.1\Pester.psm1:2024
[91m    at <ScriptBlock>, C:\Users\lavantien\Documents\PowerShell\Modules\Pester\5.7.1\Pester.psm1:1985
[91m    at Invoke-ScriptBlock, C:\Users\lavantien\Documents\PowerShell\Modules\Pester\5.7.1\Pester.psm1:2160
[91m    at Invoke-Block, C:\Users\lavantien\Documents\PowerShell\Modules\Pester\5.7.1\Pester.psm1:940
[91m    at <ScriptBlock>, C:\Users\lavantien\Documents\PowerShell\Modules\Pester\5.7.1\Pester.psm1:893
[91m    at <ScriptBlock>, C:\Users\lavantien\Documents\PowerShell\Modules\Pester\5.7.1\Pester.psm1:2024
[91m    at <ScriptBlock>, C:\Users\lavantien\Documents\PowerShell\Modules\Pester\5.7.1\Pester.psm1:1985
[91m    at Invoke-ScriptBlock, C:\Users\lavantien\Documents\PowerShell\Modules\Pester\5.7.1\Pester.psm1:2160
[91m    at Invoke-Block, C:\Users\lavantien\Documents\PowerShell\Modules\Pester\5.7.1\Pester.psm1:940
[91m    at <ScriptBlock>, C:\Users\lavantien\Documents\PowerShell\Modules\Pester\5.7.1\Pester.psm1:893
[91m    at <ScriptBlock>, C:\Users\lavantien\Documents\PowerShell\Modules\Pester\5.7.1\Pester.psm1:2024
[91m    at <ScriptBlock>, C:\Users\lavantien\Documents\PowerShell\Modules\Pester\5.7.1\Pester.psm1:1985
[91m    at Invoke-ScriptBlock, C:\Users\lavantien\Documents\PowerShell\Modules\Pester\5.7.1\Pester.psm1:2160
[91m    at Invoke-Block, C:\Users\lavantien\Documents\PowerShell\Modules\Pester\5.7.1\Pester.psm1:940
[91m    at <ScriptBlock>, C:\Users\lavantien\Documents\PowerShell\Modules\Pester\5.7.1\Pester.psm1:1688
[91m    at <ScriptBlock>, C:\Users\lavantien\Documents\PowerShell\Modules\Pester\5.7.1\Pester.ps1:3
[91m    at <ScriptBlock>, C:\Users\lavantien\Documents\PowerShell\Modules\Pester\5.7.1\Pester.psm1:3260
[91m    at Invoke-InNewScriptScope, C:\Users\lavantien\Documents\PowerShell\Modules\Pester\5.7.1\Pester.psm1:3267
[91m    at Run-Test, C:\Users\lavantien\Documents\PowerShell\Modules\Pester\5.7.1\Pester.psm1:1691
[91m    at Invoke-Test, C:\Users\lavantien\Documents\PowerShell\Modules\Pester\5.7.1\Pester.psm1:2512
[91m    at Invoke-Pester<End>, C:\Users\lavantien\Documents\PowerShell\Modules\Pester\5.7.1\Pester.psm1:4960
[91m    at <ScriptBlock>, C:\Users\lavantien\dev\github\dotfiles\run-tests.ps1:10[0m
[96m Context Hook Content Validation[0m
[91m   [-] pre-commit.ps1 contains essential language check functions[0m[90m 3ms (2ms|1ms)[0m
[91m    Expected regular expression 'function Invoke-GoChecks|Invoke-GoChecks' to match '# PowerShell
[91m    ', but it did not match.
[91m    at $content | Should -Match "function Invoke-GoChecks|Invoke-GoChecks", C:\Users\lavantien\dev\github\dotfiles\tests\powershell\git-hooks.Tests.ps1:459
[91m    at Invoke-Assertion, C:\Users\lavantien\Documents\PowerShell\Modules\Pester\5.7.1\Pester.psm1:8250
[91m    at Should<End>, C:\Users\lavantien\Documents\PowerShell\Modules\Pester\5.7.1\Pester.psm1:8193
[91m    at <ScriptBlock>, C:\Users\lavantien\dev\github\dotfiles\tests\powershell\git-hooks.Tests.ps1:459
[91m    at <ScriptBlock>, C:\Users\lavantien\Documents\PowerShell\Modules\Pester\5.7.1\Pester.psm1:2024
[91m    at <ScriptBlock>, C:\Users\lavantien\Documents\PowerShell\Modules\Pester\5.7.1\Pester.psm1:1985
[91m    at Invoke-ScriptBlock, C:\Users\lavantien\Documents\PowerShell\Modules\Pester\5.7.1\Pester.psm1:2157
[91m    at Invoke-TestItem, C:\Users\lavantien\Documents\PowerShell\Modules\Pester\5.7.1\Pester.psm1:1199
[91m    at Invoke-Block, C:\Users\lavantien\Documents\PowerShell\Modules\Pester\5.7.1\Pester.psm1:835
[91m    at <ScriptBlock>, C:\Users\lavantien\Documents\PowerShell\Modules\Pester\5.7.1\Pester.psm1:893
[91m    at <ScriptBlock>, C:\Users\lavantien\Documents\PowerShell\Modules\Pester\5.7.1\Pester.psm1:2024
[91m    at <ScriptBlock>, C:\Users\lavantien\Documents\PowerShell\Modules\Pester\5.7.1\Pester.psm1:1985
[91m    at Invoke-ScriptBlock, C:\Users\lavantien\Documents\PowerShell\Modules\Pester\5.7.1\Pester.psm1:2160
[91m    at Invoke-Block, C:\Users\lavantien\Documents\PowerShell\Modules\Pester\5.7.1\Pester.psm1:940
[91m    at <ScriptBlock>, C:\Users\lavantien\Documents\PowerShell\Modules\Pester\5.7.1\Pester.psm1:893
[91m    at <ScriptBlock>, C:\Users\lavantien\Documents\PowerShell\Modules\Pester\5.7.1\Pester.psm1:2024
[91m    at <ScriptBlock>, C:\Users\lavantien\Documents\PowerShell\Modules\Pester\5.7.1\Pester.psm1:1985
[91m    at Invoke-ScriptBlock, C:\Users\lavantien\Documents\PowerShell\Modules\Pester\5.7.1\Pester.psm1:2160
[91m    at Invoke-Block, C:\Users\lavantien\Documents\PowerShell\Modules\Pester\5.7.1\Pester.psm1:940
[91m    at <ScriptBlock>, C:\Users\lavantien\Documents\PowerShell\Modules\Pester\5.7.1\Pester.psm1:893
[91m    at <ScriptBlock>, C:\Users\lavantien\Documents\PowerShell\Modules\Pester\5.7.1\Pester.psm1:2024
[91m    at <ScriptBlock>, C:\Users\lavantien\Documents\PowerShell\Modules\Pester\5.7.1\Pester.psm1:1985
[91m    at Invoke-ScriptBlock, C:\Users\lavantien\Documents\PowerShell\Modules\Pester\5.7.1\Pester.psm1:2160
[91m    at Invoke-Block, C:\Users\lavantien\Documents\PowerShell\Modules\Pester\5.7.1\Pester.psm1:940
[91m    at <ScriptBlock>, C:\Users\lavantien\Documents\PowerShell\Modules\Pester\5.7.1\Pester.psm1:1688
[91m    at <ScriptBlock>, C:\Users\lavantien\Documents\PowerShell\Modules\Pester\5.7.1\Pester.ps1:3
[91m    at <ScriptBlock>, C:\Users\lavantien\Documents\PowerShell\Modules\Pester\5.7.1\Pester.psm1:3260
[91m    at Invoke-InNewScriptScope, C:\Users\lavantien\Documents\PowerShell\Modules\Pester\5.7.1\Pester.psm1:3267
[91m    at Run-Test, C:\Users\lavantien\Documents\PowerShell\Modules\Pester\5.7.1\Pester.psm1:1691
[91m    at Invoke-Test, C:\Users\lavantien\Documents\PowerShell\Modules\Pester\5.7.1\Pester.psm1:2512
[91m    at Invoke-Pester<End>, C:\Users\lavantien\Documents\PowerShell\Modules\Pester\5.7.1\Pester.psm1:4960
[91m    at <ScriptBlock>, C:\Users\lavantien\dev\github\dotfiles\run-tests.ps1:10[0m
[91m   [-] pre-commit.ps1 contains Get-ProjectTypes function[0m[90m 2ms (2ms|0ms)[0m
[91m    Expected regular expression 'function Get-ProjectTypes' to match '# PowerShell
[91m    ', but it did not match.
[91m    at $content | Should -Match "function Get-ProjectTypes", C:\Users\lavantien\dev\github\dotfiles\tests\powershell\git-hooks.Tests.ps1:469
[91m    at Invoke-Assertion, C:\Users\lavantien\Documents\PowerShell\Modules\Pester\5.7.1\Pester.psm1:8250
[91m    at Should<End>, C:\Users\lavantien\Documents\PowerShell\Modules\Pester\5.7.1\Pester.psm1:8193
[91m    at <ScriptBlock>, C:\Users\lavantien\dev\github\dotfiles\tests\powershell\git-hooks.Tests.ps1:469
[91m    at <ScriptBlock>, C:\Users\lavantien\Documents\PowerShell\Modules\Pester\5.7.1\Pester.psm1:2024
[91m    at <ScriptBlock>, C:\Users\lavantien\Documents\PowerShell\Modules\Pester\5.7.1\Pester.psm1:1985
[91m    at Invoke-ScriptBlock, C:\Users\lavantien\Documents\PowerShell\Modules\Pester\5.7.1\Pester.psm1:2157
[91m    at Invoke-TestItem, C:\Users\lavantien\Documents\PowerShell\Modules\Pester\5.7.1\Pester.psm1:1199
[91m    at Invoke-Block, C:\Users\lavantien\Documents\PowerShell\Modules\Pester\5.7.1\Pester.psm1:835
[91m    at <ScriptBlock>, C:\Users\lavantien\Documents\PowerShell\Modules\Pester\5.7.1\Pester.psm1:893
[91m    at <ScriptBlock>, C:\Users\lavantien\Documents\PowerShell\Modules\Pester\5.7.1\Pester.psm1:2024
[91m    at <ScriptBlock>, C:\Users\lavantien\Documents\PowerShell\Modules\Pester\5.7.1\Pester.psm1:1985
[91m    at Invoke-ScriptBlock, C:\Users\lavantien\Documents\PowerShell\Modules\Pester\5.7.1\Pester.psm1:2160
[91m    at Invoke-Block, C:\Users\lavantien\Documents\PowerShell\Modules\Pester\5.7.1\Pester.psm1:940
[91m    at <ScriptBlock>, C:\Users\lavantien\Documents\PowerShell\Modules\Pester\5.7.1\Pester.psm1:893
[91m    at <ScriptBlock>, C:\Users\lavantien\Documents\PowerShell\Modules\Pester\5.7.1\Pester.psm1:2024
[91m    at <ScriptBlock>, C:\Users\lavantien\Documents\PowerShell\Modules\Pester\5.7.1\Pester.psm1:1985
[91m    at Invoke-ScriptBlock, C:\Users\lavantien\Documents\PowerShell\Modules\Pester\5.7.1\Pester.psm1:2160
[91m    at Invoke-Block, C:\Users\lavantien\Documents\PowerShell\Modules\Pester\5.7.1\Pester.psm1:940
[91m    at <ScriptBlock>, C:\Users\lavantien\Documents\PowerShell\Modules\Pester\5.7.1\Pester.psm1:893
[91m    at <ScriptBlock>, C:\Users\lavantien\Documents\PowerShell\Modules\Pester\5.7.1\Pester.psm1:2024
[91m    at <ScriptBlock>, C:\Users\lavantien\Documents\PowerShell\Modules\Pester\5.7.1\Pester.psm1:1985
[91m    at Invoke-ScriptBlock, C:\Users\lavantien\Documents\PowerShell\Modules\Pester\5.7.1\Pester.psm1:2160
[91m    at Invoke-Block, C:\Users\lavantien\Documents\PowerShell\Modules\Pester\5.7.1\Pester.psm1:940
[91m    at <ScriptBlock>, C:\Users\lavantien\Documents\PowerShell\Modules\Pester\5.7.1\Pester.psm1:1688
[91m    at <ScriptBlock>, C:\Users\lavantien\Documents\PowerShell\Modules\Pester\5.7.1\Pester.ps1:3
[91m    at <ScriptBlock>, C:\Users\lavantien\Documents\PowerShell\Modules\Pester\5.7.1\Pester.psm1:3260
[91m    at Invoke-InNewScriptScope, C:\Users\lavantien\Documents\PowerShell\Modules\Pester\5.7.1\Pester.psm1:3267
[91m    at Run-Test, C:\Users\lavantien\Documents\PowerShell\Modules\Pester\5.7.1\Pester.psm1:1691
[91m    at Invoke-Test, C:\Users\lavantien\Documents\PowerShell\Modules\Pester\5.7.1\Pester.psm1:2512
[91m    at Invoke-Pester<End>, C:\Users\lavantien\Documents\PowerShell\Modules\Pester\5.7.1\Pester.psm1:4960
[91m    at <ScriptBlock>, C:\Users\lavantien\dev\github\dotfiles\run-tests.ps1:10[0m
[91m   [-] commit-msg.ps1 contains conventional commits validation[0m[90m 3ms (3ms|0ms)[0m
[91m    Expected regular expression 'feat|fix|chore' to match '# PowerShell
[91m    ', but it did not match.
[91m    at $content | Should -Match "feat|fix|chore", C:\Users\lavantien\dev\github\dotfiles\tests\powershell\git-hooks.Tests.ps1:477
[91m    at Invoke-Assertion, C:\Users\lavantien\Documents\PowerShell\Modules\Pester\5.7.1\Pester.psm1:8250
[91m    at Should<End>, C:\Users\lavantien\Documents\PowerShell\Modules\Pester\5.7.1\Pester.psm1:8193
[91m    at <ScriptBlock>, C:\Users\lavantien\dev\github\dotfiles\tests\powershell\git-hooks.Tests.ps1:477
[91m    at <ScriptBlock>, C:\Users\lavantien\Documents\PowerShell\Modules\Pester\5.7.1\Pester.psm1:2024
[91m    at <ScriptBlock>, C:\Users\lavantien\Documents\PowerShell\Modules\Pester\5.7.1\Pester.psm1:1985
[91m    at Invoke-ScriptBlock, C:\Users\lavantien\Documents\PowerShell\Modules\Pester\5.7.1\Pester.psm1:2157
[91m    at Invoke-TestItem, C:\Users\lavantien\Documents\PowerShell\Modules\Pester\5.7.1\Pester.psm1:1199
[91m    at Invoke-Block, C:\Users\lavantien\Documents\PowerShell\Modules\Pester\5.7.1\Pester.psm1:835
[91m    at <ScriptBlock>, C:\Users\lavantien\Documents\PowerShell\Modules\Pester\5.7.1\Pester.psm1:893
[91m    at <ScriptBlock>, C:\Users\lavantien\Documents\PowerShell\Modules\Pester\5.7.1\Pester.psm1:2024
[91m    at <ScriptBlock>, C:\Users\lavantien\Documents\PowerShell\Modules\Pester\5.7.1\Pester.psm1:1985
[91m    at Invoke-ScriptBlock, C:\Users\lavantien\Documents\PowerShell\Modules\Pester\5.7.1\Pester.psm1:2160
[91m    at Invoke-Block, C:\Users\lavantien\Documents\PowerShell\Modules\Pester\5.7.1\Pester.psm1:940
[91m    at <ScriptBlock>, C:\Users\lavantien\Documents\PowerShell\Modules\Pester\5.7.1\Pester.psm1:893
[91m    at <ScriptBlock>, C:\Users\lavantien\Documents\PowerShell\Modules\Pester\5.7.1\Pester.psm1:2024
[91m    at <ScriptBlock>, C:\Users\lavantien\Documents\PowerShell\Modules\Pester\5.7.1\Pester.psm1:1985
[91m    at Invoke-ScriptBlock, C:\Users\lavantien\Documents\PowerShell\Modules\Pester\5.7.1\Pester.psm1:2160
[91m    at Invoke-Block, C:\Users\lavantien\Documents\PowerShell\Modules\Pester\5.7.1\Pester.psm1:940
[91m    at <ScriptBlock>, C:\Users\lavantien\Documents\PowerShell\Modules\Pester\5.7.1\Pester.psm1:893
[91m    at <ScriptBlock>, C:\Users\lavantien\Documents\PowerShell\Modules\Pester\5.7.1\Pester.psm1:2024
[91m    at <ScriptBlock>, C:\Users\lavantien\Documents\PowerShell\Modules\Pester\5.7.1\Pester.psm1:1985
[91m    at Invoke-ScriptBlock, C:\Users\lavantien\Documents\PowerShell\Modules\Pester\5.7.1\Pester.psm1:2160
[91m    at Invoke-Block, C:\Users\lavantien\Documents\PowerShell\Modules\Pester\5.7.1\Pester.psm1:940
[91m    at <ScriptBlock>, C:\Users\lavantien\Documents\PowerShell\Modules\Pester\5.7.1\Pester.psm1:1688
[91m    at <ScriptBlock>, C:\Users\lavantien\Documents\PowerShell\Modules\Pester\5.7.1\Pester.ps1:3
[91m    at <ScriptBlock>, C:\Users\lavantien\Documents\PowerShell\Modules\Pester\5.7.1\Pester.psm1:3260
[91m    at Invoke-InNewScriptScope, C:\Users\lavantien\Documents\PowerShell\Modules\Pester\5.7.1\Pester.psm1:3267
[91m    at Run-Test, C:\Users\lavantien\Documents\PowerShell\Modules\Pester\5.7.1\Pester.psm1:1691
[91m    at Invoke-Test, C:\Users\lavantien\Documents\PowerShell\Modules\Pester\5.7.1\Pester.psm1:2512
[91m    at Invoke-Pester<End>, C:\Users\lavantien\Documents\PowerShell\Modules\Pester\5.7.1\Pester.psm1:4960
[91m    at <ScriptBlock>, C:\Users\lavantien\dev\github\dotfiles\run-tests.ps1:10[0m
[91m   [-] pre-commit (bash) contains essential functions[0m[90m 3ms (2ms|0ms)[0m
[91m    Expected regular expression 'detect_os\(\)' to match '#!/bin/bash
[91m    ', but it did not match.
[91m    at $content | Should -Match "detect_os\(\)", C:\Users\lavantien\dev\github\dotfiles\tests\powershell\git-hooks.Tests.ps1:486
[91m    at Invoke-Assertion, C:\Users\lavantien\Documents\PowerShell\Modules\Pester\5.7.1\Pester.psm1:8250
[91m    at Should<End>, C:\Users\lavantien\Documents\PowerShell\Modules\Pester\5.7.1\Pester.psm1:8193
[91m    at <ScriptBlock>, C:\Users\lavantien\dev\github\dotfiles\tests\powershell\git-hooks.Tests.ps1:486
[91m    at <ScriptBlock>, C:\Users\lavantien\Documents\PowerShell\Modules\Pester\5.7.1\Pester.psm1:2024
[91m    at <ScriptBlock>, C:\Users\lavantien\Documents\PowerShell\Modules\Pester\5.7.1\Pester.psm1:1985
[91m    at Invoke-ScriptBlock, C:\Users\lavantien\Documents\PowerShell\Modules\Pester\5.7.1\Pester.psm1:2157
[91m    at Invoke-TestItem, C:\Users\lavantien\Documents\PowerShell\Modules\Pester\5.7.1\Pester.psm1:1199
[91m    at Invoke-Block, C:\Users\lavantien\Documents\PowerShell\Modules\Pester\5.7.1\Pester.psm1:835
[91m    at <ScriptBlock>, C:\Users\lavantien\Documents\PowerShell\Modules\Pester\5.7.1\Pester.psm1:893
[91m    at <ScriptBlock>, C:\Users\lavantien\Documents\PowerShell\Modules\Pester\5.7.1\Pester.psm1:2024
[91m    at <ScriptBlock>, C:\Users\lavantien\Documents\PowerShell\Modules\Pester\5.7.1\Pester.psm1:1985
[91m    at Invoke-ScriptBlock, C:\Users\lavantien\Documents\PowerShell\Modules\Pester\5.7.1\Pester.psm1:2160
[91m    at Invoke-Block, C:\Users\lavantien\Documents\PowerShell\Modules\Pester\5.7.1\Pester.psm1:940
[91m    at <ScriptBlock>, C:\Users\lavantien\Documents\PowerShell\Modules\Pester\5.7.1\Pester.psm1:893
[91m    at <ScriptBlock>, C:\Users\lavantien\Documents\PowerShell\Modules\Pester\5.7.1\Pester.psm1:2024
[91m    at <ScriptBlock>, C:\Users\lavantien\Documents\PowerShell\Modules\Pester\5.7.1\Pester.psm1:1985
[91m    at Invoke-ScriptBlock, C:\Users\lavantien\Documents\PowerShell\Modules\Pester\5.7.1\Pester.psm1:2160
[91m    at Invoke-Block, C:\Users\lavantien\Documents\PowerShell\Modules\Pester\5.7.1\Pester.psm1:940
[91m    at <ScriptBlock>, C:\Users\lavantien\Documents\PowerShell\Modules\Pester\5.7.1\Pester.psm1:893
[91m    at <ScriptBlock>, C:\Users\lavantien\Documents\PowerShell\Modules\Pester\5.7.1\Pester.psm1:2024
[91m    at <ScriptBlock>, C:\Users\lavantien\Documents\PowerShell\Modules\Pester\5.7.1\Pester.psm1:1985
[91m    at Invoke-ScriptBlock, C:\Users\lavantien\Documents\PowerShell\Modules\Pester\5.7.1\Pester.psm1:2160
[91m    at Invoke-Block, C:\Users\lavantien\Documents\PowerShell\Modules\Pester\5.7.1\Pester.psm1:940
[91m    at <ScriptBlock>, C:\Users\lavantien\Documents\PowerShell\Modules\Pester\5.7.1\Pester.psm1:1688
[91m    at <ScriptBlock>, C:\Users\lavantien\Documents\PowerShell\Modules\Pester\5.7.1\Pester.ps1:3
[91m    at <ScriptBlock>, C:\Users\lavantien\Documents\PowerShell\Modules\Pester\5.7.1\Pester.psm1:3260
[91m    at Invoke-InNewScriptScope, C:\Users\lavantien\Documents\PowerShell\Modules\Pester\5.7.1\Pester.psm1:3267
[91m    at Run-Test, C:\Users\lavantien\Documents\PowerShell\Modules\Pester\5.7.1\Pester.psm1:1691
[91m    at Invoke-Test, C:\Users\lavantien\Documents\PowerShell\Modules\Pester\5.7.1\Pester.psm1:2512
[91m    at Invoke-Pester<End>, C:\Users\lavantien\Documents\PowerShell\Modules\Pester\5.7.1\Pester.psm1:4960
[91m    at <ScriptBlock>, C:\Users\lavantien\dev\github\dotfiles\run-tests.ps1:10[0m
[91m   [-] commit-msg (bash) contains conventional commits validation[0m[90m 2ms (2ms|0ms)[0m
[91m    Expected regular expression 'feat|fix|chore' to match '#!/bin/bash
[91m    ', but it did not match.
[91m    at $content | Should -Match "feat|fix|chore", C:\Users\lavantien\dev\github\dotfiles\tests\powershell\git-hooks.Tests.ps1:499
[91m    at Invoke-Assertion, C:\Users\lavantien\Documents\PowerShell\Modules\Pester\5.7.1\Pester.psm1:8250
[91m    at Should<End>, C:\Users\lavantien\Documents\PowerShell\Modules\Pester\5.7.1\Pester.psm1:8193
[91m    at <ScriptBlock>, C:\Users\lavantien\dev\github\dotfiles\tests\powershell\git-hooks.Tests.ps1:499
[91m    at <ScriptBlock>, C:\Users\lavantien\Documents\PowerShell\Modules\Pester\5.7.1\Pester.psm1:2024
[91m    at <ScriptBlock>, C:\Users\lavantien\Documents\PowerShell\Modules\Pester\5.7.1\Pester.psm1:1985
[91m    at Invoke-ScriptBlock, C:\Users\lavantien\Documents\PowerShell\Modules\Pester\5.7.1\Pester.psm1:2157
[91m    at Invoke-TestItem, C:\Users\lavantien\Documents\PowerShell\Modules\Pester\5.7.1\Pester.psm1:1199
[91m    at Invoke-Block, C:\Users\lavantien\Documents\PowerShell\Modules\Pester\5.7.1\Pester.psm1:835
[91m    at <ScriptBlock>, C:\Users\lavantien\Documents\PowerShell\Modules\Pester\5.7.1\Pester.psm1:893
[91m    at <ScriptBlock>, C:\Users\lavantien\Documents\PowerShell\Modules\Pester\5.7.1\Pester.psm1:2024
[91m    at <ScriptBlock>, C:\Users\lavantien\Documents\PowerShell\Modules\Pester\5.7.1\Pester.psm1:1985
[91m    at Invoke-ScriptBlock, C:\Users\lavantien\Documents\PowerShell\Modules\Pester\5.7.1\Pester.psm1:2160
[91m    at Invoke-Block, C:\Users\lavantien\Documents\PowerShell\Modules\Pester\5.7.1\Pester.psm1:940
[91m    at <ScriptBlock>, C:\Users\lavantien\Documents\PowerShell\Modules\Pester\5.7.1\Pester.psm1:893
[91m    at <ScriptBlock>, C:\Users\lavantien\Documents\PowerShell\Modules\Pester\5.7.1\Pester.psm1:2024
[91m    at <ScriptBlock>, C:\Users\lavantien\Documents\PowerShell\Modules\Pester\5.7.1\Pester.psm1:1985
[91m    at Invoke-ScriptBlock, C:\Users\lavantien\Documents\PowerShell\Modules\Pester\5.7.1\Pester.psm1:2160
[91m    at Invoke-Block, C:\Users\lavantien\Documents\PowerShell\Modules\Pester\5.7.1\Pester.psm1:940
[91m    at <ScriptBlock>, C:\Users\lavantien\Documents\PowerShell\Modules\Pester\5.7.1\Pester.psm1:893
[91m    at <ScriptBlock>, C:\Users\lavantien\Documents\PowerShell\Modules\Pester\5.7.1\Pester.psm1:2024
[91m    at <ScriptBlock>, C:\Users\lavantien\Documents\PowerShell\Modules\Pester\5.7.1\Pester.psm1:1985
[91m    at Invoke-ScriptBlock, C:\Users\lavantien\Documents\PowerShell\Modules\Pester\5.7.1\Pester.psm1:2160
[91m    at Invoke-Block, C:\Users\lavantien\Documents\PowerShell\Modules\Pester\5.7.1\Pester.psm1:940
[91m    at <ScriptBlock>, C:\Users\lavantien\Documents\PowerShell\Modules\Pester\5.7.1\Pester.psm1:1688
[91m    at <ScriptBlock>, C:\Users\lavantien\Documents\PowerShell\Modules\Pester\5.7.1\Pester.ps1:3
[91m    at <ScriptBlock>, C:\Users\lavantien\Documents\PowerShell\Modules\Pester\5.7.1\Pester.psm1:3260
[91m    at Invoke-InNewScriptScope, C:\Users\lavantien\Documents\PowerShell\Modules\Pester\5.7.1\Pester.psm1:3267
[91m    at Run-Test, C:\Users\lavantien\Documents\PowerShell\Modules\Pester\5.7.1\Pester.psm1:1691
[91m    at Invoke-Test, C:\Users\lavantien\Documents\PowerShell\Modules\Pester\5.7.1\Pester.psm1:2512
[91m    at Invoke-Pester<End>, C:\Users\lavantien\Documents\PowerShell\Modules\Pester\5.7.1\Pester.psm1:4960
[91m    at <ScriptBlock>, C:\Users\lavantien\dev\github\dotfiles\run-tests.ps1:10[0m
[96m Context Hook Shebang and Permissions[0m
[32m   [+] pre-commit (bash) has valid shebang[0m[90m 4ms (3ms|1ms)[0m
[32m   [+] commit-msg (bash) has valid shebang[0m[90m 2ms (1ms|0ms)[0m
[95m
[95mRunning tests from 'C:\Users\lavantien\dev\github\dotfiles\tests\powershell\git-update-repos.Tests.ps1'[0m
[92mDescribing Git-Update-Repos Parameter Mapping[0m
[96m Context Username parameter[0m
[32m   [+] Maps -Username to --username[0m[90m 4ms (3ms|1ms)[0m
[32m   [+] Maps -Username with value correctly[0m[90m 2ms (2ms|0ms)[0m
[96m Context BaseDir parameter[0m
[32m   [+] Maps -BaseDir to --base-dir[0m[90m 3ms (2ms|1ms)[0m
[32m   [+] Maps -BaseDir with Windows path[0m[90m 2ms (1ms|0ms)[0m
[96m Context Boolean flags[0m
[32m   [+] Maps -UseSSH to --use-ssh[0m[90m 2ms (1ms|1ms)[0m
[32m   [+] Maps -NoSync to --no-sync[0m[90m 1ms (1ms|0ms)[0m
[32m   [+] Maps -Commit to --commit[0m[90m 1ms (1ms|0ms)[0m
[96m Context Multiple parameters[0m
[32m   [+] Maps multiple parameters correctly[0m[90m 12ms (11ms|1ms)[0m
[32m   [+] Maps all flags together[0m[90m 2ms (2ms|1ms)[0m
[91m   [-] Maps complex parameter combination[0m[90m 2ms (2ms|0ms)[0m
[91m    Expected 4, but got 5.
[91m    at $result.Count | Should -Be 4, C:\Users\lavantien\dev\github\dotfiles\tests\powershell\git-update-repos.Tests.ps1:114
[91m    at Invoke-Assertion, C:\Users\lavantien\Documents\PowerShell\Modules\Pester\5.7.1\Pester.psm1:8250
[91m    at Should<End>, C:\Users\lavantien\Documents\PowerShell\Modules\Pester\5.7.1\Pester.psm1:8189
[91m    at <ScriptBlock>, C:\Users\lavantien\dev\github\dotfiles\tests\powershell\git-update-repos.Tests.ps1:114
[91m    at <ScriptBlock>, C:\Users\lavantien\Documents\PowerShell\Modules\Pester\5.7.1\Pester.psm1:2024
[91m    at <ScriptBlock>, C:\Users\lavantien\Documents\PowerShell\Modules\Pester\5.7.1\Pester.psm1:1985
[91m    at Invoke-ScriptBlock, C:\Users\lavantien\Documents\PowerShell\Modules\Pester\5.7.1\Pester.psm1:2157
[91m    at Invoke-TestItem, C:\Users\lavantien\Documents\PowerShell\Modules\Pester\5.7.1\Pester.psm1:1199
[91m    at Invoke-Block, C:\Users\lavantien\Documents\PowerShell\Modules\Pester\5.7.1\Pester.psm1:835
[91m    at <ScriptBlock>, C:\Users\lavantien\Documents\PowerShell\Modules\Pester\5.7.1\Pester.psm1:893
[91m    at <ScriptBlock>, C:\Users\lavantien\Documents\PowerShell\Modules\Pester\5.7.1\Pester.psm1:2024
[91m    at <ScriptBlock>, C:\Users\lavantien\Documents\PowerShell\Modules\Pester\5.7.1\Pester.psm1:1985
[91m    at Invoke-ScriptBlock, C:\Users\lavantien\Documents\PowerShell\Modules\Pester\5.7.1\Pester.psm1:2160
[91m    at Invoke-Block, C:\Users\lavantien\Documents\PowerShell\Modules\Pester\5.7.1\Pester.psm1:940
[91m    at <ScriptBlock>, C:\Users\lavantien\Documents\PowerShell\Modules\Pester\5.7.1\Pester.psm1:893
[91m    at <ScriptBlock>, C:\Users\lavantien\Documents\PowerShell\Modules\Pester\5.7.1\Pester.psm1:2024
[91m    at <ScriptBlock>, C:\Users\lavantien\Documents\PowerShell\Modules\Pester\5.7.1\Pester.psm1:1985
[91m    at Invoke-ScriptBlock, C:\Users\lavantien\Documents\PowerShell\Modules\Pester\5.7.1\Pester.psm1:2160
[91m    at Invoke-Block, C:\Users\lavantien\Documents\PowerShell\Modules\Pester\5.7.1\Pester.psm1:940
[91m    at <ScriptBlock>, C:\Users\lavantien\Documents\PowerShell\Modules\Pester\5.7.1\Pester.psm1:893
[91m    at <ScriptBlock>, C:\Users\lavantien\Documents\PowerShell\Modules\Pester\5.7.1\Pester.psm1:2024
[91m    at <ScriptBlock>, C:\Users\lavantien\Documents\PowerShell\Modules\Pester\5.7.1\Pester.psm1:1985
[91m    at Invoke-ScriptBlock, C:\Users\lavantien\Documents\PowerShell\Modules\Pester\5.7.1\Pester.psm1:2160
[91m    at Invoke-Block, C:\Users\lavantien\Documents\PowerShell\Modules\Pester\5.7.1\Pester.psm1:940
[91m    at <ScriptBlock>, C:\Users\lavantien\Documents\PowerShell\Modules\Pester\5.7.1\Pester.psm1:1688
[91m    at <ScriptBlock>, C:\Users\lavantien\Documents\PowerShell\Modules\Pester\5.7.1\Pester.ps1:3
[91m    at <ScriptBlock>, C:\Users\lavantien\Documents\PowerShell\Modules\Pester\5.7.1\Pester.psm1:3260
[91m    at Invoke-InNewScriptScope, C:\Users\lavantien\Documents\PowerShell\Modules\Pester\5.7.1\Pester.psm1:3267
[91m    at Run-Test, C:\Users\lavantien\Documents\PowerShell\Modules\Pester\5.7.1\Pester.psm1:1691
[91m    at Invoke-Test, C:\Users\lavantien\Documents\PowerShell\Modules\Pester\5.7.1\Pester.psm1:2512
[91m    at Invoke-Pester<End>, C:\Users\lavantien\Documents\PowerShell\Modules\Pester\5.7.1\Pester.psm1:4960
[91m    at <ScriptBlock>, C:\Users\lavantien\dev\github\dotfiles\run-tests.ps1:10[0m
[96m Context Unknown parameters[0m
[32m   [+] Passes through unknown parameters[0m[90m 2ms (1ms|1ms)[0m
[32m   [+] Handles mix of known and unknown parameters[0m[90m 2ms (2ms|0ms)[0m
[96m Context Edge cases[0m
[32m   [+] Handles empty parameter list[0m[90m 2ms (1ms|1ms)[0m
[32m   [+] Handles parameter without value[0m[90m 2ms (1ms|0ms)[0m
[32m   [+] Handles parameter with empty string value[0m[90m 2ms (1ms|1ms)[0m
[0m
[92mDescribing Git-Update-Repos Bash Invocation[0m
[32m  [+] Constructs proper bash command with mapped arguments[0m[90m 4ms (2ms|2ms)[0m
[32m  [+] Uses login shell for proper environment[0m[90m 1ms (1ms|0ms)[0m
[32m  [+] Changes to script directory before invocation[0m[90m 1ms (1ms|0ms)[0m
[0m
[92mDescribing Git-Update-Repos Error Handling[0m
[32m  [+] Requires bash to be available[0m[90m 2ms (1ms|1ms)[0m
[32m  [+] Returns exit code from bash script[0m[90m 1ms (1ms|0ms)[0m
[32m  [+] Restores original location after execution[0m[90m 1ms (1ms|0ms)[0m
[95m
[95mRunning tests from 'C:\Users\lavantien\dev\github\dotfiles\tests\powershell\lib-config.Tests.ps1'[0m
[92mDescribing config.ps1 - Load-DotfilesConfig[0m
[32m  [+] Returns early when config file doesn't exist[0m[90m 2ms (1ms|1ms)[0m
[32m  [+] Handles empty config file path[0m[90m 1ms (1ms|0ms)[0m
[0m
[92mDescribing config.ps1 - Get-ConfigValue[0m
[32m  [+] Returns value for editor[0m[90m 2ms (1ms|1ms)[0m
[32m  [+] Returns value for terminal[0m[90m 2ms (1ms|0ms)[0m
[32m  [+] Returns value for theme[0m[90m 2ms (2ms|0ms)[0m
[32m  [+] Returns value for categories[0m[90m 2ms (1ms|0ms)[0m
[32m  [+] Returns value for auto_update_repos[0m[90m 1ms (1ms|0ms)[0m
[32m  [+] Returns value for backup_before_deploy[0m[90m 2ms (1ms|1ms)[0m
[32m  [+] Returns value for sign_commits[0m[90m 1ms (1ms|0ms)[0m
[32m  [+] Returns value for default_branch[0m[90m 2ms (1ms|0ms)[0m
[32m  [+] Returns value for github_username[0m[90m 2ms (1ms|0ms)[0m
[32m  [+] Returns value for base_dir[0m[90m 5ms (2ms|4ms)[0m
[32m  [+] Returns value for auto_commit_changes[0m[90m 2ms (1ms|0ms)[0m
[32m  [+] Returns value for linux_package_manager[0m[90m 2ms (1ms|0ms)[0m
[32m  [+] Returns value for windows_package_manager[0m[90m 2ms (1ms|0ms)[0m
[32m  [+] Returns value for macos_package_manager[0m[90m 1ms (1ms|0ms)[0m
[32m  [+] Returns default value when config is empty[0m[90m 1ms (1ms|0ms)[0m
[32m  [+] Returns null for unknown key[0m[90m 1ms (1ms|0ms)[0m
[32m  [+] Returns default for unknown key with default specified[0m[90m 1ms (1ms|0ms)[0m
[0m
[92mDescribing config.ps1 - Test-SkipPackage[0m
[32m  [+] Returns false when skip_packages is null[0m[90m 3ms (1ms|2ms)[0m
[32m  [+] Returns false when skip_packages is empty[0m[90m 2ms (1ms|0ms)[0m
[32m  [+] Returns true when package is in skip list[0m[90m 2ms (1ms|0ms)[0m
[32m  [+] Returns false when package is not in skip list[0m[90m 2ms (1ms|0ms)[0m
[32m  [+] Is case-insensitive for package names[0m[90m 2ms (1ms|1ms)[0m
[0m
[92mDescribing config.ps1 - _ParseConfigSimple[0m
[32m  [+] Handles comment lines[0m[90m 6ms (5ms|1ms)[0m
[32m  [+] Handles empty lines[0m[90m 4ms (4ms|1ms)[0m
[32m  [+] Parses simple key-value pairs[0m[90m 4ms (4ms|1ms)[0m
[32m  [+] Handles quoted values[0m[90m 8ms (4ms|4ms)[0m
[32m  [+] Handles inline comments[0m[90m 6ms (6ms|0ms)[0m
[32m  [+] Parses boolean values[0m[90m 6ms (6ms|0ms)[0m
[32m  [+] Parses array values for skip_packages[0m[90m 7ms (6ms|1ms)[0m
[32m  [+] Handles section headers[0m[90m 7ms (6ms|1ms)[0m
[32m  [+] Handles linux section[0m[90m 7ms (7ms|1ms)[0m
[32m  [+] Handles macos section[0m[90m 7ms (6ms|1ms)[0m
[0m
[92mDescribing config.ps1 - Config Variable Initialization[0m
[32m  [+] CONFIG_EDITOR initializes to empty string[0m[90m 4ms (3ms|2ms)[0m
[32m  [+] CONFIG_TERMINAL initializes to empty string[0m[90m 3ms (2ms|1ms)[0m
[32m  [+] CONFIG_THEME initializes to empty string[0m[90m 2ms (2ms|1ms)[0m
[32m  [+] CONFIG_CATEGORIES initializes to full[0m[90m 2ms (2ms|1ms)[0m
[32m  [+] CONFIG_AUTO_UPDATE_REPOS initializes to false[0m[90m 2ms (2ms|1ms)[0m
[32m  [+] CONFIG_BACKUP_BEFORE_DEPLOY initializes to false[0m[90m 2ms (1ms|0ms)[0m
[32m  [+] CONFIG_SIGN_COMMITS initializes to false[0m[90m 2ms (1ms|0ms)[0m
[32m  [+] CONFIG_DEFAULT_BRANCH initializes to main[0m[90m 2ms (2ms|1ms)[0m
[32m  [+] CONFIG_GITHUB_USERNAME initializes to empty string[0m[90m 3ms (1ms|2ms)[0m
[32m  [+] CONFIG_BASE_DIR initializes to empty string[0m[90m 2ms (1ms|1ms)[0m
[32m  [+] CONFIG_AUTO_COMMIT initializes to false[0m[90m 1ms (1ms|0ms)[0m
[32m  [+] CONFIG_SKIP_PACKAGES initializes to empty array[0m[90m 1ms (1ms|0ms)[0m
[32m  [+] CONFIG_LINUX_PACKAGE_MANAGER initializes to empty string[0m[90m 1ms (1ms|0ms)[0m
[32m  [+] CONFIG_LINUX_DISPLAY_SERVER initializes to empty string[0m[90m 2ms (1ms|1ms)[0m
[32m  [+] CONFIG_WINDOWS_PACKAGE_MANAGER initializes to empty string[0m[90m 2ms (1ms|1ms)[0m
[32m  [+] CONFIG_MACOS_PACKAGE_MANAGER initializes to empty string[0m[90m 2ms (1ms|0ms)[0m
[95m
[95mRunning tests from 'C:\Users\lavantien\dev\github\dotfiles\tests\powershell\profile.Tests.ps1'[0m
[92mDescribing Microsoft.PowerShell_profile.ps1 - File Structure[0m
[32m  [+] Profile file exists[0m[90m 3ms (2ms|1ms)[0m
[32m  [+] Contains oh-my-posh initialization[0m[90m 2ms (2ms|1ms)[0m
[32m  [+] Contains zoxide initialization[0m[90m 3ms (2ms|1ms)[0m
[32m  [+] Contains PSReadLine configuration[0m[90m 2ms (1ms|1ms)[0m
[32m  [+] Contains git aliases[0m[90m 4ms (3ms|1ms)[0m
[0m
[92mDescribing Microsoft.PowerShell_profile.ps1 - Git Aliases[0m
[32m  [+] Defines gs alias for Git-Status[0m[90m 5ms (3ms|2ms)[0m
[32m  [+] Defines gl alias for Git-Log[0m[90m 3ms (3ms|0ms)[0m
[32m  [+] Defines glg alias for Get-GitLogGraph[0m[90m 3ms (2ms|1ms)[0m
[32m  [+] Defines gb alias for Git-Branch[0m[90m 4ms (3ms|1ms)[0m
[32m  [+] Defines gd alias for Git-Diff[0m[90m 4ms (3ms|1ms)[0m
[32m  [+] Defines ga alias for Git-Add[0m[90m 2ms (2ms|1ms)[0m
[32m  [+] Defines gaa alias for Add-GitAll[0m[90m 2ms (2ms|1ms)[0m
[32m  [+] Defines gcm alias for Git-CommitMessage[0m[90m 2ms (2ms|1ms)[0m
[32m  [+] Defines gp alias for Git-Push[0m[90m 3ms (3ms|0ms)[0m
[32m  [+] Defines gcb alias for New-GitBranch[0m[90m 4ms (3ms|1ms)[0m
[0m
[92mDescribing Microsoft.PowerShell_profile.ps1 - Docker Aliases[0m
[32m  [+] Contains Docker section check[0m[90m 3ms (2ms|2ms)[0m
[32m  [+] Defines d alias for docker[0m[90m 3ms (2ms|1ms)[0m
[32m  [+] Defines ds alias for Docker-Start[0m[90m 4ms (4ms|1ms)[0m
[32m  [+] Defines dx alias for Docker-Stop[0m[90m 2ms (2ms|0ms)[0m
[32m  [+] Defines dc alias for Docker-Compose[0m[90m 2ms (2ms|0ms)[0m
[0m
[92mDescribing Microsoft.PowerShell_profile.ps1 - Tool Aliases[0m
[32m  [+] Checks for nvim before setting n alias[0m[90m 4ms (2ms|1ms)[0m
[32m  [+] Defines n alias for nvim or vim[0m[90m 2ms (1ms|0ms)[0m
[32m  [+] Checks for bat before setting b alias[0m[90m 2ms (1ms|0ms)[0m
[32m  [+] Defines b alias for bat or cat[0m[90m 1ms (1ms|0ms)[0m
[32m  [+] Checks for eza before setting e alias[0m[90m 1ms (1ms|0ms)[0m
[32m  [+] Defines e alias for Show-FileList[0m[90m 2ms (1ms|0ms)[0m
[0m
[92mDescribing Microsoft.PowerShell_profile.ps1 - Helper Functions[0m
[32m  [+] Defines Edit-Profile function[0m[90m 2ms (1ms|1ms)[0m
[32m  [+] Defines ep alias for Edit-Profile[0m[90m 2ms (1ms|0ms)[0m
[32m  [+] Defines Reload-Profile function[0m[90m 1ms (1ms|0ms)[0m
[32m  [+] Defines rprof alias for Reload-Profile[0m[90m 2ms (1ms|0ms)[0m
[32m  [+] Defines Get-CommandPath function[0m[90m 1ms (1ms|0ms)[0m
[32m  [+] Defines which alias for Get-CommandPath[0m[90m 1ms (1ms|0ms)[0m
[0m
[92mDescribing Microsoft.PowerShell_profile.ps1 - Environment Variables[0m
[32m  [+] Sets EDITOR environment variable[0m[90m 4ms (3ms|1ms)[0m
[32m  [+] Checks for go command before modifying PATH[0m[90m 1ms (1ms|0ms)[0m
[32m  [+] Checks for nodejs-lts scoop path[0m[90m 1ms (1ms|0ms)[0m
[32m  [+] Checks for cargo bin directory[0m[90m 1ms (1ms|0ms)[0m
[32m  [+] Checks for Python scoop path[0m[90m 1ms (1ms|0ms)[0m
[0m
[92mDescribing Microsoft.PowerShell_profile.ps1 - Update Aliases[0m
[32m  [+] Defines up alias for Update-AllPackages[0m[90m 2ms (2ms|1ms)[0m
[32m  [+] Defines update alias for Update-AllPackages[0m[90m 1ms (1ms|0ms)[0m
[0m
[92mDescribing Microsoft.PowerShell_profile.ps1 - Fzf Integration[0m
[32m  [+] Checks for fzf command[0m[90m 2ms (1ms|1ms)[0m
[32m  [+] Creates f alias for fzf[0m[90m 1ms (1ms|0ms)[0m
[0m
[92mDescribing Microsoft.PowerShell_profile.ps1 - PSReadLine Configuration[0m
[32m  [+] Sets PredictionSource to History[0m[90m 2ms (1ms|1ms)[0m
[32m  [+] Sets EditMode to Emacs[0m[90m 2ms (1ms|0ms)[0m
[32m  [+] Sets UpArrow key handler[0m[90m 1ms (1ms|0ms)[0m
[32m  [+] Sets DownArrow key handler[0m[90m 1ms (1ms|0ms)[0m
[32m  [+] Sets Tab key handler[0m[90m 1ms (1ms|0ms)[0m
[0m
[92mDescribing Microsoft.PowerShell_profile.ps1 - Git Worktree Aliases[0m
[32m  [+] Defines gw alias for Git-Worktree[0m[90m 5ms (4ms|1ms)[0m
[32m  [+] Defines gwa alias for Add-GitWorktree[0m[90m 2ms (2ms|0ms)[0m
[32m  [+] Defines gwd alias for Remove-GitWorktree[0m[90m 2ms (1ms|0ms)[0m
[0m
[92mDescribing Microsoft.PowerShell_profile.ps1 - Complex Git Aliases[0m
[32m  [+] Defines glf for Get-GitLogFollow[0m[90m 3ms (2ms|1ms)[0m
[32m  [+] Defines gbi for Git-Bisect[0m[90m 2ms (2ms|0ms)[0m
[32m  [+] Defines gitm for Git-Merge[0m[90m 2ms (2ms|0ms)[0m
[32m  [+] Defines gmt for Git-MergeTool[0m[90m 2ms (2ms|0ms)[0m
[32m  [+] Defines gr for Git-Rebase[0m[90m 2ms (2ms|0ms)[0m
[0m
[92mDescribing Microsoft.PowerShell_profile.ps1 - Directory Listing Functions[0m
[32m  [+] Creates Show-FileList function for eza/exa[0m[90m 2ms (1ms|1ms)[0m
[32m  [+] Creates Show-DetailedFileList function[0m[90m 1ms (1ms|0ms)[0m
[32m  [+] Overrides ls alias when eza is available[0m[90m 1ms (1ms|0ms)[0m
[0m
[92mDescribing Microsoft.PowerShell_profile.ps1 - Media Aliases[0m
[32m  [+] Checks for mpv before setting m alias[0m[90m 3ms (2ms|1ms)[0m
[32m  [+] Checks for ffmpeg before setting ff alias[0m[90m 2ms (1ms|0ms)[0m
[32m  [+] Checks for difft before setting df alias[0m[90m 4ms (1ms|3ms)[0m
[0m
[92mDescribing Microsoft.PowerShell_profile.ps1 - Zoxide Functions[0m
[32m  [+] Defines zi function for interactive zoxide[0m[90m 2ms (1ms|1ms)[0m
[32m  [+] Checks for fzf before defining zi[0m[90m 2ms (1ms|0ms)[0m
[32m  [+] Defines zd function for directory search[0m[90m 1ms (1ms|0ms)[0m
[95m
[95mRunning tests from 'C:\Users\lavantien\dev\github\dotfiles\tests\powershell\sync-instructions.Tests.ps1'[0m
[92mDescribing Sync-System-Instructions Parameter Mapping[0m
[96m Context BaseDir parameter[0m
[32m   [+] Maps -BaseDir to --base-dir[0m[90m 3ms (2ms|1ms)[0m
[32m   [+] Maps -BaseDir with Windows path[0m[90m 2ms (1ms|0ms)[0m
[32m   [+] Maps -BaseDir with Unix home path[0m[90m 2ms (1ms|0ms)[0m
[96m Context Boolean flags[0m
[32m   [+] Maps -Commit to --commit[0m[90m 2ms (1ms|1ms)[0m
[32m   [+] Maps -Push to --push[0m[90m 1ms (1ms|0ms)[0m
[96m Context Multiple parameters[0m
[32m   [+] Maps multiple parameters correctly[0m[90m 5ms (2ms|4ms)[0m
[32m   [+] Maps all flags together[0m[90m 2ms (1ms|0ms)[0m
[32m   [+] Maps complex parameter combination[0m[90m 2ms (2ms|0ms)[0m
[96m Context Unknown parameters[0m
[32m   [+] Passes through unknown parameters[0m[90m 3ms (2ms|1ms)[0m
[32m   [+] Handles mix of known and unknown parameters[0m[90m 2ms (2ms|0ms)[0m
[96m Context Edge cases[0m
[32m   [+] Handles empty parameter list[0m[90m 2ms (1ms|1ms)[0m
[32m   [+] Handles parameter without value[0m[90m 1ms (1ms|0ms)[0m
[32m   [+] Handles parameter with empty string value[0m[90m 1ms (1ms|0ms)[0m
[0m
[92mDescribing Sync-System-Instructions Bash Invocation[0m
[32m  [+] Constructs proper bash command with mapped arguments[0m[90m 2ms (1ms|1ms)[0m
[32m  [+] Uses login shell for proper environment[0m[90m 1ms (1ms|0ms)[0m
[32m  [+] Changes to script directory before invocation[0m[90m 1ms (0ms|0ms)[0m
[0m
[92mDescribing Sync-System-Instructions Error Handling[0m
[32m  [+] Requires bash to be available[0m[90m 2ms (1ms|1ms)[0m
[32m  [+] Returns exit code from bash script[0m[90m 3ms (1ms|2ms)[0m
[32m  [+] Restores original location after execution[0m[90m 1ms (0ms|0ms)[0m
[0m
[92mDescribing Sync-System-Instructions Common Workflows[0m
[32m  [+] Handles sync only (no commit, no push)[0m[90m 2ms (1ms|1ms)[0m
[32m  [+] Handles sync with commit[0m[90m 2ms (1ms|0ms)[0m
[32m  [+] Handles sync with commit and push[0m[90m 1ms (1ms|0ms)[0m
[32m  [+] Handles custom base directory[0m[90m 1ms (1ms|0ms)[0m
[32m  [+] Handles full workflow: custom dir, commit, and push[0m[90m 2ms (2ms|0ms)[0m
[95m
[95mRunning tests from 'C:\Users\lavantien\dev\github\dotfiles\tests\powershell\uncovered-functions.Tests.ps1'[0m
[92mDescribing common.ps1 - Write-VerboseInfo[0m
[INFO] Test verbose message
[32m  [+] Writes message when Verbose is true[0m[90m 3ms (2ms|1ms)[0m
[32m  [+] Skips writing when Verbose is false[0m[90m 2ms (1ms|0ms)[0m
[0m
[92mDescribing common.ps1 - Write-Section[0m

Test Section
[32m  [+] Writes section header with newline[0m[90m 3ms (2ms|1ms)[0m
[0m
[92mDescribing common.ps1 - cmd_exists[0m
[32m  [+] Returns boolean result[0m[90m 5ms (3ms|1ms)[0m
[32m  [+] Returns false for non-existent command[0m[90m 129ms (129ms|0ms)[0m
[0m
[92mDescribing common.ps1 - Get-WindowsVersion[0m
[32m  [+] Returns a version object[0m[90m 3ms (2ms|1ms)[0m
[0m
[92mDescribing common.ps1 - Read-Confirmation[0m
[32m  [+] Returns true when not interactive[0m[90m 3ms (1ms|1ms)[0m
[32m  [+] Returns default value in non-interactive mode[0m[90m 2ms (1ms|0ms)[0m
[0m
[92mDescribing common.ps1 - Invoke-CommandSafe[0m
[91m  [-] Executes command successfully[0m[90m 6ms (5ms|1ms)[0m
[91m   Expected $true, but got @('test', $true).
[91m   at $result | Should -Be $true, C:\Users\lavantien\dev\github\dotfiles\tests\powershell\uncovered-functions.Tests.ps1:81
[91m   at Invoke-Assertion, C:\Users\lavantien\Documents\PowerShell\Modules\Pester\5.7.1\Pester.psm1:8250
[91m   at Should<End>, C:\Users\lavantien\Documents\PowerShell\Modules\Pester\5.7.1\Pester.psm1:8189
[91m   at <ScriptBlock>, C:\Users\lavantien\dev\github\dotfiles\tests\powershell\uncovered-functions.Tests.ps1:81
[91m   at <ScriptBlock>, C:\Users\lavantien\Documents\PowerShell\Modules\Pester\5.7.1\Pester.psm1:2024
[91m   at <ScriptBlock>, C:\Users\lavantien\Documents\PowerShell\Modules\Pester\5.7.1\Pester.psm1:1985
[91m   at Invoke-ScriptBlock, C:\Users\lavantien\Documents\PowerShell\Modules\Pester\5.7.1\Pester.psm1:2157
[91m   at Invoke-TestItem, C:\Users\lavantien\Documents\PowerShell\Modules\Pester\5.7.1\Pester.psm1:1199
[91m   at Invoke-Block, C:\Users\lavantien\Documents\PowerShell\Modules\Pester\5.7.1\Pester.psm1:835
[91m   at <ScriptBlock>, C:\Users\lavantien\Documents\PowerShell\Modules\Pester\5.7.1\Pester.psm1:893
[91m   at <ScriptBlock>, C:\Users\lavantien\Documents\PowerShell\Modules\Pester\5.7.1\Pester.psm1:2024
[91m   at <ScriptBlock>, C:\Users\lavantien\Documents\PowerShell\Modules\Pester\5.7.1\Pester.psm1:1985
[91m   at Invoke-ScriptBlock, C:\Users\lavantien\Documents\PowerShell\Modules\Pester\5.7.1\Pester.psm1:2160
[91m   at Invoke-Block, C:\Users\lavantien\Documents\PowerShell\Modules\Pester\5.7.1\Pester.psm1:940
[91m   at <ScriptBlock>, C:\Users\lavantien\Documents\PowerShell\Modules\Pester\5.7.1\Pester.psm1:893
[91m   at <ScriptBlock>, C:\Users\lavantien\Documents\PowerShell\Modules\Pester\5.7.1\Pester.psm1:2024
[91m   at <ScriptBlock>, C:\Users\lavantien\Documents\PowerShell\Modules\Pester\5.7.1\Pester.psm1:1985
[91m   at Invoke-ScriptBlock, C:\Users\lavantien\Documents\PowerShell\Modules\Pester\5.7.1\Pester.psm1:2160
[91m   at Invoke-Block, C:\Users\lavantien\Documents\PowerShell\Modules\Pester\5.7.1\Pester.psm1:940
[91m   at <ScriptBlock>, C:\Users\lavantien\Documents\PowerShell\Modules\Pester\5.7.1\Pester.psm1:1688
[91m   at <ScriptBlock>, C:\Users\lavantien\Documents\PowerShell\Modules\Pester\5.7.1\Pester.ps1:3
[91m   at <ScriptBlock>, C:\Users\lavantien\Documents\PowerShell\Modules\Pester\5.7.1\Pester.psm1:3260
[91m   at Invoke-InNewScriptScope, C:\Users\lavantien\Documents\PowerShell\Modules\Pester\5.7.1\Pester.psm1:3267
[91m   at Run-Test, C:\Users\lavantien\Documents\PowerShell\Modules\Pester\5.7.1\Pester.psm1:1691
[91m   at Invoke-Test, C:\Users\lavantien\Documents\PowerShell\Modules\Pester\5.7.1\Pester.psm1:2512
[91m   at Invoke-Pester<End>, C:\Users\lavantien\Documents\PowerShell\Modules\Pester\5.7.1\Pester.psm1:4960
[91m   at <ScriptBlock>, C:\Users\lavantien\dev\github\dotfiles\run-tests.ps1:10[0m
      0 [main] us 0 init_cheap: VirtualAlloc pointer is null, Win32 error 487
AllocationBase 0x0, BaseAddress 0x71690000, RegionSize 0x370000, State 0x10000
C:\Users\lavantien\scoop\apps\coreutils\current\bin\false.exe: *** Couldn't reserve space for cygwin's heap, Win32 error 0
[91m  [-] Handles command failure[0m[90m 52ms (51ms|0ms)[0m
[91m   Expected $false, but got $true.
[91m   at $result | Should -Be $false, C:\Users\lavantien\dev\github\dotfiles\tests\powershell\uncovered-functions.Tests.ps1:87
[91m   at Invoke-Assertion, C:\Users\lavantien\Documents\PowerShell\Modules\Pester\5.7.1\Pester.psm1:8250
[91m   at Should<End>, C:\Users\lavantien\Documents\PowerShell\Modules\Pester\5.7.1\Pester.psm1:8189
[91m   at <ScriptBlock>, C:\Users\lavantien\dev\github\dotfiles\tests\powershell\uncovered-functions.Tests.ps1:87
[91m   at <ScriptBlock>, C:\Users\lavantien\Documents\PowerShell\Modules\Pester\5.7.1\Pester.psm1:2024
[91m   at <ScriptBlock>, C:\Users\lavantien\Documents\PowerShell\Modules\Pester\5.7.1\Pester.psm1:1985
[91m   at Invoke-ScriptBlock, C:\Users\lavantien\Documents\PowerShell\Modules\Pester\5.7.1\Pester.psm1:2157
[91m   at Invoke-TestItem, C:\Users\lavantien\Documents\PowerShell\Modules\Pester\5.7.1\Pester.psm1:1199
[91m   at Invoke-Block, C:\Users\lavantien\Documents\PowerShell\Modules\Pester\5.7.1\Pester.psm1:835
[91m   at <ScriptBlock>, C:\Users\lavantien\Documents\PowerShell\Modules\Pester\5.7.1\Pester.psm1:893
[91m   at <ScriptBlock>, C:\Users\lavantien\Documents\PowerShell\Modules\Pester\5.7.1\Pester.psm1:2024
[91m   at <ScriptBlock>, C:\Users\lavantien\Documents\PowerShell\Modules\Pester\5.7.1\Pester.psm1:1985
[91m   at Invoke-ScriptBlock, C:\Users\lavantien\Documents\PowerShell\Modules\Pester\5.7.1\Pester.psm1:2160
[91m   at Invoke-Block, C:\Users\lavantien\Documents\PowerShell\Modules\Pester\5.7.1\Pester.psm1:940
[91m   at <ScriptBlock>, C:\Users\lavantien\Documents\PowerShell\Modules\Pester\5.7.1\Pester.psm1:893
[91m   at <ScriptBlock>, C:\Users\lavantien\Documents\PowerShell\Modules\Pester\5.7.1\Pester.psm1:2024
[91m   at <ScriptBlock>, C:\Users\lavantien\Documents\PowerShell\Modules\Pester\5.7.1\Pester.psm1:1985
[91m   at Invoke-ScriptBlock, C:\Users\lavantien\Documents\PowerShell\Modules\Pester\5.7.1\Pester.psm1:2160
[91m   at Invoke-Block, C:\Users\lavantien\Documents\PowerShell\Modules\Pester\5.7.1\Pester.psm1:940
[91m   at <ScriptBlock>, C:\Users\lavantien\Documents\PowerShell\Modules\Pester\5.7.1\Pester.psm1:1688
[91m   at <ScriptBlock>, C:\Users\lavantien\Documents\PowerShell\Modules\Pester\5.7.1\Pester.ps1:3
[91m   at <ScriptBlock>, C:\Users\lavantien\Documents\PowerShell\Modules\Pester\5.7.1\Pester.psm1:3260
[91m   at Invoke-InNewScriptScope, C:\Users\lavantien\Documents\PowerShell\Modules\Pester\5.7.1\Pester.psm1:3267
[91m   at Run-Test, C:\Users\lavantien\Documents\PowerShell\Modules\Pester\5.7.1\Pester.psm1:1691
[91m   at Invoke-Test, C:\Users\lavantien\Documents\PowerShell\Modules\Pester\5.7.1\Pester.psm1:2512
[91m   at Invoke-Pester<End>, C:\Users\lavantien\Documents\PowerShell\Modules\Pester\5.7.1\Pester.psm1:4960
[91m   at <ScriptBlock>, C:\Users\lavantien\dev\github\dotfiles\run-tests.ps1:10[0m
[INFO] [DRY-RUN] Would execute: echo test
[32m  [+] Returns true in dry run mode[0m[90m 2ms (2ms|0ms)[0m
[0m
[92mDescribing common.ps1 - Refresh-Path[0m
[32m  [+] Refreshes PATH from environment[0m[90m 3ms (2ms|1ms)[0m
[0m
[92mDescribing common.ps1 - Initialize-UserPath[0m
[32m  [+] Initializes user PATH entries[0m[90m 14ms (12ms|2ms)[0m
[0m
[92mDescribing common.ps1 - Save-State[0m
[32m  [+] Saves state information[0m[90m 5ms (4ms|1ms)[0m
[0m
[92mDescribing common.ps1 - Get-InstalledState[0m
[32m  [+] Returns null for non-existent tool[0m[90m 12ms (11ms|1ms)[0m
[0m
[92mDescribing common.ps1 - Test-Admin[0m
[32m  [+] Returns boolean result[0m[90m 4ms (3ms|2ms)[0m
[0m
[92mDescribing common.ps1 - Restart-ShellPrompt[0m

Please restart your shell or run the following to apply changes:
. $PROFILE
[32m  [+] Displays restart prompt[0m[90m 5ms (3ms|2ms)[0m
[0m
[92mDescribing common.ps1 - Add-ToPath[0m
[INFO] Added to PATH: C:\TempTestPath-15600b2d-9f88-4dff-9046-963b97d98aa9
[32m  [+] Adds path to PATH variable[0m[90m 1.43s (1.43s|4ms)[0m
[0m
[92mDescribing windows.ps1 - Refresh-Path[0m
[32m  [+] Refreshes PATH in windows.ps1 context[0m[90m 3ms (2ms|1ms)[0m
[0m
[92mDescribing windows.ps1 - Add-ToPath[0m
[INFO] Added to PATH: C:\Test-a7848936-c708-4be4-b2ba-bdc10d882a64
[32m  [+] Adds path using windows.ps1 Add-ToPath[0m[90m 720ms (719ms|1ms)[0m
[0m
[92mDescribing windows.ps1 - Configure-GitSettings[0m
[STEP] Configuring git line endings (core.autocrlf=input)...
[INFO] Set core.autocrlf=input (LF normalization enabled)
[INFO] Repo .gitattributes will enforce line endings
[STEP] Adding GitHub SSH key to known_hosts...
[INFO] GitHub SSH key added to known_hosts
[32m  [+] Configures git settings when git available[0m[90m 6.44s (6.44s|1ms)[0m
[0m
[92mDescribing version-check.ps1 - Get-ToolVersion[0m
[32m  [+] Returns null for non-existent tool[0m[90m 164ms (162ms|2ms)[0m
[32m  [+] Returns value or null for existing tool[0m[90m 183ms (183ms|0ms)[0m
[0m
[92mDescribing version-check.ps1 - Compare-Versions[0m
[32m  [+] Handles equal versions[0m[90m 11ms (9ms|2ms)[0m
[32m  [+] Handles greater version[0m[90m 2ms (2ms|1ms)[0m
[32m  [+] Handles lesser version[0m[90m 2ms (2ms|1ms)[0m
[32m  [+] Handles v prefix[0m[90m 2ms (1ms|0ms)[0m
[32m  [+] Handles date versions[0m[90m 2ms (2ms|0ms)[0m
[0m
[92mDescribing version-check.ps1 - Test-NeedsInstall[0m
[32m  [+] Returns true for non-existent command[0m[90m 7ms (6ms|1ms)[0m
[32m  [+] Returns false for existing command[0m[90m 4ms (4ms|0ms)[0m
[0m
[92mDescribing version-check.ps1 - Show-VersionStatus[0m
[INFO] fake-tool: not installed
[32m  [+] Returns true when tool doesn't exist[0m[90m 12ms (11ms|1ms)[0m
[INFO] git: installed (version 1.0.0)
[32m  [+] Returns false when tool exists[0m[90m 12ms (12ms|0ms)[0m
[95m
[95mRunning tests from 'C:\Users\lavantien\dev\github\dotfiles\tests\powershell\update-all-windows.Tests.ps1'[0m

========================================
   Native Windows Update All
========================================

[22:28:13] Checking package managers...
  Skipped: Scoop not found
  Skipped: winget not found
  Skipped: Chocolatey not found

Error: No package managers found!
Please install Scoop, winget, or Chocolatey
[92mDescribing Write-Step[0m
[32m  [+] Writes step message with timestamp[0m[90m 7ms (7ms|1ms)[0m
[0m
[92mDescribing Write-Success[0m
[32m  [+] Writes success message in green[0m[90m 13ms (11ms|2ms)[0m
[0m
[92mDescribing Write-Skip[0m
[32m  [+] Writes skip message in yellow[0m[90m 7ms (5ms|2ms)[0m
[0m
[92mDescribing Write-Fail[0m
[32m  [+] Writes fail message in yellow[0m[90m 9ms (8ms|2ms)[0m
[0m
[92mDescribing Write-Info[0m
[32m  [+] Writes info message in gray[0m[90m 7ms (6ms|1ms)[0m
[0m
[92mDescribing Test-Command[0m
[91m  [-] Returns true when command exists[0m[90m 18ms (16ms|2ms)[0m
[91m   Expected $true, but got $null.
[91m   at $result | Should -Be $true, C:\Users\lavantien\dev\github\dotfiles\tests\powershell\update-all-windows.Tests.ps1:78
[91m   at Invoke-Assertion, C:\Users\lavantien\Documents\PowerShell\Modules\Pester\5.7.1\Pester.psm1:8250
[91m   at Should<End>, C:\Users\lavantien\Documents\PowerShell\Modules\Pester\5.7.1\Pester.psm1:8186
[91m   at <ScriptBlock>, C:\Users\lavantien\dev\github\dotfiles\tests\powershell\update-all-windows.Tests.ps1:78
[91m   at <ScriptBlock>, C:\Users\lavantien\Documents\PowerShell\Modules\Pester\5.7.1\Pester.psm1:2024
[91m   at <ScriptBlock>, C:\Users\lavantien\Documents\PowerShell\Modules\Pester\5.7.1\Pester.psm1:1985
[91m   at Invoke-ScriptBlock, C:\Users\lavantien\Documents\PowerShell\Modules\Pester\5.7.1\Pester.psm1:2157
[91m   at Invoke-TestItem, C:\Users\lavantien\Documents\PowerShell\Modules\Pester\5.7.1\Pester.psm1:1199
[91m   at Invoke-Block, C:\Users\lavantien\Documents\PowerShell\Modules\Pester\5.7.1\Pester.psm1:835
[91m   at <ScriptBlock>, C:\Users\lavantien\Documents\PowerShell\Modules\Pester\5.7.1\Pester.psm1:893
[91m   at <ScriptBlock>, C:\Users\lavantien\Documents\PowerShell\Modules\Pester\5.7.1\Pester.psm1:2024
[91m   at <ScriptBlock>, C:\Users\lavantien\Documents\PowerShell\Modules\Pester\5.7.1\Pester.psm1:1985
[91m   at Invoke-ScriptBlock, C:\Users\lavantien\Documents\PowerShell\Modules\Pester\5.7.1\Pester.psm1:2160
[91m   at Invoke-Block, C:\Users\lavantien\Documents\PowerShell\Modules\Pester\5.7.1\Pester.psm1:940
[91m   at <ScriptBlock>, C:\Users\lavantien\Documents\PowerShell\Modules\Pester\5.7.1\Pester.psm1:893
[91m   at <ScriptBlock>, C:\Users\lavantien\Documents\PowerShell\Modules\Pester\5.7.1\Pester.psm1:2024
[91m   at <ScriptBlock>, C:\Users\lavantien\Documents\PowerShell\Modules\Pester\5.7.1\Pester.psm1:1985
[91m   at Invoke-ScriptBlock, C:\Users\lavantien\Documents\PowerShell\Modules\Pester\5.7.1\Pester.psm1:2160
[91m   at Invoke-Block, C:\Users\lavantien\Documents\PowerShell\Modules\Pester\5.7.1\Pester.psm1:940
[91m   at <ScriptBlock>, C:\Users\lavantien\Documents\PowerShell\Modules\Pester\5.7.1\Pester.psm1:1688
[91m   at <ScriptBlock>, C:\Users\lavantien\Documents\PowerShell\Modules\Pester\5.7.1\Pester.ps1:3
[91m   at <ScriptBlock>, C:\Users\lavantien\Documents\PowerShell\Modules\Pester\5.7.1\Pester.psm1:3260
[91m   at Invoke-InNewScriptScope, C:\Users\lavantien\Documents\PowerShell\Modules\Pester\5.7.1\Pester.psm1:3267
[91m   at Run-Test, C:\Users\lavantien\Documents\PowerShell\Modules\Pester\5.7.1\Pester.psm1:1691
[91m   at Invoke-Test, C:\Users\lavantien\Documents\PowerShell\Modules\Pester\5.7.1\Pester.psm1:2512
[91m   at Invoke-Pester<End>, C:\Users\lavantien\Documents\PowerShell\Modules\Pester\5.7.1\Pester.psm1:4960
[91m   at <ScriptBlock>, C:\Users\lavantien\dev\github\dotfiles\run-tests.ps1:10[0m
[91m  [-] Returns false when command does not exist[0m[90m 7ms (7ms|1ms)[0m
[91m   Expected $false, but got $null.
[91m   at $result | Should -Be $false, C:\Users\lavantien\dev\github\dotfiles\tests\powershell\update-all-windows.Tests.ps1:85
[91m   at Invoke-Assertion, C:\Users\lavantien\Documents\PowerShell\Modules\Pester\5.7.1\Pester.psm1:8250
[91m   at Should<End>, C:\Users\lavantien\Documents\PowerShell\Modules\Pester\5.7.1\Pester.psm1:8186
[91m   at <ScriptBlock>, C:\Users\lavantien\dev\github\dotfiles\tests\powershell\update-all-windows.Tests.ps1:85
[91m   at <ScriptBlock>, C:\Users\lavantien\Documents\PowerShell\Modules\Pester\5.7.1\Pester.psm1:2024
[91m   at <ScriptBlock>, C:\Users\lavantien\Documents\PowerShell\Modules\Pester\5.7.1\Pester.psm1:1985
[91m   at Invoke-ScriptBlock, C:\Users\lavantien\Documents\PowerShell\Modules\Pester\5.7.1\Pester.psm1:2157
[91m   at Invoke-TestItem, C:\Users\lavantien\Documents\PowerShell\Modules\Pester\5.7.1\Pester.psm1:1199
[91m   at Invoke-Block, C:\Users\lavantien\Documents\PowerShell\Modules\Pester\5.7.1\Pester.psm1:835
[91m   at <ScriptBlock>, C:\Users\lavantien\Documents\PowerShell\Modules\Pester\5.7.1\Pester.psm1:893
[91m   at <ScriptBlock>, C:\Users\lavantien\Documents\PowerShell\Modules\Pester\5.7.1\Pester.psm1:2024
[91m   at <ScriptBlock>, C:\Users\lavantien\Documents\PowerShell\Modules\Pester\5.7.1\Pester.psm1:1985
[91m   at Invoke-ScriptBlock, C:\Users\lavantien\Documents\PowerShell\Modules\Pester\5.7.1\Pester.psm1:2160
[91m   at Invoke-Block, C:\Users\lavantien\Documents\PowerShell\Modules\Pester\5.7.1\Pester.psm1:940
[91m   at <ScriptBlock>, C:\Users\lavantien\Documents\PowerShell\Modules\Pester\5.7.1\Pester.psm1:893
[91m   at <ScriptBlock>, C:\Users\lavantien\Documents\PowerShell\Modules\Pester\5.7.1\Pester.psm1:2024
[91m   at <ScriptBlock>, C:\Users\lavantien\Documents\PowerShell\Modules\Pester\5.7.1\Pester.psm1:1985
[91m   at Invoke-ScriptBlock, C:\Users\lavantien\Documents\PowerShell\Modules\Pester\5.7.1\Pester.psm1:2160
[91m   at Invoke-Block, C:\Users\lavantien\Documents\PowerShell\Modules\Pester\5.7.1\Pester.psm1:940
[91m   at <ScriptBlock>, C:\Users\lavantien\Documents\PowerShell\Modules\Pester\5.7.1\Pester.psm1:1688
[91m   at <ScriptBlock>, C:\Users\lavantien\Documents\PowerShell\Modules\Pester\5.7.1\Pester.ps1:3
[91m   at <ScriptBlock>, C:\Users\lavantien\Documents\PowerShell\Modules\Pester\5.7.1\Pester.psm1:3260
[91m   at Invoke-InNewScriptScope, C:\Users\lavantien\Documents\PowerShell\Modules\Pester\5.7.1\Pester.psm1:3267
[91m   at Run-Test, C:\Users\lavantien\Documents\PowerShell\Modules\Pester\5.7.1\Pester.psm1:1691
[91m   at Invoke-Test, C:\Users\lavantien\Documents\PowerShell\Modules\Pester\5.7.1\Pester.psm1:2512
[91m   at Invoke-Pester<End>, C:\Users\lavantien\Documents\PowerShell\Modules\Pester\5.7.1\Pester.psm1:4960
[91m   at <ScriptBlock>, C:\Users\lavantien\dev\github\dotfiles\run-tests.ps1:10[0m
[0m
[92mDescribing Invoke-Update[0m
  Failed: TestCommand
[91m  [-] Returns true when command succeeds[0m[90m 32ms (30ms|1ms)[0m
[91m   Expected $true, but got $false.
[91m   at $result | Should -Be $true, C:\Users\lavantien\dev\github\dotfiles\tests\powershell\update-all-windows.Tests.ps1:104
[91m   at Invoke-Assertion, C:\Users\lavantien\Documents\PowerShell\Modules\Pester\5.7.1\Pester.psm1:8250
[91m   at Should<End>, C:\Users\lavantien\Documents\PowerShell\Modules\Pester\5.7.1\Pester.psm1:8189
[91m   at <ScriptBlock>, C:\Users\lavantien\dev\github\dotfiles\tests\powershell\update-all-windows.Tests.ps1:104
[91m   at <ScriptBlock>, C:\Users\lavantien\Documents\PowerShell\Modules\Pester\5.7.1\Pester.psm1:2024
[91m   at <ScriptBlock>, C:\Users\lavantien\Documents\PowerShell\Modules\Pester\5.7.1\Pester.psm1:1985
[91m   at Invoke-ScriptBlock, C:\Users\lavantien\Documents\PowerShell\Modules\Pester\5.7.1\Pester.psm1:2157
[91m   at Invoke-TestItem, C:\Users\lavantien\Documents\PowerShell\Modules\Pester\5.7.1\Pester.psm1:1199
[91m   at Invoke-Block, C:\Users\lavantien\Documents\PowerShell\Modules\Pester\5.7.1\Pester.psm1:835
[91m   at <ScriptBlock>, C:\Users\lavantien\Documents\PowerShell\Modules\Pester\5.7.1\Pester.psm1:893
[91m   at <ScriptBlock>, C:\Users\lavantien\Documents\PowerShell\Modules\Pester\5.7.1\Pester.psm1:2024
[91m   at <ScriptBlock>, C:\Users\lavantien\Documents\PowerShell\Modules\Pester\5.7.1\Pester.psm1:1985
[91m   at Invoke-ScriptBlock, C:\Users\lavantien\Documents\PowerShell\Modules\Pester\5.7.1\Pester.psm1:2160
[91m   at Invoke-Block, C:\Users\lavantien\Documents\PowerShell\Modules\Pester\5.7.1\Pester.psm1:940
[91m   at <ScriptBlock>, C:\Users\lavantien\Documents\PowerShell\Modules\Pester\5.7.1\Pester.psm1:893
[91m   at <ScriptBlock>, C:\Users\lavantien\Documents\PowerShell\Modules\Pester\5.7.1\Pester.psm1:2024
[91m   at <ScriptBlock>, C:\Users\lavantien\Documents\PowerShell\Modules\Pester\5.7.1\Pester.psm1:1985
[91m   at Invoke-ScriptBlock, C:\Users\lavantien\Documents\PowerShell\Modules\Pester\5.7.1\Pester.psm1:2160
[91m   at Invoke-Block, C:\Users\lavantien\Documents\PowerShell\Modules\Pester\5.7.1\Pester.psm1:940
[91m   at <ScriptBlock>, C:\Users\lavantien\Documents\PowerShell\Modules\Pester\5.7.1\Pester.psm1:1688
[91m   at <ScriptBlock>, C:\Users\lavantien\Documents\PowerShell\Modules\Pester\5.7.1\Pester.ps1:3
[91m   at <ScriptBlock>, C:\Users\lavantien\Documents\PowerShell\Modules\Pester\5.7.1\Pester.psm1:3260
[91m   at Invoke-InNewScriptScope, C:\Users\lavantien\Documents\PowerShell\Modules\Pester\5.7.1\Pester.psm1:3267
[91m   at Run-Test, C:\Users\lavantien\Documents\PowerShell\Modules\Pester\5.7.1\Pester.psm1:1691
[91m   at Invoke-Test, C:\Users\lavantien\Documents\PowerShell\Modules\Pester\5.7.1\Pester.psm1:2512
[91m   at Invoke-Pester<End>, C:\Users\lavantien\Documents\PowerShell\Modules\Pester\5.7.1\Pester.psm1:4960
[91m   at <ScriptBlock>, C:\Users\lavantien\dev\github\dotfiles\run-tests.ps1:10[0m
[32m  [+] Returns false when command fails with non-zero exit code[0m[90m 17ms (16ms|1ms)[0m
[32m  [+] Returns false when command throws exception[0m[90m 12ms (11ms|1ms)[0m
  Failed: TestCommand
[91m  [-] Increments updated counter on success[0m[90m 14ms (14ms|1ms)[0m
[91m   Expected 1, but got 0.
[91m   at $script:updated | Should -Be 1, C:\Users\lavantien\dev\github\dotfiles\tests\powershell\update-all-windows.Tests.ps1:134
[91m   at Invoke-Assertion, C:\Users\lavantien\Documents\PowerShell\Modules\Pester\5.7.1\Pester.psm1:8250
[91m   at Should<End>, C:\Users\lavantien\Documents\PowerShell\Modules\Pester\5.7.1\Pester.psm1:8189
[91m   at <ScriptBlock>, C:\Users\lavantien\dev\github\dotfiles\tests\powershell\update-all-windows.Tests.ps1:134
[91m   at <ScriptBlock>, C:\Users\lavantien\Documents\PowerShell\Modules\Pester\5.7.1\Pester.psm1:2024
[91m   at <ScriptBlock>, C:\Users\lavantien\Documents\PowerShell\Modules\Pester\5.7.1\Pester.psm1:1985
[91m   at Invoke-ScriptBlock, C:\Users\lavantien\Documents\PowerShell\Modules\Pester\5.7.1\Pester.psm1:2157
[91m   at Invoke-TestItem, C:\Users\lavantien\Documents\PowerShell\Modules\Pester\5.7.1\Pester.psm1:1199
[91m   at Invoke-Block, C:\Users\lavantien\Documents\PowerShell\Modules\Pester\5.7.1\Pester.psm1:835
[91m   at <ScriptBlock>, C:\Users\lavantien\Documents\PowerShell\Modules\Pester\5.7.1\Pester.psm1:893
[91m   at <ScriptBlock>, C:\Users\lavantien\Documents\PowerShell\Modules\Pester\5.7.1\Pester.psm1:2024
[91m   at <ScriptBlock>, C:\Users\lavantien\Documents\PowerShell\Modules\Pester\5.7.1\Pester.psm1:1985
[91m   at Invoke-ScriptBlock, C:\Users\lavantien\Documents\PowerShell\Modules\Pester\5.7.1\Pester.psm1:2160
[91m   at Invoke-Block, C:\Users\lavantien\Documents\PowerShell\Modules\Pester\5.7.1\Pester.psm1:940
[91m   at <ScriptBlock>, C:\Users\lavantien\Documents\PowerShell\Modules\Pester\5.7.1\Pester.psm1:893
[91m   at <ScriptBlock>, C:\Users\lavantien\Documents\PowerShell\Modules\Pester\5.7.1\Pester.psm1:2024
[91m   at <ScriptBlock>, C:\Users\lavantien\Documents\PowerShell\Modules\Pester\5.7.1\Pester.psm1:1985
[91m   at Invoke-ScriptBlock, C:\Users\lavantien\Documents\PowerShell\Modules\Pester\5.7.1\Pester.psm1:2160
[91m   at Invoke-Block, C:\Users\lavantien\Documents\PowerShell\Modules\Pester\5.7.1\Pester.psm1:940
[91m   at <ScriptBlock>, C:\Users\lavantien\Documents\PowerShell\Modules\Pester\5.7.1\Pester.psm1:1688
[91m   at <ScriptBlock>, C:\Users\lavantien\Documents\PowerShell\Modules\Pester\5.7.1\Pester.ps1:3
[91m   at <ScriptBlock>, C:\Users\lavantien\Documents\PowerShell\Modules\Pester\5.7.1\Pester.psm1:3260
[91m   at Invoke-InNewScriptScope, C:\Users\lavantien\Documents\PowerShell\Modules\Pester\5.7.1\Pester.psm1:3267
[91m   at Run-Test, C:\Users\lavantien\Documents\PowerShell\Modules\Pester\5.7.1\Pester.psm1:1691
[91m   at Invoke-Test, C:\Users\lavantien\Documents\PowerShell\Modules\Pester\5.7.1\Pester.psm1:2512
[91m   at Invoke-Pester<End>, C:\Users\lavantien\Documents\PowerShell\Modules\Pester\5.7.1\Pester.psm1:4960
[91m   at <ScriptBlock>, C:\Users\lavantien\dev\github\dotfiles\run-tests.ps1:10[0m
[0m
[92mDescribing Script Structure[0m
[32m  [+] Script file exists[0m[90m 3ms (2ms|1ms)[0m
[32m  [+] Contains Main function[0m[90m 5ms (2ms|3ms)[0m
[32m  [+] Contains package manager update sections[0m[90m 8ms (8ms|0ms)[0m
[32m  [+] Contains error action preference[0m[90m 3ms (2ms|0ms)[0m
[32m  [+] Contains summary section[0m[90m 3ms (3ms|1ms)[0m
[0m
[92mDescribing Package Manager Checks[0m
[32m  [+] Checks for scoop availability[0m[90m 6ms (4ms|2ms)[0m
[32m  [+] Checks for winget availability[0m[90m 5ms (4ms|1ms)[0m
[32m  [+] Checks for choco availability[0m[90m 7ms (7ms|0ms)[0m
[32m  [+] Exits with error if no package managers found[0m[90m 4ms (4ms|1ms)[0m
[0m
[92mDescribing Update Commands[0m
[32m  [+] Contains scoop update command[0m[90m 4ms (3ms|1ms)[0m
[32m  [+] Contains winget upgrade command[0m[90m 3ms (3ms|0ms)[0m
[32m  [+] Contains choco upgrade command[0m[90m 5ms (4ms|1ms)[0m
[32m  [+] Contains npm update command[0m[90m 4ms (3ms|0ms)[0m
[32m  [+] Contains pnpm update command[0m[90m 4ms (3ms|1ms)[0m
[32m  [+] Contains yarn global upgrade command[0m[90m 3ms (3ms|1ms)[0m
[32m  [+] Contains gup update command[0m[90m 5ms (4ms|1ms)[0m
[32m  [+] Contains rustup update command[0m[90m 9ms (8ms|1ms)[0m
[0m
[92mDescribing Counter Variables[0m
[32m  [+] Initializes updated counter[0m[90m 7ms (5ms|2ms)[0m
[32m  [+] Initializes skipped counter[0m[90m 5ms (5ms|1ms)[0m
[32m  [+] Initializes failed counter[0m[90m 4ms (3ms|1ms)[0m
[95m
[95mRunning tests from 'C:\Users\lavantien\dev\github\dotfiles\tests\powershell\version-check-full.Tests.ps1'[0m
[92mDescribing version-check.ps1 - Get-ToolVersion[0m
[32m  [+] Returns null when tool doesn't exist[0m[90m 143ms (142ms|1ms)[0m
[32m  [+] Returns null for empty tool name[0m[90m 2ms (2ms|1ms)[0m
[91m  [-] Handles git command[0m[90m 140ms (139ms|1ms)[0m
[91m   ParameterBindingException: Parameter set cannot be resolved using the specified named parameters. One or more parameters issued cannot be used together or an insufficient number of parameters were provided.
[91m   at <ScriptBlock>, C:\Users\lavantien\dev\github\dotfiles\tests\powershell\version-check-full.Tests.ps1:28
[91m   at <ScriptBlock>, C:\Users\lavantien\Documents\PowerShell\Modules\Pester\5.7.1\Pester.psm1:2024
[91m   at <ScriptBlock>, C:\Users\lavantien\Documents\PowerShell\Modules\Pester\5.7.1\Pester.psm1:1985
[91m   at Invoke-ScriptBlock, C:\Users\lavantien\Documents\PowerShell\Modules\Pester\5.7.1\Pester.psm1:2157
[91m   at Invoke-TestItem, C:\Users\lavantien\Documents\PowerShell\Modules\Pester\5.7.1\Pester.psm1:1199
[91m   at Invoke-Block, C:\Users\lavantien\Documents\PowerShell\Modules\Pester\5.7.1\Pester.psm1:835
[91m   at <ScriptBlock>, C:\Users\lavantien\Documents\PowerShell\Modules\Pester\5.7.1\Pester.psm1:893
[91m   at <ScriptBlock>, C:\Users\lavantien\Documents\PowerShell\Modules\Pester\5.7.1\Pester.psm1:2024
[91m   at <ScriptBlock>, C:\Users\lavantien\Documents\PowerShell\Modules\Pester\5.7.1\Pester.psm1:1985
[91m   at Invoke-ScriptBlock, C:\Users\lavantien\Documents\PowerShell\Modules\Pester\5.7.1\Pester.psm1:2160
[91m   at Invoke-Block, C:\Users\lavantien\Documents\PowerShell\Modules\Pester\5.7.1\Pester.psm1:940
[91m   at <ScriptBlock>, C:\Users\lavantien\Documents\PowerShell\Modules\Pester\5.7.1\Pester.psm1:893
[91m   at <ScriptBlock>, C:\Users\lavantien\Documents\PowerShell\Modules\Pester\5.7.1\Pester.psm1:2024
[91m   at <ScriptBlock>, C:\Users\lavantien\Documents\PowerShell\Modules\Pester\5.7.1\Pester.psm1:1985
[91m   at Invoke-ScriptBlock, C:\Users\lavantien\Documents\PowerShell\Modules\Pester\5.7.1\Pester.psm1:2160
[91m   at Invoke-Block, C:\Users\lavantien\Documents\PowerShell\Modules\Pester\5.7.1\Pester.psm1:940
[91m   at <ScriptBlock>, C:\Users\lavantien\Documents\PowerShell\Modules\Pester\5.7.1\Pester.psm1:1688
[91m   at <ScriptBlock>, C:\Users\lavantien\Documents\PowerShell\Modules\Pester\5.7.1\Pester.ps1:3
[91m   at <ScriptBlock>, C:\Users\lavantien\Documents\PowerShell\Modules\Pester\5.7.1\Pester.psm1:3260
[91m   at Invoke-InNewScriptScope, C:\Users\lavantien\Documents\PowerShell\Modules\Pester\5.7.1\Pester.psm1:3267
[91m   at Run-Test, C:\Users\lavantien\Documents\PowerShell\Modules\Pester\5.7.1\Pester.psm1:1691
[91m   at Invoke-Test, C:\Users\lavantien\Documents\PowerShell\Modules\Pester\5.7.1\Pester.psm1:2512
[91m   at Invoke-Pester<End>, C:\Users\lavantien\Documents\PowerShell\Modules\Pester\5.7.1\Pester.psm1:4960
[91m   at <ScriptBlock>, C:\Users\lavantien\dev\github\dotfiles\run-tests.ps1:10[0m
[32m  [+] Handles powershell command[0m[90m 165ms (164ms|0ms)[0m
[0m
[92mDescribing version-check.ps1 - Compare-Versions[0m
[32m  [+] Returns true when installed version equals required[0m[90m 3ms (2ms|2ms)[0m
[32m  [+] Returns true when installed version is greater[0m[90m 2ms (1ms|0ms)[0m
[32m  [+] Returns true when installed minor version is greater[0m[90m 2ms (2ms|1ms)[0m
[32m  [+] Returns true when installed patch version is greater[0m[90m 2ms (1ms|0ms)[0m
[32m  [+] Returns false when installed version is less[0m[90m 2ms (2ms|1ms)[0m
[32m  [+] Returns false when installed minor version is less[0m[90m 3ms (2ms|1ms)[0m
[32m  [+] Handles versions with different lengths (installed has more parts)[0m[90m 3ms (2ms|1ms)[0m
[32m  [+] Handles versions with different lengths (required has more parts)[0m[90m 3ms (2ms|1ms)[0m
[32m  [+] Handles v prefix[0m[90m 3ms (2ms|1ms)[0m
[32m  [+] Handles versions with suffixes[0m[90m 3ms (2ms|1ms)[0m
[32m  [+] Handles date-based versions[0m[90m 3ms (3ms|1ms)[0m
[32m  [+] Returns true for equal date-based versions[0m[90m 2ms (2ms|1ms)[0m
[32m  [+] Returns false for earlier date-based versions[0m[90m 2ms (1ms|0ms)[0m
[32m  [+] Handles versions with two parts[0m[90m 2ms (1ms|0ms)[0m
[32m  [+] Handles versions with letters in parts[0m[90m 1ms (1ms|0ms)[0m
[0m
[92mDescribing version-check.ps1 - Test-NeedsInstall[0m
[32m  [+] Returns true when tool doesn't exist[0m[90m 6ms (5ms|1ms)[0m
[32m  [+] Returns false when tool exists[0m[90m 4ms (4ms|0ms)[0m
[32m  [+] Handles optional MinVersion parameter[0m[90m 4ms (4ms|0ms)[0m
[0m
[92mDescribing version-check.ps1 - needs_install (alias)[0m
[32m  [+] Is an alias for Test-NeedsInstall[0m[90m 9ms (7ms|2ms)[0m
[0m
[92mDescribing version-check.ps1 - Show-VersionStatus[0m
[32m  [+] Returns true when tool doesn't exist[0m[90m 9ms (8ms|1ms)[0m
[32m  [+] Returns false when tool exists[0m[90m 12ms (12ms|0ms)[0m
[32m  [+] Uses provided DisplayName[0m[90m 10ms (10ms|0ms)[0m
[32m  [+] Handles tool with no version output[0m[90m 10ms (9ms|0ms)[0m
[32m  [+] Reports installed version when available[0m[90m 13ms (12ms|0ms)[0m
[0m
[92mDescribing version-check.ps1 - check_and_report_version (alias)[0m
[32m  [+] Is an alias for Show-VersionStatus[0m[90m 20ms (19ms|1ms)[0m
[0m
[92mDescribing version-check.ps1 - VersionPatterns Hashtable[0m
[32m  [+] Contains patterns for programming languages[0m[90m 4ms (3ms|1ms)[0m
[32m  [+] Contains patterns for package managers[0m[90m 3ms (3ms|0ms)[0m
[32m  [+] Contains patterns for CLI tools[0m[90m 2ms (2ms|0ms)[0m
[32m  [+] Contains patterns for language servers[0m[90m 2ms (2ms|0ms)[0m
[32m  [+] Contains patterns for linters[0m[90m 2ms (2ms|1ms)[0m
[0m
[92mDescribing version-check.ps1 - VersionFlags Hashtable[0m
[32m  [+] Contains version flag for go[0m[90m 3ms (2ms|2ms)[0m
[32m  [+] Contains version flag for cargo[0m[90m 2ms (2ms|0ms)[0m
[32m  [+] Contains version flag for scoop[0m[90m 3ms (3ms|0ms)[0m
[95m
[95mRunning tests from 'C:\Users\lavantien\dev\github\dotfiles\tests\powershell\version-check.Tests.ps1'[0m
[92mDescribing Version Pattern Definitions[0m
[32m  [+] Has version patterns for common tools[0m[90m 5ms (4ms|1ms)[0m
[32m  [+] Has version flags for special tools[0m[90m 5ms (5ms|0ms)[0m
[0m
[92mDescribing Get-ToolVersion[0m
[96m Context With mocked tool outputs[0m
[32m   [+] Extracts Node.js version from 'v20.10.0' output[0m[90m 17ms (14ms|3ms)[0m
[32m   [+] Extracts Node.js version from plain version output[0m[90m 8ms (7ms|0ms)[0m
[32m   [+] Extracts Python version from 'Python 3.12.0' output[0m[90m 19ms (18ms|0ms)[0m
[32m   [+] Extracts Go version from 'go version go1.22.0' output[0m[90m 16ms (15ms|0ms)[0m
[32m   [+] Extracts Go version from 'go version go1.21' output (two parts)[0m[90m 12ms (12ms|0ms)[0m
[32m   [+] Extracts rustc version[0m[90m 19ms (18ms|1ms)[0m
[91m   [-] Extracts npm version[0m[90m 314ms (313ms|0ms)[0m
[91m    Expected strings to be the same, but they were different.
[91m    String lengths are both 6.
[91m    Strings differ at index 1.
[91m    Expected: '10.2.4'
[91m    But was:  '11.6.2'
[91m               -^
[91m    at $result | Should -Be "10.2.4", C:\Users\lavantien\dev\github\dotfiles\tests\powershell\version-check.Tests.ps1:89
[91m    at Invoke-Assertion, C:\Users\lavantien\Documents\PowerShell\Modules\Pester\5.7.1\Pester.psm1:8250
[91m    at Should<End>, C:\Users\lavantien\Documents\PowerShell\Modules\Pester\5.7.1\Pester.psm1:8189
[91m    at <ScriptBlock>, C:\Users\lavantien\dev\github\dotfiles\tests\powershell\version-check.Tests.ps1:89
[91m    at <ScriptBlock>, C:\Users\lavantien\Documents\PowerShell\Modules\Pester\5.7.1\Pester.psm1:2024
[91m    at <ScriptBlock>, C:\Users\lavantien\Documents\PowerShell\Modules\Pester\5.7.1\Pester.psm1:1985
[91m    at Invoke-ScriptBlock, C:\Users\lavantien\Documents\PowerShell\Modules\Pester\5.7.1\Pester.psm1:2157
[91m    at Invoke-TestItem, C:\Users\lavantien\Documents\PowerShell\Modules\Pester\5.7.1\Pester.psm1:1199
[91m    at Invoke-Block, C:\Users\lavantien\Documents\PowerShell\Modules\Pester\5.7.1\Pester.psm1:835
[91m    at <ScriptBlock>, C:\Users\lavantien\Documents\PowerShell\Modules\Pester\5.7.1\Pester.psm1:893
[91m    at <ScriptBlock>, C:\Users\lavantien\Documents\PowerShell\Modules\Pester\5.7.1\Pester.psm1:2024
[91m    at <ScriptBlock>, C:\Users\lavantien\Documents\PowerShell\Modules\Pester\5.7.1\Pester.psm1:1985
[91m    at Invoke-ScriptBlock, C:\Users\lavantien\Documents\PowerShell\Modules\Pester\5.7.1\Pester.psm1:2160
[91m    at Invoke-Block, C:\Users\lavantien\Documents\PowerShell\Modules\Pester\5.7.1\Pester.psm1:940
[91m    at <ScriptBlock>, C:\Users\lavantien\Documents\PowerShell\Modules\Pester\5.7.1\Pester.psm1:893
[91m    at <ScriptBlock>, C:\Users\lavantien\Documents\PowerShell\Modules\Pester\5.7.1\Pester.psm1:2024
[91m    at <ScriptBlock>, C:\Users\lavantien\Documents\PowerShell\Modules\Pester\5.7.1\Pester.psm1:1985
[91m    at Invoke-ScriptBlock, C:\Users\lavantien\Documents\PowerShell\Modules\Pester\5.7.1\Pester.psm1:2160
[91m    at Invoke-Block, C:\Users\lavantien\Documents\PowerShell\Modules\Pester\5.7.1\Pester.psm1:940
[91m    at <ScriptBlock>, C:\Users\lavantien\Documents\PowerShell\Modules\Pester\5.7.1\Pester.psm1:893
[91m    at <ScriptBlock>, C:\Users\lavantien\Documents\PowerShell\Modules\Pester\5.7.1\Pester.psm1:2024
[91m    at <ScriptBlock>, C:\Users\lavantien\Documents\PowerShell\Modules\Pester\5.7.1\Pester.psm1:1985
[91m    at Invoke-ScriptBlock, C:\Users\lavantien\Documents\PowerShell\Modules\Pester\5.7.1\Pester.psm1:2160
[91m    at Invoke-Block, C:\Users\lavantien\Documents\PowerShell\Modules\Pester\5.7.1\Pester.psm1:940
[91m    at <ScriptBlock>, C:\Users\lavantien\Documents\PowerShell\Modules\Pester\5.7.1\Pester.psm1:1688
[91m    at <ScriptBlock>, C:\Users\lavantien\Documents\PowerShell\Modules\Pester\5.7.1\Pester.ps1:3
[91m    at <ScriptBlock>, C:\Users\lavantien\Documents\PowerShell\Modules\Pester\5.7.1\Pester.psm1:3260
[91m    at Invoke-InNewScriptScope, C:\Users\lavantien\Documents\PowerShell\Modules\Pester\5.7.1\Pester.psm1:3267
[91m    at Run-Test, C:\Users\lavantien\Documents\PowerShell\Modules\Pester\5.7.1\Pester.psm1:1691
[91m    at Invoke-Test, C:\Users\lavantien\Documents\PowerShell\Modules\Pester\5.7.1\Pester.psm1:2512
[91m    at Invoke-Pester<End>, C:\Users\lavantien\Documents\PowerShell\Modules\Pester\5.7.1\Pester.psm1:4960
[91m    at <ScriptBlock>, C:\Users\lavantien\dev\github\dotfiles\run-tests.ps1:10[0m
[32m   [+] Extracts cargo version[0m[90m 12ms (12ms|0ms)[0m
[32m   [+] Extracts ruby version[0m[90m 10ms (10ms|0ms)[0m
[91m   [-] Extracts PHP version[0m[90m 44ms (43ms|0ms)[0m
[91m    CommandNotFoundException: Could not find Command php
[91m    at Resolve-Command, C:\Users\lavantien\Documents\PowerShell\Modules\Pester\5.7.1\Pester.psm1:11723
[91m    at Mock, C:\Users\lavantien\Documents\PowerShell\Modules\Pester\5.7.1\Pester.psm1:14978
[91m    at <ScriptBlock>, C:\Users\lavantien\dev\github\dotfiles\tests\powershell\version-check.Tests.ps1:109
[91m    at <ScriptBlock>, C:\Users\lavantien\Documents\PowerShell\Modules\Pester\5.7.1\Pester.psm1:2024
[91m    at <ScriptBlock>, C:\Users\lavantien\Documents\PowerShell\Modules\Pester\5.7.1\Pester.psm1:1985
[91m    at Invoke-ScriptBlock, C:\Users\lavantien\Documents\PowerShell\Modules\Pester\5.7.1\Pester.psm1:2157
[91m    at Invoke-TestItem, C:\Users\lavantien\Documents\PowerShell\Modules\Pester\5.7.1\Pester.psm1:1199
[91m    at Invoke-Block, C:\Users\lavantien\Documents\PowerShell\Modules\Pester\5.7.1\Pester.psm1:835
[91m    at <ScriptBlock>, C:\Users\lavantien\Documents\PowerShell\Modules\Pester\5.7.1\Pester.psm1:893
[91m    at <ScriptBlock>, C:\Users\lavantien\Documents\PowerShell\Modules\Pester\5.7.1\Pester.psm1:2024
[91m    at <ScriptBlock>, C:\Users\lavantien\Documents\PowerShell\Modules\Pester\5.7.1\Pester.psm1:1985
[91m    at Invoke-ScriptBlock, C:\Users\lavantien\Documents\PowerShell\Modules\Pester\5.7.1\Pester.psm1:2160
[91m    at Invoke-Block, C:\Users\lavantien\Documents\PowerShell\Modules\Pester\5.7.1\Pester.psm1:940
[91m    at <ScriptBlock>, C:\Users\lavantien\Documents\PowerShell\Modules\Pester\5.7.1\Pester.psm1:893
[91m    at <ScriptBlock>, C:\Users\lavantien\Documents\PowerShell\Modules\Pester\5.7.1\Pester.psm1:2024
[91m    at <ScriptBlock>, C:\Users\lavantien\Documents\PowerShell\Modules\Pester\5.7.1\Pester.psm1:1985
[91m    at Invoke-ScriptBlock, C:\Users\lavantien\Documents\PowerShell\Modules\Pester\5.7.1\Pester.psm1:2160
[91m    at Invoke-Block, C:\Users\lavantien\Documents\PowerShell\Modules\Pester\5.7.1\Pester.psm1:940
[91m    at <ScriptBlock>, C:\Users\lavantien\Documents\PowerShell\Modules\Pester\5.7.1\Pester.psm1:893
[91m    at <ScriptBlock>, C:\Users\lavantien\Documents\PowerShell\Modules\Pester\5.7.1\Pester.psm1:2024
[91m    at <ScriptBlock>, C:\Users\lavantien\Documents\PowerShell\Modules\Pester\5.7.1\Pester.psm1:1985
[91m    at Invoke-ScriptBlock, C:\Users\lavantien\Documents\PowerShell\Modules\Pester\5.7.1\Pester.psm1:2160
[91m    at Invoke-Block, C:\Users\lavantien\Documents\PowerShell\Modules\Pester\5.7.1\Pester.psm1:940
[91m    at <ScriptBlock>, C:\Users\lavantien\Documents\PowerShell\Modules\Pester\5.7.1\Pester.psm1:1688
[91m    at <ScriptBlock>, C:\Users\lavantien\Documents\PowerShell\Modules\Pester\5.7.1\Pester.ps1:3
[91m    at <ScriptBlock>, C:\Users\lavantien\Documents\PowerShell\Modules\Pester\5.7.1\Pester.psm1:3260
[91m    at Invoke-InNewScriptScope, C:\Users\lavantien\Documents\PowerShell\Modules\Pester\5.7.1\Pester.psm1:3267
[91m    at Run-Test, C:\Users\lavantien\Documents\PowerShell\Modules\Pester\5.7.1\Pester.psm1:1691
[91m    at Invoke-Test, C:\Users\lavantien\Documents\PowerShell\Modules\Pester\5.7.1\Pester.psm1:2512
[91m    at Invoke-Pester<End>, C:\Users\lavantien\Documents\PowerShell\Modules\Pester\5.7.1\Pester.psm1:4960
[91m    at <ScriptBlock>, C:\Users\lavantien\dev\github\dotfiles\run-tests.ps1:10[0m
[32m   [+] Extracts dotnet version[0m[90m 16ms (15ms|0ms)[0m
[91m   [-] Extracts brew version[0m[90m 44ms (43ms|0ms)[0m
[91m    CommandNotFoundException: Could not find Command brew
[91m    at Resolve-Command, C:\Users\lavantien\Documents\PowerShell\Modules\Pester\5.7.1\Pester.psm1:11723
[91m    at Mock, C:\Users\lavantien\Documents\PowerShell\Modules\Pester\5.7.1\Pester.psm1:14978
[91m    at <ScriptBlock>, C:\Users\lavantien\dev\github\dotfiles\tests\powershell\version-check.Tests.ps1:125
[91m    at <ScriptBlock>, C:\Users\lavantien\Documents\PowerShell\Modules\Pester\5.7.1\Pester.psm1:2024
[91m    at <ScriptBlock>, C:\Users\lavantien\Documents\PowerShell\Modules\Pester\5.7.1\Pester.psm1:1985
[91m    at Invoke-ScriptBlock, C:\Users\lavantien\Documents\PowerShell\Modules\Pester\5.7.1\Pester.psm1:2157
[91m    at Invoke-TestItem, C:\Users\lavantien\Documents\PowerShell\Modules\Pester\5.7.1\Pester.psm1:1199
[91m    at Invoke-Block, C:\Users\lavantien\Documents\PowerShell\Modules\Pester\5.7.1\Pester.psm1:835
[91m    at <ScriptBlock>, C:\Users\lavantien\Documents\PowerShell\Modules\Pester\5.7.1\Pester.psm1:893
[91m    at <ScriptBlock>, C:\Users\lavantien\Documents\PowerShell\Modules\Pester\5.7.1\Pester.psm1:2024
[91m    at <ScriptBlock>, C:\Users\lavantien\Documents\PowerShell\Modules\Pester\5.7.1\Pester.psm1:1985
[91m    at Invoke-ScriptBlock, C:\Users\lavantien\Documents\PowerShell\Modules\Pester\5.7.1\Pester.psm1:2160
[91m    at Invoke-Block, C:\Users\lavantien\Documents\PowerShell\Modules\Pester\5.7.1\Pester.psm1:940
[91m    at <ScriptBlock>, C:\Users\lavantien\Documents\PowerShell\Modules\Pester\5.7.1\Pester.psm1:893
[91m    at <ScriptBlock>, C:\Users\lavantien\Documents\PowerShell\Modules\Pester\5.7.1\Pester.psm1:2024
[91m    at <ScriptBlock>, C:\Users\lavantien\Documents\PowerShell\Modules\Pester\5.7.1\Pester.psm1:1985
[91m    at Invoke-ScriptBlock, C:\Users\lavantien\Documents\PowerShell\Modules\Pester\5.7.1\Pester.psm1:2160
[91m    at Invoke-Block, C:\Users\lavantien\Documents\PowerShell\Modules\Pester\5.7.1\Pester.psm1:940
[91m    at <ScriptBlock>, C:\Users\lavantien\Documents\PowerShell\Modules\Pester\5.7.1\Pester.psm1:893
[91m    at <ScriptBlock>, C:\Users\lavantien\Documents\PowerShell\Modules\Pester\5.7.1\Pester.psm1:2024
[91m    at <ScriptBlock>, C:\Users\lavantien\Documents\PowerShell\Modules\Pester\5.7.1\Pester.psm1:1985
[91m    at Invoke-ScriptBlock, C:\Users\lavantien\Documents\PowerShell\Modules\Pester\5.7.1\Pester.psm1:2160
[91m    at Invoke-Block, C:\Users\lavantien\Documents\PowerShell\Modules\Pester\5.7.1\Pester.psm1:940
[91m    at <ScriptBlock>, C:\Users\lavantien\Documents\PowerShell\Modules\Pester\5.7.1\Pester.psm1:1688
[91m    at <ScriptBlock>, C:\Users\lavantien\Documents\PowerShell\Modules\Pester\5.7.1\Pester.ps1:3
[91m    at <ScriptBlock>, C:\Users\lavantien\Documents\PowerShell\Modules\Pester\5.7.1\Pester.psm1:3260
[91m    at Invoke-InNewScriptScope, C:\Users\lavantien\Documents\PowerShell\Modules\Pester\5.7.1\Pester.psm1:3267
[91m    at Run-Test, C:\Users\lavantien\Documents\PowerShell\Modules\Pester\5.7.1\Pester.psm1:1691
[91m    at Invoke-Test, C:\Users\lavantien\Documents\PowerShell\Modules\Pester\5.7.1\Pester.psm1:2512
[91m    at Invoke-Pester<End>, C:\Users\lavantien\Documents\PowerShell\Modules\Pester\5.7.1\Pester.psm1:4960
[91m    at <ScriptBlock>, C:\Users\lavantien\dev\github\dotfiles\run-tests.ps1:10[0m
Current Scoop version:

'main' bucket:

'extras' bucket:

'versions' bucket:

'nerd-fonts' bucket:

'nonportable' bucket:

[91m   [-] Extracts scoop version[0m[90m 528ms (527ms|0ms)[0m
[91m    Expected '0.4.1', but got $null.
[91m    at $result | Should -Be "0.4.1", C:\Users\lavantien\dev\github\dotfiles\tests\powershell\version-check.Tests.ps1:137
[91m    at Invoke-Assertion, C:\Users\lavantien\Documents\PowerShell\Modules\Pester\5.7.1\Pester.psm1:8250
[91m    at Should<End>, C:\Users\lavantien\Documents\PowerShell\Modules\Pester\5.7.1\Pester.psm1:8189
[91m    at <ScriptBlock>, C:\Users\lavantien\dev\github\dotfiles\tests\powershell\version-check.Tests.ps1:137
[91m    at <ScriptBlock>, C:\Users\lavantien\Documents\PowerShell\Modules\Pester\5.7.1\Pester.psm1:2024
[91m    at <ScriptBlock>, C:\Users\lavantien\Documents\PowerShell\Modules\Pester\5.7.1\Pester.psm1:1985
[91m    at Invoke-ScriptBlock, C:\Users\lavantien\Documents\PowerShell\Modules\Pester\5.7.1\Pester.psm1:2157
[91m    at Invoke-TestItem, C:\Users\lavantien\Documents\PowerShell\Modules\Pester\5.7.1\Pester.psm1:1199
[91m    at Invoke-Block, C:\Users\lavantien\Documents\PowerShell\Modules\Pester\5.7.1\Pester.psm1:835
[91m    at <ScriptBlock>, C:\Users\lavantien\Documents\PowerShell\Modules\Pester\5.7.1\Pester.psm1:893
[91m    at <ScriptBlock>, C:\Users\lavantien\Documents\PowerShell\Modules\Pester\5.7.1\Pester.psm1:2024
[91m    at <ScriptBlock>, C:\Users\lavantien\Documents\PowerShell\Modules\Pester\5.7.1\Pester.psm1:1985
[91m    at Invoke-ScriptBlock, C:\Users\lavantien\Documents\PowerShell\Modules\Pester\5.7.1\Pester.psm1:2160
[91m    at Invoke-Block, C:\Users\lavantien\Documents\PowerShell\Modules\Pester\5.7.1\Pester.psm1:940
[91m    at <ScriptBlock>, C:\Users\lavantien\Documents\PowerShell\Modules\Pester\5.7.1\Pester.psm1:893
[91m    at <ScriptBlock>, C:\Users\lavantien\Documents\PowerShell\Modules\Pester\5.7.1\Pester.psm1:2024
[91m    at <ScriptBlock>, C:\Users\lavantien\Documents\PowerShell\Modules\Pester\5.7.1\Pester.psm1:1985
[91m    at Invoke-ScriptBlock, C:\Users\lavantien\Documents\PowerShell\Modules\Pester\5.7.1\Pester.psm1:2160
[91m    at Invoke-Block, C:\Users\lavantien\Documents\PowerShell\Modules\Pester\5.7.1\Pester.psm1:940
[91m    at <ScriptBlock>, C:\Users\lavantien\Documents\PowerShell\Modules\Pester\5.7.1\Pester.psm1:893
[91m    at <ScriptBlock>, C:\Users\lavantien\Documents\PowerShell\Modules\Pester\5.7.1\Pester.psm1:2024
[91m    at <ScriptBlock>, C:\Users\lavantien\Documents\PowerShell\Modules\Pester\5.7.1\Pester.psm1:1985
[91m    at Invoke-ScriptBlock, C:\Users\lavantien\Documents\PowerShell\Modules\Pester\5.7.1\Pester.psm1:2160
[91m    at Invoke-Block, C:\Users\lavantien\Documents\PowerShell\Modules\Pester\5.7.1\Pester.psm1:940
[91m    at <ScriptBlock>, C:\Users\lavantien\Documents\PowerShell\Modules\Pester\5.7.1\Pester.psm1:1688
[91m    at <ScriptBlock>, C:\Users\lavantien\Documents\PowerShell\Modules\Pester\5.7.1\Pester.ps1:3
[91m    at <ScriptBlock>, C:\Users\lavantien\Documents\PowerShell\Modules\Pester\5.7.1\Pester.psm1:3260
[91m    at Invoke-InNewScriptScope, C:\Users\lavantien\Documents\PowerShell\Modules\Pester\5.7.1\Pester.psm1:3267
[91m    at Run-Test, C:\Users\lavantien\Documents\PowerShell\Modules\Pester\5.7.1\Pester.psm1:1691
[91m    at Invoke-Test, C:\Users\lavantien\Documents\PowerShell\Modules\Pester\5.7.1\Pester.psm1:2512
[91m    at Invoke-Pester<End>, C:\Users\lavantien\Documents\PowerShell\Modules\Pester\5.7.1\Pester.psm1:4960
[91m    at <ScriptBlock>, C:\Users\lavantien\dev\github\dotfiles\run-tests.ps1:10[0m
[32m   [+] Extracts winget version[0m[90m 18ms (17ms|1ms)[0m
[32m   [+] Extracts fzf version[0m[90m 19ms (18ms|1ms)[0m
[32m   [+] Extracts bat version[0m[90m 20ms (19ms|0ms)[0m
[32m   [+] Extracts eza version[0m[90m 20ms (19ms|1ms)[0m
[32m   [+] Extracts lazygit version[0m[90m 15ms (15ms|1ms)[0m
[32m   [+] Extracts gh version[0m[90m 30ms (29ms|1ms)[0m
[32m   [+] Extracts tokei version[0m[90m 19ms (18ms|1ms)[0m
[32m   [+] Extracts zoxide version[0m[90m 21ms (20ms|1ms)[0m
[32m   [+] Extracts ripgrep/rg version[0m[90m 19ms (18ms|1ms)[0m
[32m   [+] Extracts fd version[0m[90m 18ms (17ms|1ms)[0m
[32m   [+] Extracts difft version[0m[90m 20ms (19ms|1ms)[0m
[32m   [+] Extracts gopls version[0m[90m 19ms (19ms|0ms)[0m
[32m   [+] Extracts rust-analyzer version[0m[90m 11ms (11ms|0ms)[0m
[91m   [-] Extracts pyright version[0m[90m 251ms (251ms|0ms)[0m
[91m    Expected strings to be the same, but they were different.
[91m    String lengths are both 7.
[91m    Strings differ at index 4.
[91m    Expected: '1.1.350'
[91m    But was:  '1.1.407'
[91m               ----^
[91m    at $result | Should -Be "1.1.350", C:\Users\lavantien\dev\github\dotfiles\tests\powershell\version-check.Tests.ps1:249
[91m    at Invoke-Assertion, C:\Users\lavantien\Documents\PowerShell\Modules\Pester\5.7.1\Pester.psm1:8250
[91m    at Should<End>, C:\Users\lavantien\Documents\PowerShell\Modules\Pester\5.7.1\Pester.psm1:8189
[91m    at <ScriptBlock>, C:\Users\lavantien\dev\github\dotfiles\tests\powershell\version-check.Tests.ps1:249
[91m    at <ScriptBlock>, C:\Users\lavantien\Documents\PowerShell\Modules\Pester\5.7.1\Pester.psm1:2024
[91m    at <ScriptBlock>, C:\Users\lavantien\Documents\PowerShell\Modules\Pester\5.7.1\Pester.psm1:1985
[91m    at Invoke-ScriptBlock, C:\Users\lavantien\Documents\PowerShell\Modules\Pester\5.7.1\Pester.psm1:2157
[91m    at Invoke-TestItem, C:\Users\lavantien\Documents\PowerShell\Modules\Pester\5.7.1\Pester.psm1:1199
[91m    at Invoke-Block, C:\Users\lavantien\Documents\PowerShell\Modules\Pester\5.7.1\Pester.psm1:835
[91m    at <ScriptBlock>, C:\Users\lavantien\Documents\PowerShell\Modules\Pester\5.7.1\Pester.psm1:893
[91m    at <ScriptBlock>, C:\Users\lavantien\Documents\PowerShell\Modules\Pester\5.7.1\Pester.psm1:2024
[91m    at <ScriptBlock>, C:\Users\lavantien\Documents\PowerShell\Modules\Pester\5.7.1\Pester.psm1:1985
[91m    at Invoke-ScriptBlock, C:\Users\lavantien\Documents\PowerShell\Modules\Pester\5.7.1\Pester.psm1:2160
[91m    at Invoke-Block, C:\Users\lavantien\Documents\PowerShell\Modules\Pester\5.7.1\Pester.psm1:940
[91m    at <ScriptBlock>, C:\Users\lavantien\Documents\PowerShell\Modules\Pester\5.7.1\Pester.psm1:893
[91m    at <ScriptBlock>, C:\Users\lavantien\Documents\PowerShell\Modules\Pester\5.7.1\Pester.psm1:2024
[91m    at <ScriptBlock>, C:\Users\lavantien\Documents\PowerShell\Modules\Pester\5.7.1\Pester.psm1:1985
[91m    at Invoke-ScriptBlock, C:\Users\lavantien\Documents\PowerShell\Modules\Pester\5.7.1\Pester.psm1:2160
[91m    at Invoke-Block, C:\Users\lavantien\Documents\PowerShell\Modules\Pester\5.7.1\Pester.psm1:940
[91m    at <ScriptBlock>, C:\Users\lavantien\Documents\PowerShell\Modules\Pester\5.7.1\Pester.psm1:893
[91m    at <ScriptBlock>, C:\Users\lavantien\Documents\PowerShell\Modules\Pester\5.7.1\Pester.psm1:2024
[91m    at <ScriptBlock>, C:\Users\lavantien\Documents\PowerShell\Modules\Pester\5.7.1\Pester.psm1:1985
[91m    at Invoke-ScriptBlock, C:\Users\lavantien\Documents\PowerShell\Modules\Pester\5.7.1\Pester.psm1:2160
[91m    at Invoke-Block, C:\Users\lavantien\Documents\PowerShell\Modules\Pester\5.7.1\Pester.psm1:940
[91m    at <ScriptBlock>, C:\Users\lavantien\Documents\PowerShell\Modules\Pester\5.7.1\Pester.psm1:1688
[91m    at <ScriptBlock>, C:\Users\lavantien\Documents\PowerShell\Modules\Pester\5.7.1\Pester.ps1:3
[91m    at <ScriptBlock>, C:\Users\lavantien\Documents\PowerShell\Modules\Pester\5.7.1\Pester.psm1:3260
[91m    at Invoke-InNewScriptScope, C:\Users\lavantien\Documents\PowerShell\Modules\Pester\5.7.1\Pester.psm1:3267
[91m    at Run-Test, C:\Users\lavantien\Documents\PowerShell\Modules\Pester\5.7.1\Pester.psm1:1691
[91m    at Invoke-Test, C:\Users\lavantien\Documents\PowerShell\Modules\Pester\5.7.1\Pester.psm1:2512
[91m    at Invoke-Pester<End>, C:\Users\lavantien\Documents\PowerShell\Modules\Pester\5.7.1\Pester.psm1:4960
[91m    at <ScriptBlock>, C:\Users\lavantien\dev\github\dotfiles\run-tests.ps1:10[0m
[91m   [-] Extracts typescript-language-server version[0m[90m 163ms (162ms|1ms)[0m
[91m    Expected strings to be the same, but they were different.
[91m    String lengths are both 5.
[91m    Strings differ at index 0.
[91m    Expected: '4.3.3'
[91m    But was:  '5.1.3'
[91m               ^
[91m    at $result | Should -Be "4.3.3", C:\Users\lavantien\dev\github\dotfiles\tests\powershell\version-check.Tests.ps1:257
[91m    at Invoke-Assertion, C:\Users\lavantien\Documents\PowerShell\Modules\Pester\5.7.1\Pester.psm1:8250
[91m    at Should<End>, C:\Users\lavantien\Documents\PowerShell\Modules\Pester\5.7.1\Pester.psm1:8189
[91m    at <ScriptBlock>, C:\Users\lavantien\dev\github\dotfiles\tests\powershell\version-check.Tests.ps1:257
[91m    at <ScriptBlock>, C:\Users\lavantien\Documents\PowerShell\Modules\Pester\5.7.1\Pester.psm1:2024
[91m    at <ScriptBlock>, C:\Users\lavantien\Documents\PowerShell\Modules\Pester\5.7.1\Pester.psm1:1985
[91m    at Invoke-ScriptBlock, C:\Users\lavantien\Documents\PowerShell\Modules\Pester\5.7.1\Pester.psm1:2157
[91m    at Invoke-TestItem, C:\Users\lavantien\Documents\PowerShell\Modules\Pester\5.7.1\Pester.psm1:1199
[91m    at Invoke-Block, C:\Users\lavantien\Documents\PowerShell\Modules\Pester\5.7.1\Pester.psm1:835
[91m    at <ScriptBlock>, C:\Users\lavantien\Documents\PowerShell\Modules\Pester\5.7.1\Pester.psm1:893
[91m    at <ScriptBlock>, C:\Users\lavantien\Documents\PowerShell\Modules\Pester\5.7.1\Pester.psm1:2024
[91m    at <ScriptBlock>, C:\Users\lavantien\Documents\PowerShell\Modules\Pester\5.7.1\Pester.psm1:1985
[91m    at Invoke-ScriptBlock, C:\Users\lavantien\Documents\PowerShell\Modules\Pester\5.7.1\Pester.psm1:2160
[91m    at Invoke-Block, C:\Users\lavantien\Documents\PowerShell\Modules\Pester\5.7.1\Pester.psm1:940
[91m    at <ScriptBlock>, C:\Users\lavantien\Documents\PowerShell\Modules\Pester\5.7.1\Pester.psm1:893
[91m    at <ScriptBlock>, C:\Users\lavantien\Documents\PowerShell\Modules\Pester\5.7.1\Pester.psm1:2024
[91m    at <ScriptBlock>, C:\Users\lavantien\Documents\PowerShell\Modules\Pester\5.7.1\Pester.psm1:1985
[91m    at Invoke-ScriptBlock, C:\Users\lavantien\Documents\PowerShell\Modules\Pester\5.7.1\Pester.psm1:2160
[91m    at Invoke-Block, C:\Users\lavantien\Documents\PowerShell\Modules\Pester\5.7.1\Pester.psm1:940
[91m    at <ScriptBlock>, C:\Users\lavantien\Documents\PowerShell\Modules\Pester\5.7.1\Pester.psm1:893
[91m    at <ScriptBlock>, C:\Users\lavantien\Documents\PowerShell\Modules\Pester\5.7.1\Pester.psm1:2024
[91m    at <ScriptBlock>, C:\Users\lavantien\Documents\PowerShell\Modules\Pester\5.7.1\Pester.psm1:1985
[91m    at Invoke-ScriptBlock, C:\Users\lavantien\Documents\PowerShell\Modules\Pester\5.7.1\Pester.psm1:2160
[91m    at Invoke-Block, C:\Users\lavantien\Documents\PowerShell\Modules\Pester\5.7.1\Pester.psm1:940
[91m    at <ScriptBlock>, C:\Users\lavantien\Documents\PowerShell\Modules\Pester\5.7.1\Pester.psm1:1688
[91m    at <ScriptBlock>, C:\Users\lavantien\Documents\PowerShell\Modules\Pester\5.7.1\Pester.ps1:3
[91m    at <ScriptBlock>, C:\Users\lavantien\Documents\PowerShell\Modules\Pester\5.7.1\Pester.psm1:3260
[91m    at Invoke-InNewScriptScope, C:\Users\lavantien\Documents\PowerShell\Modules\Pester\5.7.1\Pester.psm1:3267
[91m    at Run-Test, C:\Users\lavantien\Documents\PowerShell\Modules\Pester\5.7.1\Pester.psm1:1691
[91m    at Invoke-Test, C:\Users\lavantien\Documents\PowerShell\Modules\Pester\5.7.1\Pester.psm1:2512
[91m    at Invoke-Pester<End>, C:\Users\lavantien\Documents\PowerShell\Modules\Pester\5.7.1\Pester.psm1:4960
[91m    at <ScriptBlock>, C:\Users\lavantien\dev\github\dotfiles\run-tests.ps1:10[0m
[32m   [+] Extracts clangd version[0m[90m 10ms (10ms|0ms)[0m
[32m   [+] Extracts lua-language-server version[0m[90m 11ms (10ms|1ms)[0m
[91m   [-] Extracts jdtls version[0m[90m 13ms (13ms|1ms)[0m
[91m    Expected strings to be the same, but they were different.
[91m    Expected length: 5
[91m    Actual length:   3
[91m    Strings differ at index 3.
[91m    Expected: '1.9.0'
[91m    But was:  '1.9'
[91m               ---^
[91m    at $result | Should -Be "1.9.0", C:\Users\lavantien\dev\github\dotfiles\tests\powershell\version-check.Tests.ps1:281
[91m    at Invoke-Assertion, C:\Users\lavantien\Documents\PowerShell\Modules\Pester\5.7.1\Pester.psm1:8250
[91m    at Should<End>, C:\Users\lavantien\Documents\PowerShell\Modules\Pester\5.7.1\Pester.psm1:8189
[91m    at <ScriptBlock>, C:\Users\lavantien\dev\github\dotfiles\tests\powershell\version-check.Tests.ps1:281
[91m    at <ScriptBlock>, C:\Users\lavantien\Documents\PowerShell\Modules\Pester\5.7.1\Pester.psm1:2024
[91m    at <ScriptBlock>, C:\Users\lavantien\Documents\PowerShell\Modules\Pester\5.7.1\Pester.psm1:1985
[91m    at Invoke-ScriptBlock, C:\Users\lavantien\Documents\PowerShell\Modules\Pester\5.7.1\Pester.psm1:2157
[91m    at Invoke-TestItem, C:\Users\lavantien\Documents\PowerShell\Modules\Pester\5.7.1\Pester.psm1:1199
[91m    at Invoke-Block, C:\Users\lavantien\Documents\PowerShell\Modules\Pester\5.7.1\Pester.psm1:835
[91m    at <ScriptBlock>, C:\Users\lavantien\Documents\PowerShell\Modules\Pester\5.7.1\Pester.psm1:893
[91m    at <ScriptBlock>, C:\Users\lavantien\Documents\PowerShell\Modules\Pester\5.7.1\Pester.psm1:2024
[91m    at <ScriptBlock>, C:\Users\lavantien\Documents\PowerShell\Modules\Pester\5.7.1\Pester.psm1:1985
[91m    at Invoke-ScriptBlock, C:\Users\lavantien\Documents\PowerShell\Modules\Pester\5.7.1\Pester.psm1:2160
[91m    at Invoke-Block, C:\Users\lavantien\Documents\PowerShell\Modules\Pester\5.7.1\Pester.psm1:940
[91m    at <ScriptBlock>, C:\Users\lavantien\Documents\PowerShell\Modules\Pester\5.7.1\Pester.psm1:893
[91m    at <ScriptBlock>, C:\Users\lavantien\Documents\PowerShell\Modules\Pester\5.7.1\Pester.psm1:2024
[91m    at <ScriptBlock>, C:\Users\lavantien\Documents\PowerShell\Modules\Pester\5.7.1\Pester.psm1:1985
[91m    at Invoke-ScriptBlock, C:\Users\lavantien\Documents\PowerShell\Modules\Pester\5.7.1\Pester.psm1:2160
[91m    at Invoke-Block, C:\Users\lavantien\Documents\PowerShell\Modules\Pester\5.7.1\Pester.psm1:940
[91m    at <ScriptBlock>, C:\Users\lavantien\Documents\PowerShell\Modules\Pester\5.7.1\Pester.psm1:893
[91m    at <ScriptBlock>, C:\Users\lavantien\Documents\PowerShell\Modules\Pester\5.7.1\Pester.psm1:2024
[91m    at <ScriptBlock>, C:\Users\lavantien\Documents\PowerShell\Modules\Pester\5.7.1\Pester.psm1:1985
[91m    at Invoke-ScriptBlock, C:\Users\lavantien\Documents\PowerShell\Modules\Pester\5.7.1\Pester.psm1:2160
[91m    at Invoke-Block, C:\Users\lavantien\Documents\PowerShell\Modules\Pester\5.7.1\Pester.psm1:940
[91m    at <ScriptBlock>, C:\Users\lavantien\Documents\PowerShell\Modules\Pester\5.7.1\Pester.psm1:1688
[91m    at <ScriptBlock>, C:\Users\lavantien\Documents\PowerShell\Modules\Pester\5.7.1\Pester.ps1:3
[91m    at <ScriptBlock>, C:\Users\lavantien\Documents\PowerShell\Modules\Pester\5.7.1\Pester.psm1:3260
[91m    at Invoke-InNewScriptScope, C:\Users\lavantien\Documents\PowerShell\Modules\Pester\5.7.1\Pester.psm1:3267
[91m    at Run-Test, C:\Users\lavantien\Documents\PowerShell\Modules\Pester\5.7.1\Pester.psm1:1691
[91m    at Invoke-Test, C:\Users\lavantien\Documents\PowerShell\Modules\Pester\5.7.1\Pester.psm1:2512
[91m    at Invoke-Pester<End>, C:\Users\lavantien\Documents\PowerShell\Modules\Pester\5.7.1\Pester.psm1:4960
[91m    at <ScriptBlock>, C:\Users\lavantien\dev\github\dotfiles\run-tests.ps1:10[0m
[91m   [-] Extracts yaml-language-server version[0m[90m 351ms (351ms|0ms)[0m
[91m    Expected '1.14.0', but got $null.
[91m    at $result | Should -Be "1.14.0", C:\Users\lavantien\dev\github\dotfiles\tests\powershell\version-check.Tests.ps1:289
[91m    at Invoke-Assertion, C:\Users\lavantien\Documents\PowerShell\Modules\Pester\5.7.1\Pester.psm1:8250
[91m    at Should<End>, C:\Users\lavantien\Documents\PowerShell\Modules\Pester\5.7.1\Pester.psm1:8189
[91m    at <ScriptBlock>, C:\Users\lavantien\dev\github\dotfiles\tests\powershell\version-check.Tests.ps1:289
[91m    at <ScriptBlock>, C:\Users\lavantien\Documents\PowerShell\Modules\Pester\5.7.1\Pester.psm1:2024
[91m    at <ScriptBlock>, C:\Users\lavantien\Documents\PowerShell\Modules\Pester\5.7.1\Pester.psm1:1985
[91m    at Invoke-ScriptBlock, C:\Users\lavantien\Documents\PowerShell\Modules\Pester\5.7.1\Pester.psm1:2157
[91m    at Invoke-TestItem, C:\Users\lavantien\Documents\PowerShell\Modules\Pester\5.7.1\Pester.psm1:1199
[91m    at Invoke-Block, C:\Users\lavantien\Documents\PowerShell\Modules\Pester\5.7.1\Pester.psm1:835
[91m    at <ScriptBlock>, C:\Users\lavantien\Documents\PowerShell\Modules\Pester\5.7.1\Pester.psm1:893
[91m    at <ScriptBlock>, C:\Users\lavantien\Documents\PowerShell\Modules\Pester\5.7.1\Pester.psm1:2024
[91m    at <ScriptBlock>, C:\Users\lavantien\Documents\PowerShell\Modules\Pester\5.7.1\Pester.psm1:1985
[91m    at Invoke-ScriptBlock, C:\Users\lavantien\Documents\PowerShell\Modules\Pester\5.7.1\Pester.psm1:2160
[91m    at Invoke-Block, C:\Users\lavantien\Documents\PowerShell\Modules\Pester\5.7.1\Pester.psm1:940
[91m    at <ScriptBlock>, C:\Users\lavantien\Documents\PowerShell\Modules\Pester\5.7.1\Pester.psm1:893
[91m    at <ScriptBlock>, C:\Users\lavantien\Documents\PowerShell\Modules\Pester\5.7.1\Pester.psm1:2024
[91m    at <ScriptBlock>, C:\Users\lavantien\Documents\PowerShell\Modules\Pester\5.7.1\Pester.psm1:1985
[91m    at Invoke-ScriptBlock, C:\Users\lavantien\Documents\PowerShell\Modules\Pester\5.7.1\Pester.psm1:2160
[91m    at Invoke-Block, C:\Users\lavantien\Documents\PowerShell\Modules\Pester\5.7.1\Pester.psm1:940
[91m    at <ScriptBlock>, C:\Users\lavantien\Documents\PowerShell\Modules\Pester\5.7.1\Pester.psm1:893
[91m    at <ScriptBlock>, C:\Users\lavantien\Documents\PowerShell\Modules\Pester\5.7.1\Pester.psm1:2024
[91m    at <ScriptBlock>, C:\Users\lavantien\Documents\PowerShell\Modules\Pester\5.7.1\Pester.psm1:1985
[91m    at Invoke-ScriptBlock, C:\Users\lavantien\Documents\PowerShell\Modules\Pester\5.7.1\Pester.psm1:2160
[91m    at Invoke-Block, C:\Users\lavantien\Documents\PowerShell\Modules\Pester\5.7.1\Pester.psm1:940
[91m    at <ScriptBlock>, C:\Users\lavantien\Documents\PowerShell\Modules\Pester\5.7.1\Pester.psm1:1688
[91m    at <ScriptBlock>, C:\Users\lavantien\Documents\PowerShell\Modules\Pester\5.7.1\Pester.ps1:3
[91m    at <ScriptBlock>, C:\Users\lavantien\Documents\PowerShell\Modules\Pester\5.7.1\Pester.psm1:3260
[91m    at Invoke-InNewScriptScope, C:\Users\lavantien\Documents\PowerShell\Modules\Pester\5.7.1\Pester.psm1:3267
[91m    at Run-Test, C:\Users\lavantien\Documents\PowerShell\Modules\Pester\5.7.1\Pester.psm1:1691
[91m    at Invoke-Test, C:\Users\lavantien\Documents\PowerShell\Modules\Pester\5.7.1\Pester.psm1:2512
[91m    at Invoke-Pester<End>, C:\Users\lavantien\Documents\PowerShell\Modules\Pester\5.7.1\Pester.psm1:4960
[91m    at <ScriptBlock>, C:\Users\lavantien\dev\github\dotfiles\run-tests.ps1:10[0m
[91m   [-] Extracts prettier version[0m[90m 198ms (197ms|1ms)[0m
[91m    Expected strings to be the same, but they were different.
[91m    String lengths are both 5.
[91m    Strings differ at index 2.
[91m    Expected: '3.2.0'
[91m    But was:  '3.7.4'
[91m               --^
[91m    at $result | Should -Be "3.2.0", C:\Users\lavantien\dev\github\dotfiles\tests\powershell\version-check.Tests.ps1:297
[91m    at Invoke-Assertion, C:\Users\lavantien\Documents\PowerShell\Modules\Pester\5.7.1\Pester.psm1:8250
[91m    at Should<End>, C:\Users\lavantien\Documents\PowerShell\Modules\Pester\5.7.1\Pester.psm1:8189
[91m    at <ScriptBlock>, C:\Users\lavantien\dev\github\dotfiles\tests\powershell\version-check.Tests.ps1:297
[91m    at <ScriptBlock>, C:\Users\lavantien\Documents\PowerShell\Modules\Pester\5.7.1\Pester.psm1:2024
[91m    at <ScriptBlock>, C:\Users\lavantien\Documents\PowerShell\Modules\Pester\5.7.1\Pester.psm1:1985
[91m    at Invoke-ScriptBlock, C:\Users\lavantien\Documents\PowerShell\Modules\Pester\5.7.1\Pester.psm1:2157
[91m    at Invoke-TestItem, C:\Users\lavantien\Documents\PowerShell\Modules\Pester\5.7.1\Pester.psm1:1199
[91m    at Invoke-Block, C:\Users\lavantien\Documents\PowerShell\Modules\Pester\5.7.1\Pester.psm1:835
[91m    at <ScriptBlock>, C:\Users\lavantien\Documents\PowerShell\Modules\Pester\5.7.1\Pester.psm1:893
[91m    at <ScriptBlock>, C:\Users\lavantien\Documents\PowerShell\Modules\Pester\5.7.1\Pester.psm1:2024
[91m    at <ScriptBlock>, C:\Users\lavantien\Documents\PowerShell\Modules\Pester\5.7.1\Pester.psm1:1985
[91m    at Invoke-ScriptBlock, C:\Users\lavantien\Documents\PowerShell\Modules\Pester\5.7.1\Pester.psm1:2160
[91m    at Invoke-Block, C:\Users\lavantien\Documents\PowerShell\Modules\Pester\5.7.1\Pester.psm1:940
[91m    at <ScriptBlock>, C:\Users\lavantien\Documents\PowerShell\Modules\Pester\5.7.1\Pester.psm1:893
[91m    at <ScriptBlock>, C:\Users\lavantien\Documents\PowerShell\Modules\Pester\5.7.1\Pester.psm1:2024
[91m    at <ScriptBlock>, C:\Users\lavantien\Documents\PowerShell\Modules\Pester\5.7.1\Pester.psm1:1985
[91m    at Invoke-ScriptBlock, C:\Users\lavantien\Documents\PowerShell\Modules\Pester\5.7.1\Pester.psm1:2160
[91m    at Invoke-Block, C:\Users\lavantien\Documents\PowerShell\Modules\Pester\5.7.1\Pester.psm1:940
[91m    at <ScriptBlock>, C:\Users\lavantien\Documents\PowerShell\Modules\Pester\5.7.1\Pester.psm1:893
[91m    at <ScriptBlock>, C:\Users\lavantien\Documents\PowerShell\Modules\Pester\5.7.1\Pester.psm1:2024
[91m    at <ScriptBlock>, C:\Users\lavantien\Documents\PowerShell\Modules\Pester\5.7.1\Pester.psm1:1985
[91m    at Invoke-ScriptBlock, C:\Users\lavantien\Documents\PowerShell\Modules\Pester\5.7.1\Pester.psm1:2160
[91m    at Invoke-Block, C:\Users\lavantien\Documents\PowerShell\Modules\Pester\5.7.1\Pester.psm1:940
[91m    at <ScriptBlock>, C:\Users\lavantien\Documents\PowerShell\Modules\Pester\5.7.1\Pester.psm1:1688
[91m    at <ScriptBlock>, C:\Users\lavantien\Documents\PowerShell\Modules\Pester\5.7.1\Pester.ps1:3
[91m    at <ScriptBlock>, C:\Users\lavantien\Documents\PowerShell\Modules\Pester\5.7.1\Pester.psm1:3260
[91m    at Invoke-InNewScriptScope, C:\Users\lavantien\Documents\PowerShell\Modules\Pester\5.7.1\Pester.psm1:3267
[91m    at Run-Test, C:\Users\lavantien\Documents\PowerShell\Modules\Pester\5.7.1\Pester.psm1:1691
[91m    at Invoke-Test, C:\Users\lavantien\Documents\PowerShell\Modules\Pester\5.7.1\Pester.psm1:2512
[91m    at Invoke-Pester<End>, C:\Users\lavantien\Documents\PowerShell\Modules\Pester\5.7.1\Pester.psm1:4960
[91m    at <ScriptBlock>, C:\Users\lavantien\dev\github\dotfiles\run-tests.ps1:10[0m
[91m   [-] Extracts eslint version[0m[90m 262ms (261ms|1ms)[0m
[91m    Expected strings to be the same, but they were different.
[91m    String lengths are both 6.
[91m    Strings differ at index 0.
[91m    Expected: '8.56.0'
[91m    But was:  '9.39.2'
[91m               ^
[91m    at $result | Should -Be "8.56.0", C:\Users\lavantien\dev\github\dotfiles\tests\powershell\version-check.Tests.ps1:305
[91m    at Invoke-Assertion, C:\Users\lavantien\Documents\PowerShell\Modules\Pester\5.7.1\Pester.psm1:8250
[91m    at Should<End>, C:\Users\lavantien\Documents\PowerShell\Modules\Pester\5.7.1\Pester.psm1:8189
[91m    at <ScriptBlock>, C:\Users\lavantien\dev\github\dotfiles\tests\powershell\version-check.Tests.ps1:305
[91m    at <ScriptBlock>, C:\Users\lavantien\Documents\PowerShell\Modules\Pester\5.7.1\Pester.psm1:2024
[91m    at <ScriptBlock>, C:\Users\lavantien\Documents\PowerShell\Modules\Pester\5.7.1\Pester.psm1:1985
[91m    at Invoke-ScriptBlock, C:\Users\lavantien\Documents\PowerShell\Modules\Pester\5.7.1\Pester.psm1:2157
[91m    at Invoke-TestItem, C:\Users\lavantien\Documents\PowerShell\Modules\Pester\5.7.1\Pester.psm1:1199
[91m    at Invoke-Block, C:\Users\lavantien\Documents\PowerShell\Modules\Pester\5.7.1\Pester.psm1:835
[91m    at <ScriptBlock>, C:\Users\lavantien\Documents\PowerShell\Modules\Pester\5.7.1\Pester.psm1:893
[91m    at <ScriptBlock>, C:\Users\lavantien\Documents\PowerShell\Modules\Pester\5.7.1\Pester.psm1:2024
[91m    at <ScriptBlock>, C:\Users\lavantien\Documents\PowerShell\Modules\Pester\5.7.1\Pester.psm1:1985
[91m    at Invoke-ScriptBlock, C:\Users\lavantien\Documents\PowerShell\Modules\Pester\5.7.1\Pester.psm1:2160
[91m    at Invoke-Block, C:\Users\lavantien\Documents\PowerShell\Modules\Pester\5.7.1\Pester.psm1:940
[91m    at <ScriptBlock>, C:\Users\lavantien\Documents\PowerShell\Modules\Pester\5.7.1\Pester.psm1:893
[91m    at <ScriptBlock>, C:\Users\lavantien\Documents\PowerShell\Modules\Pester\5.7.1\Pester.psm1:2024
[91m    at <ScriptBlock>, C:\Users\lavantien\Documents\PowerShell\Modules\Pester\5.7.1\Pester.psm1:1985
[91m    at Invoke-ScriptBlock, C:\Users\lavantien\Documents\PowerShell\Modules\Pester\5.7.1\Pester.psm1:2160
[91m    at Invoke-Block, C:\Users\lavantien\Documents\PowerShell\Modules\Pester\5.7.1\Pester.psm1:940
[91m    at <ScriptBlock>, C:\Users\lavantien\Documents\PowerShell\Modules\Pester\5.7.1\Pester.psm1:893
[91m    at <ScriptBlock>, C:\Users\lavantien\Documents\PowerShell\Modules\Pester\5.7.1\Pester.psm1:2024
[91m    at <ScriptBlock>, C:\Users\lavantien\Documents\PowerShell\Modules\Pester\5.7.1\Pester.psm1:1985
[91m    at Invoke-ScriptBlock, C:\Users\lavantien\Documents\PowerShell\Modules\Pester\5.7.1\Pester.psm1:2160
[91m    at Invoke-Block, C:\Users\lavantien\Documents\PowerShell\Modules\Pester\5.7.1\Pester.psm1:940
[91m    at <ScriptBlock>, C:\Users\lavantien\Documents\PowerShell\Modules\Pester\5.7.1\Pester.psm1:1688
[91m    at <ScriptBlock>, C:\Users\lavantien\Documents\PowerShell\Modules\Pester\5.7.1\Pester.ps1:3
[91m    at <ScriptBlock>, C:\Users\lavantien\Documents\PowerShell\Modules\Pester\5.7.1\Pester.psm1:3260
[91m    at Invoke-InNewScriptScope, C:\Users\lavantien\Documents\PowerShell\Modules\Pester\5.7.1\Pester.psm1:3267
[91m    at Run-Test, C:\Users\lavantien\Documents\PowerShell\Modules\Pester\5.7.1\Pester.psm1:1691
[91m    at Invoke-Test, C:\Users\lavantien\Documents\PowerShell\Modules\Pester\5.7.1\Pester.psm1:2512
[91m    at Invoke-Pester<End>, C:\Users\lavantien\Documents\PowerShell\Modules\Pester\5.7.1\Pester.psm1:4960
[91m    at <ScriptBlock>, C:\Users\lavantien\dev\github\dotfiles\run-tests.ps1:10[0m
[32m   [+] Extracts ruff version[0m[90m 22ms (21ms|1ms)[0m
[32m   [+] Extracts black version[0m[90m 19ms (18ms|1ms)[0m
[32m   [+] Extracts mypy version[0m[90m 18ms (18ms|0ms)[0m
[32m   [+] Extracts goimports version[0m[90m 18ms (18ms|0ms)[0m
[32m   [+] Extracts golangci-lint version[0m[90m 15ms (14ms|0ms)[0m
[32m   [+] Extracts clang-format version[0m[90m 30ms (29ms|0ms)[0m
[32m   [+] Extracts scalafmt version[0m[90m 13ms (12ms|0ms)[0m
[96m Context Error handling[0m
[32m   [+] Returns null when tool does not exist[0m[90m 6ms (5ms|1ms)[0m
[91m   [-] Returns null when tool command fails[0m[90m 46ms (45ms|0ms)[0m
[91m    CommandNotFoundException: Could not find Command badtool
[91m    at Resolve-Command, C:\Users\lavantien\Documents\PowerShell\Modules\Pester\5.7.1\Pester.psm1:11723
[91m    at Mock, C:\Users\lavantien\Documents\PowerShell\Modules\Pester\5.7.1\Pester.psm1:14978
[91m    at <ScriptBlock>, C:\Users\lavantien\dev\github\dotfiles\tests\powershell\version-check.Tests.ps1:375
[91m    at <ScriptBlock>, C:\Users\lavantien\Documents\PowerShell\Modules\Pester\5.7.1\Pester.psm1:2024
[91m    at <ScriptBlock>, C:\Users\lavantien\Documents\PowerShell\Modules\Pester\5.7.1\Pester.psm1:1985
[91m    at Invoke-ScriptBlock, C:\Users\lavantien\Documents\PowerShell\Modules\Pester\5.7.1\Pester.psm1:2157
[91m    at Invoke-TestItem, C:\Users\lavantien\Documents\PowerShell\Modules\Pester\5.7.1\Pester.psm1:1199
[91m    at Invoke-Block, C:\Users\lavantien\Documents\PowerShell\Modules\Pester\5.7.1\Pester.psm1:835
[91m    at <ScriptBlock>, C:\Users\lavantien\Documents\PowerShell\Modules\Pester\5.7.1\Pester.psm1:893
[91m    at <ScriptBlock>, C:\Users\lavantien\Documents\PowerShell\Modules\Pester\5.7.1\Pester.psm1:2024
[91m    at <ScriptBlock>, C:\Users\lavantien\Documents\PowerShell\Modules\Pester\5.7.1\Pester.psm1:1985
[91m    at Invoke-ScriptBlock, C:\Users\lavantien\Documents\PowerShell\Modules\Pester\5.7.1\Pester.psm1:2160
[91m    at Invoke-Block, C:\Users\lavantien\Documents\PowerShell\Modules\Pester\5.7.1\Pester.psm1:940
[91m    at <ScriptBlock>, C:\Users\lavantien\Documents\PowerShell\Modules\Pester\5.7.1\Pester.psm1:893
[91m    at <ScriptBlock>, C:\Users\lavantien\Documents\PowerShell\Modules\Pester\5.7.1\Pester.psm1:2024
[91m    at <ScriptBlock>, C:\Users\lavantien\Documents\PowerShell\Modules\Pester\5.7.1\Pester.psm1:1985
[91m    at Invoke-ScriptBlock, C:\Users\lavantien\Documents\PowerShell\Modules\Pester\5.7.1\Pester.psm1:2160
[91m    at Invoke-Block, C:\Users\lavantien\Documents\PowerShell\Modules\Pester\5.7.1\Pester.psm1:940
[91m    at <ScriptBlock>, C:\Users\lavantien\Documents\PowerShell\Modules\Pester\5.7.1\Pester.psm1:893
[91m    at <ScriptBlock>, C:\Users\lavantien\Documents\PowerShell\Modules\Pester\5.7.1\Pester.psm1:2024
[91m    at <ScriptBlock>, C:\Users\lavantien\Documents\PowerShell\Modules\Pester\5.7.1\Pester.psm1:1985
[91m    at Invoke-ScriptBlock, C:\Users\lavantien\Documents\PowerShell\Modules\Pester\5.7.1\Pester.psm1:2160
[91m    at Invoke-Block, C:\Users\lavantien\Documents\PowerShell\Modules\Pester\5.7.1\Pester.psm1:940
[91m    at <ScriptBlock>, C:\Users\lavantien\Documents\PowerShell\Modules\Pester\5.7.1\Pester.psm1:1688
[91m    at <ScriptBlock>, C:\Users\lavantien\Documents\PowerShell\Modules\Pester\5.7.1\Pester.ps1:3
[91m    at <ScriptBlock>, C:\Users\lavantien\Documents\PowerShell\Modules\Pester\5.7.1\Pester.psm1:3260
[91m    at Invoke-InNewScriptScope, C:\Users\lavantien\Documents\PowerShell\Modules\Pester\5.7.1\Pester.psm1:3267
[91m    at Run-Test, C:\Users\lavantien\Documents\PowerShell\Modules\Pester\5.7.1\Pester.psm1:1691
[91m    at Invoke-Test, C:\Users\lavantien\Documents\PowerShell\Modules\Pester\5.7.1\Pester.psm1:2512
[91m    at Invoke-Pester<End>, C:\Users\lavantien\Documents\PowerShell\Modules\Pester\5.7.1\Pester.psm1:4960
[91m    at <ScriptBlock>, C:\Users\lavantien\dev\github\dotfiles\run-tests.ps1:10[0m
[91m   [-] Uses fallback pattern when no specific pattern exists[0m[90m 60ms (59ms|1ms)[0m
[91m    CommandNotFoundException: Could not find Command unknowntool
[91m    at Resolve-Command, C:\Users\lavantien\Documents\PowerShell\Modules\Pester\5.7.1\Pester.psm1:11723
[91m    at Mock, C:\Users\lavantien\Documents\PowerShell\Modules\Pester\5.7.1\Pester.psm1:14978
[91m    at <ScriptBlock>, C:\Users\lavantien\dev\github\dotfiles\tests\powershell\version-check.Tests.ps1:383
[91m    at <ScriptBlock>, C:\Users\lavantien\Documents\PowerShell\Modules\Pester\5.7.1\Pester.psm1:2024
[91m    at <ScriptBlock>, C:\Users\lavantien\Documents\PowerShell\Modules\Pester\5.7.1\Pester.psm1:1985
[91m    at Invoke-ScriptBlock, C:\Users\lavantien\Documents\PowerShell\Modules\Pester\5.7.1\Pester.psm1:2157
[91m    at Invoke-TestItem, C:\Users\lavantien\Documents\PowerShell\Modules\Pester\5.7.1\Pester.psm1:1199
[91m    at Invoke-Block, C:\Users\lavantien\Documents\PowerShell\Modules\Pester\5.7.1\Pester.psm1:835
[91m    at <ScriptBlock>, C:\Users\lavantien\Documents\PowerShell\Modules\Pester\5.7.1\Pester.psm1:893
[91m    at <ScriptBlock>, C:\Users\lavantien\Documents\PowerShell\Modules\Pester\5.7.1\Pester.psm1:2024
[91m    at <ScriptBlock>, C:\Users\lavantien\Documents\PowerShell\Modules\Pester\5.7.1\Pester.psm1:1985
[91m    at Invoke-ScriptBlock, C:\Users\lavantien\Documents\PowerShell\Modules\Pester\5.7.1\Pester.psm1:2160
[91m    at Invoke-Block, C:\Users\lavantien\Documents\PowerShell\Modules\Pester\5.7.1\Pester.psm1:940
[91m    at <ScriptBlock>, C:\Users\lavantien\Documents\PowerShell\Modules\Pester\5.7.1\Pester.psm1:893
[91m    at <ScriptBlock>, C:\Users\lavantien\Documents\PowerShell\Modules\Pester\5.7.1\Pester.psm1:2024
[91m    at <ScriptBlock>, C:\Users\lavantien\Documents\PowerShell\Modules\Pester\5.7.1\Pester.psm1:1985
[91m    at Invoke-ScriptBlock, C:\Users\lavantien\Documents\PowerShell\Modules\Pester\5.7.1\Pester.psm1:2160
[91m    at Invoke-Block, C:\Users\lavantien\Documents\PowerShell\Modules\Pester\5.7.1\Pester.psm1:940
[91m    at <ScriptBlock>, C:\Users\lavantien\Documents\PowerShell\Modules\Pester\5.7.1\Pester.psm1:893
[91m    at <ScriptBlock>, C:\Users\lavantien\Documents\PowerShell\Modules\Pester\5.7.1\Pester.psm1:2024
[91m    at <ScriptBlock>, C:\Users\lavantien\Documents\PowerShell\Modules\Pester\5.7.1\Pester.psm1:1985
[91m    at Invoke-ScriptBlock, C:\Users\lavantien\Documents\PowerShell\Modules\Pester\5.7.1\Pester.psm1:2160
[91m    at Invoke-Block, C:\Users\lavantien\Documents\PowerShell\Modules\Pester\5.7.1\Pester.psm1:940
[91m    at <ScriptBlock>, C:\Users\lavantien\Documents\PowerShell\Modules\Pester\5.7.1\Pester.psm1:1688
[91m    at <ScriptBlock>, C:\Users\lavantien\Documents\PowerShell\Modules\Pester\5.7.1\Pester.ps1:3
[91m    at <ScriptBlock>, C:\Users\lavantien\Documents\PowerShell\Modules\Pester\5.7.1\Pester.psm1:3260
[91m    at Invoke-InNewScriptScope, C:\Users\lavantien\Documents\PowerShell\Modules\Pester\5.7.1\Pester.psm1:3267
[91m    at Run-Test, C:\Users\lavantien\Documents\PowerShell\Modules\Pester\5.7.1\Pester.psm1:1691
[91m    at Invoke-Test, C:\Users\lavantien\Documents\PowerShell\Modules\Pester\5.7.1\Pester.psm1:2512
[91m    at Invoke-Pester<End>, C:\Users\lavantien\Documents\PowerShell\Modules\Pester\5.7.1\Pester.psm1:4960
[91m    at <ScriptBlock>, C:\Users\lavantien\dev\github\dotfiles\run-tests.ps1:10[0m
[91m   [-] Returns null when output has no version-like string[0m[90m 54ms (53ms|1ms)[0m
[91m    CommandNotFoundException: Could not find Command noversiontool
[91m    at Resolve-Command, C:\Users\lavantien\Documents\PowerShell\Modules\Pester\5.7.1\Pester.psm1:11723
[91m    at Mock, C:\Users\lavantien\Documents\PowerShell\Modules\Pester\5.7.1\Pester.psm1:14978
[91m    at <ScriptBlock>, C:\Users\lavantien\dev\github\dotfiles\tests\powershell\version-check.Tests.ps1:391
[91m    at <ScriptBlock>, C:\Users\lavantien\Documents\PowerShell\Modules\Pester\5.7.1\Pester.psm1:2024
[91m    at <ScriptBlock>, C:\Users\lavantien\Documents\PowerShell\Modules\Pester\5.7.1\Pester.psm1:1985
[91m    at Invoke-ScriptBlock, C:\Users\lavantien\Documents\PowerShell\Modules\Pester\5.7.1\Pester.psm1:2157
[91m    at Invoke-TestItem, C:\Users\lavantien\Documents\PowerShell\Modules\Pester\5.7.1\Pester.psm1:1199
[91m    at Invoke-Block, C:\Users\lavantien\Documents\PowerShell\Modules\Pester\5.7.1\Pester.psm1:835
[91m    at <ScriptBlock>, C:\Users\lavantien\Documents\PowerShell\Modules\Pester\5.7.1\Pester.psm1:893
[91m    at <ScriptBlock>, C:\Users\lavantien\Documents\PowerShell\Modules\Pester\5.7.1\Pester.psm1:2024
[91m    at <ScriptBlock>, C:\Users\lavantien\Documents\PowerShell\Modules\Pester\5.7.1\Pester.psm1:1985
[91m    at Invoke-ScriptBlock, C:\Users\lavantien\Documents\PowerShell\Modules\Pester\5.7.1\Pester.psm1:2160
[91m    at Invoke-Block, C:\Users\lavantien\Documents\PowerShell\Modules\Pester\5.7.1\Pester.psm1:940
[91m    at <ScriptBlock>, C:\Users\lavantien\Documents\PowerShell\Modules\Pester\5.7.1\Pester.psm1:893
[91m    at <ScriptBlock>, C:\Users\lavantien\Documents\PowerShell\Modules\Pester\5.7.1\Pester.psm1:2024
[91m    at <ScriptBlock>, C:\Users\lavantien\Documents\PowerShell\Modules\Pester\5.7.1\Pester.psm1:1985
[91m    at Invoke-ScriptBlock, C:\Users\lavantien\Documents\PowerShell\Modules\Pester\5.7.1\Pester.psm1:2160
[91m    at Invoke-Block, C:\Users\lavantien\Documents\PowerShell\Modules\Pester\5.7.1\Pester.psm1:940
[91m    at <ScriptBlock>, C:\Users\lavantien\Documents\PowerShell\Modules\Pester\5.7.1\Pester.psm1:893
[91m    at <ScriptBlock>, C:\Users\lavantien\Documents\PowerShell\Modules\Pester\5.7.1\Pester.psm1:2024
[91m    at <ScriptBlock>, C:\Users\lavantien\Documents\PowerShell\Modules\Pester\5.7.1\Pester.psm1:1985
[91m    at Invoke-ScriptBlock, C:\Users\lavantien\Documents\PowerShell\Modules\Pester\5.7.1\Pester.psm1:2160
[91m    at Invoke-Block, C:\Users\lavantien\Documents\PowerShell\Modules\Pester\5.7.1\Pester.psm1:940
[91m    at <ScriptBlock>, C:\Users\lavantien\Documents\PowerShell\Modules\Pester\5.7.1\Pester.psm1:1688
[91m    at <ScriptBlock>, C:\Users\lavantien\Documents\PowerShell\Modules\Pester\5.7.1\Pester.ps1:3
[91m    at <ScriptBlock>, C:\Users\lavantien\Documents\PowerShell\Modules\Pester\5.7.1\Pester.psm1:3260
[91m    at Invoke-InNewScriptScope, C:\Users\lavantien\Documents\PowerShell\Modules\Pester\5.7.1\Pester.psm1:3267
[91m    at Run-Test, C:\Users\lavantien\Documents\PowerShell\Modules\Pester\5.7.1\Pester.psm1:1691
[91m    at Invoke-Test, C:\Users\lavantien\Documents\PowerShell\Modules\Pester\5.7.1\Pester.psm1:2512
[91m    at Invoke-Pester<End>, C:\Users\lavantien\Documents\PowerShell\Modules\Pester\5.7.1\Pester.psm1:4960
[91m    at <ScriptBlock>, C:\Users\lavantien\dev\github\dotfiles\run-tests.ps1:10[0m
[96m Context Custom version flags[0m
[91m   [-] Uses custom version flag when provided[0m[90m 52ms (50ms|2ms)[0m
[91m    CommandNotFoundException: Could not find Command customtool
[91m    at Resolve-Command, C:\Users\lavantien\Documents\PowerShell\Modules\Pester\5.7.1\Pester.psm1:11723
[91m    at Mock, C:\Users\lavantien\Documents\PowerShell\Modules\Pester\5.7.1\Pester.psm1:14978
[91m    at <ScriptBlock>, C:\Users\lavantien\dev\github\dotfiles\tests\powershell\version-check.Tests.ps1:402
[91m    at <ScriptBlock>, C:\Users\lavantien\Documents\PowerShell\Modules\Pester\5.7.1\Pester.psm1:2024
[91m    at <ScriptBlock>, C:\Users\lavantien\Documents\PowerShell\Modules\Pester\5.7.1\Pester.psm1:1985
[91m    at Invoke-ScriptBlock, C:\Users\lavantien\Documents\PowerShell\Modules\Pester\5.7.1\Pester.psm1:2157
[91m    at Invoke-TestItem, C:\Users\lavantien\Documents\PowerShell\Modules\Pester\5.7.1\Pester.psm1:1199
[91m    at Invoke-Block, C:\Users\lavantien\Documents\PowerShell\Modules\Pester\5.7.1\Pester.psm1:835
[91m    at <ScriptBlock>, C:\Users\lavantien\Documents\PowerShell\Modules\Pester\5.7.1\Pester.psm1:893
[91m    at <ScriptBlock>, C:\Users\lavantien\Documents\PowerShell\Modules\Pester\5.7.1\Pester.psm1:2024
[91m    at <ScriptBlock>, C:\Users\lavantien\Documents\PowerShell\Modules\Pester\5.7.1\Pester.psm1:1985
[91m    at Invoke-ScriptBlock, C:\Users\lavantien\Documents\PowerShell\Modules\Pester\5.7.1\Pester.psm1:2160
[91m    at Invoke-Block, C:\Users\lavantien\Documents\PowerShell\Modules\Pester\5.7.1\Pester.psm1:940
[91m    at <ScriptBlock>, C:\Users\lavantien\Documents\PowerShell\Modules\Pester\5.7.1\Pester.psm1:893
[91m    at <ScriptBlock>, C:\Users\lavantien\Documents\PowerShell\Modules\Pester\5.7.1\Pester.psm1:2024
[91m    at <ScriptBlock>, C:\Users\lavantien\Documents\PowerShell\Modules\Pester\5.7.1\Pester.psm1:1985
[91m    at Invoke-ScriptBlock, C:\Users\lavantien\Documents\PowerShell\Modules\Pester\5.7.1\Pester.psm1:2160
[91m    at Invoke-Block, C:\Users\lavantien\Documents\PowerShell\Modules\Pester\5.7.1\Pester.psm1:940
[91m    at <ScriptBlock>, C:\Users\lavantien\Documents\PowerShell\Modules\Pester\5.7.1\Pester.psm1:893
[91m    at <ScriptBlock>, C:\Users\lavantien\Documents\PowerShell\Modules\Pester\5.7.1\Pester.psm1:2024
[91m    at <ScriptBlock>, C:\Users\lavantien\Documents\PowerShell\Modules\Pester\5.7.1\Pester.psm1:1985
[91m    at Invoke-ScriptBlock, C:\Users\lavantien\Documents\PowerShell\Modules\Pester\5.7.1\Pester.psm1:2160
[91m    at Invoke-Block, C:\Users\lavantien\Documents\PowerShell\Modules\Pester\5.7.1\Pester.psm1:940
[91m    at <ScriptBlock>, C:\Users\lavantien\Documents\PowerShell\Modules\Pester\5.7.1\Pester.psm1:1688
[91m    at <ScriptBlock>, C:\Users\lavantien\Documents\PowerShell\Modules\Pester\5.7.1\Pester.ps1:3
[91m    at <ScriptBlock>, C:\Users\lavantien\Documents\PowerShell\Modules\Pester\5.7.1\Pester.psm1:3260
[91m    at Invoke-InNewScriptScope, C:\Users\lavantien\Documents\PowerShell\Modules\Pester\5.7.1\Pester.psm1:3267
[91m    at Run-Test, C:\Users\lavantien\Documents\PowerShell\Modules\Pester\5.7.1\Pester.psm1:1691
[91m    at Invoke-Test, C:\Users\lavantien\Documents\PowerShell\Modules\Pester\5.7.1\Pester.psm1:2512
[91m    at Invoke-Pester<End>, C:\Users\lavantien\Documents\PowerShell\Modules\Pester\5.7.1\Pester.psm1:4960
[91m    at <ScriptBlock>, C:\Users\lavantien\dev\github\dotfiles\run-tests.ps1:10[0m
[32m   [+] Uses 'version' flag for go[0m[90m 17ms (16ms|0ms)[0m
[0m
[92mDescribing Compare-Versions[0m
[96m Context Equal versions[0m
[32m   [+] Returns true for equal versions[0m[90m 4ms (2ms|2ms)[0m
[32m   [+] Returns true for equal versions with 'v' prefix[0m[90m 3ms (2ms|1ms)[0m
[32m   [+] Returns true for equal versions with mixed prefixes[0m[90m 2ms (1ms|0ms)[0m
[96m Context Greater versions[0m
[32m   [+] Returns true when installed is greater (major)[0m[90m 3ms (2ms|1ms)[0m
[32m   [+] Returns true when installed is greater (minor)[0m[90m 3ms (2ms|1ms)[0m
[32m   [+] Returns true when installed is greater (patch)[0m[90m 3ms (2ms|1ms)[0m
[32m   [+] Returns true when installed is greater with 'v' prefix[0m[90m 2ms (2ms|0ms)[0m
[96m Context Lesser versions[0m
[32m   [+] Returns false when installed is less (major)[0m[90m 3ms (2ms|1ms)[0m
[32m   [+] Returns false when installed is less (minor)[0m[90m 5ms (4ms|1ms)[0m
[32m   [+] Returns false when installed is less (patch)[0m[90m 3ms (2ms|1ms)[0m
[96m Context Edge cases[0m
[32m   [+] Handles versions with different lengths (3 parts vs 2 parts)[0m[90m 3ms (2ms|1ms)[0m
[32m   [+] Handles versions with different lengths (2 parts vs 3 parts)[0m[90m 2ms (2ms|0ms)[0m
[32m   [+] Handles pre-release suffixes[0m[90m 2ms (2ms|0ms)[0m
[32m   [+] Handles versions with non-numeric characters[0m[90m 3ms (2ms|1ms)[0m
[32m   [+] Handles date-based versions[0m[90m 2ms (2ms|1ms)[0m
[91m   [-] Handles date-based versions when installed is older[0m[90m 3ms (2ms|0ms)[0m
[91m    Expected $false, but got $true.
[91m    at $result | Should -Be $false, C:\Users\lavantien\dev\github\dotfiles\tests\powershell\version-check.Tests.ps1:509
[91m    at Invoke-Assertion, C:\Users\lavantien\Documents\PowerShell\Modules\Pester\5.7.1\Pester.psm1:8250
[91m    at Should<End>, C:\Users\lavantien\Documents\PowerShell\Modules\Pester\5.7.1\Pester.psm1:8189
[91m    at <ScriptBlock>, C:\Users\lavantien\dev\github\dotfiles\tests\powershell\version-check.Tests.ps1:509
[91m    at <ScriptBlock>, C:\Users\lavantien\Documents\PowerShell\Modules\Pester\5.7.1\Pester.psm1:2024
[91m    at <ScriptBlock>, C:\Users\lavantien\Documents\PowerShell\Modules\Pester\5.7.1\Pester.psm1:1985
[91m    at Invoke-ScriptBlock, C:\Users\lavantien\Documents\PowerShell\Modules\Pester\5.7.1\Pester.psm1:2157
[91m    at Invoke-TestItem, C:\Users\lavantien\Documents\PowerShell\Modules\Pester\5.7.1\Pester.psm1:1199
[91m    at Invoke-Block, C:\Users\lavantien\Documents\PowerShell\Modules\Pester\5.7.1\Pester.psm1:835
[91m    at <ScriptBlock>, C:\Users\lavantien\Documents\PowerShell\Modules\Pester\5.7.1\Pester.psm1:893
[91m    at <ScriptBlock>, C:\Users\lavantien\Documents\PowerShell\Modules\Pester\5.7.1\Pester.psm1:2024
[91m    at <ScriptBlock>, C:\Users\lavantien\Documents\PowerShell\Modules\Pester\5.7.1\Pester.psm1:1985
[91m    at Invoke-ScriptBlock, C:\Users\lavantien\Documents\PowerShell\Modules\Pester\5.7.1\Pester.psm1:2160
[91m    at Invoke-Block, C:\Users\lavantien\Documents\PowerShell\Modules\Pester\5.7.1\Pester.psm1:940
[91m    at <ScriptBlock>, C:\Users\lavantien\Documents\PowerShell\Modules\Pester\5.7.1\Pester.psm1:893
[91m    at <ScriptBlock>, C:\Users\lavantien\Documents\PowerShell\Modules\Pester\5.7.1\Pester.psm1:2024
[91m    at <ScriptBlock>, C:\Users\lavantien\Documents\PowerShell\Modules\Pester\5.7.1\Pester.psm1:1985
[91m    at Invoke-ScriptBlock, C:\Users\lavantien\Documents\PowerShell\Modules\Pester\5.7.1\Pester.psm1:2160
[91m    at Invoke-Block, C:\Users\lavantien\Documents\PowerShell\Modules\Pester\5.7.1\Pester.psm1:940
[91m    at <ScriptBlock>, C:\Users\lavantien\Documents\PowerShell\Modules\Pester\5.7.1\Pester.psm1:893
[91m    at <ScriptBlock>, C:\Users\lavantien\Documents\PowerShell\Modules\Pester\5.7.1\Pester.psm1:2024
[91m    at <ScriptBlock>, C:\Users\lavantien\Documents\PowerShell\Modules\Pester\5.7.1\Pester.psm1:1985
[91m    at Invoke-ScriptBlock, C:\Users\lavantien\Documents\PowerShell\Modules\Pester\5.7.1\Pester.psm1:2160
[91m    at Invoke-Block, C:\Users\lavantien\Documents\PowerShell\Modules\Pester\5.7.1\Pester.psm1:940
[91m    at <ScriptBlock>, C:\Users\lavantien\Documents\PowerShell\Modules\Pester\5.7.1\Pester.psm1:1688
[91m    at <ScriptBlock>, C:\Users\lavantien\Documents\PowerShell\Modules\Pester\5.7.1\Pester.ps1:3
[91m    at <ScriptBlock>, C:\Users\lavantien\Documents\PowerShell\Modules\Pester\5.7.1\Pester.psm1:3260
[91m    at Invoke-InNewScriptScope, C:\Users\lavantien\Documents\PowerShell\Modules\Pester\5.7.1\Pester.psm1:3267
[91m    at Run-Test, C:\Users\lavantien\Documents\PowerShell\Modules\Pester\5.7.1\Pester.psm1:1691
[91m    at Invoke-Test, C:\Users\lavantien\Documents\PowerShell\Modules\Pester\5.7.1\Pester.psm1:2512
[91m    at Invoke-Pester<End>, C:\Users\lavantien\Documents\PowerShell\Modules\Pester\5.7.1\Pester.psm1:4960
[91m    at <ScriptBlock>, C:\Users\lavantien\dev\github\dotfiles\run-tests.ps1:10[0m
[32m   [+] Handles empty version strings[0m[90m 3ms (2ms|1ms)[0m
[32m   [+] Handles version with only major.minor (no patch)[0m[90m 3ms (2ms|1ms)[0m
[32m   [+] Handles version comparison with leading zeros[0m[90m 3ms (2ms|1ms)[0m
[0m
[92mDescribing Test-NeedsInstall[0m
[96m Context Tool not installed[0m
[32m   [+] Returns true when tool does not exist[0m[90m 9ms (7ms|2ms)[0m
[96m Context Tool installed[0m
[32m   [+] Returns false when tool exists[0m[90m 7ms (6ms|1ms)[0m
[32m   [+] Returns false when tool exists regardless of version[0m[90m 10ms (9ms|1ms)[0m
[0m
[92mDescribing needs_install (Bash alias)[0m
[32m  [+] Is aliased to Test-NeedsInstall[0m[90m 7ms (5ms|1ms)[0m
[0m
[92mDescribing Show-VersionStatus[0m
[96m Context Tool not installed[0m
[INFO] NonExistent Tool: not installed
[32m   [+] Returns true and shows not installed message[0m[90m 6ms (5ms|1ms)[0m
[96m Context Tool installed without extractable version[0m
[INFO] Some Tool: installed
[32m   [+] Returns false and shows installed message[0m[90m 10ms (9ms|1ms)[0m
[96m Context Tool installed with extractable version[0m
[INFO] Some Tool: installed (version 1.2.3)
[32m   [+] Returns false and shows version[0m[90m 13ms (12ms|1ms)[0m
[INFO] git: installed (version 1.2.3)
[32m   [+] Uses tool name as display name when not provided[0m[90m 9ms (8ms|0ms)[0m
[0m
[92mDescribing check_and_report_version (Bash alias)[0m
[INFO] Git: installed (version 1.2.3)
[32m  [+] Is aliased to Show-VersionStatus[0m[90m 10ms (8ms|1ms)[0m
[95m
[95mRunning tests from 'C:\Users\lavantien\dev\github\dotfiles\tests\powershell\version-edge-cases.Tests.ps1'[0m
[92mDescribing version-check.ps1 - Get-ToolVersion edge cases[0m
[91m  [-] Returns null for non-existent tool[0m[90m 39ms (37ms|1ms)[0m
[91m   CommandNotFoundException: The term 'Test-Command' is not recognized as a name of a cmdlet, function, script file, or executable program.
[91m   Check the spelling of the name, or if a path was included, verify that the path is correct and try again.
[91m   at Get-ToolVersion, C:\Users\lavantien\dev\github\dotfiles\bootstrap\lib\version-check.ps1:101
[91m   at <ScriptBlock>, C:\Users\lavantien\dev\github\dotfiles\tests\powershell\version-edge-cases.Tests.ps1:14
[91m   at <ScriptBlock>, C:\Users\lavantien\Documents\PowerShell\Modules\Pester\5.7.1\Pester.psm1:2024
[91m   at <ScriptBlock>, C:\Users\lavantien\Documents\PowerShell\Modules\Pester\5.7.1\Pester.psm1:1985
[91m   at Invoke-ScriptBlock, C:\Users\lavantien\Documents\PowerShell\Modules\Pester\5.7.1\Pester.psm1:2157
[91m   at Invoke-TestItem, C:\Users\lavantien\Documents\PowerShell\Modules\Pester\5.7.1\Pester.psm1:1199
[91m   at Invoke-Block, C:\Users\lavantien\Documents\PowerShell\Modules\Pester\5.7.1\Pester.psm1:835
[91m   at <ScriptBlock>, C:\Users\lavantien\Documents\PowerShell\Modules\Pester\5.7.1\Pester.psm1:893
[91m   at <ScriptBlock>, C:\Users\lavantien\Documents\PowerShell\Modules\Pester\5.7.1\Pester.psm1:2024
[91m   at <ScriptBlock>, C:\Users\lavantien\Documents\PowerShell\Modules\Pester\5.7.1\Pester.psm1:1985
[91m   at Invoke-ScriptBlock, C:\Users\lavantien\Documents\PowerShell\Modules\Pester\5.7.1\Pester.psm1:2160
[91m   at Invoke-Block, C:\Users\lavantien\Documents\PowerShell\Modules\Pester\5.7.1\Pester.psm1:940
[91m   at <ScriptBlock>, C:\Users\lavantien\Documents\PowerShell\Modules\Pester\5.7.1\Pester.psm1:893
[91m   at <ScriptBlock>, C:\Users\lavantien\Documents\PowerShell\Modules\Pester\5.7.1\Pester.psm1:2024
[91m   at <ScriptBlock>, C:\Users\lavantien\Documents\PowerShell\Modules\Pester\5.7.1\Pester.psm1:1985
[91m   at Invoke-ScriptBlock, C:\Users\lavantien\Documents\PowerShell\Modules\Pester\5.7.1\Pester.psm1:2160
[91m   at Invoke-Block, C:\Users\lavantien\Documents\PowerShell\Modules\Pester\5.7.1\Pester.psm1:940
[91m   at <ScriptBlock>, C:\Users\lavantien\Documents\PowerShell\Modules\Pester\5.7.1\Pester.psm1:1688
[91m   at <ScriptBlock>, C:\Users\lavantien\Documents\PowerShell\Modules\Pester\5.7.1\Pester.ps1:3
[91m   at <ScriptBlock>, C:\Users\lavantien\Documents\PowerShell\Modules\Pester\5.7.1\Pester.psm1:3260
[91m   at Invoke-InNewScriptScope, C:\Users\lavantien\Documents\PowerShell\Modules\Pester\5.7.1\Pester.psm1:3267
[91m   at Run-Test, C:\Users\lavantien\Documents\PowerShell\Modules\Pester\5.7.1\Pester.psm1:1691
[91m   at Invoke-Test, C:\Users\lavantien\Documents\PowerShell\Modules\Pester\5.7.1\Pester.psm1:2512
[91m   at Invoke-Pester<End>, C:\Users\lavantien\Documents\PowerShell\Modules\Pester\5.7.1\Pester.psm1:4960
[91m   at <ScriptBlock>, C:\Users\lavantien\dev\github\dotfiles\run-tests.ps1:10[0m
[91m  [-] Returns version for built-in command[0m[90m 38ms (38ms|0ms)[0m
[91m   CommandNotFoundException: The term 'Test-Command' is not recognized as a name of a cmdlet, function, script file, or executable program.
[91m   Check the spelling of the name, or if a path was included, verify that the path is correct and try again.
[91m   at Get-ToolVersion, C:\Users\lavantien\dev\github\dotfiles\bootstrap\lib\version-check.ps1:101
[91m   at <ScriptBlock>, C:\Users\lavantien\dev\github\dotfiles\tests\powershell\version-edge-cases.Tests.ps1:19
[91m   at <ScriptBlock>, C:\Users\lavantien\Documents\PowerShell\Modules\Pester\5.7.1\Pester.psm1:2024
[91m   at <ScriptBlock>, C:\Users\lavantien\Documents\PowerShell\Modules\Pester\5.7.1\Pester.psm1:1985
[91m   at Invoke-ScriptBlock, C:\Users\lavantien\Documents\PowerShell\Modules\Pester\5.7.1\Pester.psm1:2157
[91m   at Invoke-TestItem, C:\Users\lavantien\Documents\PowerShell\Modules\Pester\5.7.1\Pester.psm1:1199
[91m   at Invoke-Block, C:\Users\lavantien\Documents\PowerShell\Modules\Pester\5.7.1\Pester.psm1:835
[91m   at <ScriptBlock>, C:\Users\lavantien\Documents\PowerShell\Modules\Pester\5.7.1\Pester.psm1:893
[91m   at <ScriptBlock>, C:\Users\lavantien\Documents\PowerShell\Modules\Pester\5.7.1\Pester.psm1:2024
[91m   at <ScriptBlock>, C:\Users\lavantien\Documents\PowerShell\Modules\Pester\5.7.1\Pester.psm1:1985
[91m   at Invoke-ScriptBlock, C:\Users\lavantien\Documents\PowerShell\Modules\Pester\5.7.1\Pester.psm1:2160
[91m   at Invoke-Block, C:\Users\lavantien\Documents\PowerShell\Modules\Pester\5.7.1\Pester.psm1:940
[91m   at <ScriptBlock>, C:\Users\lavantien\Documents\PowerShell\Modules\Pester\5.7.1\Pester.psm1:893
[91m   at <ScriptBlock>, C:\Users\lavantien\Documents\PowerShell\Modules\Pester\5.7.1\Pester.psm1:2024
[91m   at <ScriptBlock>, C:\Users\lavantien\Documents\PowerShell\Modules\Pester\5.7.1\Pester.psm1:1985
[91m   at Invoke-ScriptBlock, C:\Users\lavantien\Documents\PowerShell\Modules\Pester\5.7.1\Pester.psm1:2160
[91m   at Invoke-Block, C:\Users\lavantien\Documents\PowerShell\Modules\Pester\5.7.1\Pester.psm1:940
[91m   at <ScriptBlock>, C:\Users\lavantien\Documents\PowerShell\Modules\Pester\5.7.1\Pester.psm1:1688
[91m   at <ScriptBlock>, C:\Users\lavantien\Documents\PowerShell\Modules\Pester\5.7.1\Pester.ps1:3
[91m   at <ScriptBlock>, C:\Users\lavantien\Documents\PowerShell\Modules\Pester\5.7.1\Pester.psm1:3260
[91m   at Invoke-InNewScriptScope, C:\Users\lavantien\Documents\PowerShell\Modules\Pester\5.7.1\Pester.psm1:3267
[91m   at Run-Test, C:\Users\lavantien\Documents\PowerShell\Modules\Pester\5.7.1\Pester.psm1:1691
[91m   at Invoke-Test, C:\Users\lavantien\Documents\PowerShell\Modules\Pester\5.7.1\Pester.psm1:2512
[91m   at Invoke-Pester<End>, C:\Users\lavantien\Documents\PowerShell\Modules\Pester\5.7.1\Pester.psm1:4960
[91m   at <ScriptBlock>, C:\Users\lavantien\dev\github\dotfiles\run-tests.ps1:10[0m
[91m  [-] Handles tools with custom flags[0m[90m 22ms (21ms|1ms)[0m
[91m   CommandNotFoundException: The term 'Test-Command' is not recognized as a name of a cmdlet, function, script file, or executable program.
[91m   Check the spelling of the name, or if a path was included, verify that the path is correct and try again.
[91m   at Get-ToolVersion, C:\Users\lavantien\dev\github\dotfiles\bootstrap\lib\version-check.ps1:101
[91m   at <ScriptBlock>, C:\Users\lavantien\dev\github\dotfiles\tests\powershell\version-edge-cases.Tests.ps1:26
[91m   at <ScriptBlock>, C:\Users\lavantien\Documents\PowerShell\Modules\Pester\5.7.1\Pester.psm1:2024
[91m   at <ScriptBlock>, C:\Users\lavantien\Documents\PowerShell\Modules\Pester\5.7.1\Pester.psm1:1985
[91m   at Invoke-ScriptBlock, C:\Users\lavantien\Documents\PowerShell\Modules\Pester\5.7.1\Pester.psm1:2157
[91m   at Invoke-TestItem, C:\Users\lavantien\Documents\PowerShell\Modules\Pester\5.7.1\Pester.psm1:1199
[91m   at Invoke-Block, C:\Users\lavantien\Documents\PowerShell\Modules\Pester\5.7.1\Pester.psm1:835
[91m   at <ScriptBlock>, C:\Users\lavantien\Documents\PowerShell\Modules\Pester\5.7.1\Pester.psm1:893
[91m   at <ScriptBlock>, C:\Users\lavantien\Documents\PowerShell\Modules\Pester\5.7.1\Pester.psm1:2024
[91m   at <ScriptBlock>, C:\Users\lavantien\Documents\PowerShell\Modules\Pester\5.7.1\Pester.psm1:1985
[91m   at Invoke-ScriptBlock, C:\Users\lavantien\Documents\PowerShell\Modules\Pester\5.7.1\Pester.psm1:2160
[91m   at Invoke-Block, C:\Users\lavantien\Documents\PowerShell\Modules\Pester\5.7.1\Pester.psm1:940
[91m   at <ScriptBlock>, C:\Users\lavantien\Documents\PowerShell\Modules\Pester\5.7.1\Pester.psm1:893
[91m   at <ScriptBlock>, C:\Users\lavantien\Documents\PowerShell\Modules\Pester\5.7.1\Pester.psm1:2024
[91m   at <ScriptBlock>, C:\Users\lavantien\Documents\PowerShell\Modules\Pester\5.7.1\Pester.psm1:1985
[91m   at Invoke-ScriptBlock, C:\Users\lavantien\Documents\PowerShell\Modules\Pester\5.7.1\Pester.psm1:2160
[91m   at Invoke-Block, C:\Users\lavantien\Documents\PowerShell\Modules\Pester\5.7.1\Pester.psm1:940
[91m   at <ScriptBlock>, C:\Users\lavantien\Documents\PowerShell\Modules\Pester\5.7.1\Pester.psm1:1688
[91m   at <ScriptBlock>, C:\Users\lavantien\Documents\PowerShell\Modules\Pester\5.7.1\Pester.ps1:3
[91m   at <ScriptBlock>, C:\Users\lavantien\Documents\PowerShell\Modules\Pester\5.7.1\Pester.psm1:3260
[91m   at Invoke-InNewScriptScope, C:\Users\lavantien\Documents\PowerShell\Modules\Pester\5.7.1\Pester.psm1:3267
[91m   at Run-Test, C:\Users\lavantien\Documents\PowerShell\Modules\Pester\5.7.1\Pester.psm1:1691
[91m   at Invoke-Test, C:\Users\lavantien\Documents\PowerShell\Modules\Pester\5.7.1\Pester.psm1:2512
[91m   at Invoke-Pester<End>, C:\Users\lavantien\Documents\PowerShell\Modules\Pester\5.7.1\Pester.psm1:4960
[91m   at <ScriptBlock>, C:\Users\lavantien\dev\github\dotfiles\run-tests.ps1:10[0m
[0m
[92mDescribing version-check.ps1 - Compare-Versions scenarios[0m
[32m  [+] Handles equal versions[0m[90m 3ms (1ms|2ms)[0m
[32m  [+] Handles greater major version[0m[90m 1ms (1ms|0ms)[0m
[32m  [+] Handles lesser major version[0m[90m 1ms (1ms|0ms)[0m
[32m  [+] Handles greater minor version[0m[90m 1ms (1ms|0ms)[0m
[32m  [+] Handles greater patch version[0m[90m 1ms (1ms|0ms)[0m
[32m  [+] Handles two-part versions[0m[90m 2ms (1ms|1ms)[0m
[32m  [+] Handles single-part versions[0m[90m 2ms (1ms|0ms)[0m
[32m  [+] Handles versions with many parts[0m[90m 1ms (1ms|0ms)[0m
[32m  [+] Handles versions with letters[0m[90m 1ms (1ms|0ms)[0m
[32m  [+] Handles empty strings[0m[90m 1ms (1ms|0ms)[0m
[32m  [+] Handles mixed formats[0m[90m 1ms (1ms|0ms)[0m
[0m
[92mDescribing version-check.ps1 - Test-NeedsInstall[0m
[91m  [-] Returns true when tool not found[0m[90m 35ms (31ms|4ms)[0m
[91m   CommandNotFoundException: Could not find Command Test-Command
[91m   at Resolve-Command, C:\Users\lavantien\Documents\PowerShell\Modules\Pester\5.7.1\Pester.psm1:11723
[91m   at Mock, C:\Users\lavantien\Documents\PowerShell\Modules\Pester\5.7.1\Pester.psm1:14978
[91m   at <ScriptBlock>, C:\Users\lavantien\dev\github\dotfiles\tests\powershell\version-edge-cases.Tests.ps1:94
[91m   at <ScriptBlock>, C:\Users\lavantien\Documents\PowerShell\Modules\Pester\5.7.1\Pester.psm1:2024
[91m   at <ScriptBlock>, C:\Users\lavantien\Documents\PowerShell\Modules\Pester\5.7.1\Pester.psm1:1985
[91m   at Invoke-ScriptBlock, C:\Users\lavantien\Documents\PowerShell\Modules\Pester\5.7.1\Pester.psm1:2157
[91m   at Invoke-TestItem, C:\Users\lavantien\Documents\PowerShell\Modules\Pester\5.7.1\Pester.psm1:1199
[91m   at Invoke-Block, C:\Users\lavantien\Documents\PowerShell\Modules\Pester\5.7.1\Pester.psm1:835
[91m   at <ScriptBlock>, C:\Users\lavantien\Documents\PowerShell\Modules\Pester\5.7.1\Pester.psm1:893
[91m   at <ScriptBlock>, C:\Users\lavantien\Documents\PowerShell\Modules\Pester\5.7.1\Pester.psm1:2024
[91m   at <ScriptBlock>, C:\Users\lavantien\Documents\PowerShell\Modules\Pester\5.7.1\Pester.psm1:1985
[91m   at Invoke-ScriptBlock, C:\Users\lavantien\Documents\PowerShell\Modules\Pester\5.7.1\Pester.psm1:2160
[91m   at Invoke-Block, C:\Users\lavantien\Documents\PowerShell\Modules\Pester\5.7.1\Pester.psm1:940
[91m   at <ScriptBlock>, C:\Users\lavantien\Documents\PowerShell\Modules\Pester\5.7.1\Pester.psm1:893
[91m   at <ScriptBlock>, C:\Users\lavantien\Documents\PowerShell\Modules\Pester\5.7.1\Pester.psm1:2024
[91m   at <ScriptBlock>, C:\Users\lavantien\Documents\PowerShell\Modules\Pester\5.7.1\Pester.psm1:1985
[91m   at Invoke-ScriptBlock, C:\Users\lavantien\Documents\PowerShell\Modules\Pester\5.7.1\Pester.psm1:2160
[91m   at Invoke-Block, C:\Users\lavantien\Documents\PowerShell\Modules\Pester\5.7.1\Pester.psm1:940
[91m   at <ScriptBlock>, C:\Users\lavantien\Documents\PowerShell\Modules\Pester\5.7.1\Pester.psm1:1688
[91m   at <ScriptBlock>, C:\Users\lavantien\Documents\PowerShell\Modules\Pester\5.7.1\Pester.ps1:3
[91m   at <ScriptBlock>, C:\Users\lavantien\Documents\PowerShell\Modules\Pester\5.7.1\Pester.psm1:3260
[91m   at Invoke-InNewScriptScope, C:\Users\lavantien\Documents\PowerShell\Modules\Pester\5.7.1\Pester.psm1:3267
[91m   at Run-Test, C:\Users\lavantien\Documents\PowerShell\Modules\Pester\5.7.1\Pester.psm1:1691
[91m   at Invoke-Test, C:\Users\lavantien\Documents\PowerShell\Modules\Pester\5.7.1\Pester.psm1:2512
[91m   at Invoke-Pester<End>, C:\Users\lavantien\Documents\PowerShell\Modules\Pester\5.7.1\Pester.psm1:4960
[91m   at <ScriptBlock>, C:\Users\lavantien\dev\github\dotfiles\run-tests.ps1:10[0m
[91m  [-] Returns false when tool meets minimum version[0m[90m 22ms (22ms|0ms)[0m
[91m   CommandNotFoundException: Could not find Command Test-Command
[91m   at Resolve-Command, C:\Users\lavantien\Documents\PowerShell\Modules\Pester\5.7.1\Pester.psm1:11723
[91m   at Mock, C:\Users\lavantien\Documents\PowerShell\Modules\Pester\5.7.1\Pester.psm1:14978
[91m   at <ScriptBlock>, C:\Users\lavantien\dev\github\dotfiles\tests\powershell\version-edge-cases.Tests.ps1:102
[91m   at <ScriptBlock>, C:\Users\lavantien\Documents\PowerShell\Modules\Pester\5.7.1\Pester.psm1:2024
[91m   at <ScriptBlock>, C:\Users\lavantien\Documents\PowerShell\Modules\Pester\5.7.1\Pester.psm1:1985
[91m   at Invoke-ScriptBlock, C:\Users\lavantien\Documents\PowerShell\Modules\Pester\5.7.1\Pester.psm1:2157
[91m   at Invoke-TestItem, C:\Users\lavantien\Documents\PowerShell\Modules\Pester\5.7.1\Pester.psm1:1199
[91m   at Invoke-Block, C:\Users\lavantien\Documents\PowerShell\Modules\Pester\5.7.1\Pester.psm1:835
[91m   at <ScriptBlock>, C:\Users\lavantien\Documents\PowerShell\Modules\Pester\5.7.1\Pester.psm1:893
[91m   at <ScriptBlock>, C:\Users\lavantien\Documents\PowerShell\Modules\Pester\5.7.1\Pester.psm1:2024
[91m   at <ScriptBlock>, C:\Users\lavantien\Documents\PowerShell\Modules\Pester\5.7.1\Pester.psm1:1985
[91m   at Invoke-ScriptBlock, C:\Users\lavantien\Documents\PowerShell\Modules\Pester\5.7.1\Pester.psm1:2160
[91m   at Invoke-Block, C:\Users\lavantien\Documents\PowerShell\Modules\Pester\5.7.1\Pester.psm1:940
[91m   at <ScriptBlock>, C:\Users\lavantien\Documents\PowerShell\Modules\Pester\5.7.1\Pester.psm1:893
[91m   at <ScriptBlock>, C:\Users\lavantien\Documents\PowerShell\Modules\Pester\5.7.1\Pester.psm1:2024
[91m   at <ScriptBlock>, C:\Users\lavantien\Documents\PowerShell\Modules\Pester\5.7.1\Pester.psm1:1985
[91m   at Invoke-ScriptBlock, C:\Users\lavantien\Documents\PowerShell\Modules\Pester\5.7.1\Pester.psm1:2160
[91m   at Invoke-Block, C:\Users\lavantien\Documents\PowerShell\Modules\Pester\5.7.1\Pester.psm1:940
[91m   at <ScriptBlock>, C:\Users\lavantien\Documents\PowerShell\Modules\Pester\5.7.1\Pester.psm1:1688
[91m   at <ScriptBlock>, C:\Users\lavantien\Documents\PowerShell\Modules\Pester\5.7.1\Pester.ps1:3
[91m   at <ScriptBlock>, C:\Users\lavantien\Documents\PowerShell\Modules\Pester\5.7.1\Pester.psm1:3260
[91m   at Invoke-InNewScriptScope, C:\Users\lavantien\Documents\PowerShell\Modules\Pester\5.7.1\Pester.psm1:3267
[91m   at Run-Test, C:\Users\lavantien\Documents\PowerShell\Modules\Pester\5.7.1\Pester.psm1:1691
[91m   at Invoke-Test, C:\Users\lavantien\Documents\PowerShell\Modules\Pester\5.7.1\Pester.psm1:2512
[91m   at Invoke-Pester<End>, C:\Users\lavantien\Documents\PowerShell\Modules\Pester\5.7.1\Pester.psm1:4960
[91m   at <ScriptBlock>, C:\Users\lavantien\dev\github\dotfiles\run-tests.ps1:10[0m
[91m  [-] Returns true when tool below minimum version[0m[90m 23ms (23ms|0ms)[0m
[91m   CommandNotFoundException: Could not find Command Test-Command
[91m   at Resolve-Command, C:\Users\lavantien\Documents\PowerShell\Modules\Pester\5.7.1\Pester.psm1:11723
[91m   at Mock, C:\Users\lavantien\Documents\PowerShell\Modules\Pester\5.7.1\Pester.psm1:14978
[91m   at <ScriptBlock>, C:\Users\lavantien\dev\github\dotfiles\tests\powershell\version-edge-cases.Tests.ps1:110
[91m   at <ScriptBlock>, C:\Users\lavantien\Documents\PowerShell\Modules\Pester\5.7.1\Pester.psm1:2024
[91m   at <ScriptBlock>, C:\Users\lavantien\Documents\PowerShell\Modules\Pester\5.7.1\Pester.psm1:1985
[91m   at Invoke-ScriptBlock, C:\Users\lavantien\Documents\PowerShell\Modules\Pester\5.7.1\Pester.psm1:2157
[91m   at Invoke-TestItem, C:\Users\lavantien\Documents\PowerShell\Modules\Pester\5.7.1\Pester.psm1:1199
[91m   at Invoke-Block, C:\Users\lavantien\Documents\PowerShell\Modules\Pester\5.7.1\Pester.psm1:835
[91m   at <ScriptBlock>, C:\Users\lavantien\Documents\PowerShell\Modules\Pester\5.7.1\Pester.psm1:893
[91m   at <ScriptBlock>, C:\Users\lavantien\Documents\PowerShell\Modules\Pester\5.7.1\Pester.psm1:2024
[91m   at <ScriptBlock>, C:\Users\lavantien\Documents\PowerShell\Modules\Pester\5.7.1\Pester.psm1:1985
[91m   at Invoke-ScriptBlock, C:\Users\lavantien\Documents\PowerShell\Modules\Pester\5.7.1\Pester.psm1:2160
[91m   at Invoke-Block, C:\Users\lavantien\Documents\PowerShell\Modules\Pester\5.7.1\Pester.psm1:940
[91m   at <ScriptBlock>, C:\Users\lavantien\Documents\PowerShell\Modules\Pester\5.7.1\Pester.psm1:893
[91m   at <ScriptBlock>, C:\Users\lavantien\Documents\PowerShell\Modules\Pester\5.7.1\Pester.psm1:2024
[91m   at <ScriptBlock>, C:\Users\lavantien\Documents\PowerShell\Modules\Pester\5.7.1\Pester.psm1:1985
[91m   at Invoke-ScriptBlock, C:\Users\lavantien\Documents\PowerShell\Modules\Pester\5.7.1\Pester.psm1:2160
[91m   at Invoke-Block, C:\Users\lavantien\Documents\PowerShell\Modules\Pester\5.7.1\Pester.psm1:940
[91m   at <ScriptBlock>, C:\Users\lavantien\Documents\PowerShell\Modules\Pester\5.7.1\Pester.psm1:1688
[91m   at <ScriptBlock>, C:\Users\lavantien\Documents\PowerShell\Modules\Pester\5.7.1\Pester.ps1:3
[91m   at <ScriptBlock>, C:\Users\lavantien\Documents\PowerShell\Modules\Pester\5.7.1\Pester.psm1:3260
[91m   at Invoke-InNewScriptScope, C:\Users\lavantien\Documents\PowerShell\Modules\Pester\5.7.1\Pester.psm1:3267
[91m   at Run-Test, C:\Users\lavantien\Documents\PowerShell\Modules\Pester\5.7.1\Pester.psm1:1691
[91m   at Invoke-Test, C:\Users\lavantien\Documents\PowerShell\Modules\Pester\5.7.1\Pester.psm1:2512
[91m   at Invoke-Pester<End>, C:\Users\lavantien\Documents\PowerShell\Modules\Pester\5.7.1\Pester.psm1:4960
[91m   at <ScriptBlock>, C:\Users\lavantien\dev\github\dotfiles\run-tests.ps1:10[0m
[91m  [-] Returns false when no minimum version specified and tool exists[0m[90m 38ms (38ms|0ms)[0m
[91m   CommandNotFoundException: Could not find Command Test-Command
[91m   at Resolve-Command, C:\Users\lavantien\Documents\PowerShell\Modules\Pester\5.7.1\Pester.psm1:11723
[91m   at Mock, C:\Users\lavantien\Documents\PowerShell\Modules\Pester\5.7.1\Pester.psm1:14978
[91m   at <ScriptBlock>, C:\Users\lavantien\dev\github\dotfiles\tests\powershell\version-edge-cases.Tests.ps1:118
[91m   at <ScriptBlock>, C:\Users\lavantien\Documents\PowerShell\Modules\Pester\5.7.1\Pester.psm1:2024
[91m   at <ScriptBlock>, C:\Users\lavantien\Documents\PowerShell\Modules\Pester\5.7.1\Pester.psm1:1985
[91m   at Invoke-ScriptBlock, C:\Users\lavantien\Documents\PowerShell\Modules\Pester\5.7.1\Pester.psm1:2157
[91m   at Invoke-TestItem, C:\Users\lavantien\Documents\PowerShell\Modules\Pester\5.7.1\Pester.psm1:1199
[91m   at Invoke-Block, C:\Users\lavantien\Documents\PowerShell\Modules\Pester\5.7.1\Pester.psm1:835
[91m   at <ScriptBlock>, C:\Users\lavantien\Documents\PowerShell\Modules\Pester\5.7.1\Pester.psm1:893
[91m   at <ScriptBlock>, C:\Users\lavantien\Documents\PowerShell\Modules\Pester\5.7.1\Pester.psm1:2024
[91m   at <ScriptBlock>, C:\Users\lavantien\Documents\PowerShell\Modules\Pester\5.7.1\Pester.psm1:1985
[91m   at Invoke-ScriptBlock, C:\Users\lavantien\Documents\PowerShell\Modules\Pester\5.7.1\Pester.psm1:2160
[91m   at Invoke-Block, C:\Users\lavantien\Documents\PowerShell\Modules\Pester\5.7.1\Pester.psm1:940
[91m   at <ScriptBlock>, C:\Users\lavantien\Documents\PowerShell\Modules\Pester\5.7.1\Pester.psm1:893
[91m   at <ScriptBlock>, C:\Users\lavantien\Documents\PowerShell\Modules\Pester\5.7.1\Pester.psm1:2024
[91m   at <ScriptBlock>, C:\Users\lavantien\Documents\PowerShell\Modules\Pester\5.7.1\Pester.psm1:1985
[91m   at Invoke-ScriptBlock, C:\Users\lavantien\Documents\PowerShell\Modules\Pester\5.7.1\Pester.psm1:2160
[91m   at Invoke-Block, C:\Users\lavantien\Documents\PowerShell\Modules\Pester\5.7.1\Pester.psm1:940
[91m   at <ScriptBlock>, C:\Users\lavantien\Documents\PowerShell\Modules\Pester\5.7.1\Pester.psm1:1688
[91m   at <ScriptBlock>, C:\Users\lavantien\Documents\PowerShell\Modules\Pester\5.7.1\Pester.ps1:3
[91m   at <ScriptBlock>, C:\Users\lavantien\Documents\PowerShell\Modules\Pester\5.7.1\Pester.psm1:3260
[91m   at Invoke-InNewScriptScope, C:\Users\lavantien\Documents\PowerShell\Modules\Pester\5.7.1\Pester.psm1:3267
[91m   at Run-Test, C:\Users\lavantien\Documents\PowerShell\Modules\Pester\5.7.1\Pester.psm1:1691
[91m   at Invoke-Test, C:\Users\lavantien\Documents\PowerShell\Modules\Pester\5.7.1\Pester.psm1:2512
[91m   at Invoke-Pester<End>, C:\Users\lavantien\Documents\PowerShell\Modules\Pester\5.7.1\Pester.psm1:4960
[91m   at <ScriptBlock>, C:\Users\lavantien\dev\github\dotfiles\run-tests.ps1:10[0m
[91m  [-] Handles exact version match[0m[90m 37ms (36ms|1ms)[0m
[91m   CommandNotFoundException: Could not find Command Test-Command
[91m   at Resolve-Command, C:\Users\lavantien\Documents\PowerShell\Modules\Pester\5.7.1\Pester.psm1:11723
[91m   at Mock, C:\Users\lavantien\Documents\PowerShell\Modules\Pester\5.7.1\Pester.psm1:14978
[91m   at <ScriptBlock>, C:\Users\lavantien\dev\github\dotfiles\tests\powershell\version-edge-cases.Tests.ps1:126
[91m   at <ScriptBlock>, C:\Users\lavantien\Documents\PowerShell\Modules\Pester\5.7.1\Pester.psm1:2024
[91m   at <ScriptBlock>, C:\Users\lavantien\Documents\PowerShell\Modules\Pester\5.7.1\Pester.psm1:1985
[91m   at Invoke-ScriptBlock, C:\Users\lavantien\Documents\PowerShell\Modules\Pester\5.7.1\Pester.psm1:2157
[91m   at Invoke-TestItem, C:\Users\lavantien\Documents\PowerShell\Modules\Pester\5.7.1\Pester.psm1:1199
[91m   at Invoke-Block, C:\Users\lavantien\Documents\PowerShell\Modules\Pester\5.7.1\Pester.psm1:835
[91m   at <ScriptBlock>, C:\Users\lavantien\Documents\PowerShell\Modules\Pester\5.7.1\Pester.psm1:893
[91m   at <ScriptBlock>, C:\Users\lavantien\Documents\PowerShell\Modules\Pester\5.7.1\Pester.psm1:2024
[91m   at <ScriptBlock>, C:\Users\lavantien\Documents\PowerShell\Modules\Pester\5.7.1\Pester.psm1:1985
[91m   at Invoke-ScriptBlock, C:\Users\lavantien\Documents\PowerShell\Modules\Pester\5.7.1\Pester.psm1:2160
[91m   at Invoke-Block, C:\Users\lavantien\Documents\PowerShell\Modules\Pester\5.7.1\Pester.psm1:940
[91m   at <ScriptBlock>, C:\Users\lavantien\Documents\PowerShell\Modules\Pester\5.7.1\Pester.psm1:893
[91m   at <ScriptBlock>, C:\Users\lavantien\Documents\PowerShell\Modules\Pester\5.7.1\Pester.psm1:2024
[91m   at <ScriptBlock>, C:\Users\lavantien\Documents\PowerShell\Modules\Pester\5.7.1\Pester.psm1:1985
[91m   at Invoke-ScriptBlock, C:\Users\lavantien\Documents\PowerShell\Modules\Pester\5.7.1\Pester.psm1:2160
[91m   at Invoke-Block, C:\Users\lavantien\Documents\PowerShell\Modules\Pester\5.7.1\Pester.psm1:940
[91m   at <ScriptBlock>, C:\Users\lavantien\Documents\PowerShell\Modules\Pester\5.7.1\Pester.psm1:1688
[91m   at <ScriptBlock>, C:\Users\lavantien\Documents\PowerShell\Modules\Pester\5.7.1\Pester.ps1:3
[91m   at <ScriptBlock>, C:\Users\lavantien\Documents\PowerShell\Modules\Pester\5.7.1\Pester.psm1:3260
[91m   at Invoke-InNewScriptScope, C:\Users\lavantien\Documents\PowerShell\Modules\Pester\5.7.1\Pester.psm1:3267
[91m   at Run-Test, C:\Users\lavantien\Documents\PowerShell\Modules\Pester\5.7.1\Pester.psm1:1691
[91m   at Invoke-Test, C:\Users\lavantien\Documents\PowerShell\Modules\Pester\5.7.1\Pester.psm1:2512
[91m   at Invoke-Pester<End>, C:\Users\lavantien\Documents\PowerShell\Modules\Pester\5.7.1\Pester.psm1:4960
[91m   at <ScriptBlock>, C:\Users\lavantien\dev\github\dotfiles\run-tests.ps1:10[0m
[0m
[92mDescribing version-check.ps1 - Show-VersionStatus[0m
[91m  [-] Shows not installed message[0m[90m 37ms (36ms|1ms)[0m
[91m   CommandNotFoundException: Could not find Command Test-Command
[91m   at Resolve-Command, C:\Users\lavantien\Documents\PowerShell\Modules\Pester\5.7.1\Pester.psm1:11723
[91m   at Mock, C:\Users\lavantien\Documents\PowerShell\Modules\Pester\5.7.1\Pester.psm1:14978
[91m   at <ScriptBlock>, C:\Users\lavantien\dev\github\dotfiles\tests\powershell\version-edge-cases.Tests.ps1:136
[91m   at <ScriptBlock>, C:\Users\lavantien\Documents\PowerShell\Modules\Pester\5.7.1\Pester.psm1:2024
[91m   at <ScriptBlock>, C:\Users\lavantien\Documents\PowerShell\Modules\Pester\5.7.1\Pester.psm1:1985
[91m   at Invoke-ScriptBlock, C:\Users\lavantien\Documents\PowerShell\Modules\Pester\5.7.1\Pester.psm1:2157
[91m   at Invoke-TestItem, C:\Users\lavantien\Documents\PowerShell\Modules\Pester\5.7.1\Pester.psm1:1199
[91m   at Invoke-Block, C:\Users\lavantien\Documents\PowerShell\Modules\Pester\5.7.1\Pester.psm1:835
[91m   at <ScriptBlock>, C:\Users\lavantien\Documents\PowerShell\Modules\Pester\5.7.1\Pester.psm1:893
[91m   at <ScriptBlock>, C:\Users\lavantien\Documents\PowerShell\Modules\Pester\5.7.1\Pester.psm1:2024
[91m   at <ScriptBlock>, C:\Users\lavantien\Documents\PowerShell\Modules\Pester\5.7.1\Pester.psm1:1985
[91m   at Invoke-ScriptBlock, C:\Users\lavantien\Documents\PowerShell\Modules\Pester\5.7.1\Pester.psm1:2160
[91m   at Invoke-Block, C:\Users\lavantien\Documents\PowerShell\Modules\Pester\5.7.1\Pester.psm1:940
[91m   at <ScriptBlock>, C:\Users\lavantien\Documents\PowerShell\Modules\Pester\5.7.1\Pester.psm1:893
[91m   at <ScriptBlock>, C:\Users\lavantien\Documents\PowerShell\Modules\Pester\5.7.1\Pester.psm1:2024
[91m   at <ScriptBlock>, C:\Users\lavantien\Documents\PowerShell\Modules\Pester\5.7.1\Pester.psm1:1985
[91m   at Invoke-ScriptBlock, C:\Users\lavantien\Documents\PowerShell\Modules\Pester\5.7.1\Pester.psm1:2160
[91m   at Invoke-Block, C:\Users\lavantien\Documents\PowerShell\Modules\Pester\5.7.1\Pester.psm1:940
[91m   at <ScriptBlock>, C:\Users\lavantien\Documents\PowerShell\Modules\Pester\5.7.1\Pester.psm1:1688
[91m   at <ScriptBlock>, C:\Users\lavantien\Documents\PowerShell\Modules\Pester\5.7.1\Pester.ps1:3
[91m   at <ScriptBlock>, C:\Users\lavantien\Documents\PowerShell\Modules\Pester\5.7.1\Pester.psm1:3260
[91m   at Invoke-InNewScriptScope, C:\Users\lavantien\Documents\PowerShell\Modules\Pester\5.7.1\Pester.psm1:3267
[91m   at Run-Test, C:\Users\lavantien\Documents\PowerShell\Modules\Pester\5.7.1\Pester.psm1:1691
[91m   at Invoke-Test, C:\Users\lavantien\Documents\PowerShell\Modules\Pester\5.7.1\Pester.psm1:2512
[91m   at Invoke-Pester<End>, C:\Users\lavantien\Documents\PowerShell\Modules\Pester\5.7.1\Pester.psm1:4960
[91m   at <ScriptBlock>, C:\Users\lavantien\dev\github\dotfiles\run-tests.ps1:10[0m
[91m  [-] Shows installed with version[0m[90m 47ms (46ms|1ms)[0m
[91m   CommandNotFoundException: Could not find Command Test-Command
[91m   at Resolve-Command, C:\Users\lavantien\Documents\PowerShell\Modules\Pester\5.7.1\Pester.psm1:11723
[91m   at Mock, C:\Users\lavantien\Documents\PowerShell\Modules\Pester\5.7.1\Pester.psm1:14978
[91m   at <ScriptBlock>, C:\Users\lavantien\dev\github\dotfiles\tests\powershell\version-edge-cases.Tests.ps1:143
[91m   at <ScriptBlock>, C:\Users\lavantien\Documents\PowerShell\Modules\Pester\5.7.1\Pester.psm1:2024
[91m   at <ScriptBlock>, C:\Users\lavantien\Documents\PowerShell\Modules\Pester\5.7.1\Pester.psm1:1985
[91m   at Invoke-ScriptBlock, C:\Users\lavantien\Documents\PowerShell\Modules\Pester\5.7.1\Pester.psm1:2157
[91m   at Invoke-TestItem, C:\Users\lavantien\Documents\PowerShell\Modules\Pester\5.7.1\Pester.psm1:1199
[91m   at Invoke-Block, C:\Users\lavantien\Documents\PowerShell\Modules\Pester\5.7.1\Pester.psm1:835
[91m   at <ScriptBlock>, C:\Users\lavantien\Documents\PowerShell\Modules\Pester\5.7.1\Pester.psm1:893
[91m   at <ScriptBlock>, C:\Users\lavantien\Documents\PowerShell\Modules\Pester\5.7.1\Pester.psm1:2024
[91m   at <ScriptBlock>, C:\Users\lavantien\Documents\PowerShell\Modules\Pester\5.7.1\Pester.psm1:1985
[91m   at Invoke-ScriptBlock, C:\Users\lavantien\Documents\PowerShell\Modules\Pester\5.7.1\Pester.psm1:2160
[91m   at Invoke-Block, C:\Users\lavantien\Documents\PowerShell\Modules\Pester\5.7.1\Pester.psm1:940
[91m   at <ScriptBlock>, C:\Users\lavantien\Documents\PowerShell\Modules\Pester\5.7.1\Pester.psm1:893
[91m   at <ScriptBlock>, C:\Users\lavantien\Documents\PowerShell\Modules\Pester\5.7.1\Pester.psm1:2024
[91m   at <ScriptBlock>, C:\Users\lavantien\Documents\PowerShell\Modules\Pester\5.7.1\Pester.psm1:1985
[91m   at Invoke-ScriptBlock, C:\Users\lavantien\Documents\PowerShell\Modules\Pester\5.7.1\Pester.psm1:2160
[91m   at Invoke-Block, C:\Users\lavantien\Documents\PowerShell\Modules\Pester\5.7.1\Pester.psm1:940
[91m   at <ScriptBlock>, C:\Users\lavantien\Documents\PowerShell\Modules\Pester\5.7.1\Pester.psm1:1688
[91m   at <ScriptBlock>, C:\Users\lavantien\Documents\PowerShell\Modules\Pester\5.7.1\Pester.ps1:3
[91m   at <ScriptBlock>, C:\Users\lavantien\Documents\PowerShell\Modules\Pester\5.7.1\Pester.psm1:3260
[91m   at Invoke-InNewScriptScope, C:\Users\lavantien\Documents\PowerShell\Modules\Pester\5.7.1\Pester.psm1:3267
[91m   at Run-Test, C:\Users\lavantien\Documents\PowerShell\Modules\Pester\5.7.1\Pester.psm1:1691
[91m   at Invoke-Test, C:\Users\lavantien\Documents\PowerShell\Modules\Pester\5.7.1\Pester.psm1:2512
[91m   at Invoke-Pester<End>, C:\Users\lavantien\Documents\PowerShell\Modules\Pester\5.7.1\Pester.psm1:4960
[91m   at <ScriptBlock>, C:\Users\lavantien\dev\github\dotfiles\run-tests.ps1:10[0m
[91m  [-] Shows installed without version (version unknown)[0m[90m 39ms (38ms|1ms)[0m
[91m   CommandNotFoundException: Could not find Command Test-Command
[91m   at Resolve-Command, C:\Users\lavantien\Documents\PowerShell\Modules\Pester\5.7.1\Pester.psm1:11723
[91m   at Mock, C:\Users\lavantien\Documents\PowerShell\Modules\Pester\5.7.1\Pester.psm1:14978
[91m   at <ScriptBlock>, C:\Users\lavantien\dev\github\dotfiles\tests\powershell\version-edge-cases.Tests.ps1:151
[91m   at <ScriptBlock>, C:\Users\lavantien\Documents\PowerShell\Modules\Pester\5.7.1\Pester.psm1:2024
[91m   at <ScriptBlock>, C:\Users\lavantien\Documents\PowerShell\Modules\Pester\5.7.1\Pester.psm1:1985
[91m   at Invoke-ScriptBlock, C:\Users\lavantien\Documents\PowerShell\Modules\Pester\5.7.1\Pester.psm1:2157
[91m   at Invoke-TestItem, C:\Users\lavantien\Documents\PowerShell\Modules\Pester\5.7.1\Pester.psm1:1199
[91m   at Invoke-Block, C:\Users\lavantien\Documents\PowerShell\Modules\Pester\5.7.1\Pester.psm1:835
[91m   at <ScriptBlock>, C:\Users\lavantien\Documents\PowerShell\Modules\Pester\5.7.1\Pester.psm1:893
[91m   at <ScriptBlock>, C:\Users\lavantien\Documents\PowerShell\Modules\Pester\5.7.1\Pester.psm1:2024
[91m   at <ScriptBlock>, C:\Users\lavantien\Documents\PowerShell\Modules\Pester\5.7.1\Pester.psm1:1985
[91m   at Invoke-ScriptBlock, C:\Users\lavantien\Documents\PowerShell\Modules\Pester\5.7.1\Pester.psm1:2160
[91m   at Invoke-Block, C:\Users\lavantien\Documents\PowerShell\Modules\Pester\5.7.1\Pester.psm1:940
[91m   at <ScriptBlock>, C:\Users\lavantien\Documents\PowerShell\Modules\Pester\5.7.1\Pester.psm1:893
[91m   at <ScriptBlock>, C:\Users\lavantien\Documents\PowerShell\Modules\Pester\5.7.1\Pester.psm1:2024
[91m   at <ScriptBlock>, C:\Users\lavantien\Documents\PowerShell\Modules\Pester\5.7.1\Pester.psm1:1985
[91m   at Invoke-ScriptBlock, C:\Users\lavantien\Documents\PowerShell\Modules\Pester\5.7.1\Pester.psm1:2160
[91m   at Invoke-Block, C:\Users\lavantien\Documents\PowerShell\Modules\Pester\5.7.1\Pester.psm1:940
[91m   at <ScriptBlock>, C:\Users\lavantien\Documents\PowerShell\Modules\Pester\5.7.1\Pester.psm1:1688
[91m   at <ScriptBlock>, C:\Users\lavantien\Documents\PowerShell\Modules\Pester\5.7.1\Pester.ps1:3
[91m   at <ScriptBlock>, C:\Users\lavantien\Documents\PowerShell\Modules\Pester\5.7.1\Pester.psm1:3260
[91m   at Invoke-InNewScriptScope, C:\Users\lavantien\Documents\PowerShell\Modules\Pester\5.7.1\Pester.psm1:3267
[91m   at Run-Test, C:\Users\lavantien\Documents\PowerShell\Modules\Pester\5.7.1\Pester.psm1:1691
[91m   at Invoke-Test, C:\Users\lavantien\Documents\PowerShell\Modules\Pester\5.7.1\Pester.psm1:2512
[91m   at Invoke-Pester<End>, C:\Users\lavantien\Documents\PowerShell\Modules\Pester\5.7.1\Pester.psm1:4960
[91m   at <ScriptBlock>, C:\Users\lavantien\dev\github\dotfiles\run-tests.ps1:10[0m
[91m  [-] Uses custom display name[0m[90m 29ms (28ms|0ms)[0m
[91m   CommandNotFoundException: Could not find Command Test-Command
[91m   at Resolve-Command, C:\Users\lavantien\Documents\PowerShell\Modules\Pester\5.7.1\Pester.psm1:11723
[91m   at Mock, C:\Users\lavantien\Documents\PowerShell\Modules\Pester\5.7.1\Pester.psm1:14978
[91m   at <ScriptBlock>, C:\Users\lavantien\dev\github\dotfiles\tests\powershell\version-edge-cases.Tests.ps1:159
[91m   at <ScriptBlock>, C:\Users\lavantien\Documents\PowerShell\Modules\Pester\5.7.1\Pester.psm1:2024
[91m   at <ScriptBlock>, C:\Users\lavantien\Documents\PowerShell\Modules\Pester\5.7.1\Pester.psm1:1985
[91m   at Invoke-ScriptBlock, C:\Users\lavantien\Documents\PowerShell\Modules\Pester\5.7.1\Pester.psm1:2157
[91m   at Invoke-TestItem, C:\Users\lavantien\Documents\PowerShell\Modules\Pester\5.7.1\Pester.psm1:1199
[91m   at Invoke-Block, C:\Users\lavantien\Documents\PowerShell\Modules\Pester\5.7.1\Pester.psm1:835
[91m   at <ScriptBlock>, C:\Users\lavantien\Documents\PowerShell\Modules\Pester\5.7.1\Pester.psm1:893
[91m   at <ScriptBlock>, C:\Users\lavantien\Documents\PowerShell\Modules\Pester\5.7.1\Pester.psm1:2024
[91m   at <ScriptBlock>, C:\Users\lavantien\Documents\PowerShell\Modules\Pester\5.7.1\Pester.psm1:1985
[91m   at Invoke-ScriptBlock, C:\Users\lavantien\Documents\PowerShell\Modules\Pester\5.7.1\Pester.psm1:2160
[91m   at Invoke-Block, C:\Users\lavantien\Documents\PowerShell\Modules\Pester\5.7.1\Pester.psm1:940
[91m   at <ScriptBlock>, C:\Users\lavantien\Documents\PowerShell\Modules\Pester\5.7.1\Pester.psm1:893
[91m   at <ScriptBlock>, C:\Users\lavantien\Documents\PowerShell\Modules\Pester\5.7.1\Pester.psm1:2024
[91m   at <ScriptBlock>, C:\Users\lavantien\Documents\PowerShell\Modules\Pester\5.7.1\Pester.psm1:1985
[91m   at Invoke-ScriptBlock, C:\Users\lavantien\Documents\PowerShell\Modules\Pester\5.7.1\Pester.psm1:2160
[91m   at Invoke-Block, C:\Users\lavantien\Documents\PowerShell\Modules\Pester\5.7.1\Pester.psm1:940
[91m   at <ScriptBlock>, C:\Users\lavantien\Documents\PowerShell\Modules\Pester\5.7.1\Pester.psm1:1688
[91m   at <ScriptBlock>, C:\Users\lavantien\Documents\PowerShell\Modules\Pester\5.7.1\Pester.ps1:3
[91m   at <ScriptBlock>, C:\Users\lavantien\Documents\PowerShell\Modules\Pester\5.7.1\Pester.psm1:3260
[91m   at Invoke-InNewScriptScope, C:\Users\lavantien\Documents\PowerShell\Modules\Pester\5.7.1\Pester.psm1:3267
[91m   at Run-Test, C:\Users\lavantien\Documents\PowerShell\Modules\Pester\5.7.1\Pester.psm1:1691
[91m   at Invoke-Test, C:\Users\lavantien\Documents\PowerShell\Modules\Pester\5.7.1\Pester.psm1:2512
[91m   at Invoke-Pester<End>, C:\Users\lavantien\Documents\PowerShell\Modules\Pester\5.7.1\Pester.psm1:4960
[91m   at <ScriptBlock>, C:\Users\lavantien\dev\github\dotfiles\run-tests.ps1:10[0m
[0m
[92mDescribing version-check.ps1 - Version Patterns Hashtable[0m
[32m  [+] Contains many version patterns[0m[90m 4ms (2ms|2ms)[0m
[91m  [-] Has pattern for common tools[0m[90m 4ms (4ms|0ms)[0m
[91m   Expected $true, but got $false.
[91m   at $Script:VersionPatterns.ContainsKey("git") | Should -Be $true, C:\Users\lavantien\dev\github\dotfiles\tests\powershell\version-edge-cases.Tests.ps1:174
[91m   at Invoke-Assertion, C:\Users\lavantien\Documents\PowerShell\Modules\Pester\5.7.1\Pester.psm1:8250
[91m   at Should<End>, C:\Users\lavantien\Documents\PowerShell\Modules\Pester\5.7.1\Pester.psm1:8189
[91m   at <ScriptBlock>, C:\Users\lavantien\dev\github\dotfiles\tests\powershell\version-edge-cases.Tests.ps1:174
[91m   at <ScriptBlock>, C:\Users\lavantien\Documents\PowerShell\Modules\Pester\5.7.1\Pester.psm1:2024
[91m   at <ScriptBlock>, C:\Users\lavantien\Documents\PowerShell\Modules\Pester\5.7.1\Pester.psm1:1985
[91m   at Invoke-ScriptBlock, C:\Users\lavantien\Documents\PowerShell\Modules\Pester\5.7.1\Pester.psm1:2157
[91m   at Invoke-TestItem, C:\Users\lavantien\Documents\PowerShell\Modules\Pester\5.7.1\Pester.psm1:1199
[91m   at Invoke-Block, C:\Users\lavantien\Documents\PowerShell\Modules\Pester\5.7.1\Pester.psm1:835
[91m   at <ScriptBlock>, C:\Users\lavantien\Documents\PowerShell\Modules\Pester\5.7.1\Pester.psm1:893
[91m   at <ScriptBlock>, C:\Users\lavantien\Documents\PowerShell\Modules\Pester\5.7.1\Pester.psm1:2024
[91m   at <ScriptBlock>, C:\Users\lavantien\Documents\PowerShell\Modules\Pester\5.7.1\Pester.psm1:1985
[91m   at Invoke-ScriptBlock, C:\Users\lavantien\Documents\PowerShell\Modules\Pester\5.7.1\Pester.psm1:2160
[91m   at Invoke-Block, C:\Users\lavantien\Documents\PowerShell\Modules\Pester\5.7.1\Pester.psm1:940
[91m   at <ScriptBlock>, C:\Users\lavantien\Documents\PowerShell\Modules\Pester\5.7.1\Pester.psm1:893
[91m   at <ScriptBlock>, C:\Users\lavantien\Documents\PowerShell\Modules\Pester\5.7.1\Pester.psm1:2024
[91m   at <ScriptBlock>, C:\Users\lavantien\Documents\PowerShell\Modules\Pester\5.7.1\Pester.psm1:1985
[91m   at Invoke-ScriptBlock, C:\Users\lavantien\Documents\PowerShell\Modules\Pester\5.7.1\Pester.psm1:2160
[91m   at Invoke-Block, C:\Users\lavantien\Documents\PowerShell\Modules\Pester\5.7.1\Pester.psm1:940
[91m   at <ScriptBlock>, C:\Users\lavantien\Documents\PowerShell\Modules\Pester\5.7.1\Pester.psm1:1688
[91m   at <ScriptBlock>, C:\Users\lavantien\Documents\PowerShell\Modules\Pester\5.7.1\Pester.ps1:3
[91m   at <ScriptBlock>, C:\Users\lavantien\Documents\PowerShell\Modules\Pester\5.7.1\Pester.psm1:3260
[91m   at Invoke-InNewScriptScope, C:\Users\lavantien\Documents\PowerShell\Modules\Pester\5.7.1\Pester.psm1:3267
[91m   at Run-Test, C:\Users\lavantien\Documents\PowerShell\Modules\Pester\5.7.1\Pester.psm1:1691
[91m   at Invoke-Test, C:\Users\lavantien\Documents\PowerShell\Modules\Pester\5.7.1\Pester.psm1:2512
[91m   at Invoke-Pester<End>, C:\Users\lavantien\Documents\PowerShell\Modules\Pester\5.7.1\Pester.psm1:4960
[91m   at <ScriptBlock>, C:\Users\lavantien\dev\github\dotfiles\run-tests.ps1:10[0m
[32m  [+] Contains VersionFlags hashtable[0m[90m 3ms (2ms|1ms)[0m
[0m
[92mDescribing version-check.ps1 - Get-VersionFlag[0m
[91m  [-] Returns custom flag for go[0m[90m 33ms (32ms|2ms)[0m
[91m   CommandNotFoundException: The term 'Get-VersionFlag' is not recognized as a name of a cmdlet, function, script file, or executable program.
[91m   Check the spelling of the name, or if a path was included, verify that the path is correct and try again.
[91m   at <ScriptBlock>, C:\Users\lavantien\dev\github\dotfiles\tests\powershell\version-edge-cases.Tests.ps1:189
[91m   at <ScriptBlock>, C:\Users\lavantien\Documents\PowerShell\Modules\Pester\5.7.1\Pester.psm1:2024
[91m   at <ScriptBlock>, C:\Users\lavantien\Documents\PowerShell\Modules\Pester\5.7.1\Pester.psm1:1985
[91m   at Invoke-ScriptBlock, C:\Users\lavantien\Documents\PowerShell\Modules\Pester\5.7.1\Pester.psm1:2157
[91m   at Invoke-TestItem, C:\Users\lavantien\Documents\PowerShell\Modules\Pester\5.7.1\Pester.psm1:1199
[91m   at Invoke-Block, C:\Users\lavantien\Documents\PowerShell\Modules\Pester\5.7.1\Pester.psm1:835
[91m   at <ScriptBlock>, C:\Users\lavantien\Documents\PowerShell\Modules\Pester\5.7.1\Pester.psm1:893
[91m   at <ScriptBlock>, C:\Users\lavantien\Documents\PowerShell\Modules\Pester\5.7.1\Pester.psm1:2024
[91m   at <ScriptBlock>, C:\Users\lavantien\Documents\PowerShell\Modules\Pester\5.7.1\Pester.psm1:1985
[91m   at Invoke-ScriptBlock, C:\Users\lavantien\Documents\PowerShell\Modules\Pester\5.7.1\Pester.psm1:2160
[91m   at Invoke-Block, C:\Users\lavantien\Documents\PowerShell\Modules\Pester\5.7.1\Pester.psm1:940
[91m   at <ScriptBlock>, C:\Users\lavantien\Documents\PowerShell\Modules\Pester\5.7.1\Pester.psm1:893
[91m   at <ScriptBlock>, C:\Users\lavantien\Documents\PowerShell\Modules\Pester\5.7.1\Pester.psm1:2024
[91m   at <ScriptBlock>, C:\Users\lavantien\Documents\PowerShell\Modules\Pester\5.7.1\Pester.psm1:1985
[91m   at Invoke-ScriptBlock, C:\Users\lavantien\Documents\PowerShell\Modules\Pester\5.7.1\Pester.psm1:2160
[91m   at Invoke-Block, C:\Users\lavantien\Documents\PowerShell\Modules\Pester\5.7.1\Pester.psm1:940
[91m   at <ScriptBlock>, C:\Users\lavantien\Documents\PowerShell\Modules\Pester\5.7.1\Pester.psm1:1688
[91m   at <ScriptBlock>, C:\Users\lavantien\Documents\PowerShell\Modules\Pester\5.7.1\Pester.ps1:3
[91m   at <ScriptBlock>, C:\Users\lavantien\Documents\PowerShell\Modules\Pester\5.7.1\Pester.psm1:3260
[91m   at Invoke-InNewScriptScope, C:\Users\lavantien\Documents\PowerShell\Modules\Pester\5.7.1\Pester.psm1:3267
[91m   at Run-Test, C:\Users\lavantien\Documents\PowerShell\Modules\Pester\5.7.1\Pester.psm1:1691
[91m   at Invoke-Test, C:\Users\lavantien\Documents\PowerShell\Modules\Pester\5.7.1\Pester.psm1:2512
[91m   at Invoke-Pester<End>, C:\Users\lavantien\Documents\PowerShell\Modules\Pester\5.7.1\Pester.psm1:4960
[91m   at <ScriptBlock>, C:\Users\lavantien\dev\github\dotfiles\run-tests.ps1:10[0m
[91m  [-] Returns custom flag for cargo[0m[90m 26ms (25ms|1ms)[0m
[91m   CommandNotFoundException: The term 'Get-VersionFlag' is not recognized as a name of a cmdlet, function, script file, or executable program.
[91m   Check the spelling of the name, or if a path was included, verify that the path is correct and try again.
[91m   at <ScriptBlock>, C:\Users\lavantien\dev\github\dotfiles\tests\powershell\version-edge-cases.Tests.ps1:194
[91m   at <ScriptBlock>, C:\Users\lavantien\Documents\PowerShell\Modules\Pester\5.7.1\Pester.psm1:2024
[91m   at <ScriptBlock>, C:\Users\lavantien\Documents\PowerShell\Modules\Pester\5.7.1\Pester.psm1:1985
[91m   at Invoke-ScriptBlock, C:\Users\lavantien\Documents\PowerShell\Modules\Pester\5.7.1\Pester.psm1:2157
[91m   at Invoke-TestItem, C:\Users\lavantien\Documents\PowerShell\Modules\Pester\5.7.1\Pester.psm1:1199
[91m   at Invoke-Block, C:\Users\lavantien\Documents\PowerShell\Modules\Pester\5.7.1\Pester.psm1:835
[91m   at <ScriptBlock>, C:\Users\lavantien\Documents\PowerShell\Modules\Pester\5.7.1\Pester.psm1:893
[91m   at <ScriptBlock>, C:\Users\lavantien\Documents\PowerShell\Modules\Pester\5.7.1\Pester.psm1:2024
[91m   at <ScriptBlock>, C:\Users\lavantien\Documents\PowerShell\Modules\Pester\5.7.1\Pester.psm1:1985
[91m   at Invoke-ScriptBlock, C:\Users\lavantien\Documents\PowerShell\Modules\Pester\5.7.1\Pester.psm1:2160
[91m   at Invoke-Block, C:\Users\lavantien\Documents\PowerShell\Modules\Pester\5.7.1\Pester.psm1:940
[91m   at <ScriptBlock>, C:\Users\lavantien\Documents\PowerShell\Modules\Pester\5.7.1\Pester.psm1:893
[91m   at <ScriptBlock>, C:\Users\lavantien\Documents\PowerShell\Modules\Pester\5.7.1\Pester.psm1:2024
[91m   at <ScriptBlock>, C:\Users\lavantien\Documents\PowerShell\Modules\Pester\5.7.1\Pester.psm1:1985
[91m   at Invoke-ScriptBlock, C:\Users\lavantien\Documents\PowerShell\Modules\Pester\5.7.1\Pester.psm1:2160
[91m   at Invoke-Block, C:\Users\lavantien\Documents\PowerShell\Modules\Pester\5.7.1\Pester.psm1:940
[91m   at <ScriptBlock>, C:\Users\lavantien\Documents\PowerShell\Modules\Pester\5.7.1\Pester.psm1:1688
[91m   at <ScriptBlock>, C:\Users\lavantien\Documents\PowerShell\Modules\Pester\5.7.1\Pester.ps1:3
[91m   at <ScriptBlock>, C:\Users\lavantien\Documents\PowerShell\Modules\Pester\5.7.1\Pester.psm1:3260
[91m   at Invoke-InNewScriptScope, C:\Users\lavantien\Documents\PowerShell\Modules\Pester\5.7.1\Pester.psm1:3267
[91m   at Run-Test, C:\Users\lavantien\Documents\PowerShell\Modules\Pester\5.7.1\Pester.psm1:1691
[91m   at Invoke-Test, C:\Users\lavantien\Documents\PowerShell\Modules\Pester\5.7.1\Pester.psm1:2512
[91m   at Invoke-Pester<End>, C:\Users\lavantien\Documents\PowerShell\Modules\Pester\5.7.1\Pester.psm1:4960
[91m   at <ScriptBlock>, C:\Users\lavantien\dev\github\dotfiles\run-tests.ps1:10[0m
[91m  [-] Returns custom flag for scoop[0m[90m 28ms (28ms|1ms)[0m
[91m   CommandNotFoundException: The term 'Get-VersionFlag' is not recognized as a name of a cmdlet, function, script file, or executable program.
[91m   Check the spelling of the name, or if a path was included, verify that the path is correct and try again.
[91m   at <ScriptBlock>, C:\Users\lavantien\dev\github\dotfiles\tests\powershell\version-edge-cases.Tests.ps1:199
[91m   at <ScriptBlock>, C:\Users\lavantien\Documents\PowerShell\Modules\Pester\5.7.1\Pester.psm1:2024
[91m   at <ScriptBlock>, C:\Users\lavantien\Documents\PowerShell\Modules\Pester\5.7.1\Pester.psm1:1985
[91m   at Invoke-ScriptBlock, C:\Users\lavantien\Documents\PowerShell\Modules\Pester\5.7.1\Pester.psm1:2157
[91m   at Invoke-TestItem, C:\Users\lavantien\Documents\PowerShell\Modules\Pester\5.7.1\Pester.psm1:1199
[91m   at Invoke-Block, C:\Users\lavantien\Documents\PowerShell\Modules\Pester\5.7.1\Pester.psm1:835
[91m   at <ScriptBlock>, C:\Users\lavantien\Documents\PowerShell\Modules\Pester\5.7.1\Pester.psm1:893
[91m   at <ScriptBlock>, C:\Users\lavantien\Documents\PowerShell\Modules\Pester\5.7.1\Pester.psm1:2024
[91m   at <ScriptBlock>, C:\Users\lavantien\Documents\PowerShell\Modules\Pester\5.7.1\Pester.psm1:1985
[91m   at Invoke-ScriptBlock, C:\Users\lavantien\Documents\PowerShell\Modules\Pester\5.7.1\Pester.psm1:2160
[91m   at Invoke-Block, C:\Users\lavantien\Documents\PowerShell\Modules\Pester\5.7.1\Pester.psm1:940
[91m   at <ScriptBlock>, C:\Users\lavantien\Documents\PowerShell\Modules\Pester\5.7.1\Pester.psm1:893
[91m   at <ScriptBlock>, C:\Users\lavantien\Documents\PowerShell\Modules\Pester\5.7.1\Pester.psm1:2024
[91m   at <ScriptBlock>, C:\Users\lavantien\Documents\PowerShell\Modules\Pester\5.7.1\Pester.psm1:1985
[91m   at Invoke-ScriptBlock, C:\Users\lavantien\Documents\PowerShell\Modules\Pester\5.7.1\Pester.psm1:2160
[91m   at Invoke-Block, C:\Users\lavantien\Documents\PowerShell\Modules\Pester\5.7.1\Pester.psm1:940
[91m   at <ScriptBlock>, C:\Users\lavantien\Documents\PowerShell\Modules\Pester\5.7.1\Pester.psm1:1688
[91m   at <ScriptBlock>, C:\Users\lavantien\Documents\PowerShell\Modules\Pester\5.7.1\Pester.ps1:3
[91m   at <ScriptBlock>, C:\Users\lavantien\Documents\PowerShell\Modules\Pester\5.7.1\Pester.psm1:3260
[91m   at Invoke-InNewScriptScope, C:\Users\lavantien\Documents\PowerShell\Modules\Pester\5.7.1\Pester.psm1:3267
[91m   at Run-Test, C:\Users\lavantien\Documents\PowerShell\Modules\Pester\5.7.1\Pester.psm1:1691
[91m   at Invoke-Test, C:\Users\lavantien\Documents\PowerShell\Modules\Pester\5.7.1\Pester.psm1:2512
[91m   at Invoke-Pester<End>, C:\Users\lavantien\Documents\PowerShell\Modules\Pester\5.7.1\Pester.psm1:4960
[91m   at <ScriptBlock>, C:\Users\lavantien\dev\github\dotfiles\run-tests.ps1:10[0m
[91m  [-] Returns default flag for unknown tool[0m[90m 21ms (20ms|0ms)[0m
[91m   CommandNotFoundException: The term 'Get-VersionFlag' is not recognized as a name of a cmdlet, function, script file, or executable program.
[91m   Check the spelling of the name, or if a path was included, verify that the path is correct and try again.
[91m   at <ScriptBlock>, C:\Users\lavantien\dev\github\dotfiles\tests\powershell\version-edge-cases.Tests.ps1:204
[91m   at <ScriptBlock>, C:\Users\lavantien\Documents\PowerShell\Modules\Pester\5.7.1\Pester.psm1:2024
[91m   at <ScriptBlock>, C:\Users\lavantien\Documents\PowerShell\Modules\Pester\5.7.1\Pester.psm1:1985
[91m   at Invoke-ScriptBlock, C:\Users\lavantien\Documents\PowerShell\Modules\Pester\5.7.1\Pester.psm1:2157
[91m   at Invoke-TestItem, C:\Users\lavantien\Documents\PowerShell\Modules\Pester\5.7.1\Pester.psm1:1199
[91m   at Invoke-Block, C:\Users\lavantien\Documents\PowerShell\Modules\Pester\5.7.1\Pester.psm1:835
[91m   at <ScriptBlock>, C:\Users\lavantien\Documents\PowerShell\Modules\Pester\5.7.1\Pester.psm1:893
[91m   at <ScriptBlock>, C:\Users\lavantien\Documents\PowerShell\Modules\Pester\5.7.1\Pester.psm1:2024
[91m   at <ScriptBlock>, C:\Users\lavantien\Documents\PowerShell\Modules\Pester\5.7.1\Pester.psm1:1985
[91m   at Invoke-ScriptBlock, C:\Users\lavantien\Documents\PowerShell\Modules\Pester\5.7.1\Pester.psm1:2160
[91m   at Invoke-Block, C:\Users\lavantien\Documents\PowerShell\Modules\Pester\5.7.1\Pester.psm1:940
[91m   at <ScriptBlock>, C:\Users\lavantien\Documents\PowerShell\Modules\Pester\5.7.1\Pester.psm1:893
[91m   at <ScriptBlock>, C:\Users\lavantien\Documents\PowerShell\Modules\Pester\5.7.1\Pester.psm1:2024
[91m   at <ScriptBlock>, C:\Users\lavantien\Documents\PowerShell\Modules\Pester\5.7.1\Pester.psm1:1985
[91m   at Invoke-ScriptBlock, C:\Users\lavantien\Documents\PowerShell\Modules\Pester\5.7.1\Pester.psm1:2160
[91m   at Invoke-Block, C:\Users\lavantien\Documents\PowerShell\Modules\Pester\5.7.1\Pester.psm1:940
[91m   at <ScriptBlock>, C:\Users\lavantien\Documents\PowerShell\Modules\Pester\5.7.1\Pester.psm1:1688
[91m   at <ScriptBlock>, C:\Users\lavantien\Documents\PowerShell\Modules\Pester\5.7.1\Pester.ps1:3
[91m   at <ScriptBlock>, C:\Users\lavantien\Documents\PowerShell\Modules\Pester\5.7.1\Pester.psm1:3260
[91m   at Invoke-InNewScriptScope, C:\Users\lavantien\Documents\PowerShell\Modules\Pester\5.7.1\Pester.psm1:3267
[91m   at Run-Test, C:\Users\lavantien\Documents\PowerShell\Modules\Pester\5.7.1\Pester.psm1:1691
[91m   at Invoke-Test, C:\Users\lavantien\Documents\PowerShell\Modules\Pester\5.7.1\Pester.psm1:2512
[91m   at Invoke-Pester<End>, C:\Users\lavantien\Documents\PowerShell\Modules\Pester\5.7.1\Pester.psm1:4960
[91m   at <ScriptBlock>, C:\Users\lavantien\dev\github\dotfiles\run-tests.ps1:10[0m
[0m
[92mDescribing version-check.ps1 - Get-VersionPattern[0m
[91m  [-] Returns pattern for known tools[0m[90m 38ms (36ms|1ms)[0m
[91m   CommandNotFoundException: The term 'Get-VersionPattern' is not recognized as a name of a cmdlet, function, script file, or executable program.
[91m   Check the spelling of the name, or if a path was included, verify that the path is correct and try again.
[91m   at <ScriptBlock>, C:\Users\lavantien\dev\github\dotfiles\tests\powershell\version-edge-cases.Tests.ps1:212
[91m   at <ScriptBlock>, C:\Users\lavantien\Documents\PowerShell\Modules\Pester\5.7.1\Pester.psm1:2024
[91m   at <ScriptBlock>, C:\Users\lavantien\Documents\PowerShell\Modules\Pester\5.7.1\Pester.psm1:1985
[91m   at Invoke-ScriptBlock, C:\Users\lavantien\Documents\PowerShell\Modules\Pester\5.7.1\Pester.psm1:2157
[91m   at Invoke-TestItem, C:\Users\lavantien\Documents\PowerShell\Modules\Pester\5.7.1\Pester.psm1:1199
[91m   at Invoke-Block, C:\Users\lavantien\Documents\PowerShell\Modules\Pester\5.7.1\Pester.psm1:835
[91m   at <ScriptBlock>, C:\Users\lavantien\Documents\PowerShell\Modules\Pester\5.7.1\Pester.psm1:893
[91m   at <ScriptBlock>, C:\Users\lavantien\Documents\PowerShell\Modules\Pester\5.7.1\Pester.psm1:2024
[91m   at <ScriptBlock>, C:\Users\lavantien\Documents\PowerShell\Modules\Pester\5.7.1\Pester.psm1:1985
[91m   at Invoke-ScriptBlock, C:\Users\lavantien\Documents\PowerShell\Modules\Pester\5.7.1\Pester.psm1:2160
[91m   at Invoke-Block, C:\Users\lavantien\Documents\PowerShell\Modules\Pester\5.7.1\Pester.psm1:940
[91m   at <ScriptBlock>, C:\Users\lavantien\Documents\PowerShell\Modules\Pester\5.7.1\Pester.psm1:893
[91m   at <ScriptBlock>, C:\Users\lavantien\Documents\PowerShell\Modules\Pester\5.7.1\Pester.psm1:2024
[91m   at <ScriptBlock>, C:\Users\lavantien\Documents\PowerShell\Modules\Pester\5.7.1\Pester.psm1:1985
[91m   at Invoke-ScriptBlock, C:\Users\lavantien\Documents\PowerShell\Modules\Pester\5.7.1\Pester.psm1:2160
[91m   at Invoke-Block, C:\Users\lavantien\Documents\PowerShell\Modules\Pester\5.7.1\Pester.psm1:940
[91m   at <ScriptBlock>, C:\Users\lavantien\Documents\PowerShell\Modules\Pester\5.7.1\Pester.psm1:1688
[91m   at <ScriptBlock>, C:\Users\lavantien\Documents\PowerShell\Modules\Pester\5.7.1\Pester.ps1:3
[91m   at <ScriptBlock>, C:\Users\lavantien\Documents\PowerShell\Modules\Pester\5.7.1\Pester.psm1:3260
[91m   at Invoke-InNewScriptScope, C:\Users\lavantien\Documents\PowerShell\Modules\Pester\5.7.1\Pester.psm1:3267
[91m   at Run-Test, C:\Users\lavantien\Documents\PowerShell\Modules\Pester\5.7.1\Pester.psm1:1691
[91m   at Invoke-Test, C:\Users\lavantien\Documents\PowerShell\Modules\Pester\5.7.1\Pester.psm1:2512
[91m   at Invoke-Pester<End>, C:\Users\lavantien\Documents\PowerShell\Modules\Pester\5.7.1\Pester.psm1:4960
[91m   at <ScriptBlock>, C:\Users\lavantien\dev\github\dotfiles\run-tests.ps1:10[0m
[91m  [-] Returns default pattern for unknown tools[0m[90m 34ms (34ms|1ms)[0m
[91m   CommandNotFoundException: The term 'Get-VersionPattern' is not recognized as a name of a cmdlet, function, script file, or executable program.
[91m   Check the spelling of the name, or if a path was included, verify that the path is correct and try again.
[91m   at <ScriptBlock>, C:\Users\lavantien\dev\github\dotfiles\tests\powershell\version-edge-cases.Tests.ps1:217
[91m   at <ScriptBlock>, C:\Users\lavantien\Documents\PowerShell\Modules\Pester\5.7.1\Pester.psm1:2024
[91m   at <ScriptBlock>, C:\Users\lavantien\Documents\PowerShell\Modules\Pester\5.7.1\Pester.psm1:1985
[91m   at Invoke-ScriptBlock, C:\Users\lavantien\Documents\PowerShell\Modules\Pester\5.7.1\Pester.psm1:2157
[91m   at Invoke-TestItem, C:\Users\lavantien\Documents\PowerShell\Modules\Pester\5.7.1\Pester.psm1:1199
[91m   at Invoke-Block, C:\Users\lavantien\Documents\PowerShell\Modules\Pester\5.7.1\Pester.psm1:835
[91m   at <ScriptBlock>, C:\Users\lavantien\Documents\PowerShell\Modules\Pester\5.7.1\Pester.psm1:893
[91m   at <ScriptBlock>, C:\Users\lavantien\Documents\PowerShell\Modules\Pester\5.7.1\Pester.psm1:2024
[91m   at <ScriptBlock>, C:\Users\lavantien\Documents\PowerShell\Modules\Pester\5.7.1\Pester.psm1:1985
[91m   at Invoke-ScriptBlock, C:\Users\lavantien\Documents\PowerShell\Modules\Pester\5.7.1\Pester.psm1:2160
[91m   at Invoke-Block, C:\Users\lavantien\Documents\PowerShell\Modules\Pester\5.7.1\Pester.psm1:940
[91m   at <ScriptBlock>, C:\Users\lavantien\Documents\PowerShell\Modules\Pester\5.7.1\Pester.psm1:893
[91m   at <ScriptBlock>, C:\Users\lavantien\Documents\PowerShell\Modules\Pester\5.7.1\Pester.psm1:2024
[91m   at <ScriptBlock>, C:\Users\lavantien\Documents\PowerShell\Modules\Pester\5.7.1\Pester.psm1:1985
[91m   at Invoke-ScriptBlock, C:\Users\lavantien\Documents\PowerShell\Modules\Pester\5.7.1\Pester.psm1:2160
[91m   at Invoke-Block, C:\Users\lavantien\Documents\PowerShell\Modules\Pester\5.7.1\Pester.psm1:940
[91m   at <ScriptBlock>, C:\Users\lavantien\Documents\PowerShell\Modules\Pester\5.7.1\Pester.psm1:1688
[91m   at <ScriptBlock>, C:\Users\lavantien\Documents\PowerShell\Modules\Pester\5.7.1\Pester.ps1:3
[91m   at <ScriptBlock>, C:\Users\lavantien\Documents\PowerShell\Modules\Pester\5.7.1\Pester.psm1:3260
[91m   at Invoke-InNewScriptScope, C:\Users\lavantien\Documents\PowerShell\Modules\Pester\5.7.1\Pester.psm1:3267
[91m   at Run-Test, C:\Users\lavantien\Documents\PowerShell\Modules\Pester\5.7.1\Pester.psm1:1691
[91m   at Invoke-Test, C:\Users\lavantien\Documents\PowerShell\Modules\Pester\5.7.1\Pester.psm1:2512
[91m   at Invoke-Pester<End>, C:\Users\lavantien\Documents\PowerShell\Modules\Pester\5.7.1\Pester.psm1:4960
[91m   at <ScriptBlock>, C:\Users\lavantien\dev\github\dotfiles\run-tests.ps1:10[0m
[0m
[92mDescribing version-check.ps1 - Parse-VersionString[0m
[91m  [-] Extracts version from standard format[0m[90m 35ms (34ms|2ms)[0m
[91m   CommandNotFoundException: The term 'Parse-VersionString' is not recognized as a name of a cmdlet, function, script file, or executable program.
[91m   Check the spelling of the name, or if a path was included, verify that the path is correct and try again.
[91m   at <ScriptBlock>, C:\Users\lavantien\dev\github\dotfiles\tests\powershell\version-edge-cases.Tests.ps1:225
[91m   at <ScriptBlock>, C:\Users\lavantien\Documents\PowerShell\Modules\Pester\5.7.1\Pester.psm1:2024
[91m   at <ScriptBlock>, C:\Users\lavantien\Documents\PowerShell\Modules\Pester\5.7.1\Pester.psm1:1985
[91m   at Invoke-ScriptBlock, C:\Users\lavantien\Documents\PowerShell\Modules\Pester\5.7.1\Pester.psm1:2157
[91m   at Invoke-TestItem, C:\Users\lavantien\Documents\PowerShell\Modules\Pester\5.7.1\Pester.psm1:1199
[91m   at Invoke-Block, C:\Users\lavantien\Documents\PowerShell\Modules\Pester\5.7.1\Pester.psm1:835
[91m   at <ScriptBlock>, C:\Users\lavantien\Documents\PowerShell\Modules\Pester\5.7.1\Pester.psm1:893
[91m   at <ScriptBlock>, C:\Users\lavantien\Documents\PowerShell\Modules\Pester\5.7.1\Pester.psm1:2024
[91m   at <ScriptBlock>, C:\Users\lavantien\Documents\PowerShell\Modules\Pester\5.7.1\Pester.psm1:1985
[91m   at Invoke-ScriptBlock, C:\Users\lavantien\Documents\PowerShell\Modules\Pester\5.7.1\Pester.psm1:2160
[91m   at Invoke-Block, C:\Users\lavantien\Documents\PowerShell\Modules\Pester\5.7.1\Pester.psm1:940
[91m   at <ScriptBlock>, C:\Users\lavantien\Documents\PowerShell\Modules\Pester\5.7.1\Pester.psm1:893
[91m   at <ScriptBlock>, C:\Users\lavantien\Documents\PowerShell\Modules\Pester\5.7.1\Pester.psm1:2024
[91m   at <ScriptBlock>, C:\Users\lavantien\Documents\PowerShell\Modules\Pester\5.7.1\Pester.psm1:1985
[91m   at Invoke-ScriptBlock, C:\Users\lavantien\Documents\PowerShell\Modules\Pester\5.7.1\Pester.psm1:2160
[91m   at Invoke-Block, C:\Users\lavantien\Documents\PowerShell\Modules\Pester\5.7.1\Pester.psm1:940
[91m   at <ScriptBlock>, C:\Users\lavantien\Documents\PowerShell\Modules\Pester\5.7.1\Pester.psm1:1688
[91m   at <ScriptBlock>, C:\Users\lavantien\Documents\PowerShell\Modules\Pester\5.7.1\Pester.ps1:3
[91m   at <ScriptBlock>, C:\Users\lavantien\Documents\PowerShell\Modules\Pester\5.7.1\Pester.psm1:3260
[91m   at Invoke-InNewScriptScope, C:\Users\lavantien\Documents\PowerShell\Modules\Pester\5.7.1\Pester.psm1:3267
[91m   at Run-Test, C:\Users\lavantien\Documents\PowerShell\Modules\Pester\5.7.1\Pester.psm1:1691
[91m   at Invoke-Test, C:\Users\lavantien\Documents\PowerShell\Modules\Pester\5.7.1\Pester.psm1:2512
[91m   at Invoke-Pester<End>, C:\Users\lavantien\Documents\PowerShell\Modules\Pester\5.7.1\Pester.psm1:4960
[91m   at <ScriptBlock>, C:\Users\lavantien\dev\github\dotfiles\run-tests.ps1:10[0m
[91m  [-] Handles versions with v prefix[0m[90m 41ms (40ms|1ms)[0m
[91m   CommandNotFoundException: The term 'Parse-VersionString' is not recognized as a name of a cmdlet, function, script file, or executable program.
[91m   Check the spelling of the name, or if a path was included, verify that the path is correct and try again.
[91m   at <ScriptBlock>, C:\Users\lavantien\dev\github\dotfiles\tests\powershell\version-edge-cases.Tests.ps1:230
[91m   at <ScriptBlock>, C:\Users\lavantien\Documents\PowerShell\Modules\Pester\5.7.1\Pester.psm1:2024
[91m   at <ScriptBlock>, C:\Users\lavantien\Documents\PowerShell\Modules\Pester\5.7.1\Pester.psm1:1985
[91m   at Invoke-ScriptBlock, C:\Users\lavantien\Documents\PowerShell\Modules\Pester\5.7.1\Pester.psm1:2157
[91m   at Invoke-TestItem, C:\Users\lavantien\Documents\PowerShell\Modules\Pester\5.7.1\Pester.psm1:1199
[91m   at Invoke-Block, C:\Users\lavantien\Documents\PowerShell\Modules\Pester\5.7.1\Pester.psm1:835
[91m   at <ScriptBlock>, C:\Users\lavantien\Documents\PowerShell\Modules\Pester\5.7.1\Pester.psm1:893
[91m   at <ScriptBlock>, C:\Users\lavantien\Documents\PowerShell\Modules\Pester\5.7.1\Pester.psm1:2024
[91m   at <ScriptBlock>, C:\Users\lavantien\Documents\PowerShell\Modules\Pester\5.7.1\Pester.psm1:1985
[91m   at Invoke-ScriptBlock, C:\Users\lavantien\Documents\PowerShell\Modules\Pester\5.7.1\Pester.psm1:2160
[91m   at Invoke-Block, C:\Users\lavantien\Documents\PowerShell\Modules\Pester\5.7.1\Pester.psm1:940
[91m   at <ScriptBlock>, C:\Users\lavantien\Documents\PowerShell\Modules\Pester\5.7.1\Pester.psm1:893
[91m   at <ScriptBlock>, C:\Users\lavantien\Documents\PowerShell\Modules\Pester\5.7.1\Pester.psm1:2024
[91m   at <ScriptBlock>, C:\Users\lavantien\Documents\PowerShell\Modules\Pester\5.7.1\Pester.psm1:1985
[91m   at Invoke-ScriptBlock, C:\Users\lavantien\Documents\PowerShell\Modules\Pester\5.7.1\Pester.psm1:2160
[91m   at Invoke-Block, C:\Users\lavantien\Documents\PowerShell\Modules\Pester\5.7.1\Pester.psm1:940
[91m   at <ScriptBlock>, C:\Users\lavantien\Documents\PowerShell\Modules\Pester\5.7.1\Pester.psm1:1688
[91m   at <ScriptBlock>, C:\Users\lavantien\Documents\PowerShell\Modules\Pester\5.7.1\Pester.ps1:3
[91m   at <ScriptBlock>, C:\Users\lavantien\Documents\PowerShell\Modules\Pester\5.7.1\Pester.psm1:3260
[91m   at Invoke-InNewScriptScope, C:\Users\lavantien\Documents\PowerShell\Modules\Pester\5.7.1\Pester.psm1:3267
[91m   at Run-Test, C:\Users\lavantien\Documents\PowerShell\Modules\Pester\5.7.1\Pester.psm1:1691
[91m   at Invoke-Test, C:\Users\lavantien\Documents\PowerShell\Modules\Pester\5.7.1\Pester.psm1:2512
[91m   at Invoke-Pester<End>, C:\Users\lavantien\Documents\PowerShell\Modules\Pester\5.7.1\Pester.psm1:4960
[91m   at <ScriptBlock>, C:\Users\lavantien\dev\github\dotfiles\run-tests.ps1:10[0m
[91m  [-] Handles complex version strings[0m[90m 28ms (28ms|0ms)[0m
[91m   CommandNotFoundException: The term 'Parse-VersionString' is not recognized as a name of a cmdlet, function, script file, or executable program.
[91m   Check the spelling of the name, or if a path was included, verify that the path is correct and try again.
[91m   at <ScriptBlock>, C:\Users\lavantien\dev\github\dotfiles\tests\powershell\version-edge-cases.Tests.ps1:235
[91m   at <ScriptBlock>, C:\Users\lavantien\Documents\PowerShell\Modules\Pester\5.7.1\Pester.psm1:2024
[91m   at <ScriptBlock>, C:\Users\lavantien\Documents\PowerShell\Modules\Pester\5.7.1\Pester.psm1:1985
[91m   at Invoke-ScriptBlock, C:\Users\lavantien\Documents\PowerShell\Modules\Pester\5.7.1\Pester.psm1:2157
[91m   at Invoke-TestItem, C:\Users\lavantien\Documents\PowerShell\Modules\Pester\5.7.1\Pester.psm1:1199
[91m   at Invoke-Block, C:\Users\lavantien\Documents\PowerShell\Modules\Pester\5.7.1\Pester.psm1:835
[91m   at <ScriptBlock>, C:\Users\lavantien\Documents\PowerShell\Modules\Pester\5.7.1\Pester.psm1:893
[91m   at <ScriptBlock>, C:\Users\lavantien\Documents\PowerShell\Modules\Pester\5.7.1\Pester.psm1:2024
[91m   at <ScriptBlock>, C:\Users\lavantien\Documents\PowerShell\Modules\Pester\5.7.1\Pester.psm1:1985
[91m   at Invoke-ScriptBlock, C:\Users\lavantien\Documents\PowerShell\Modules\Pester\5.7.1\Pester.psm1:2160
[91m   at Invoke-Block, C:\Users\lavantien\Documents\PowerShell\Modules\Pester\5.7.1\Pester.psm1:940
[91m   at <ScriptBlock>, C:\Users\lavantien\Documents\PowerShell\Modules\Pester\5.7.1\Pester.psm1:893
[91m   at <ScriptBlock>, C:\Users\lavantien\Documents\PowerShell\Modules\Pester\5.7.1\Pester.psm1:2024
[91m   at <ScriptBlock>, C:\Users\lavantien\Documents\PowerShell\Modules\Pester\5.7.1\Pester.psm1:1985
[91m   at Invoke-ScriptBlock, C:\Users\lavantien\Documents\PowerShell\Modules\Pester\5.7.1\Pester.psm1:2160
[91m   at Invoke-Block, C:\Users\lavantien\Documents\PowerShell\Modules\Pester\5.7.1\Pester.psm1:940
[91m   at <ScriptBlock>, C:\Users\lavantien\Documents\PowerShell\Modules\Pester\5.7.1\Pester.psm1:1688
[91m   at <ScriptBlock>, C:\Users\lavantien\Documents\PowerShell\Modules\Pester\5.7.1\Pester.ps1:3
[91m   at <ScriptBlock>, C:\Users\lavantien\Documents\PowerShell\Modules\Pester\5.7.1\Pester.psm1:3260
[91m   at Invoke-InNewScriptScope, C:\Users\lavantien\Documents\PowerShell\Modules\Pester\5.7.1\Pester.psm1:3267
[91m   at Run-Test, C:\Users\lavantien\Documents\PowerShell\Modules\Pester\5.7.1\Pester.psm1:1691
[91m   at Invoke-Test, C:\Users\lavantien\Documents\PowerShell\Modules\Pester\5.7.1\Pester.psm1:2512
[91m   at Invoke-Pester<End>, C:\Users\lavantien\Documents\PowerShell\Modules\Pester\5.7.1\Pester.psm1:4960
[91m   at <ScriptBlock>, C:\Users\lavantien\dev\github\dotfiles\run-tests.ps1:10[0m
[91m  [-] Returns null when no version found[0m[90m 32ms (31ms|1ms)[0m
[91m   CommandNotFoundException: The term 'Parse-VersionString' is not recognized as a name of a cmdlet, function, script file, or executable program.
[91m   Check the spelling of the name, or if a path was included, verify that the path is correct and try again.
[91m   at <ScriptBlock>, C:\Users\lavantien\dev\github\dotfiles\tests\powershell\version-edge-cases.Tests.ps1:240
[91m   at <ScriptBlock>, C:\Users\lavantien\Documents\PowerShell\Modules\Pester\5.7.1\Pester.psm1:2024
[91m   at <ScriptBlock>, C:\Users\lavantien\Documents\PowerShell\Modules\Pester\5.7.1\Pester.psm1:1985
[91m   at Invoke-ScriptBlock, C:\Users\lavantien\Documents\PowerShell\Modules\Pester\5.7.1\Pester.psm1:2157
[91m   at Invoke-TestItem, C:\Users\lavantien\Documents\PowerShell\Modules\Pester\5.7.1\Pester.psm1:1199
[91m   at Invoke-Block, C:\Users\lavantien\Documents\PowerShell\Modules\Pester\5.7.1\Pester.psm1:835
[91m   at <ScriptBlock>, C:\Users\lavantien\Documents\PowerShell\Modules\Pester\5.7.1\Pester.psm1:893
[91m   at <ScriptBlock>, C:\Users\lavantien\Documents\PowerShell\Modules\Pester\5.7.1\Pester.psm1:2024
[91m   at <ScriptBlock>, C:\Users\lavantien\Documents\PowerShell\Modules\Pester\5.7.1\Pester.psm1:1985
[91m   at Invoke-ScriptBlock, C:\Users\lavantien\Documents\PowerShell\Modules\Pester\5.7.1\Pester.psm1:2160
[91m   at Invoke-Block, C:\Users\lavantien\Documents\PowerShell\Modules\Pester\5.7.1\Pester.psm1:940
[91m   at <ScriptBlock>, C:\Users\lavantien\Documents\PowerShell\Modules\Pester\5.7.1\Pester.psm1:893
[91m   at <ScriptBlock>, C:\Users\lavantien\Documents\PowerShell\Modules\Pester\5.7.1\Pester.psm1:2024
[91m   at <ScriptBlock>, C:\Users\lavantien\Documents\PowerShell\Modules\Pester\5.7.1\Pester.psm1:1985
[91m   at Invoke-ScriptBlock, C:\Users\lavantien\Documents\PowerShell\Modules\Pester\5.7.1\Pester.psm1:2160
[91m   at Invoke-Block, C:\Users\lavantien\Documents\PowerShell\Modules\Pester\5.7.1\Pester.psm1:940
[91m   at <ScriptBlock>, C:\Users\lavantien\Documents\PowerShell\Modules\Pester\5.7.1\Pester.psm1:1688
[91m   at <ScriptBlock>, C:\Users\lavantien\Documents\PowerShell\Modules\Pester\5.7.1\Pester.ps1:3
[91m   at <ScriptBlock>, C:\Users\lavantien\Documents\PowerShell\Modules\Pester\5.7.1\Pester.psm1:3260
[91m   at Invoke-InNewScriptScope, C:\Users\lavantien\Documents\PowerShell\Modules\Pester\5.7.1\Pester.psm1:3267
[91m   at Run-Test, C:\Users\lavantien\Documents\PowerShell\Modules\Pester\5.7.1\Pester.psm1:1691
[91m   at Invoke-Test, C:\Users\lavantien\Documents\PowerShell\Modules\Pester\5.7.1\Pester.psm1:2512
[91m   at Invoke-Pester<End>, C:\Users\lavantien\Documents\PowerShell\Modules\Pester\5.7.1\Pester.psm1:4960
[91m   at <ScriptBlock>, C:\Users\lavantien\dev\github\dotfiles\run-tests.ps1:10[0m
[95m
[95mRunning tests from 'C:\Users\lavantien\dev\github\dotfiles\tests\powershell\windows-installers-full.Tests.ps1'[0m
[92mDescribing windows.ps1 - All Install Functions Dry Run[0m
[91m  [-] Install-ScoopPackage basic[0m[90m 28ms (27ms|1ms)[0m
[91m   CommandNotFoundException: Could not find Command Test-NeedsInstall
[91m   at Resolve-Command, C:\Users\lavantien\Documents\PowerShell\Modules\Pester\5.7.1\Pester.psm1:11723
[91m   at Mock, C:\Users\lavantien\Documents\PowerShell\Modules\Pester\5.7.1\Pester.psm1:14978
[91m   at <ScriptBlock>, C:\Users\lavantien\dev\github\dotfiles\tests\powershell\windows-installers-full.Tests.ps1:22
[91m   at <ScriptBlock>, C:\Users\lavantien\Documents\PowerShell\Modules\Pester\5.7.1\Pester.psm1:2011
[91m   at <ScriptBlock>, C:\Users\lavantien\Documents\PowerShell\Modules\Pester\5.7.1\Pester.psm1:1985
[91m   at Invoke-ScriptBlock, C:\Users\lavantien\Documents\PowerShell\Modules\Pester\5.7.1\Pester.psm1:2157
[91m   at Invoke-TestItem, C:\Users\lavantien\Documents\PowerShell\Modules\Pester\5.7.1\Pester.psm1:1199
[91m   at Invoke-Block, C:\Users\lavantien\Documents\PowerShell\Modules\Pester\5.7.1\Pester.psm1:835
[91m   at <ScriptBlock>, C:\Users\lavantien\Documents\PowerShell\Modules\Pester\5.7.1\Pester.psm1:893
[91m   at <ScriptBlock>, C:\Users\lavantien\Documents\PowerShell\Modules\Pester\5.7.1\Pester.psm1:2024
[91m   at <ScriptBlock>, C:\Users\lavantien\Documents\PowerShell\Modules\Pester\5.7.1\Pester.psm1:1985
[91m   at Invoke-ScriptBlock, C:\Users\lavantien\Documents\PowerShell\Modules\Pester\5.7.1\Pester.psm1:2160
[91m   at Invoke-Block, C:\Users\lavantien\Documents\PowerShell\Modules\Pester\5.7.1\Pester.psm1:940
[91m   at <ScriptBlock>, C:\Users\lavantien\Documents\PowerShell\Modules\Pester\5.7.1\Pester.psm1:893
[91m   at <ScriptBlock>, C:\Users\lavantien\Documents\PowerShell\Modules\Pester\5.7.1\Pester.psm1:2024
[91m   at <ScriptBlock>, C:\Users\lavantien\Documents\PowerShell\Modules\Pester\5.7.1\Pester.psm1:1985
[91m   at Invoke-ScriptBlock, C:\Users\lavantien\Documents\PowerShell\Modules\Pester\5.7.1\Pester.psm1:2160
[91m   at Invoke-Block, C:\Users\lavantien\Documents\PowerShell\Modules\Pester\5.7.1\Pester.psm1:940
[91m   at <ScriptBlock>, C:\Users\lavantien\Documents\PowerShell\Modules\Pester\5.7.1\Pester.psm1:1688
[91m   at <ScriptBlock>, C:\Users\lavantien\Documents\PowerShell\Modules\Pester\5.7.1\Pester.ps1:3
[91m   at <ScriptBlock>, C:\Users\lavantien\Documents\PowerShell\Modules\Pester\5.7.1\Pester.psm1:3260
[91m   at Invoke-InNewScriptScope, C:\Users\lavantien\Documents\PowerShell\Modules\Pester\5.7.1\Pester.psm1:3267
[91m   at Run-Test, C:\Users\lavantien\Documents\PowerShell\Modules\Pester\5.7.1\Pester.psm1:1691
[91m   at Invoke-Test, C:\Users\lavantien\Documents\PowerShell\Modules\Pester\5.7.1\Pester.psm1:2512
[91m   at Invoke-Pester<End>, C:\Users\lavantien\Documents\PowerShell\Modules\Pester\5.7.1\Pester.psm1:4960
[91m   at <ScriptBlock>, C:\Users\lavantien\dev\github\dotfiles\run-tests.ps1:10[0m
[91m  [-] Install-ScoopPackage multiple packages[0m[90m 19ms (18ms|0ms)[0m
[91m   CommandNotFoundException: Could not find Command Test-NeedsInstall
[91m   at Resolve-Command, C:\Users\lavantien\Documents\PowerShell\Modules\Pester\5.7.1\Pester.psm1:11723
[91m   at Mock, C:\Users\lavantien\Documents\PowerShell\Modules\Pester\5.7.1\Pester.psm1:14978
[91m   at <ScriptBlock>, C:\Users\lavantien\dev\github\dotfiles\tests\powershell\windows-installers-full.Tests.ps1:22
[91m   at <ScriptBlock>, C:\Users\lavantien\Documents\PowerShell\Modules\Pester\5.7.1\Pester.psm1:2011
[91m   at <ScriptBlock>, C:\Users\lavantien\Documents\PowerShell\Modules\Pester\5.7.1\Pester.psm1:1985
[91m   at Invoke-ScriptBlock, C:\Users\lavantien\Documents\PowerShell\Modules\Pester\5.7.1\Pester.psm1:2157
[91m   at Invoke-TestItem, C:\Users\lavantien\Documents\PowerShell\Modules\Pester\5.7.1\Pester.psm1:1199
[91m   at Invoke-Block, C:\Users\lavantien\Documents\PowerShell\Modules\Pester\5.7.1\Pester.psm1:835
[91m   at <ScriptBlock>, C:\Users\lavantien\Documents\PowerShell\Modules\Pester\5.7.1\Pester.psm1:893
[91m   at <ScriptBlock>, C:\Users\lavantien\Documents\PowerShell\Modules\Pester\5.7.1\Pester.psm1:2024
[91m   at <ScriptBlock>, C:\Users\lavantien\Documents\PowerShell\Modules\Pester\5.7.1\Pester.psm1:1985
[91m   at Invoke-ScriptBlock, C:\Users\lavantien\Documents\PowerShell\Modules\Pester\5.7.1\Pester.psm1:2160
[91m   at Invoke-Block, C:\Users\lavantien\Documents\PowerShell\Modules\Pester\5.7.1\Pester.psm1:940
[91m   at <ScriptBlock>, C:\Users\lavantien\Documents\PowerShell\Modules\Pester\5.7.1\Pester.psm1:893
[91m   at <ScriptBlock>, C:\Users\lavantien\Documents\PowerShell\Modules\Pester\5.7.1\Pester.psm1:2024
[91m   at <ScriptBlock>, C:\Users\lavantien\Documents\PowerShell\Modules\Pester\5.7.1\Pester.psm1:1985
[91m   at Invoke-ScriptBlock, C:\Users\lavantien\Documents\PowerShell\Modules\Pester\5.7.1\Pester.psm1:2160
[91m   at Invoke-Block, C:\Users\lavantien\Documents\PowerShell\Modules\Pester\5.7.1\Pester.psm1:940
[91m   at <ScriptBlock>, C:\Users\lavantien\Documents\PowerShell\Modules\Pester\5.7.1\Pester.psm1:1688
[91m   at <ScriptBlock>, C:\Users\lavantien\Documents\PowerShell\Modules\Pester\5.7.1\Pester.ps1:3
[91m   at <ScriptBlock>, C:\Users\lavantien\Documents\PowerShell\Modules\Pester\5.7.1\Pester.psm1:3260
[91m   at Invoke-InNewScriptScope, C:\Users\lavantien\Documents\PowerShell\Modules\Pester\5.7.1\Pester.psm1:3267
[91m   at Run-Test, C:\Users\lavantien\Documents\PowerShell\Modules\Pester\5.7.1\Pester.psm1:1691
[91m   at Invoke-Test, C:\Users\lavantien\Documents\PowerShell\Modules\Pester\5.7.1\Pester.psm1:2512
[91m   at Invoke-Pester<End>, C:\Users\lavantien\Documents\PowerShell\Modules\Pester\5.7.1\Pester.psm1:4960
[91m   at <ScriptBlock>, C:\Users\lavantien\dev\github\dotfiles\run-tests.ps1:10[0m
[91m  [-] Install-WingetPackage basic[0m[90m 21ms (21ms|0ms)[0m
[91m   CommandNotFoundException: Could not find Command Test-NeedsInstall
[91m   at Resolve-Command, C:\Users\lavantien\Documents\PowerShell\Modules\Pester\5.7.1\Pester.psm1:11723
[91m   at Mock, C:\Users\lavantien\Documents\PowerShell\Modules\Pester\5.7.1\Pester.psm1:14978
[91m   at <ScriptBlock>, C:\Users\lavantien\dev\github\dotfiles\tests\powershell\windows-installers-full.Tests.ps1:22
[91m   at <ScriptBlock>, C:\Users\lavantien\Documents\PowerShell\Modules\Pester\5.7.1\Pester.psm1:2011
[91m   at <ScriptBlock>, C:\Users\lavantien\Documents\PowerShell\Modules\Pester\5.7.1\Pester.psm1:1985
[91m   at Invoke-ScriptBlock, C:\Users\lavantien\Documents\PowerShell\Modules\Pester\5.7.1\Pester.psm1:2157
[91m   at Invoke-TestItem, C:\Users\lavantien\Documents\PowerShell\Modules\Pester\5.7.1\Pester.psm1:1199
[91m   at Invoke-Block, C:\Users\lavantien\Documents\PowerShell\Modules\Pester\5.7.1\Pester.psm1:835
[91m   at <ScriptBlock>, C:\Users\lavantien\Documents\PowerShell\Modules\Pester\5.7.1\Pester.psm1:893
[91m   at <ScriptBlock>, C:\Users\lavantien\Documents\PowerShell\Modules\Pester\5.7.1\Pester.psm1:2024
[91m   at <ScriptBlock>, C:\Users\lavantien\Documents\PowerShell\Modules\Pester\5.7.1\Pester.psm1:1985
[91m   at Invoke-ScriptBlock, C:\Users\lavantien\Documents\PowerShell\Modules\Pester\5.7.1\Pester.psm1:2160
[91m   at Invoke-Block, C:\Users\lavantien\Documents\PowerShell\Modules\Pester\5.7.1\Pester.psm1:940
[91m   at <ScriptBlock>, C:\Users\lavantien\Documents\PowerShell\Modules\Pester\5.7.1\Pester.psm1:893
[91m   at <ScriptBlock>, C:\Users\lavantien\Documents\PowerShell\Modules\Pester\5.7.1\Pester.psm1:2024
[91m   at <ScriptBlock>, C:\Users\lavantien\Documents\PowerShell\Modules\Pester\5.7.1\Pester.psm1:1985
[91m   at Invoke-ScriptBlock, C:\Users\lavantien\Documents\PowerShell\Modules\Pester\5.7.1\Pester.psm1:2160
[91m   at Invoke-Block, C:\Users\lavantien\Documents\PowerShell\Modules\Pester\5.7.1\Pester.psm1:940
[91m   at <ScriptBlock>, C:\Users\lavantien\Documents\PowerShell\Modules\Pester\5.7.1\Pester.psm1:1688
[91m   at <ScriptBlock>, C:\Users\lavantien\Documents\PowerShell\Modules\Pester\5.7.1\Pester.ps1:3
[91m   at <ScriptBlock>, C:\Users\lavantien\Documents\PowerShell\Modules\Pester\5.7.1\Pester.psm1:3260
[91m   at Invoke-InNewScriptScope, C:\Users\lavantien\Documents\PowerShell\Modules\Pester\5.7.1\Pester.psm1:3267
[91m   at Run-Test, C:\Users\lavantien\Documents\PowerShell\Modules\Pester\5.7.1\Pester.psm1:1691
[91m   at Invoke-Test, C:\Users\lavantien\Documents\PowerShell\Modules\Pester\5.7.1\Pester.psm1:2512
[91m   at Invoke-Pester<End>, C:\Users\lavantien\Documents\PowerShell\Modules\Pester\5.7.1\Pester.psm1:4960
[91m   at <ScriptBlock>, C:\Users\lavantien\dev\github\dotfiles\run-tests.ps1:10[0m
[91m  [-] Install-WingetPackage with DisplayName[0m[90m 21ms (21ms|0ms)[0m
[91m   CommandNotFoundException: Could not find Command Test-NeedsInstall
[91m   at Resolve-Command, C:\Users\lavantien\Documents\PowerShell\Modules\Pester\5.7.1\Pester.psm1:11723
[91m   at Mock, C:\Users\lavantien\Documents\PowerShell\Modules\Pester\5.7.1\Pester.psm1:14978
[91m   at <ScriptBlock>, C:\Users\lavantien\dev\github\dotfiles\tests\powershell\windows-installers-full.Tests.ps1:22
[91m   at <ScriptBlock>, C:\Users\lavantien\Documents\PowerShell\Modules\Pester\5.7.1\Pester.psm1:2011
[91m   at <ScriptBlock>, C:\Users\lavantien\Documents\PowerShell\Modules\Pester\5.7.1\Pester.psm1:1985
[91m   at Invoke-ScriptBlock, C:\Users\lavantien\Documents\PowerShell\Modules\Pester\5.7.1\Pester.psm1:2157
[91m   at Invoke-TestItem, C:\Users\lavantien\Documents\PowerShell\Modules\Pester\5.7.1\Pester.psm1:1199
[91m   at Invoke-Block, C:\Users\lavantien\Documents\PowerShell\Modules\Pester\5.7.1\Pester.psm1:835
[91m   at <ScriptBlock>, C:\Users\lavantien\Documents\PowerShell\Modules\Pester\5.7.1\Pester.psm1:893
[91m   at <ScriptBlock>, C:\Users\lavantien\Documents\PowerShell\Modules\Pester\5.7.1\Pester.psm1:2024
[91m   at <ScriptBlock>, C:\Users\lavantien\Documents\PowerShell\Modules\Pester\5.7.1\Pester.psm1:1985
[91m   at Invoke-ScriptBlock, C:\Users\lavantien\Documents\PowerShell\Modules\Pester\5.7.1\Pester.psm1:2160
[91m   at Invoke-Block, C:\Users\lavantien\Documents\PowerShell\Modules\Pester\5.7.1\Pester.psm1:940
[91m   at <ScriptBlock>, C:\Users\lavantien\Documents\PowerShell\Modules\Pester\5.7.1\Pester.psm1:893
[91m   at <ScriptBlock>, C:\Users\lavantien\Documents\PowerShell\Modules\Pester\5.7.1\Pester.psm1:2024
[91m   at <ScriptBlock>, C:\Users\lavantien\Documents\PowerShell\Modules\Pester\5.7.1\Pester.psm1:1985
[91m   at Invoke-ScriptBlock, C:\Users\lavantien\Documents\PowerShell\Modules\Pester\5.7.1\Pester.psm1:2160
[91m   at Invoke-Block, C:\Users\lavantien\Documents\PowerShell\Modules\Pester\5.7.1\Pester.psm1:940
[91m   at <ScriptBlock>, C:\Users\lavantien\Documents\PowerShell\Modules\Pester\5.7.1\Pester.psm1:1688
[91m   at <ScriptBlock>, C:\Users\lavantien\Documents\PowerShell\Modules\Pester\5.7.1\Pester.ps1:3
[91m   at <ScriptBlock>, C:\Users\lavantien\Documents\PowerShell\Modules\Pester\5.7.1\Pester.psm1:3260
[91m   at Invoke-InNewScriptScope, C:\Users\lavantien\Documents\PowerShell\Modules\Pester\5.7.1\Pester.psm1:3267
[91m   at Run-Test, C:\Users\lavantien\Documents\PowerShell\Modules\Pester\5.7.1\Pester.psm1:1691
[91m   at Invoke-Test, C:\Users\lavantien\Documents\PowerShell\Modules\Pester\5.7.1\Pester.psm1:2512
[91m   at Invoke-Pester<End>, C:\Users\lavantien\Documents\PowerShell\Modules\Pester\5.7.1\Pester.psm1:4960
[91m   at <ScriptBlock>, C:\Users\lavantien\dev\github\dotfiles\run-tests.ps1:10[0m
[91m  [-] Install-WingetPackage with Source[0m[90m 19ms (19ms|0ms)[0m
[91m   CommandNotFoundException: Could not find Command Test-NeedsInstall
[91m   at Resolve-Command, C:\Users\lavantien\Documents\PowerShell\Modules\Pester\5.7.1\Pester.psm1:11723
[91m   at Mock, C:\Users\lavantien\Documents\PowerShell\Modules\Pester\5.7.1\Pester.psm1:14978
[91m   at <ScriptBlock>, C:\Users\lavantien\dev\github\dotfiles\tests\powershell\windows-installers-full.Tests.ps1:22
[91m   at <ScriptBlock>, C:\Users\lavantien\Documents\PowerShell\Modules\Pester\5.7.1\Pester.psm1:2011
[91m   at <ScriptBlock>, C:\Users\lavantien\Documents\PowerShell\Modules\Pester\5.7.1\Pester.psm1:1985
[91m   at Invoke-ScriptBlock, C:\Users\lavantien\Documents\PowerShell\Modules\Pester\5.7.1\Pester.psm1:2157
[91m   at Invoke-TestItem, C:\Users\lavantien\Documents\PowerShell\Modules\Pester\5.7.1\Pester.psm1:1199
[91m   at Invoke-Block, C:\Users\lavantien\Documents\PowerShell\Modules\Pester\5.7.1\Pester.psm1:835
[91m   at <ScriptBlock>, C:\Users\lavantien\Documents\PowerShell\Modules\Pester\5.7.1\Pester.psm1:893
[91m   at <ScriptBlock>, C:\Users\lavantien\Documents\PowerShell\Modules\Pester\5.7.1\Pester.psm1:2024
[91m   at <ScriptBlock>, C:\Users\lavantien\Documents\PowerShell\Modules\Pester\5.7.1\Pester.psm1:1985
[91m   at Invoke-ScriptBlock, C:\Users\lavantien\Documents\PowerShell\Modules\Pester\5.7.1\Pester.psm1:2160
[91m   at Invoke-Block, C:\Users\lavantien\Documents\PowerShell\Modules\Pester\5.7.1\Pester.psm1:940
[91m   at <ScriptBlock>, C:\Users\lavantien\Documents\PowerShell\Modules\Pester\5.7.1\Pester.psm1:893
[91m   at <ScriptBlock>, C:\Users\lavantien\Documents\PowerShell\Modules\Pester\5.7.1\Pester.psm1:2024
[91m   at <ScriptBlock>, C:\Users\lavantien\Documents\PowerShell\Modules\Pester\5.7.1\Pester.psm1:1985
[91m   at Invoke-ScriptBlock, C:\Users\lavantien\Documents\PowerShell\Modules\Pester\5.7.1\Pester.psm1:2160
[91m   at Invoke-Block, C:\Users\lavantien\Documents\PowerShell\Modules\Pester\5.7.1\Pester.psm1:940
[91m   at <ScriptBlock>, C:\Users\lavantien\Documents\PowerShell\Modules\Pester\5.7.1\Pester.psm1:1688
[91m   at <ScriptBlock>, C:\Users\lavantien\Documents\PowerShell\Modules\Pester\5.7.1\Pester.ps1:3
[91m   at <ScriptBlock>, C:\Users\lavantien\Documents\PowerShell\Modules\Pester\5.7.1\Pester.psm1:3260
[91m   at Invoke-InNewScriptScope, C:\Users\lavantien\Documents\PowerShell\Modules\Pester\5.7.1\Pester.psm1:3267
[91m   at Run-Test, C:\Users\lavantien\Documents\PowerShell\Modules\Pester\5.7.1\Pester.psm1:1691
[91m   at Invoke-Test, C:\Users\lavantien\Documents\PowerShell\Modules\Pester\5.7.1\Pester.psm1:2512
[91m   at Invoke-Pester<End>, C:\Users\lavantien\Documents\PowerShell\Modules\Pester\5.7.1\Pester.psm1:4960
[91m   at <ScriptBlock>, C:\Users\lavantien\dev\github\dotfiles\run-tests.ps1:10[0m
[91m  [-] Install-ChocoPackage basic[0m[90m 20ms (19ms|0ms)[0m
[91m   CommandNotFoundException: Could not find Command Test-NeedsInstall
[91m   at Resolve-Command, C:\Users\lavantien\Documents\PowerShell\Modules\Pester\5.7.1\Pester.psm1:11723
[91m   at Mock, C:\Users\lavantien\Documents\PowerShell\Modules\Pester\5.7.1\Pester.psm1:14978
[91m   at <ScriptBlock>, C:\Users\lavantien\dev\github\dotfiles\tests\powershell\windows-installers-full.Tests.ps1:22
[91m   at <ScriptBlock>, C:\Users\lavantien\Documents\PowerShell\Modules\Pester\5.7.1\Pester.psm1:2011
[91m   at <ScriptBlock>, C:\Users\lavantien\Documents\PowerShell\Modules\Pester\5.7.1\Pester.psm1:1985
[91m   at Invoke-ScriptBlock, C:\Users\lavantien\Documents\PowerShell\Modules\Pester\5.7.1\Pester.psm1:2157
[91m   at Invoke-TestItem, C:\Users\lavantien\Documents\PowerShell\Modules\Pester\5.7.1\Pester.psm1:1199
[91m   at Invoke-Block, C:\Users\lavantien\Documents\PowerShell\Modules\Pester\5.7.1\Pester.psm1:835
[91m   at <ScriptBlock>, C:\Users\lavantien\Documents\PowerShell\Modules\Pester\5.7.1\Pester.psm1:893
[91m   at <ScriptBlock>, C:\Users\lavantien\Documents\PowerShell\Modules\Pester\5.7.1\Pester.psm1:2024
[91m   at <ScriptBlock>, C:\Users\lavantien\Documents\PowerShell\Modules\Pester\5.7.1\Pester.psm1:1985
[91m   at Invoke-ScriptBlock, C:\Users\lavantien\Documents\PowerShell\Modules\Pester\5.7.1\Pester.psm1:2160
[91m   at Invoke-Block, C:\Users\lavantien\Documents\PowerShell\Modules\Pester\5.7.1\Pester.psm1:940
[91m   at <ScriptBlock>, C:\Users\lavantien\Documents\PowerShell\Modules\Pester\5.7.1\Pester.psm1:893
[91m   at <ScriptBlock>, C:\Users\lavantien\Documents\PowerShell\Modules\Pester\5.7.1\Pester.psm1:2024
[91m   at <ScriptBlock>, C:\Users\lavantien\Documents\PowerShell\Modules\Pester\5.7.1\Pester.psm1:1985
[91m   at Invoke-ScriptBlock, C:\Users\lavantien\Documents\PowerShell\Modules\Pester\5.7.1\Pester.psm1:2160
[91m   at Invoke-Block, C:\Users\lavantien\Documents\PowerShell\Modules\Pester\5.7.1\Pester.psm1:940
[91m   at <ScriptBlock>, C:\Users\lavantien\Documents\PowerShell\Modules\Pester\5.7.1\Pester.psm1:1688
[91m   at <ScriptBlock>, C:\Users\lavantien\Documents\PowerShell\Modules\Pester\5.7.1\Pester.ps1:3
[91m   at <ScriptBlock>, C:\Users\lavantien\Documents\PowerShell\Modules\Pester\5.7.1\Pester.psm1:3260
[91m   at Invoke-InNewScriptScope, C:\Users\lavantien\Documents\PowerShell\Modules\Pester\5.7.1\Pester.psm1:3267
[91m   at Run-Test, C:\Users\lavantien\Documents\PowerShell\Modules\Pester\5.7.1\Pester.psm1:1691
[91m   at Invoke-Test, C:\Users\lavantien\Documents\PowerShell\Modules\Pester\5.7.1\Pester.psm1:2512
[91m   at Invoke-Pester<End>, C:\Users\lavantien\Documents\PowerShell\Modules\Pester\5.7.1\Pester.psm1:4960
[91m   at <ScriptBlock>, C:\Users\lavantien\dev\github\dotfiles\run-tests.ps1:10[0m
[91m  [-] Install-ChocoPackage multiple[0m[90m 18ms (18ms|0ms)[0m
[91m   CommandNotFoundException: Could not find Command Test-NeedsInstall
[91m   at Resolve-Command, C:\Users\lavantien\Documents\PowerShell\Modules\Pester\5.7.1\Pester.psm1:11723
[91m   at Mock, C:\Users\lavantien\Documents\PowerShell\Modules\Pester\5.7.1\Pester.psm1:14978
[91m   at <ScriptBlock>, C:\Users\lavantien\dev\github\dotfiles\tests\powershell\windows-installers-full.Tests.ps1:22
[91m   at <ScriptBlock>, C:\Users\lavantien\Documents\PowerShell\Modules\Pester\5.7.1\Pester.psm1:2011
[91m   at <ScriptBlock>, C:\Users\lavantien\Documents\PowerShell\Modules\Pester\5.7.1\Pester.psm1:1985
[91m   at Invoke-ScriptBlock, C:\Users\lavantien\Documents\PowerShell\Modules\Pester\5.7.1\Pester.psm1:2157
[91m   at Invoke-TestItem, C:\Users\lavantien\Documents\PowerShell\Modules\Pester\5.7.1\Pester.psm1:1199
[91m   at Invoke-Block, C:\Users\lavantien\Documents\PowerShell\Modules\Pester\5.7.1\Pester.psm1:835
[91m   at <ScriptBlock>, C:\Users\lavantien\Documents\PowerShell\Modules\Pester\5.7.1\Pester.psm1:893
[91m   at <ScriptBlock>, C:\Users\lavantien\Documents\PowerShell\Modules\Pester\5.7.1\Pester.psm1:2024
[91m   at <ScriptBlock>, C:\Users\lavantien\Documents\PowerShell\Modules\Pester\5.7.1\Pester.psm1:1985
[91m   at Invoke-ScriptBlock, C:\Users\lavantien\Documents\PowerShell\Modules\Pester\5.7.1\Pester.psm1:2160
[91m   at Invoke-Block, C:\Users\lavantien\Documents\PowerShell\Modules\Pester\5.7.1\Pester.psm1:940
[91m   at <ScriptBlock>, C:\Users\lavantien\Documents\PowerShell\Modules\Pester\5.7.1\Pester.psm1:893
[91m   at <ScriptBlock>, C:\Users\lavantien\Documents\PowerShell\Modules\Pester\5.7.1\Pester.psm1:2024
[91m   at <ScriptBlock>, C:\Users\lavantien\Documents\PowerShell\Modules\Pester\5.7.1\Pester.psm1:1985
[91m   at Invoke-ScriptBlock, C:\Users\lavantien\Documents\PowerShell\Modules\Pester\5.7.1\Pester.psm1:2160
[91m   at Invoke-Block, C:\Users\lavantien\Documents\PowerShell\Modules\Pester\5.7.1\Pester.psm1:940
[91m   at <ScriptBlock>, C:\Users\lavantien\Documents\PowerShell\Modules\Pester\5.7.1\Pester.psm1:1688
[91m   at <ScriptBlock>, C:\Users\lavantien\Documents\PowerShell\Modules\Pester\5.7.1\Pester.ps1:3
[91m   at <ScriptBlock>, C:\Users\lavantien\Documents\PowerShell\Modules\Pester\5.7.1\Pester.psm1:3260
[91m   at Invoke-InNewScriptScope, C:\Users\lavantien\Documents\PowerShell\Modules\Pester\5.7.1\Pester.psm1:3267
[91m   at Run-Test, C:\Users\lavantien\Documents\PowerShell\Modules\Pester\5.7.1\Pester.psm1:1691
[91m   at Invoke-Test, C:\Users\lavantien\Documents\PowerShell\Modules\Pester\5.7.1\Pester.psm1:2512
[91m   at Invoke-Pester<End>, C:\Users\lavantien\Documents\PowerShell\Modules\Pester\5.7.1\Pester.psm1:4960
[91m   at <ScriptBlock>, C:\Users\lavantien\dev\github\dotfiles\run-tests.ps1:10[0m
[91m  [-] Install-NpmGlobal basic[0m[90m 22ms (22ms|0ms)[0m
[91m   CommandNotFoundException: Could not find Command Test-NeedsInstall
[91m   at Resolve-Command, C:\Users\lavantien\Documents\PowerShell\Modules\Pester\5.7.1\Pester.psm1:11723
[91m   at Mock, C:\Users\lavantien\Documents\PowerShell\Modules\Pester\5.7.1\Pester.psm1:14978
[91m   at <ScriptBlock>, C:\Users\lavantien\dev\github\dotfiles\tests\powershell\windows-installers-full.Tests.ps1:22
[91m   at <ScriptBlock>, C:\Users\lavantien\Documents\PowerShell\Modules\Pester\5.7.1\Pester.psm1:2011
[91m   at <ScriptBlock>, C:\Users\lavantien\Documents\PowerShell\Modules\Pester\5.7.1\Pester.psm1:1985
[91m   at Invoke-ScriptBlock, C:\Users\lavantien\Documents\PowerShell\Modules\Pester\5.7.1\Pester.psm1:2157
[91m   at Invoke-TestItem, C:\Users\lavantien\Documents\PowerShell\Modules\Pester\5.7.1\Pester.psm1:1199
[91m   at Invoke-Block, C:\Users\lavantien\Documents\PowerShell\Modules\Pester\5.7.1\Pester.psm1:835
[91m   at <ScriptBlock>, C:\Users\lavantien\Documents\PowerShell\Modules\Pester\5.7.1\Pester.psm1:893
[91m   at <ScriptBlock>, C:\Users\lavantien\Documents\PowerShell\Modules\Pester\5.7.1\Pester.psm1:2024
[91m   at <ScriptBlock>, C:\Users\lavantien\Documents\PowerShell\Modules\Pester\5.7.1\Pester.psm1:1985
[91m   at Invoke-ScriptBlock, C:\Users\lavantien\Documents\PowerShell\Modules\Pester\5.7.1\Pester.psm1:2160
[91m   at Invoke-Block, C:\Users\lavantien\Documents\PowerShell\Modules\Pester\5.7.1\Pester.psm1:940
[91m   at <ScriptBlock>, C:\Users\lavantien\Documents\PowerShell\Modules\Pester\5.7.1\Pester.psm1:893
[91m   at <ScriptBlock>, C:\Users\lavantien\Documents\PowerShell\Modules\Pester\5.7.1\Pester.psm1:2024
[91m   at <ScriptBlock>, C:\Users\lavantien\Documents\PowerShell\Modules\Pester\5.7.1\Pester.psm1:1985
[91m   at Invoke-ScriptBlock, C:\Users\lavantien\Documents\PowerShell\Modules\Pester\5.7.1\Pester.psm1:2160
[91m   at Invoke-Block, C:\Users\lavantien\Documents\PowerShell\Modules\Pester\5.7.1\Pester.psm1:940
[91m   at <ScriptBlock>, C:\Users\lavantien\Documents\PowerShell\Modules\Pester\5.7.1\Pester.psm1:1688
[91m   at <ScriptBlock>, C:\Users\lavantien\Documents\PowerShell\Modules\Pester\5.7.1\Pester.ps1:3
[91m   at <ScriptBlock>, C:\Users\lavantien\Documents\PowerShell\Modules\Pester\5.7.1\Pester.psm1:3260
[91m   at Invoke-InNewScriptScope, C:\Users\lavantien\Documents\PowerShell\Modules\Pester\5.7.1\Pester.psm1:3267
[91m   at Run-Test, C:\Users\lavantien\Documents\PowerShell\Modules\Pester\5.7.1\Pester.psm1:1691
[91m   at Invoke-Test, C:\Users\lavantien\Documents\PowerShell\Modules\Pester\5.7.1\Pester.psm1:2512
[91m   at Invoke-Pester<End>, C:\Users\lavantien\Documents\PowerShell\Modules\Pester\5.7.1\Pester.psm1:4960
[91m   at <ScriptBlock>, C:\Users\lavantien\dev\github\dotfiles\run-tests.ps1:10[0m
[91m  [-] Install-NpmGlobal with custom registry[0m[90m 19ms (18ms|0ms)[0m
[91m   CommandNotFoundException: Could not find Command Test-NeedsInstall
[91m   at Resolve-Command, C:\Users\lavantien\Documents\PowerShell\Modules\Pester\5.7.1\Pester.psm1:11723
[91m   at Mock, C:\Users\lavantien\Documents\PowerShell\Modules\Pester\5.7.1\Pester.psm1:14978
[91m   at <ScriptBlock>, C:\Users\lavantien\dev\github\dotfiles\tests\powershell\windows-installers-full.Tests.ps1:22
[91m   at <ScriptBlock>, C:\Users\lavantien\Documents\PowerShell\Modules\Pester\5.7.1\Pester.psm1:2011
[91m   at <ScriptBlock>, C:\Users\lavantien\Documents\PowerShell\Modules\Pester\5.7.1\Pester.psm1:1985
[91m   at Invoke-ScriptBlock, C:\Users\lavantien\Documents\PowerShell\Modules\Pester\5.7.1\Pester.psm1:2157
[91m   at Invoke-TestItem, C:\Users\lavantien\Documents\PowerShell\Modules\Pester\5.7.1\Pester.psm1:1199
[91m   at Invoke-Block, C:\Users\lavantien\Documents\PowerShell\Modules\Pester\5.7.1\Pester.psm1:835
[91m   at <ScriptBlock>, C:\Users\lavantien\Documents\PowerShell\Modules\Pester\5.7.1\Pester.psm1:893
[91m   at <ScriptBlock>, C:\Users\lavantien\Documents\PowerShell\Modules\Pester\5.7.1\Pester.psm1:2024
[91m   at <ScriptBlock>, C:\Users\lavantien\Documents\PowerShell\Modules\Pester\5.7.1\Pester.psm1:1985
[91m   at Invoke-ScriptBlock, C:\Users\lavantien\Documents\PowerShell\Modules\Pester\5.7.1\Pester.psm1:2160
[91m   at Invoke-Block, C:\Users\lavantien\Documents\PowerShell\Modules\Pester\5.7.1\Pester.psm1:940
[91m   at <ScriptBlock>, C:\Users\lavantien\Documents\PowerShell\Modules\Pester\5.7.1\Pester.psm1:893
[91m   at <ScriptBlock>, C:\Users\lavantien\Documents\PowerShell\Modules\Pester\5.7.1\Pester.psm1:2024
[91m   at <ScriptBlock>, C:\Users\lavantien\Documents\PowerShell\Modules\Pester\5.7.1\Pester.psm1:1985
[91m   at Invoke-ScriptBlock, C:\Users\lavantien\Documents\PowerShell\Modules\Pester\5.7.1\Pester.psm1:2160
[91m   at Invoke-Block, C:\Users\lavantien\Documents\PowerShell\Modules\Pester\5.7.1\Pester.psm1:940
[91m   at <ScriptBlock>, C:\Users\lavantien\Documents\PowerShell\Modules\Pester\5.7.1\Pester.psm1:1688
[91m   at <ScriptBlock>, C:\Users\lavantien\Documents\PowerShell\Modules\Pester\5.7.1\Pester.ps1:3
[91m   at <ScriptBlock>, C:\Users\lavantien\Documents\PowerShell\Modules\Pester\5.7.1\Pester.psm1:3260
[91m   at Invoke-InNewScriptScope, C:\Users\lavantien\Documents\PowerShell\Modules\Pester\5.7.1\Pester.psm1:3267
[91m   at Run-Test, C:\Users\lavantien\Documents\PowerShell\Modules\Pester\5.7.1\Pester.psm1:1691
[91m   at Invoke-Test, C:\Users\lavantien\Documents\PowerShell\Modules\Pester\5.7.1\Pester.psm1:2512
[91m   at Invoke-Pester<End>, C:\Users\lavantien\Documents\PowerShell\Modules\Pester\5.7.1\Pester.psm1:4960
[91m   at <ScriptBlock>, C:\Users\lavantien\dev\github\dotfiles\run-tests.ps1:10[0m
[91m  [-] Install-GoPackage basic[0m[90m 18ms (18ms|0ms)[0m
[91m   CommandNotFoundException: Could not find Command Test-NeedsInstall
[91m   at Resolve-Command, C:\Users\lavantien\Documents\PowerShell\Modules\Pester\5.7.1\Pester.psm1:11723
[91m   at Mock, C:\Users\lavantien\Documents\PowerShell\Modules\Pester\5.7.1\Pester.psm1:14978
[91m   at <ScriptBlock>, C:\Users\lavantien\dev\github\dotfiles\tests\powershell\windows-installers-full.Tests.ps1:22
[91m   at <ScriptBlock>, C:\Users\lavantien\Documents\PowerShell\Modules\Pester\5.7.1\Pester.psm1:2011
[91m   at <ScriptBlock>, C:\Users\lavantien\Documents\PowerShell\Modules\Pester\5.7.1\Pester.psm1:1985
[91m   at Invoke-ScriptBlock, C:\Users\lavantien\Documents\PowerShell\Modules\Pester\5.7.1\Pester.psm1:2157
[91m   at Invoke-TestItem, C:\Users\lavantien\Documents\PowerShell\Modules\Pester\5.7.1\Pester.psm1:1199
[91m   at Invoke-Block, C:\Users\lavantien\Documents\PowerShell\Modules\Pester\5.7.1\Pester.psm1:835
[91m   at <ScriptBlock>, C:\Users\lavantien\Documents\PowerShell\Modules\Pester\5.7.1\Pester.psm1:893
[91m   at <ScriptBlock>, C:\Users\lavantien\Documents\PowerShell\Modules\Pester\5.7.1\Pester.psm1:2024
[91m   at <ScriptBlock>, C:\Users\lavantien\Documents\PowerShell\Modules\Pester\5.7.1\Pester.psm1:1985
[91m   at Invoke-ScriptBlock, C:\Users\lavantien\Documents\PowerShell\Modules\Pester\5.7.1\Pester.psm1:2160
[91m   at Invoke-Block, C:\Users\lavantien\Documents\PowerShell\Modules\Pester\5.7.1\Pester.psm1:940
[91m   at <ScriptBlock>, C:\Users\lavantien\Documents\PowerShell\Modules\Pester\5.7.1\Pester.psm1:893
[91m   at <ScriptBlock>, C:\Users\lavantien\Documents\PowerShell\Modules\Pester\5.7.1\Pester.psm1:2024
[91m   at <ScriptBlock>, C:\Users\lavantien\Documents\PowerShell\Modules\Pester\5.7.1\Pester.psm1:1985
[91m   at Invoke-ScriptBlock, C:\Users\lavantien\Documents\PowerShell\Modules\Pester\5.7.1\Pester.psm1:2160
[91m   at Invoke-Block, C:\Users\lavantien\Documents\PowerShell\Modules\Pester\5.7.1\Pester.psm1:940
[91m   at <ScriptBlock>, C:\Users\lavantien\Documents\PowerShell\Modules\Pester\5.7.1\Pester.psm1:1688
[91m   at <ScriptBlock>, C:\Users\lavantien\Documents\PowerShell\Modules\Pester\5.7.1\Pester.ps1:3
[91m   at <ScriptBlock>, C:\Users\lavantien\Documents\PowerShell\Modules\Pester\5.7.1\Pester.psm1:3260
[91m   at Invoke-InNewScriptScope, C:\Users\lavantien\Documents\PowerShell\Modules\Pester\5.7.1\Pester.psm1:3267
[91m   at Run-Test, C:\Users\lavantien\Documents\PowerShell\Modules\Pester\5.7.1\Pester.psm1:1691
[91m   at Invoke-Test, C:\Users\lavantien\Documents\PowerShell\Modules\Pester\5.7.1\Pester.psm1:2512
[91m   at Invoke-Pester<End>, C:\Users\lavantien\Documents\PowerShell\Modules\Pester\5.7.1\Pester.psm1:4960
[91m   at <ScriptBlock>, C:\Users\lavantien\dev\github\dotfiles\run-tests.ps1:10[0m
[91m  [-] Install-GoPackage with version[0m[90m 24ms (23ms|0ms)[0m
[91m   CommandNotFoundException: Could not find Command Test-NeedsInstall
[91m   at Resolve-Command, C:\Users\lavantien\Documents\PowerShell\Modules\Pester\5.7.1\Pester.psm1:11723
[91m   at Mock, C:\Users\lavantien\Documents\PowerShell\Modules\Pester\5.7.1\Pester.psm1:14978
[91m   at <ScriptBlock>, C:\Users\lavantien\dev\github\dotfiles\tests\powershell\windows-installers-full.Tests.ps1:22
[91m   at <ScriptBlock>, C:\Users\lavantien\Documents\PowerShell\Modules\Pester\5.7.1\Pester.psm1:2011
[91m   at <ScriptBlock>, C:\Users\lavantien\Documents\PowerShell\Modules\Pester\5.7.1\Pester.psm1:1985
[91m   at Invoke-ScriptBlock, C:\Users\lavantien\Documents\PowerShell\Modules\Pester\5.7.1\Pester.psm1:2157
[91m   at Invoke-TestItem, C:\Users\lavantien\Documents\PowerShell\Modules\Pester\5.7.1\Pester.psm1:1199
[91m   at Invoke-Block, C:\Users\lavantien\Documents\PowerShell\Modules\Pester\5.7.1\Pester.psm1:835
[91m   at <ScriptBlock>, C:\Users\lavantien\Documents\PowerShell\Modules\Pester\5.7.1\Pester.psm1:893
[91m   at <ScriptBlock>, C:\Users\lavantien\Documents\PowerShell\Modules\Pester\5.7.1\Pester.psm1:2024
[91m   at <ScriptBlock>, C:\Users\lavantien\Documents\PowerShell\Modules\Pester\5.7.1\Pester.psm1:1985
[91m   at Invoke-ScriptBlock, C:\Users\lavantien\Documents\PowerShell\Modules\Pester\5.7.1\Pester.psm1:2160
[91m   at Invoke-Block, C:\Users\lavantien\Documents\PowerShell\Modules\Pester\5.7.1\Pester.psm1:940
[91m   at <ScriptBlock>, C:\Users\lavantien\Documents\PowerShell\Modules\Pester\5.7.1\Pester.psm1:893
[91m   at <ScriptBlock>, C:\Users\lavantien\Documents\PowerShell\Modules\Pester\5.7.1\Pester.psm1:2024
[91m   at <ScriptBlock>, C:\Users\lavantien\Documents\PowerShell\Modules\Pester\5.7.1\Pester.psm1:1985
[91m   at Invoke-ScriptBlock, C:\Users\lavantien\Documents\PowerShell\Modules\Pester\5.7.1\Pester.psm1:2160
[91m   at Invoke-Block, C:\Users\lavantien\Documents\PowerShell\Modules\Pester\5.7.1\Pester.psm1:940
[91m   at <ScriptBlock>, C:\Users\lavantien\Documents\PowerShell\Modules\Pester\5.7.1\Pester.psm1:1688
[91m   at <ScriptBlock>, C:\Users\lavantien\Documents\PowerShell\Modules\Pester\5.7.1\Pester.ps1:3
[91m   at <ScriptBlock>, C:\Users\lavantien\Documents\PowerShell\Modules\Pester\5.7.1\Pester.psm1:3260
[91m   at Invoke-InNewScriptScope, C:\Users\lavantien\Documents\PowerShell\Modules\Pester\5.7.1\Pester.psm1:3267
[91m   at Run-Test, C:\Users\lavantien\Documents\PowerShell\Modules\Pester\5.7.1\Pester.psm1:1691
[91m   at Invoke-Test, C:\Users\lavantien\Documents\PowerShell\Modules\Pester\5.7.1\Pester.psm1:2512
[91m   at Invoke-Pester<End>, C:\Users\lavantien\Documents\PowerShell\Modules\Pester\5.7.1\Pester.psm1:4960
[91m   at <ScriptBlock>, C:\Users\lavantien\dev\github\dotfiles\run-tests.ps1:10[0m
[91m  [-] Install-CargoPackage basic[0m[90m 23ms (22ms|1ms)[0m
[91m   CommandNotFoundException: Could not find Command Test-NeedsInstall
[91m   at Resolve-Command, C:\Users\lavantien\Documents\PowerShell\Modules\Pester\5.7.1\Pester.psm1:11723
[91m   at Mock, C:\Users\lavantien\Documents\PowerShell\Modules\Pester\5.7.1\Pester.psm1:14978
[91m   at <ScriptBlock>, C:\Users\lavantien\dev\github\dotfiles\tests\powershell\windows-installers-full.Tests.ps1:22
[91m   at <ScriptBlock>, C:\Users\lavantien\Documents\PowerShell\Modules\Pester\5.7.1\Pester.psm1:2011
[91m   at <ScriptBlock>, C:\Users\lavantien\Documents\PowerShell\Modules\Pester\5.7.1\Pester.psm1:1985
[91m   at Invoke-ScriptBlock, C:\Users\lavantien\Documents\PowerShell\Modules\Pester\5.7.1\Pester.psm1:2157
[91m   at Invoke-TestItem, C:\Users\lavantien\Documents\PowerShell\Modules\Pester\5.7.1\Pester.psm1:1199
[91m   at Invoke-Block, C:\Users\lavantien\Documents\PowerShell\Modules\Pester\5.7.1\Pester.psm1:835
[91m   at <ScriptBlock>, C:\Users\lavantien\Documents\PowerShell\Modules\Pester\5.7.1\Pester.psm1:893
[91m   at <ScriptBlock>, C:\Users\lavantien\Documents\PowerShell\Modules\Pester\5.7.1\Pester.psm1:2024
[91m   at <ScriptBlock>, C:\Users\lavantien\Documents\PowerShell\Modules\Pester\5.7.1\Pester.psm1:1985
[91m   at Invoke-ScriptBlock, C:\Users\lavantien\Documents\PowerShell\Modules\Pester\5.7.1\Pester.psm1:2160
[91m   at Invoke-Block, C:\Users\lavantien\Documents\PowerShell\Modules\Pester\5.7.1\Pester.psm1:940
[91m   at <ScriptBlock>, C:\Users\lavantien\Documents\PowerShell\Modules\Pester\5.7.1\Pester.psm1:893
[91m   at <ScriptBlock>, C:\Users\lavantien\Documents\PowerShell\Modules\Pester\5.7.1\Pester.psm1:2024
[91m   at <ScriptBlock>, C:\Users\lavantien\Documents\PowerShell\Modules\Pester\5.7.1\Pester.psm1:1985
[91m   at Invoke-ScriptBlock, C:\Users\lavantien\Documents\PowerShell\Modules\Pester\5.7.1\Pester.psm1:2160
[91m   at Invoke-Block, C:\Users\lavantien\Documents\PowerShell\Modules\Pester\5.7.1\Pester.psm1:940
[91m   at <ScriptBlock>, C:\Users\lavantien\Documents\PowerShell\Modules\Pester\5.7.1\Pester.psm1:1688
[91m   at <ScriptBlock>, C:\Users\lavantien\Documents\PowerShell\Modules\Pester\5.7.1\Pester.ps1:3
[91m   at <ScriptBlock>, C:\Users\lavantien\Documents\PowerShell\Modules\Pester\5.7.1\Pester.psm1:3260
[91m   at Invoke-InNewScriptScope, C:\Users\lavantien\Documents\PowerShell\Modules\Pester\5.7.1\Pester.psm1:3267
[91m   at Run-Test, C:\Users\lavantien\Documents\PowerShell\Modules\Pester\5.7.1\Pester.psm1:1691
[91m   at Invoke-Test, C:\Users\lavantien\Documents\PowerShell\Modules\Pester\5.7.1\Pester.psm1:2512
[91m   at Invoke-Pester<End>, C:\Users\lavantien\Documents\PowerShell\Modules\Pester\5.7.1\Pester.psm1:4960
[91m   at <ScriptBlock>, C:\Users\lavantien\dev\github\dotfiles\run-tests.ps1:10[0m
[91m  [-] Install-CargoPackage with Features[0m[90m 27ms (27ms|0ms)[0m
[91m   CommandNotFoundException: Could not find Command Test-NeedsInstall
[91m   at Resolve-Command, C:\Users\lavantien\Documents\PowerShell\Modules\Pester\5.7.1\Pester.psm1:11723
[91m   at Mock, C:\Users\lavantien\Documents\PowerShell\Modules\Pester\5.7.1\Pester.psm1:14978
[91m   at <ScriptBlock>, C:\Users\lavantien\dev\github\dotfiles\tests\powershell\windows-installers-full.Tests.ps1:22
[91m   at <ScriptBlock>, C:\Users\lavantien\Documents\PowerShell\Modules\Pester\5.7.1\Pester.psm1:2011
[91m   at <ScriptBlock>, C:\Users\lavantien\Documents\PowerShell\Modules\Pester\5.7.1\Pester.psm1:1985
[91m   at Invoke-ScriptBlock, C:\Users\lavantien\Documents\PowerShell\Modules\Pester\5.7.1\Pester.psm1:2157
[91m   at Invoke-TestItem, C:\Users\lavantien\Documents\PowerShell\Modules\Pester\5.7.1\Pester.psm1:1199
[91m   at Invoke-Block, C:\Users\lavantien\Documents\PowerShell\Modules\Pester\5.7.1\Pester.psm1:835
[91m   at <ScriptBlock>, C:\Users\lavantien\Documents\PowerShell\Modules\Pester\5.7.1\Pester.psm1:893
[91m   at <ScriptBlock>, C:\Users\lavantien\Documents\PowerShell\Modules\Pester\5.7.1\Pester.psm1:2024
[91m   at <ScriptBlock>, C:\Users\lavantien\Documents\PowerShell\Modules\Pester\5.7.1\Pester.psm1:1985
[91m   at Invoke-ScriptBlock, C:\Users\lavantien\Documents\PowerShell\Modules\Pester\5.7.1\Pester.psm1:2160
[91m   at Invoke-Block, C:\Users\lavantien\Documents\PowerShell\Modules\Pester\5.7.1\Pester.psm1:940
[91m   at <ScriptBlock>, C:\Users\lavantien\Documents\PowerShell\Modules\Pester\5.7.1\Pester.psm1:893
[91m   at <ScriptBlock>, C:\Users\lavantien\Documents\PowerShell\Modules\Pester\5.7.1\Pester.psm1:2024
[91m   at <ScriptBlock>, C:\Users\lavantien\Documents\PowerShell\Modules\Pester\5.7.1\Pester.psm1:1985
[91m   at Invoke-ScriptBlock, C:\Users\lavantien\Documents\PowerShell\Modules\Pester\5.7.1\Pester.psm1:2160
[91m   at Invoke-Block, C:\Users\lavantien\Documents\PowerShell\Modules\Pester\5.7.1\Pester.psm1:940
[91m   at <ScriptBlock>, C:\Users\lavantien\Documents\PowerShell\Modules\Pester\5.7.1\Pester.psm1:1688
[91m   at <ScriptBlock>, C:\Users\lavantien\Documents\PowerShell\Modules\Pester\5.7.1\Pester.ps1:3
[91m   at <ScriptBlock>, C:\Users\lavantien\Documents\PowerShell\Modules\Pester\5.7.1\Pester.psm1:3260
[91m   at Invoke-InNewScriptScope, C:\Users\lavantien\Documents\PowerShell\Modules\Pester\5.7.1\Pester.psm1:3267
[91m   at Run-Test, C:\Users\lavantien\Documents\PowerShell\Modules\Pester\5.7.1\Pester.psm1:1691
[91m   at Invoke-Test, C:\Users\lavantien\Documents\PowerShell\Modules\Pester\5.7.1\Pester.psm1:2512
[91m   at Invoke-Pester<End>, C:\Users\lavantien\Documents\PowerShell\Modules\Pester\5.7.1\Pester.psm1:4960
[91m   at <ScriptBlock>, C:\Users\lavantien\dev\github\dotfiles\run-tests.ps1:10[0m
[91m  [-] Install-PipGlobal basic[0m[90m 24ms (24ms|0ms)[0m
[91m   CommandNotFoundException: Could not find Command Test-NeedsInstall
[91m   at Resolve-Command, C:\Users\lavantien\Documents\PowerShell\Modules\Pester\5.7.1\Pester.psm1:11723
[91m   at Mock, C:\Users\lavantien\Documents\PowerShell\Modules\Pester\5.7.1\Pester.psm1:14978
[91m   at <ScriptBlock>, C:\Users\lavantien\dev\github\dotfiles\tests\powershell\windows-installers-full.Tests.ps1:22
[91m   at <ScriptBlock>, C:\Users\lavantien\Documents\PowerShell\Modules\Pester\5.7.1\Pester.psm1:2011
[91m   at <ScriptBlock>, C:\Users\lavantien\Documents\PowerShell\Modules\Pester\5.7.1\Pester.psm1:1985
[91m   at Invoke-ScriptBlock, C:\Users\lavantien\Documents\PowerShell\Modules\Pester\5.7.1\Pester.psm1:2157
[91m   at Invoke-TestItem, C:\Users\lavantien\Documents\PowerShell\Modules\Pester\5.7.1\Pester.psm1:1199
[91m   at Invoke-Block, C:\Users\lavantien\Documents\PowerShell\Modules\Pester\5.7.1\Pester.psm1:835
[91m   at <ScriptBlock>, C:\Users\lavantien\Documents\PowerShell\Modules\Pester\5.7.1\Pester.psm1:893
[91m   at <ScriptBlock>, C:\Users\lavantien\Documents\PowerShell\Modules\Pester\5.7.1\Pester.psm1:2024
[91m   at <ScriptBlock>, C:\Users\lavantien\Documents\PowerShell\Modules\Pester\5.7.1\Pester.psm1:1985
[91m   at Invoke-ScriptBlock, C:\Users\lavantien\Documents\PowerShell\Modules\Pester\5.7.1\Pester.psm1:2160
[91m   at Invoke-Block, C:\Users\lavantien\Documents\PowerShell\Modules\Pester\5.7.1\Pester.psm1:940
[91m   at <ScriptBlock>, C:\Users\lavantien\Documents\PowerShell\Modules\Pester\5.7.1\Pester.psm1:893
[91m   at <ScriptBlock>, C:\Users\lavantien\Documents\PowerShell\Modules\Pester\5.7.1\Pester.psm1:2024
[91m   at <ScriptBlock>, C:\Users\lavantien\Documents\PowerShell\Modules\Pester\5.7.1\Pester.psm1:1985
[91m   at Invoke-ScriptBlock, C:\Users\lavantien\Documents\PowerShell\Modules\Pester\5.7.1\Pester.psm1:2160
[91m   at Invoke-Block, C:\Users\lavantien\Documents\PowerShell\Modules\Pester\5.7.1\Pester.psm1:940
[91m   at <ScriptBlock>, C:\Users\lavantien\Documents\PowerShell\Modules\Pester\5.7.1\Pester.psm1:1688
[91m   at <ScriptBlock>, C:\Users\lavantien\Documents\PowerShell\Modules\Pester\5.7.1\Pester.ps1:3
[91m   at <ScriptBlock>, C:\Users\lavantien\Documents\PowerShell\Modules\Pester\5.7.1\Pester.psm1:3260
[91m   at Invoke-InNewScriptScope, C:\Users\lavantien\Documents\PowerShell\Modules\Pester\5.7.1\Pester.psm1:3267
[91m   at Run-Test, C:\Users\lavantien\Documents\PowerShell\Modules\Pester\5.7.1\Pester.psm1:1691
[91m   at Invoke-Test, C:\Users\lavantien\Documents\PowerShell\Modules\Pester\5.7.1\Pester.psm1:2512
[91m   at Invoke-Pester<End>, C:\Users\lavantien\Documents\PowerShell\Modules\Pester\5.7.1\Pester.psm1:4960
[91m   at <ScriptBlock>, C:\Users\lavantien\dev\github\dotfiles\run-tests.ps1:10[0m
[91m  [-] Install-PipGlobal with IndexUrl[0m[90m 19ms (19ms|0ms)[0m
[91m   CommandNotFoundException: Could not find Command Test-NeedsInstall
[91m   at Resolve-Command, C:\Users\lavantien\Documents\PowerShell\Modules\Pester\5.7.1\Pester.psm1:11723
[91m   at Mock, C:\Users\lavantien\Documents\PowerShell\Modules\Pester\5.7.1\Pester.psm1:14978
[91m   at <ScriptBlock>, C:\Users\lavantien\dev\github\dotfiles\tests\powershell\windows-installers-full.Tests.ps1:22
[91m   at <ScriptBlock>, C:\Users\lavantien\Documents\PowerShell\Modules\Pester\5.7.1\Pester.psm1:2011
[91m   at <ScriptBlock>, C:\Users\lavantien\Documents\PowerShell\Modules\Pester\5.7.1\Pester.psm1:1985
[91m   at Invoke-ScriptBlock, C:\Users\lavantien\Documents\PowerShell\Modules\Pester\5.7.1\Pester.psm1:2157
[91m   at Invoke-TestItem, C:\Users\lavantien\Documents\PowerShell\Modules\Pester\5.7.1\Pester.psm1:1199
[91m   at Invoke-Block, C:\Users\lavantien\Documents\PowerShell\Modules\Pester\5.7.1\Pester.psm1:835
[91m   at <ScriptBlock>, C:\Users\lavantien\Documents\PowerShell\Modules\Pester\5.7.1\Pester.psm1:893
[91m   at <ScriptBlock>, C:\Users\lavantien\Documents\PowerShell\Modules\Pester\5.7.1\Pester.psm1:2024
[91m   at <ScriptBlock>, C:\Users\lavantien\Documents\PowerShell\Modules\Pester\5.7.1\Pester.psm1:1985
[91m   at Invoke-ScriptBlock, C:\Users\lavantien\Documents\PowerShell\Modules\Pester\5.7.1\Pester.psm1:2160
[91m   at Invoke-Block, C:\Users\lavantien\Documents\PowerShell\Modules\Pester\5.7.1\Pester.psm1:940
[91m   at <ScriptBlock>, C:\Users\lavantien\Documents\PowerShell\Modules\Pester\5.7.1\Pester.psm1:893
[91m   at <ScriptBlock>, C:\Users\lavantien\Documents\PowerShell\Modules\Pester\5.7.1\Pester.psm1:2024
[91m   at <ScriptBlock>, C:\Users\lavantien\Documents\PowerShell\Modules\Pester\5.7.1\Pester.psm1:1985
[91m   at Invoke-ScriptBlock, C:\Users\lavantien\Documents\PowerShell\Modules\Pester\5.7.1\Pester.psm1:2160
[91m   at Invoke-Block, C:\Users\lavantien\Documents\PowerShell\Modules\Pester\5.7.1\Pester.psm1:940
[91m   at <ScriptBlock>, C:\Users\lavantien\Documents\PowerShell\Modules\Pester\5.7.1\Pester.psm1:1688
[91m   at <ScriptBlock>, C:\Users\lavantien\Documents\PowerShell\Modules\Pester\5.7.1\Pester.ps1:3
[91m   at <ScriptBlock>, C:\Users\lavantien\Documents\PowerShell\Modules\Pester\5.7.1\Pester.psm1:3260
[91m   at Invoke-InNewScriptScope, C:\Users\lavantien\Documents\PowerShell\Modules\Pester\5.7.1\Pester.psm1:3267
[91m   at Run-Test, C:\Users\lavantien\Documents\PowerShell\Modules\Pester\5.7.1\Pester.psm1:1691
[91m   at Invoke-Test, C:\Users\lavantien\Documents\PowerShell\Modules\Pester\5.7.1\Pester.psm1:2512
[91m   at Invoke-Pester<End>, C:\Users\lavantien\Documents\PowerShell\Modules\Pester\5.7.1\Pester.psm1:4960
[91m   at <ScriptBlock>, C:\Users\lavantien\dev\github\dotfiles\run-tests.ps1:10[0m
[91m  [-] Install-PipGlobal with User[0m[90m 20ms (20ms|0ms)[0m
[91m   CommandNotFoundException: Could not find Command Test-NeedsInstall
[91m   at Resolve-Command, C:\Users\lavantien\Documents\PowerShell\Modules\Pester\5.7.1\Pester.psm1:11723
[91m   at Mock, C:\Users\lavantien\Documents\PowerShell\Modules\Pester\5.7.1\Pester.psm1:14978
[91m   at <ScriptBlock>, C:\Users\lavantien\dev\github\dotfiles\tests\powershell\windows-installers-full.Tests.ps1:22
[91m   at <ScriptBlock>, C:\Users\lavantien\Documents\PowerShell\Modules\Pester\5.7.1\Pester.psm1:2011
[91m   at <ScriptBlock>, C:\Users\lavantien\Documents\PowerShell\Modules\Pester\5.7.1\Pester.psm1:1985
[91m   at Invoke-ScriptBlock, C:\Users\lavantien\Documents\PowerShell\Modules\Pester\5.7.1\Pester.psm1:2157
[91m   at Invoke-TestItem, C:\Users\lavantien\Documents\PowerShell\Modules\Pester\5.7.1\Pester.psm1:1199
[91m   at Invoke-Block, C:\Users\lavantien\Documents\PowerShell\Modules\Pester\5.7.1\Pester.psm1:835
[91m   at <ScriptBlock>, C:\Users\lavantien\Documents\PowerShell\Modules\Pester\5.7.1\Pester.psm1:893
[91m   at <ScriptBlock>, C:\Users\lavantien\Documents\PowerShell\Modules\Pester\5.7.1\Pester.psm1:2024
[91m   at <ScriptBlock>, C:\Users\lavantien\Documents\PowerShell\Modules\Pester\5.7.1\Pester.psm1:1985
[91m   at Invoke-ScriptBlock, C:\Users\lavantien\Documents\PowerShell\Modules\Pester\5.7.1\Pester.psm1:2160
[91m   at Invoke-Block, C:\Users\lavantien\Documents\PowerShell\Modules\Pester\5.7.1\Pester.psm1:940
[91m   at <ScriptBlock>, C:\Users\lavantien\Documents\PowerShell\Modules\Pester\5.7.1\Pester.psm1:893
[91m   at <ScriptBlock>, C:\Users\lavantien\Documents\PowerShell\Modules\Pester\5.7.1\Pester.psm1:2024
[91m   at <ScriptBlock>, C:\Users\lavantien\Documents\PowerShell\Modules\Pester\5.7.1\Pester.psm1:1985
[91m   at Invoke-ScriptBlock, C:\Users\lavantien\Documents\PowerShell\Modules\Pester\5.7.1\Pester.psm1:2160
[91m   at Invoke-Block, C:\Users\lavantien\Documents\PowerShell\Modules\Pester\5.7.1\Pester.psm1:940
[91m   at <ScriptBlock>, C:\Users\lavantien\Documents\PowerShell\Modules\Pester\5.7.1\Pester.psm1:1688
[91m   at <ScriptBlock>, C:\Users\lavantien\Documents\PowerShell\Modules\Pester\5.7.1\Pester.ps1:3
[91m   at <ScriptBlock>, C:\Users\lavantien\Documents\PowerShell\Modules\Pester\5.7.1\Pester.psm1:3260
[91m   at Invoke-InNewScriptScope, C:\Users\lavantien\Documents\PowerShell\Modules\Pester\5.7.1\Pester.psm1:3267
[91m   at Run-Test, C:\Users\lavantien\Documents\PowerShell\Modules\Pester\5.7.1\Pester.psm1:1691
[91m   at Invoke-Test, C:\Users\lavantien\Documents\PowerShell\Modules\Pester\5.7.1\Pester.psm1:2512
[91m   at Invoke-Pester<End>, C:\Users\lavantien\Documents\PowerShell\Modules\Pester\5.7.1\Pester.psm1:4960
[91m   at <ScriptBlock>, C:\Users\lavantien\dev\github\dotfiles\run-tests.ps1:10[0m
[91m  [-] Install-DotnetTool basic[0m[90m 35ms (32ms|3ms)[0m
[91m   CommandNotFoundException: Could not find Command Test-NeedsInstall
[91m   at Resolve-Command, C:\Users\lavantien\Documents\PowerShell\Modules\Pester\5.7.1\Pester.psm1:11723
[91m   at Mock, C:\Users\lavantien\Documents\PowerShell\Modules\Pester\5.7.1\Pester.psm1:14978
[91m   at <ScriptBlock>, C:\Users\lavantien\dev\github\dotfiles\tests\powershell\windows-installers-full.Tests.ps1:22
[91m   at <ScriptBlock>, C:\Users\lavantien\Documents\PowerShell\Modules\Pester\5.7.1\Pester.psm1:2011
[91m   at <ScriptBlock>, C:\Users\lavantien\Documents\PowerShell\Modules\Pester\5.7.1\Pester.psm1:1985
[91m   at Invoke-ScriptBlock, C:\Users\lavantien\Documents\PowerShell\Modules\Pester\5.7.1\Pester.psm1:2157
[91m   at Invoke-TestItem, C:\Users\lavantien\Documents\PowerShell\Modules\Pester\5.7.1\Pester.psm1:1199
[91m   at Invoke-Block, C:\Users\lavantien\Documents\PowerShell\Modules\Pester\5.7.1\Pester.psm1:835
[91m   at <ScriptBlock>, C:\Users\lavantien\Documents\PowerShell\Modules\Pester\5.7.1\Pester.psm1:893
[91m   at <ScriptBlock>, C:\Users\lavantien\Documents\PowerShell\Modules\Pester\5.7.1\Pester.psm1:2024
[91m   at <ScriptBlock>, C:\Users\lavantien\Documents\PowerShell\Modules\Pester\5.7.1\Pester.psm1:1985
[91m   at Invoke-ScriptBlock, C:\Users\lavantien\Documents\PowerShell\Modules\Pester\5.7.1\Pester.psm1:2160
[91m   at Invoke-Block, C:\Users\lavantien\Documents\PowerShell\Modules\Pester\5.7.1\Pester.psm1:940
[91m   at <ScriptBlock>, C:\Users\lavantien\Documents\PowerShell\Modules\Pester\5.7.1\Pester.psm1:893
[91m   at <ScriptBlock>, C:\Users\lavantien\Documents\PowerShell\Modules\Pester\5.7.1\Pester.psm1:2024
[91m   at <ScriptBlock>, C:\Users\lavantien\Documents\PowerShell\Modules\Pester\5.7.1\Pester.psm1:1985
[91m   at Invoke-ScriptBlock, C:\Users\lavantien\Documents\PowerShell\Modules\Pester\5.7.1\Pester.psm1:2160
[91m   at Invoke-Block, C:\Users\lavantien\Documents\PowerShell\Modules\Pester\5.7.1\Pester.psm1:940
[91m   at <ScriptBlock>, C:\Users\lavantien\Documents\PowerShell\Modules\Pester\5.7.1\Pester.psm1:1688
[91m   at <ScriptBlock>, C:\Users\lavantien\Documents\PowerShell\Modules\Pester\5.7.1\Pester.ps1:3
[91m   at <ScriptBlock>, C:\Users\lavantien\Documents\PowerShell\Modules\Pester\5.7.1\Pester.psm1:3260
[91m   at Invoke-InNewScriptScope, C:\Users\lavantien\Documents\PowerShell\Modules\Pester\5.7.1\Pester.psm1:3267
[91m   at Run-Test, C:\Users\lavantien\Documents\PowerShell\Modules\Pester\5.7.1\Pester.psm1:1691
[91m   at Invoke-Test, C:\Users\lavantien\Documents\PowerShell\Modules\Pester\5.7.1\Pester.psm1:2512
[91m   at Invoke-Pester<End>, C:\Users\lavantien\Documents\PowerShell\Modules\Pester\5.7.1\Pester.psm1:4960
[91m   at <ScriptBlock>, C:\Users\lavantien\dev\github\dotfiles\run-tests.ps1:10[0m
[91m  [-] Install-DotnetTool with version[0m[90m 28ms (27ms|1ms)[0m
[91m   CommandNotFoundException: Could not find Command Test-NeedsInstall
[91m   at Resolve-Command, C:\Users\lavantien\Documents\PowerShell\Modules\Pester\5.7.1\Pester.psm1:11723
[91m   at Mock, C:\Users\lavantien\Documents\PowerShell\Modules\Pester\5.7.1\Pester.psm1:14978
[91m   at <ScriptBlock>, C:\Users\lavantien\dev\github\dotfiles\tests\powershell\windows-installers-full.Tests.ps1:22
[91m   at <ScriptBlock>, C:\Users\lavantien\Documents\PowerShell\Modules\Pester\5.7.1\Pester.psm1:2011
[91m   at <ScriptBlock>, C:\Users\lavantien\Documents\PowerShell\Modules\Pester\5.7.1\Pester.psm1:1985
[91m   at Invoke-ScriptBlock, C:\Users\lavantien\Documents\PowerShell\Modules\Pester\5.7.1\Pester.psm1:2157
[91m   at Invoke-TestItem, C:\Users\lavantien\Documents\PowerShell\Modules\Pester\5.7.1\Pester.psm1:1199
[91m   at Invoke-Block, C:\Users\lavantien\Documents\PowerShell\Modules\Pester\5.7.1\Pester.psm1:835
[91m   at <ScriptBlock>, C:\Users\lavantien\Documents\PowerShell\Modules\Pester\5.7.1\Pester.psm1:893
[91m   at <ScriptBlock>, C:\Users\lavantien\Documents\PowerShell\Modules\Pester\5.7.1\Pester.psm1:2024
[91m   at <ScriptBlock>, C:\Users\lavantien\Documents\PowerShell\Modules\Pester\5.7.1\Pester.psm1:1985
[91m   at Invoke-ScriptBlock, C:\Users\lavantien\Documents\PowerShell\Modules\Pester\5.7.1\Pester.psm1:2160
[91m   at Invoke-Block, C:\Users\lavantien\Documents\PowerShell\Modules\Pester\5.7.1\Pester.psm1:940
[91m   at <ScriptBlock>, C:\Users\lavantien\Documents\PowerShell\Modules\Pester\5.7.1\Pester.psm1:893
[91m   at <ScriptBlock>, C:\Users\lavantien\Documents\PowerShell\Modules\Pester\5.7.1\Pester.psm1:2024
[91m   at <ScriptBlock>, C:\Users\lavantien\Documents\PowerShell\Modules\Pester\5.7.1\Pester.psm1:1985
[91m   at Invoke-ScriptBlock, C:\Users\lavantien\Documents\PowerShell\Modules\Pester\5.7.1\Pester.psm1:2160
[91m   at Invoke-Block, C:\Users\lavantien\Documents\PowerShell\Modules\Pester\5.7.1\Pester.psm1:940
[91m   at <ScriptBlock>, C:\Users\lavantien\Documents\PowerShell\Modules\Pester\5.7.1\Pester.psm1:1688
[91m   at <ScriptBlock>, C:\Users\lavantien\Documents\PowerShell\Modules\Pester\5.7.1\Pester.ps1:3
[91m   at <ScriptBlock>, C:\Users\lavantien\Documents\PowerShell\Modules\Pester\5.7.1\Pester.psm1:3260
[91m   at Invoke-InNewScriptScope, C:\Users\lavantien\Documents\PowerShell\Modules\Pester\5.7.1\Pester.psm1:3267
[91m   at Run-Test, C:\Users\lavantien\Documents\PowerShell\Modules\Pester\5.7.1\Pester.psm1:1691
[91m   at Invoke-Test, C:\Users\lavantien\Documents\PowerShell\Modules\Pester\5.7.1\Pester.psm1:2512
[91m   at Invoke-Pester<End>, C:\Users\lavantien\Documents\PowerShell\Modules\Pester\5.7.1\Pester.psm1:4960
[91m   at <ScriptBlock>, C:\Users\lavantien\dev\github\dotfiles\run-tests.ps1:10[0m
[0m
[92mDescribing windows.ps1 - Install Functions Skip (Already Installed)[0m
[91m  [-] Install-ScoopPackage skips when installed[0m[90m 32ms (30ms|2ms)[0m
[91m   CommandNotFoundException: Could not find Command Test-NeedsInstall
[91m   at Resolve-Command, C:\Users\lavantien\Documents\PowerShell\Modules\Pester\5.7.1\Pester.psm1:11723
[91m   at Mock, C:\Users\lavantien\Documents\PowerShell\Modules\Pester\5.7.1\Pester.psm1:14978
[91m   at <ScriptBlock>, C:\Users\lavantien\dev\github\dotfiles\tests\powershell\windows-installers-full.Tests.ps1:139
[91m   at <ScriptBlock>, C:\Users\lavantien\Documents\PowerShell\Modules\Pester\5.7.1\Pester.psm1:2011
[91m   at <ScriptBlock>, C:\Users\lavantien\Documents\PowerShell\Modules\Pester\5.7.1\Pester.psm1:1985
[91m   at Invoke-ScriptBlock, C:\Users\lavantien\Documents\PowerShell\Modules\Pester\5.7.1\Pester.psm1:2157
[91m   at Invoke-TestItem, C:\Users\lavantien\Documents\PowerShell\Modules\Pester\5.7.1\Pester.psm1:1199
[91m   at Invoke-Block, C:\Users\lavantien\Documents\PowerShell\Modules\Pester\5.7.1\Pester.psm1:835
[91m   at <ScriptBlock>, C:\Users\lavantien\Documents\PowerShell\Modules\Pester\5.7.1\Pester.psm1:893
[91m   at <ScriptBlock>, C:\Users\lavantien\Documents\PowerShell\Modules\Pester\5.7.1\Pester.psm1:2024
[91m   at <ScriptBlock>, C:\Users\lavantien\Documents\PowerShell\Modules\Pester\5.7.1\Pester.psm1:1985
[91m   at Invoke-ScriptBlock, C:\Users\lavantien\Documents\PowerShell\Modules\Pester\5.7.1\Pester.psm1:2160
[91m   at Invoke-Block, C:\Users\lavantien\Documents\PowerShell\Modules\Pester\5.7.1\Pester.psm1:940
[91m   at <ScriptBlock>, C:\Users\lavantien\Documents\PowerShell\Modules\Pester\5.7.1\Pester.psm1:893
[91m   at <ScriptBlock>, C:\Users\lavantien\Documents\PowerShell\Modules\Pester\5.7.1\Pester.psm1:2024
[91m   at <ScriptBlock>, C:\Users\lavantien\Documents\PowerShell\Modules\Pester\5.7.1\Pester.psm1:1985
[91m   at Invoke-ScriptBlock, C:\Users\lavantien\Documents\PowerShell\Modules\Pester\5.7.1\Pester.psm1:2160
[91m   at Invoke-Block, C:\Users\lavantien\Documents\PowerShell\Modules\Pester\5.7.1\Pester.psm1:940
[91m   at <ScriptBlock>, C:\Users\lavantien\Documents\PowerShell\Modules\Pester\5.7.1\Pester.psm1:1688
[91m   at <ScriptBlock>, C:\Users\lavantien\Documents\PowerShell\Modules\Pester\5.7.1\Pester.ps1:3
[91m   at <ScriptBlock>, C:\Users\lavantien\Documents\PowerShell\Modules\Pester\5.7.1\Pester.psm1:3260
[91m   at Invoke-InNewScriptScope, C:\Users\lavantien\Documents\PowerShell\Modules\Pester\5.7.1\Pester.psm1:3267
[91m   at Run-Test, C:\Users\lavantien\Documents\PowerShell\Modules\Pester\5.7.1\Pester.psm1:1691
[91m   at Invoke-Test, C:\Users\lavantien\Documents\PowerShell\Modules\Pester\5.7.1\Pester.psm1:2512
[91m   at Invoke-Pester<End>, C:\Users\lavantien\Documents\PowerShell\Modules\Pester\5.7.1\Pester.psm1:4960
[91m   at <ScriptBlock>, C:\Users\lavantien\dev\github\dotfiles\run-tests.ps1:10[0m
[91m  [-] Install-WingetPackage skips when installed[0m[90m 27ms (26ms|1ms)[0m
[91m   CommandNotFoundException: Could not find Command Test-NeedsInstall
[91m   at Resolve-Command, C:\Users\lavantien\Documents\PowerShell\Modules\Pester\5.7.1\Pester.psm1:11723
[91m   at Mock, C:\Users\lavantien\Documents\PowerShell\Modules\Pester\5.7.1\Pester.psm1:14978
[91m   at <ScriptBlock>, C:\Users\lavantien\dev\github\dotfiles\tests\powershell\windows-installers-full.Tests.ps1:139
[91m   at <ScriptBlock>, C:\Users\lavantien\Documents\PowerShell\Modules\Pester\5.7.1\Pester.psm1:2011
[91m   at <ScriptBlock>, C:\Users\lavantien\Documents\PowerShell\Modules\Pester\5.7.1\Pester.psm1:1985
[91m   at Invoke-ScriptBlock, C:\Users\lavantien\Documents\PowerShell\Modules\Pester\5.7.1\Pester.psm1:2157
[91m   at Invoke-TestItem, C:\Users\lavantien\Documents\PowerShell\Modules\Pester\5.7.1\Pester.psm1:1199
[91m   at Invoke-Block, C:\Users\lavantien\Documents\PowerShell\Modules\Pester\5.7.1\Pester.psm1:835
[91m   at <ScriptBlock>, C:\Users\lavantien\Documents\PowerShell\Modules\Pester\5.7.1\Pester.psm1:893
[91m   at <ScriptBlock>, C:\Users\lavantien\Documents\PowerShell\Modules\Pester\5.7.1\Pester.psm1:2024
[91m   at <ScriptBlock>, C:\Users\lavantien\Documents\PowerShell\Modules\Pester\5.7.1\Pester.psm1:1985
[91m   at Invoke-ScriptBlock, C:\Users\lavantien\Documents\PowerShell\Modules\Pester\5.7.1\Pester.psm1:2160
[91m   at Invoke-Block, C:\Users\lavantien\Documents\PowerShell\Modules\Pester\5.7.1\Pester.psm1:940
[91m   at <ScriptBlock>, C:\Users\lavantien\Documents\PowerShell\Modules\Pester\5.7.1\Pester.psm1:893
[91m   at <ScriptBlock>, C:\Users\lavantien\Documents\PowerShell\Modules\Pester\5.7.1\Pester.psm1:2024
[91m   at <ScriptBlock>, C:\Users\lavantien\Documents\PowerShell\Modules\Pester\5.7.1\Pester.psm1:1985
[91m   at Invoke-ScriptBlock, C:\Users\lavantien\Documents\PowerShell\Modules\Pester\5.7.1\Pester.psm1:2160
[91m   at Invoke-Block, C:\Users\lavantien\Documents\PowerShell\Modules\Pester\5.7.1\Pester.psm1:940
[91m   at <ScriptBlock>, C:\Users\lavantien\Documents\PowerShell\Modules\Pester\5.7.1\Pester.psm1:1688
[91m   at <ScriptBlock>, C:\Users\lavantien\Documents\PowerShell\Modules\Pester\5.7.1\Pester.ps1:3
[91m   at <ScriptBlock>, C:\Users\lavantien\Documents\PowerShell\Modules\Pester\5.7.1\Pester.psm1:3260
[91m   at Invoke-InNewScriptScope, C:\Users\lavantien\Documents\PowerShell\Modules\Pester\5.7.1\Pester.psm1:3267
[91m   at Run-Test, C:\Users\lavantien\Documents\PowerShell\Modules\Pester\5.7.1\Pester.psm1:1691
[91m   at Invoke-Test, C:\Users\lavantien\Documents\PowerShell\Modules\Pester\5.7.1\Pester.psm1:2512
[91m   at Invoke-Pester<End>, C:\Users\lavantien\Documents\PowerShell\Modules\Pester\5.7.1\Pester.psm1:4960
[91m   at <ScriptBlock>, C:\Users\lavantien\dev\github\dotfiles\run-tests.ps1:10[0m
[91m  [-] Install-ChocoPackage skips when installed[0m[90m 21ms (20ms|0ms)[0m
[91m   CommandNotFoundException: Could not find Command Test-NeedsInstall
[91m   at Resolve-Command, C:\Users\lavantien\Documents\PowerShell\Modules\Pester\5.7.1\Pester.psm1:11723
[91m   at Mock, C:\Users\lavantien\Documents\PowerShell\Modules\Pester\5.7.1\Pester.psm1:14978
[91m   at <ScriptBlock>, C:\Users\lavantien\dev\github\dotfiles\tests\powershell\windows-installers-full.Tests.ps1:139
[91m   at <ScriptBlock>, C:\Users\lavantien\Documents\PowerShell\Modules\Pester\5.7.1\Pester.psm1:2011
[91m   at <ScriptBlock>, C:\Users\lavantien\Documents\PowerShell\Modules\Pester\5.7.1\Pester.psm1:1985
[91m   at Invoke-ScriptBlock, C:\Users\lavantien\Documents\PowerShell\Modules\Pester\5.7.1\Pester.psm1:2157
[91m   at Invoke-TestItem, C:\Users\lavantien\Documents\PowerShell\Modules\Pester\5.7.1\Pester.psm1:1199
[91m   at Invoke-Block, C:\Users\lavantien\Documents\PowerShell\Modules\Pester\5.7.1\Pester.psm1:835
[91m   at <ScriptBlock>, C:\Users\lavantien\Documents\PowerShell\Modules\Pester\5.7.1\Pester.psm1:893
[91m   at <ScriptBlock>, C:\Users\lavantien\Documents\PowerShell\Modules\Pester\5.7.1\Pester.psm1:2024
[91m   at <ScriptBlock>, C:\Users\lavantien\Documents\PowerShell\Modules\Pester\5.7.1\Pester.psm1:1985
[91m   at Invoke-ScriptBlock, C:\Users\lavantien\Documents\PowerShell\Modules\Pester\5.7.1\Pester.psm1:2160
[91m   at Invoke-Block, C:\Users\lavantien\Documents\PowerShell\Modules\Pester\5.7.1\Pester.psm1:940
[91m   at <ScriptBlock>, C:\Users\lavantien\Documents\PowerShell\Modules\Pester\5.7.1\Pester.psm1:893
[91m   at <ScriptBlock>, C:\Users\lavantien\Documents\PowerShell\Modules\Pester\5.7.1\Pester.psm1:2024
[91m   at <ScriptBlock>, C:\Users\lavantien\Documents\PowerShell\Modules\Pester\5.7.1\Pester.psm1:1985
[91m   at Invoke-ScriptBlock, C:\Users\lavantien\Documents\PowerShell\Modules\Pester\5.7.1\Pester.psm1:2160
[91m   at Invoke-Block, C:\Users\lavantien\Documents\PowerShell\Modules\Pester\5.7.1\Pester.psm1:940
[91m   at <ScriptBlock>, C:\Users\lavantien\Documents\PowerShell\Modules\Pester\5.7.1\Pester.psm1:1688
[91m   at <ScriptBlock>, C:\Users\lavantien\Documents\PowerShell\Modules\Pester\5.7.1\Pester.ps1:3
[91m   at <ScriptBlock>, C:\Users\lavantien\Documents\PowerShell\Modules\Pester\5.7.1\Pester.psm1:3260
[91m   at Invoke-InNewScriptScope, C:\Users\lavantien\Documents\PowerShell\Modules\Pester\5.7.1\Pester.psm1:3267
[91m   at Run-Test, C:\Users\lavantien\Documents\PowerShell\Modules\Pester\5.7.1\Pester.psm1:1691
[91m   at Invoke-Test, C:\Users\lavantien\Documents\PowerShell\Modules\Pester\5.7.1\Pester.psm1:2512
[91m   at Invoke-Pester<End>, C:\Users\lavantien\Documents\PowerShell\Modules\Pester\5.7.1\Pester.psm1:4960
[91m   at <ScriptBlock>, C:\Users\lavantien\dev\github\dotfiles\run-tests.ps1:10[0m
[91m  [-] Install-NpmGlobal skips when installed[0m[90m 18ms (18ms|1ms)[0m
[91m   CommandNotFoundException: Could not find Command Test-NeedsInstall
[91m   at Resolve-Command, C:\Users\lavantien\Documents\PowerShell\Modules\Pester\5.7.1\Pester.psm1:11723
[91m   at Mock, C:\Users\lavantien\Documents\PowerShell\Modules\Pester\5.7.1\Pester.psm1:14978
[91m   at <ScriptBlock>, C:\Users\lavantien\dev\github\dotfiles\tests\powershell\windows-installers-full.Tests.ps1:139
[91m   at <ScriptBlock>, C:\Users\lavantien\Documents\PowerShell\Modules\Pester\5.7.1\Pester.psm1:2011
[91m   at <ScriptBlock>, C:\Users\lavantien\Documents\PowerShell\Modules\Pester\5.7.1\Pester.psm1:1985
[91m   at Invoke-ScriptBlock, C:\Users\lavantien\Documents\PowerShell\Modules\Pester\5.7.1\Pester.psm1:2157
[91m   at Invoke-TestItem, C:\Users\lavantien\Documents\PowerShell\Modules\Pester\5.7.1\Pester.psm1:1199
[91m   at Invoke-Block, C:\Users\lavantien\Documents\PowerShell\Modules\Pester\5.7.1\Pester.psm1:835
[91m   at <ScriptBlock>, C:\Users\lavantien\Documents\PowerShell\Modules\Pester\5.7.1\Pester.psm1:893
[91m   at <ScriptBlock>, C:\Users\lavantien\Documents\PowerShell\Modules\Pester\5.7.1\Pester.psm1:2024
[91m   at <ScriptBlock>, C:\Users\lavantien\Documents\PowerShell\Modules\Pester\5.7.1\Pester.psm1:1985
[91m   at Invoke-ScriptBlock, C:\Users\lavantien\Documents\PowerShell\Modules\Pester\5.7.1\Pester.psm1:2160
[91m   at Invoke-Block, C:\Users\lavantien\Documents\PowerShell\Modules\Pester\5.7.1\Pester.psm1:940
[91m   at <ScriptBlock>, C:\Users\lavantien\Documents\PowerShell\Modules\Pester\5.7.1\Pester.psm1:893
[91m   at <ScriptBlock>, C:\Users\lavantien\Documents\PowerShell\Modules\Pester\5.7.1\Pester.psm1:2024
[91m   at <ScriptBlock>, C:\Users\lavantien\Documents\PowerShell\Modules\Pester\5.7.1\Pester.psm1:1985
[91m   at Invoke-ScriptBlock, C:\Users\lavantien\Documents\PowerShell\Modules\Pester\5.7.1\Pester.psm1:2160
[91m   at Invoke-Block, C:\Users\lavantien\Documents\PowerShell\Modules\Pester\5.7.1\Pester.psm1:940
[91m   at <ScriptBlock>, C:\Users\lavantien\Documents\PowerShell\Modules\Pester\5.7.1\Pester.psm1:1688
[91m   at <ScriptBlock>, C:\Users\lavantien\Documents\PowerShell\Modules\Pester\5.7.1\Pester.ps1:3
[91m   at <ScriptBlock>, C:\Users\lavantien\Documents\PowerShell\Modules\Pester\5.7.1\Pester.psm1:3260
[91m   at Invoke-InNewScriptScope, C:\Users\lavantien\Documents\PowerShell\Modules\Pester\5.7.1\Pester.psm1:3267
[91m   at Run-Test, C:\Users\lavantien\Documents\PowerShell\Modules\Pester\5.7.1\Pester.psm1:1691
[91m   at Invoke-Test, C:\Users\lavantien\Documents\PowerShell\Modules\Pester\5.7.1\Pester.psm1:2512
[91m   at Invoke-Pester<End>, C:\Users\lavantien\Documents\PowerShell\Modules\Pester\5.7.1\Pester.psm1:4960
[91m   at <ScriptBlock>, C:\Users\lavantien\dev\github\dotfiles\run-tests.ps1:10[0m
[91m  [-] Install-GoPackage skips when installed[0m[90m 21ms (21ms|0ms)[0m
[91m   CommandNotFoundException: Could not find Command Test-NeedsInstall
[91m   at Resolve-Command, C:\Users\lavantien\Documents\PowerShell\Modules\Pester\5.7.1\Pester.psm1:11723
[91m   at Mock, C:\Users\lavantien\Documents\PowerShell\Modules\Pester\5.7.1\Pester.psm1:14978
[91m   at <ScriptBlock>, C:\Users\lavantien\dev\github\dotfiles\tests\powershell\windows-installers-full.Tests.ps1:139
[91m   at <ScriptBlock>, C:\Users\lavantien\Documents\PowerShell\Modules\Pester\5.7.1\Pester.psm1:2011
[91m   at <ScriptBlock>, C:\Users\lavantien\Documents\PowerShell\Modules\Pester\5.7.1\Pester.psm1:1985
[91m   at Invoke-ScriptBlock, C:\Users\lavantien\Documents\PowerShell\Modules\Pester\5.7.1\Pester.psm1:2157
[91m   at Invoke-TestItem, C:\Users\lavantien\Documents\PowerShell\Modules\Pester\5.7.1\Pester.psm1:1199
[91m   at Invoke-Block, C:\Users\lavantien\Documents\PowerShell\Modules\Pester\5.7.1\Pester.psm1:835
[91m   at <ScriptBlock>, C:\Users\lavantien\Documents\PowerShell\Modules\Pester\5.7.1\Pester.psm1:893
[91m   at <ScriptBlock>, C:\Users\lavantien\Documents\PowerShell\Modules\Pester\5.7.1\Pester.psm1:2024
[91m   at <ScriptBlock>, C:\Users\lavantien\Documents\PowerShell\Modules\Pester\5.7.1\Pester.psm1:1985
[91m   at Invoke-ScriptBlock, C:\Users\lavantien\Documents\PowerShell\Modules\Pester\5.7.1\Pester.psm1:2160
[91m   at Invoke-Block, C:\Users\lavantien\Documents\PowerShell\Modules\Pester\5.7.1\Pester.psm1:940
[91m   at <ScriptBlock>, C:\Users\lavantien\Documents\PowerShell\Modules\Pester\5.7.1\Pester.psm1:893
[91m   at <ScriptBlock>, C:\Users\lavantien\Documents\PowerShell\Modules\Pester\5.7.1\Pester.psm1:2024
[91m   at <ScriptBlock>, C:\Users\lavantien\Documents\PowerShell\Modules\Pester\5.7.1\Pester.psm1:1985
[91m   at Invoke-ScriptBlock, C:\Users\lavantien\Documents\PowerShell\Modules\Pester\5.7.1\Pester.psm1:2160
[91m   at Invoke-Block, C:\Users\lavantien\Documents\PowerShell\Modules\Pester\5.7.1\Pester.psm1:940
[91m   at <ScriptBlock>, C:\Users\lavantien\Documents\PowerShell\Modules\Pester\5.7.1\Pester.psm1:1688
[91m   at <ScriptBlock>, C:\Users\lavantien\Documents\PowerShell\Modules\Pester\5.7.1\Pester.ps1:3
[91m   at <ScriptBlock>, C:\Users\lavantien\Documents\PowerShell\Modules\Pester\5.7.1\Pester.psm1:3260
[91m   at Invoke-InNewScriptScope, C:\Users\lavantien\Documents\PowerShell\Modules\Pester\5.7.1\Pester.psm1:3267
[91m   at Run-Test, C:\Users\lavantien\Documents\PowerShell\Modules\Pester\5.7.1\Pester.psm1:1691
[91m   at Invoke-Test, C:\Users\lavantien\Documents\PowerShell\Modules\Pester\5.7.1\Pester.psm1:2512
[91m   at Invoke-Pester<End>, C:\Users\lavantien\Documents\PowerShell\Modules\Pester\5.7.1\Pester.psm1:4960
[91m   at <ScriptBlock>, C:\Users\lavantien\dev\github\dotfiles\run-tests.ps1:10[0m
[0m
[92mDescribing windows.ps1 - Install Functions Missing Package Manager[0m
[91m  [-] Install-ScoopPackage returns false when scoop missing[0m[90m 25ms (24ms|1ms)[0m
[91m   CommandNotFoundException: Could not find Command Test-NeedsInstall
[91m   at Resolve-Command, C:\Users\lavantien\Documents\PowerShell\Modules\Pester\5.7.1\Pester.psm1:11723
[91m   at Mock, C:\Users\lavantien\Documents\PowerShell\Modules\Pester\5.7.1\Pester.psm1:14978
[91m   at <ScriptBlock>, C:\Users\lavantien\dev\github\dotfiles\tests\powershell\windows-installers-full.Tests.ps1:177
[91m   at <ScriptBlock>, C:\Users\lavantien\Documents\PowerShell\Modules\Pester\5.7.1\Pester.psm1:2011
[91m   at <ScriptBlock>, C:\Users\lavantien\Documents\PowerShell\Modules\Pester\5.7.1\Pester.psm1:1985
[91m   at Invoke-ScriptBlock, C:\Users\lavantien\Documents\PowerShell\Modules\Pester\5.7.1\Pester.psm1:2157
[91m   at Invoke-TestItem, C:\Users\lavantien\Documents\PowerShell\Modules\Pester\5.7.1\Pester.psm1:1199
[91m   at Invoke-Block, C:\Users\lavantien\Documents\PowerShell\Modules\Pester\5.7.1\Pester.psm1:835
[91m   at <ScriptBlock>, C:\Users\lavantien\Documents\PowerShell\Modules\Pester\5.7.1\Pester.psm1:893
[91m   at <ScriptBlock>, C:\Users\lavantien\Documents\PowerShell\Modules\Pester\5.7.1\Pester.psm1:2024
[91m   at <ScriptBlock>, C:\Users\lavantien\Documents\PowerShell\Modules\Pester\5.7.1\Pester.psm1:1985
[91m   at Invoke-ScriptBlock, C:\Users\lavantien\Documents\PowerShell\Modules\Pester\5.7.1\Pester.psm1:2160
[91m   at Invoke-Block, C:\Users\lavantien\Documents\PowerShell\Modules\Pester\5.7.1\Pester.psm1:940
[91m   at <ScriptBlock>, C:\Users\lavantien\Documents\PowerShell\Modules\Pester\5.7.1\Pester.psm1:893
[91m   at <ScriptBlock>, C:\Users\lavantien\Documents\PowerShell\Modules\Pester\5.7.1\Pester.psm1:2024
[91m   at <ScriptBlock>, C:\Users\lavantien\Documents\PowerShell\Modules\Pester\5.7.1\Pester.psm1:1985
[91m   at Invoke-ScriptBlock, C:\Users\lavantien\Documents\PowerShell\Modules\Pester\5.7.1\Pester.psm1:2160
[91m   at Invoke-Block, C:\Users\lavantien\Documents\PowerShell\Modules\Pester\5.7.1\Pester.psm1:940
[91m   at <ScriptBlock>, C:\Users\lavantien\Documents\PowerShell\Modules\Pester\5.7.1\Pester.psm1:1688
[91m   at <ScriptBlock>, C:\Users\lavantien\Documents\PowerShell\Modules\Pester\5.7.1\Pester.ps1:3
[91m   at <ScriptBlock>, C:\Users\lavantien\Documents\PowerShell\Modules\Pester\5.7.1\Pester.psm1:3260
[91m   at Invoke-InNewScriptScope, C:\Users\lavantien\Documents\PowerShell\Modules\Pester\5.7.1\Pester.psm1:3267
[91m   at Run-Test, C:\Users\lavantien\Documents\PowerShell\Modules\Pester\5.7.1\Pester.psm1:1691
[91m   at Invoke-Test, C:\Users\lavantien\Documents\PowerShell\Modules\Pester\5.7.1\Pester.psm1:2512
[91m   at Invoke-Pester<End>, C:\Users\lavantien\Documents\PowerShell\Modules\Pester\5.7.1\Pester.psm1:4960
[91m   at <ScriptBlock>, C:\Users\lavantien\dev\github\dotfiles\run-tests.ps1:10[0m
[91m  [-] Install-WingetPackage returns false when winget missing[0m[90m 26ms (26ms|0ms)[0m
[91m   CommandNotFoundException: Could not find Command Test-NeedsInstall
[91m   at Resolve-Command, C:\Users\lavantien\Documents\PowerShell\Modules\Pester\5.7.1\Pester.psm1:11723
[91m   at Mock, C:\Users\lavantien\Documents\PowerShell\Modules\Pester\5.7.1\Pester.psm1:14978
[91m   at <ScriptBlock>, C:\Users\lavantien\dev\github\dotfiles\tests\powershell\windows-installers-full.Tests.ps1:177
[91m   at <ScriptBlock>, C:\Users\lavantien\Documents\PowerShell\Modules\Pester\5.7.1\Pester.psm1:2011
[91m   at <ScriptBlock>, C:\Users\lavantien\Documents\PowerShell\Modules\Pester\5.7.1\Pester.psm1:1985
[91m   at Invoke-ScriptBlock, C:\Users\lavantien\Documents\PowerShell\Modules\Pester\5.7.1\Pester.psm1:2157
[91m   at Invoke-TestItem, C:\Users\lavantien\Documents\PowerShell\Modules\Pester\5.7.1\Pester.psm1:1199
[91m   at Invoke-Block, C:\Users\lavantien\Documents\PowerShell\Modules\Pester\5.7.1\Pester.psm1:835
[91m   at <ScriptBlock>, C:\Users\lavantien\Documents\PowerShell\Modules\Pester\5.7.1\Pester.psm1:893
[91m   at <ScriptBlock>, C:\Users\lavantien\Documents\PowerShell\Modules\Pester\5.7.1\Pester.psm1:2024
[91m   at <ScriptBlock>, C:\Users\lavantien\Documents\PowerShell\Modules\Pester\5.7.1\Pester.psm1:1985
[91m   at Invoke-ScriptBlock, C:\Users\lavantien\Documents\PowerShell\Modules\Pester\5.7.1\Pester.psm1:2160
[91m   at Invoke-Block, C:\Users\lavantien\Documents\PowerShell\Modules\Pester\5.7.1\Pester.psm1:940
[91m   at <ScriptBlock>, C:\Users\lavantien\Documents\PowerShell\Modules\Pester\5.7.1\Pester.psm1:893
[91m   at <ScriptBlock>, C:\Users\lavantien\Documents\PowerShell\Modules\Pester\5.7.1\Pester.psm1:2024
[91m   at <ScriptBlock>, C:\Users\lavantien\Documents\PowerShell\Modules\Pester\5.7.1\Pester.psm1:1985
[91m   at Invoke-ScriptBlock, C:\Users\lavantien\Documents\PowerShell\Modules\Pester\5.7.1\Pester.psm1:2160
[91m   at Invoke-Block, C:\Users\lavantien\Documents\PowerShell\Modules\Pester\5.7.1\Pester.psm1:940
[91m   at <ScriptBlock>, C:\Users\lavantien\Documents\PowerShell\Modules\Pester\5.7.1\Pester.psm1:1688
[91m   at <ScriptBlock>, C:\Users\lavantien\Documents\PowerShell\Modules\Pester\5.7.1\Pester.ps1:3
[91m   at <ScriptBlock>, C:\Users\lavantien\Documents\PowerShell\Modules\Pester\5.7.1\Pester.psm1:3260
[91m   at Invoke-InNewScriptScope, C:\Users\lavantien\Documents\PowerShell\Modules\Pester\5.7.1\Pester.psm1:3267
[91m   at Run-Test, C:\Users\lavantien\Documents\PowerShell\Modules\Pester\5.7.1\Pester.psm1:1691
[91m   at Invoke-Test, C:\Users\lavantien\Documents\PowerShell\Modules\Pester\5.7.1\Pester.psm1:2512
[91m   at Invoke-Pester<End>, C:\Users\lavantien\Documents\PowerShell\Modules\Pester\5.7.1\Pester.psm1:4960
[91m   at <ScriptBlock>, C:\Users\lavantien\dev\github\dotfiles\run-tests.ps1:10[0m
[91m  [-] Install-ChocoPackage returns false when choco missing[0m[90m 22ms (22ms|1ms)[0m
[91m   CommandNotFoundException: Could not find Command Test-NeedsInstall
[91m   at Resolve-Command, C:\Users\lavantien\Documents\PowerShell\Modules\Pester\5.7.1\Pester.psm1:11723
[91m   at Mock, C:\Users\lavantien\Documents\PowerShell\Modules\Pester\5.7.1\Pester.psm1:14978
[91m   at <ScriptBlock>, C:\Users\lavantien\dev\github\dotfiles\tests\powershell\windows-installers-full.Tests.ps1:177
[91m   at <ScriptBlock>, C:\Users\lavantien\Documents\PowerShell\Modules\Pester\5.7.1\Pester.psm1:2011
[91m   at <ScriptBlock>, C:\Users\lavantien\Documents\PowerShell\Modules\Pester\5.7.1\Pester.psm1:1985
[91m   at Invoke-ScriptBlock, C:\Users\lavantien\Documents\PowerShell\Modules\Pester\5.7.1\Pester.psm1:2157
[91m   at Invoke-TestItem, C:\Users\lavantien\Documents\PowerShell\Modules\Pester\5.7.1\Pester.psm1:1199
[91m   at Invoke-Block, C:\Users\lavantien\Documents\PowerShell\Modules\Pester\5.7.1\Pester.psm1:835
[91m   at <ScriptBlock>, C:\Users\lavantien\Documents\PowerShell\Modules\Pester\5.7.1\Pester.psm1:893
[91m   at <ScriptBlock>, C:\Users\lavantien\Documents\PowerShell\Modules\Pester\5.7.1\Pester.psm1:2024
[91m   at <ScriptBlock>, C:\Users\lavantien\Documents\PowerShell\Modules\Pester\5.7.1\Pester.psm1:1985
[91m   at Invoke-ScriptBlock, C:\Users\lavantien\Documents\PowerShell\Modules\Pester\5.7.1\Pester.psm1:2160
[91m   at Invoke-Block, C:\Users\lavantien\Documents\PowerShell\Modules\Pester\5.7.1\Pester.psm1:940
[91m   at <ScriptBlock>, C:\Users\lavantien\Documents\PowerShell\Modules\Pester\5.7.1\Pester.psm1:893
[91m   at <ScriptBlock>, C:\Users\lavantien\Documents\PowerShell\Modules\Pester\5.7.1\Pester.psm1:2024
[91m   at <ScriptBlock>, C:\Users\lavantien\Documents\PowerShell\Modules\Pester\5.7.1\Pester.psm1:1985
[91m   at Invoke-ScriptBlock, C:\Users\lavantien\Documents\PowerShell\Modules\Pester\5.7.1\Pester.psm1:2160
[91m   at Invoke-Block, C:\Users\lavantien\Documents\PowerShell\Modules\Pester\5.7.1\Pester.psm1:940
[91m   at <ScriptBlock>, C:\Users\lavantien\Documents\PowerShell\Modules\Pester\5.7.1\Pester.psm1:1688
[91m   at <ScriptBlock>, C:\Users\lavantien\Documents\PowerShell\Modules\Pester\5.7.1\Pester.ps1:3
[91m   at <ScriptBlock>, C:\Users\lavantien\Documents\PowerShell\Modules\Pester\5.7.1\Pester.psm1:3260
[91m   at Invoke-InNewScriptScope, C:\Users\lavantien\Documents\PowerShell\Modules\Pester\5.7.1\Pester.psm1:3267
[91m   at Run-Test, C:\Users\lavantien\Documents\PowerShell\Modules\Pester\5.7.1\Pester.psm1:1691
[91m   at Invoke-Test, C:\Users\lavantien\Documents\PowerShell\Modules\Pester\5.7.1\Pester.psm1:2512
[91m   at Invoke-Pester<End>, C:\Users\lavantien\Documents\PowerShell\Modules\Pester\5.7.1\Pester.psm1:4960
[91m   at <ScriptBlock>, C:\Users\lavantien\dev\github\dotfiles\run-tests.ps1:10[0m
[91m  [-] Install-NpmGlobal returns false when npm missing[0m[90m 18ms (18ms|0ms)[0m
[91m   CommandNotFoundException: Could not find Command Test-NeedsInstall
[91m   at Resolve-Command, C:\Users\lavantien\Documents\PowerShell\Modules\Pester\5.7.1\Pester.psm1:11723
[91m   at Mock, C:\Users\lavantien\Documents\PowerShell\Modules\Pester\5.7.1\Pester.psm1:14978
[91m   at <ScriptBlock>, C:\Users\lavantien\dev\github\dotfiles\tests\powershell\windows-installers-full.Tests.ps1:177
[91m   at <ScriptBlock>, C:\Users\lavantien\Documents\PowerShell\Modules\Pester\5.7.1\Pester.psm1:2011
[91m   at <ScriptBlock>, C:\Users\lavantien\Documents\PowerShell\Modules\Pester\5.7.1\Pester.psm1:1985
[91m   at Invoke-ScriptBlock, C:\Users\lavantien\Documents\PowerShell\Modules\Pester\5.7.1\Pester.psm1:2157
[91m   at Invoke-TestItem, C:\Users\lavantien\Documents\PowerShell\Modules\Pester\5.7.1\Pester.psm1:1199
[91m   at Invoke-Block, C:\Users\lavantien\Documents\PowerShell\Modules\Pester\5.7.1\Pester.psm1:835
[91m   at <ScriptBlock>, C:\Users\lavantien\Documents\PowerShell\Modules\Pester\5.7.1\Pester.psm1:893
[91m   at <ScriptBlock>, C:\Users\lavantien\Documents\PowerShell\Modules\Pester\5.7.1\Pester.psm1:2024
[91m   at <ScriptBlock>, C:\Users\lavantien\Documents\PowerShell\Modules\Pester\5.7.1\Pester.psm1:1985
[91m   at Invoke-ScriptBlock, C:\Users\lavantien\Documents\PowerShell\Modules\Pester\5.7.1\Pester.psm1:2160
[91m   at Invoke-Block, C:\Users\lavantien\Documents\PowerShell\Modules\Pester\5.7.1\Pester.psm1:940
[91m   at <ScriptBlock>, C:\Users\lavantien\Documents\PowerShell\Modules\Pester\5.7.1\Pester.psm1:893
[91m   at <ScriptBlock>, C:\Users\lavantien\Documents\PowerShell\Modules\Pester\5.7.1\Pester.psm1:2024
[91m   at <ScriptBlock>, C:\Users\lavantien\Documents\PowerShell\Modules\Pester\5.7.1\Pester.psm1:1985
[91m   at Invoke-ScriptBlock, C:\Users\lavantien\Documents\PowerShell\Modules\Pester\5.7.1\Pester.psm1:2160
[91m   at Invoke-Block, C:\Users\lavantien\Documents\PowerShell\Modules\Pester\5.7.1\Pester.psm1:940
[91m   at <ScriptBlock>, C:\Users\lavantien\Documents\PowerShell\Modules\Pester\5.7.1\Pester.psm1:1688
[91m   at <ScriptBlock>, C:\Users\lavantien\Documents\PowerShell\Modules\Pester\5.7.1\Pester.ps1:3
[91m   at <ScriptBlock>, C:\Users\lavantien\Documents\PowerShell\Modules\Pester\5.7.1\Pester.psm1:3260
[91m   at Invoke-InNewScriptScope, C:\Users\lavantien\Documents\PowerShell\Modules\Pester\5.7.1\Pester.psm1:3267
[91m   at Run-Test, C:\Users\lavantien\Documents\PowerShell\Modules\Pester\5.7.1\Pester.psm1:1691
[91m   at Invoke-Test, C:\Users\lavantien\Documents\PowerShell\Modules\Pester\5.7.1\Pester.psm1:2512
[91m   at Invoke-Pester<End>, C:\Users\lavantien\Documents\PowerShell\Modules\Pester\5.7.1\Pester.psm1:4960
[91m   at <ScriptBlock>, C:\Users\lavantien\dev\github\dotfiles\run-tests.ps1:10[0m
[91m  [-] Install-GoPackage returns false when go missing[0m[90m 23ms (22ms|1ms)[0m
[91m   CommandNotFoundException: Could not find Command Test-NeedsInstall
[91m   at Resolve-Command, C:\Users\lavantien\Documents\PowerShell\Modules\Pester\5.7.1\Pester.psm1:11723
[91m   at Mock, C:\Users\lavantien\Documents\PowerShell\Modules\Pester\5.7.1\Pester.psm1:14978
[91m   at <ScriptBlock>, C:\Users\lavantien\dev\github\dotfiles\tests\powershell\windows-installers-full.Tests.ps1:177
[91m   at <ScriptBlock>, C:\Users\lavantien\Documents\PowerShell\Modules\Pester\5.7.1\Pester.psm1:2011
[91m   at <ScriptBlock>, C:\Users\lavantien\Documents\PowerShell\Modules\Pester\5.7.1\Pester.psm1:1985
[91m   at Invoke-ScriptBlock, C:\Users\lavantien\Documents\PowerShell\Modules\Pester\5.7.1\Pester.psm1:2157
[91m   at Invoke-TestItem, C:\Users\lavantien\Documents\PowerShell\Modules\Pester\5.7.1\Pester.psm1:1199
[91m   at Invoke-Block, C:\Users\lavantien\Documents\PowerShell\Modules\Pester\5.7.1\Pester.psm1:835
[91m   at <ScriptBlock>, C:\Users\lavantien\Documents\PowerShell\Modules\Pester\5.7.1\Pester.psm1:893
[91m   at <ScriptBlock>, C:\Users\lavantien\Documents\PowerShell\Modules\Pester\5.7.1\Pester.psm1:2024
[91m   at <ScriptBlock>, C:\Users\lavantien\Documents\PowerShell\Modules\Pester\5.7.1\Pester.psm1:1985
[91m   at Invoke-ScriptBlock, C:\Users\lavantien\Documents\PowerShell\Modules\Pester\5.7.1\Pester.psm1:2160
[91m   at Invoke-Block, C:\Users\lavantien\Documents\PowerShell\Modules\Pester\5.7.1\Pester.psm1:940
[91m   at <ScriptBlock>, C:\Users\lavantien\Documents\PowerShell\Modules\Pester\5.7.1\Pester.psm1:893
[91m   at <ScriptBlock>, C:\Users\lavantien\Documents\PowerShell\Modules\Pester\5.7.1\Pester.psm1:2024
[91m   at <ScriptBlock>, C:\Users\lavantien\Documents\PowerShell\Modules\Pester\5.7.1\Pester.psm1:1985
[91m   at Invoke-ScriptBlock, C:\Users\lavantien\Documents\PowerShell\Modules\Pester\5.7.1\Pester.psm1:2160
[91m   at Invoke-Block, C:\Users\lavantien\Documents\PowerShell\Modules\Pester\5.7.1\Pester.psm1:940
[91m   at <ScriptBlock>, C:\Users\lavantien\Documents\PowerShell\Modules\Pester\5.7.1\Pester.psm1:1688
[91m   at <ScriptBlock>, C:\Users\lavantien\Documents\PowerShell\Modules\Pester\5.7.1\Pester.ps1:3
[91m   at <ScriptBlock>, C:\Users\lavantien\Documents\PowerShell\Modules\Pester\5.7.1\Pester.psm1:3260
[91m   at Invoke-InNewScriptScope, C:\Users\lavantien\Documents\PowerShell\Modules\Pester\5.7.1\Pester.psm1:3267
[91m   at Run-Test, C:\Users\lavantien\Documents\PowerShell\Modules\Pester\5.7.1\Pester.psm1:1691
[91m   at Invoke-Test, C:\Users\lavantien\Documents\PowerShell\Modules\Pester\5.7.1\Pester.psm1:2512
[91m   at Invoke-Pester<End>, C:\Users\lavantien\Documents\PowerShell\Modules\Pester\5.7.1\Pester.psm1:4960
[91m   at <ScriptBlock>, C:\Users\lavantien\dev\github\dotfiles\run-tests.ps1:10[0m
[91m  [-] Install-CargoPackage returns false when cargo missing[0m[90m 30ms (30ms|0ms)[0m
[91m   CommandNotFoundException: Could not find Command Test-NeedsInstall
[91m   at Resolve-Command, C:\Users\lavantien\Documents\PowerShell\Modules\Pester\5.7.1\Pester.psm1:11723
[91m   at Mock, C:\Users\lavantien\Documents\PowerShell\Modules\Pester\5.7.1\Pester.psm1:14978
[91m   at <ScriptBlock>, C:\Users\lavantien\dev\github\dotfiles\tests\powershell\windows-installers-full.Tests.ps1:177
[91m   at <ScriptBlock>, C:\Users\lavantien\Documents\PowerShell\Modules\Pester\5.7.1\Pester.psm1:2011
[91m   at <ScriptBlock>, C:\Users\lavantien\Documents\PowerShell\Modules\Pester\5.7.1\Pester.psm1:1985
[91m   at Invoke-ScriptBlock, C:\Users\lavantien\Documents\PowerShell\Modules\Pester\5.7.1\Pester.psm1:2157
[91m   at Invoke-TestItem, C:\Users\lavantien\Documents\PowerShell\Modules\Pester\5.7.1\Pester.psm1:1199
[91m   at Invoke-Block, C:\Users\lavantien\Documents\PowerShell\Modules\Pester\5.7.1\Pester.psm1:835
[91m   at <ScriptBlock>, C:\Users\lavantien\Documents\PowerShell\Modules\Pester\5.7.1\Pester.psm1:893
[91m   at <ScriptBlock>, C:\Users\lavantien\Documents\PowerShell\Modules\Pester\5.7.1\Pester.psm1:2024
[91m   at <ScriptBlock>, C:\Users\lavantien\Documents\PowerShell\Modules\Pester\5.7.1\Pester.psm1:1985
[91m   at Invoke-ScriptBlock, C:\Users\lavantien\Documents\PowerShell\Modules\Pester\5.7.1\Pester.psm1:2160
[91m   at Invoke-Block, C:\Users\lavantien\Documents\PowerShell\Modules\Pester\5.7.1\Pester.psm1:940
[91m   at <ScriptBlock>, C:\Users\lavantien\Documents\PowerShell\Modules\Pester\5.7.1\Pester.psm1:893
[91m   at <ScriptBlock>, C:\Users\lavantien\Documents\PowerShell\Modules\Pester\5.7.1\Pester.psm1:2024
[91m   at <ScriptBlock>, C:\Users\lavantien\Documents\PowerShell\Modules\Pester\5.7.1\Pester.psm1:1985
[91m   at Invoke-ScriptBlock, C:\Users\lavantien\Documents\PowerShell\Modules\Pester\5.7.1\Pester.psm1:2160
[91m   at Invoke-Block, C:\Users\lavantien\Documents\PowerShell\Modules\Pester\5.7.1\Pester.psm1:940
[91m   at <ScriptBlock>, C:\Users\lavantien\Documents\PowerShell\Modules\Pester\5.7.1\Pester.psm1:1688
[91m   at <ScriptBlock>, C:\Users\lavantien\Documents\PowerShell\Modules\Pester\5.7.1\Pester.ps1:3
[91m   at <ScriptBlock>, C:\Users\lavantien\Documents\PowerShell\Modules\Pester\5.7.1\Pester.psm1:3260
[91m   at Invoke-InNewScriptScope, C:\Users\lavantien\Documents\PowerShell\Modules\Pester\5.7.1\Pester.psm1:3267
[91m   at Run-Test, C:\Users\lavantien\Documents\PowerShell\Modules\Pester\5.7.1\Pester.psm1:1691
[91m   at Invoke-Test, C:\Users\lavantien\Documents\PowerShell\Modules\Pester\5.7.1\Pester.psm1:2512
[91m   at Invoke-Pester<End>, C:\Users\lavantien\Documents\PowerShell\Modules\Pester\5.7.1\Pester.psm1:4960
[91m   at <ScriptBlock>, C:\Users\lavantien\dev\github\dotfiles\run-tests.ps1:10[0m
[91m  [-] Install-PipGlobal returns false when python missing[0m[90m 19ms (19ms|0ms)[0m
[91m   CommandNotFoundException: Could not find Command Test-NeedsInstall
[91m   at Resolve-Command, C:\Users\lavantien\Documents\PowerShell\Modules\Pester\5.7.1\Pester.psm1:11723
[91m   at Mock, C:\Users\lavantien\Documents\PowerShell\Modules\Pester\5.7.1\Pester.psm1:14978
[91m   at <ScriptBlock>, C:\Users\lavantien\dev\github\dotfiles\tests\powershell\windows-installers-full.Tests.ps1:177
[91m   at <ScriptBlock>, C:\Users\lavantien\Documents\PowerShell\Modules\Pester\5.7.1\Pester.psm1:2011
[91m   at <ScriptBlock>, C:\Users\lavantien\Documents\PowerShell\Modules\Pester\5.7.1\Pester.psm1:1985
[91m   at Invoke-ScriptBlock, C:\Users\lavantien\Documents\PowerShell\Modules\Pester\5.7.1\Pester.psm1:2157
[91m   at Invoke-TestItem, C:\Users\lavantien\Documents\PowerShell\Modules\Pester\5.7.1\Pester.psm1:1199
[91m   at Invoke-Block, C:\Users\lavantien\Documents\PowerShell\Modules\Pester\5.7.1\Pester.psm1:835
[91m   at <ScriptBlock>, C:\Users\lavantien\Documents\PowerShell\Modules\Pester\5.7.1\Pester.psm1:893
[91m   at <ScriptBlock>, C:\Users\lavantien\Documents\PowerShell\Modules\Pester\5.7.1\Pester.psm1:2024
[91m   at <ScriptBlock>, C:\Users\lavantien\Documents\PowerShell\Modules\Pester\5.7.1\Pester.psm1:1985
[91m   at Invoke-ScriptBlock, C:\Users\lavantien\Documents\PowerShell\Modules\Pester\5.7.1\Pester.psm1:2160
[91m   at Invoke-Block, C:\Users\lavantien\Documents\PowerShell\Modules\Pester\5.7.1\Pester.psm1:940
[91m   at <ScriptBlock>, C:\Users\lavantien\Documents\PowerShell\Modules\Pester\5.7.1\Pester.psm1:893
[91m   at <ScriptBlock>, C:\Users\lavantien\Documents\PowerShell\Modules\Pester\5.7.1\Pester.psm1:2024
[91m   at <ScriptBlock>, C:\Users\lavantien\Documents\PowerShell\Modules\Pester\5.7.1\Pester.psm1:1985
[91m   at Invoke-ScriptBlock, C:\Users\lavantien\Documents\PowerShell\Modules\Pester\5.7.1\Pester.psm1:2160
[91m   at Invoke-Block, C:\Users\lavantien\Documents\PowerShell\Modules\Pester\5.7.1\Pester.psm1:940
[91m   at <ScriptBlock>, C:\Users\lavantien\Documents\PowerShell\Modules\Pester\5.7.1\Pester.psm1:1688
[91m   at <ScriptBlock>, C:\Users\lavantien\Documents\PowerShell\Modules\Pester\5.7.1\Pester.ps1:3
[91m   at <ScriptBlock>, C:\Users\lavantien\Documents\PowerShell\Modules\Pester\5.7.1\Pester.psm1:3260
[91m   at Invoke-InNewScriptScope, C:\Users\lavantien\Documents\PowerShell\Modules\Pester\5.7.1\Pester.psm1:3267
[91m   at Run-Test, C:\Users\lavantien\Documents\PowerShell\Modules\Pester\5.7.1\Pester.psm1:1691
[91m   at Invoke-Test, C:\Users\lavantien\Documents\PowerShell\Modules\Pester\5.7.1\Pester.psm1:2512
[91m   at Invoke-Pester<End>, C:\Users\lavantien\Documents\PowerShell\Modules\Pester\5.7.1\Pester.psm1:4960
[91m   at <ScriptBlock>, C:\Users\lavantien\dev\github\dotfiles\run-tests.ps1:10[0m
[91m  [-] Install-DotnetTool returns false when dotnet missing[0m[90m 35ms (34ms|1ms)[0m
[91m   CommandNotFoundException: Could not find Command Test-NeedsInstall
[91m   at Resolve-Command, C:\Users\lavantien\Documents\PowerShell\Modules\Pester\5.7.1\Pester.psm1:11723
[91m   at Mock, C:\Users\lavantien\Documents\PowerShell\Modules\Pester\5.7.1\Pester.psm1:14978
[91m   at <ScriptBlock>, C:\Users\lavantien\dev\github\dotfiles\tests\powershell\windows-installers-full.Tests.ps1:177
[91m   at <ScriptBlock>, C:\Users\lavantien\Documents\PowerShell\Modules\Pester\5.7.1\Pester.psm1:2011
[91m   at <ScriptBlock>, C:\Users\lavantien\Documents\PowerShell\Modules\Pester\5.7.1\Pester.psm1:1985
[91m   at Invoke-ScriptBlock, C:\Users\lavantien\Documents\PowerShell\Modules\Pester\5.7.1\Pester.psm1:2157
[91m   at Invoke-TestItem, C:\Users\lavantien\Documents\PowerShell\Modules\Pester\5.7.1\Pester.psm1:1199
[91m   at Invoke-Block, C:\Users\lavantien\Documents\PowerShell\Modules\Pester\5.7.1\Pester.psm1:835
[91m   at <ScriptBlock>, C:\Users\lavantien\Documents\PowerShell\Modules\Pester\5.7.1\Pester.psm1:893
[91m   at <ScriptBlock>, C:\Users\lavantien\Documents\PowerShell\Modules\Pester\5.7.1\Pester.psm1:2024
[91m   at <ScriptBlock>, C:\Users\lavantien\Documents\PowerShell\Modules\Pester\5.7.1\Pester.psm1:1985
[91m   at Invoke-ScriptBlock, C:\Users\lavantien\Documents\PowerShell\Modules\Pester\5.7.1\Pester.psm1:2160
[91m   at Invoke-Block, C:\Users\lavantien\Documents\PowerShell\Modules\Pester\5.7.1\Pester.psm1:940
[91m   at <ScriptBlock>, C:\Users\lavantien\Documents\PowerShell\Modules\Pester\5.7.1\Pester.psm1:893
[91m   at <ScriptBlock>, C:\Users\lavantien\Documents\PowerShell\Modules\Pester\5.7.1\Pester.psm1:2024
[91m   at <ScriptBlock>, C:\Users\lavantien\Documents\PowerShell\Modules\Pester\5.7.1\Pester.psm1:1985
[91m   at Invoke-ScriptBlock, C:\Users\lavantien\Documents\PowerShell\Modules\Pester\5.7.1\Pester.psm1:2160
[91m   at Invoke-Block, C:\Users\lavantien\Documents\PowerShell\Modules\Pester\5.7.1\Pester.psm1:940
[91m   at <ScriptBlock>, C:\Users\lavantien\Documents\PowerShell\Modules\Pester\5.7.1\Pester.psm1:1688
[91m   at <ScriptBlock>, C:\Users\lavantien\Documents\PowerShell\Modules\Pester\5.7.1\Pester.ps1:3
[91m   at <ScriptBlock>, C:\Users\lavantien\Documents\PowerShell\Modules\Pester\5.7.1\Pester.psm1:3260
[91m   at Invoke-InNewScriptScope, C:\Users\lavantien\Documents\PowerShell\Modules\Pester\5.7.1\Pester.psm1:3267
[91m   at Run-Test, C:\Users\lavantien\Documents\PowerShell\Modules\Pester\5.7.1\Pester.psm1:1691
[91m   at Invoke-Test, C:\Users\lavantien\Documents\PowerShell\Modules\Pester\5.7.1\Pester.psm1:2512
[91m   at Invoke-Pester<End>, C:\Users\lavantien\Documents\PowerShell\Modules\Pester\5.7.1\Pester.psm1:4960
[91m   at <ScriptBlock>, C:\Users\lavantien\dev\github\dotfiles\run-tests.ps1:10[0m
[0m
[92mDescribing windows.ps1 - Coursier Functions[0m
[32m  [+] Test-CoursierInstalled returns true when found[0m[90m 16ms (14ms|2ms)[0m
[32m  [+] Test-CoursierInstalled returns false when not found[0m[90m 20ms (19ms|1ms)[0m
[32m  [+] Get-CoursierExe returns path when found[0m[90m 7ms (6ms|0ms)[0m
[91m  [-] Get-CoursierExe returns null when not found[0m[90m 13ms (12ms|1ms)[0m
[91m   Expected $null or empty, but got 'coursier'.
[91m   at $result | Should -BeNullOrEmpty, C:\Users\lavantien\dev\github\dotfiles\tests\powershell\windows-installers-full.Tests.ps1:254
[91m   at Invoke-Assertion, C:\Users\lavantien\Documents\PowerShell\Modules\Pester\5.7.1\Pester.psm1:8250
[91m   at Should<End>, C:\Users\lavantien\Documents\PowerShell\Modules\Pester\5.7.1\Pester.psm1:8189
[91m   at <ScriptBlock>, C:\Users\lavantien\dev\github\dotfiles\tests\powershell\windows-installers-full.Tests.ps1:254
[91m   at <ScriptBlock>, C:\Users\lavantien\Documents\PowerShell\Modules\Pester\5.7.1\Pester.psm1:2024
[91m   at <ScriptBlock>, C:\Users\lavantien\Documents\PowerShell\Modules\Pester\5.7.1\Pester.psm1:1985
[91m   at Invoke-ScriptBlock, C:\Users\lavantien\Documents\PowerShell\Modules\Pester\5.7.1\Pester.psm1:2157
[91m   at Invoke-TestItem, C:\Users\lavantien\Documents\PowerShell\Modules\Pester\5.7.1\Pester.psm1:1199
[91m   at Invoke-Block, C:\Users\lavantien\Documents\PowerShell\Modules\Pester\5.7.1\Pester.psm1:835
[91m   at <ScriptBlock>, C:\Users\lavantien\Documents\PowerShell\Modules\Pester\5.7.1\Pester.psm1:893
[91m   at <ScriptBlock>, C:\Users\lavantien\Documents\PowerShell\Modules\Pester\5.7.1\Pester.psm1:2024
[91m   at <ScriptBlock>, C:\Users\lavantien\Documents\PowerShell\Modules\Pester\5.7.1\Pester.psm1:1985
[91m   at Invoke-ScriptBlock, C:\Users\lavantien\Documents\PowerShell\Modules\Pester\5.7.1\Pester.psm1:2160
[91m   at Invoke-Block, C:\Users\lavantien\Documents\PowerShell\Modules\Pester\5.7.1\Pester.psm1:940
[91m   at <ScriptBlock>, C:\Users\lavantien\Documents\PowerShell\Modules\Pester\5.7.1\Pester.psm1:893
[91m   at <ScriptBlock>, C:\Users\lavantien\Documents\PowerShell\Modules\Pester\5.7.1\Pester.psm1:2024
[91m   at <ScriptBlock>, C:\Users\lavantien\Documents\PowerShell\Modules\Pester\5.7.1\Pester.psm1:1985
[91m   at Invoke-ScriptBlock, C:\Users\lavantien\Documents\PowerShell\Modules\Pester\5.7.1\Pester.psm1:2160
[91m   at Invoke-Block, C:\Users\lavantien\Documents\PowerShell\Modules\Pester\5.7.1\Pester.psm1:940
[91m   at <ScriptBlock>, C:\Users\lavantien\Documents\PowerShell\Modules\Pester\5.7.1\Pester.psm1:1688
[91m   at <ScriptBlock>, C:\Users\lavantien\Documents\PowerShell\Modules\Pester\5.7.1\Pester.ps1:3
[91m   at <ScriptBlock>, C:\Users\lavantien\Documents\PowerShell\Modules\Pester\5.7.1\Pester.psm1:3260
[91m   at Invoke-InNewScriptScope, C:\Users\lavantien\Documents\PowerShell\Modules\Pester\5.7.1\Pester.psm1:3267
[91m   at Run-Test, C:\Users\lavantien\Documents\PowerShell\Modules\Pester\5.7.1\Pester.psm1:1691
[91m   at Invoke-Test, C:\Users\lavantien\Documents\PowerShell\Modules\Pester\5.7.1\Pester.psm1:2512
[91m   at Invoke-Pester<End>, C:\Users\lavantien\Documents\PowerShell\Modules\Pester\5.7.1\Pester.psm1:4960
[91m   at <ScriptBlock>, C:\Users\lavantien\dev\github\dotfiles\run-tests.ps1:10[0m
[WARN] Coursier not installed, skipping org:test:test
[32m  [+] Install-CoursierPackage returns false when not installed[0m[90m 16ms (15ms|1ms)[0m
[91m  [-] Install-CoursierPackage in dry run[0m[90m 25ms (24ms|1ms)[0m
[91m   CommandNotFoundException: Could not find Command Test-NeedsInstall
[91m   at Resolve-Command, C:\Users\lavantien\Documents\PowerShell\Modules\Pester\5.7.1\Pester.psm1:11723
[91m   at Mock, C:\Users\lavantien\Documents\PowerShell\Modules\Pester\5.7.1\Pester.psm1:14978
[91m   at <ScriptBlock>, C:\Users\lavantien\dev\github\dotfiles\tests\powershell\windows-installers-full.Tests.ps1:267
[91m   at <ScriptBlock>, C:\Users\lavantien\Documents\PowerShell\Modules\Pester\5.7.1\Pester.psm1:2024
[91m   at <ScriptBlock>, C:\Users\lavantien\Documents\PowerShell\Modules\Pester\5.7.1\Pester.psm1:1985
[91m   at Invoke-ScriptBlock, C:\Users\lavantien\Documents\PowerShell\Modules\Pester\5.7.1\Pester.psm1:2157
[91m   at Invoke-TestItem, C:\Users\lavantien\Documents\PowerShell\Modules\Pester\5.7.1\Pester.psm1:1199
[91m   at Invoke-Block, C:\Users\lavantien\Documents\PowerShell\Modules\Pester\5.7.1\Pester.psm1:835
[91m   at <ScriptBlock>, C:\Users\lavantien\Documents\PowerShell\Modules\Pester\5.7.1\Pester.psm1:893
[91m   at <ScriptBlock>, C:\Users\lavantien\Documents\PowerShell\Modules\Pester\5.7.1\Pester.psm1:2024
[91m   at <ScriptBlock>, C:\Users\lavantien\Documents\PowerShell\Modules\Pester\5.7.1\Pester.psm1:1985
[91m   at Invoke-ScriptBlock, C:\Users\lavantien\Documents\PowerShell\Modules\Pester\5.7.1\Pester.psm1:2160
[91m   at Invoke-Block, C:\Users\lavantien\Documents\PowerShell\Modules\Pester\5.7.1\Pester.psm1:940
[91m   at <ScriptBlock>, C:\Users\lavantien\Documents\PowerShell\Modules\Pester\5.7.1\Pester.psm1:893
[91m   at <ScriptBlock>, C:\Users\lavantien\Documents\PowerShell\Modules\Pester\5.7.1\Pester.psm1:2024
[91m   at <ScriptBlock>, C:\Users\lavantien\Documents\PowerShell\Modules\Pester\5.7.1\Pester.psm1:1985
[91m   at Invoke-ScriptBlock, C:\Users\lavantien\Documents\PowerShell\Modules\Pester\5.7.1\Pester.psm1:2160
[91m   at Invoke-Block, C:\Users\lavantien\Documents\PowerShell\Modules\Pester\5.7.1\Pester.psm1:940
[91m   at <ScriptBlock>, C:\Users\lavantien\Documents\PowerShell\Modules\Pester\5.7.1\Pester.psm1:1688
[91m   at <ScriptBlock>, C:\Users\lavantien\Documents\PowerShell\Modules\Pester\5.7.1\Pester.ps1:3
[91m   at <ScriptBlock>, C:\Users\lavantien\Documents\PowerShell\Modules\Pester\5.7.1\Pester.psm1:3260
[91m   at Invoke-InNewScriptScope, C:\Users\lavantien\Documents\PowerShell\Modules\Pester\5.7.1\Pester.psm1:3267
[91m   at Run-Test, C:\Users\lavantien\Documents\PowerShell\Modules\Pester\5.7.1\Pester.psm1:1691
[91m   at Invoke-Test, C:\Users\lavantien\Documents\PowerShell\Modules\Pester\5.7.1\Pester.psm1:2512
[91m   at Invoke-Pester<End>, C:\Users\lavantien\Documents\PowerShell\Modules\Pester\5.7.1\Pester.psm1:4960
[91m   at <ScriptBlock>, C:\Users\lavantien\dev\github\dotfiles\run-tests.ps1:10[0m
[0m
[92mDescribing windows.ps1 - All Get-PackageDescription calls[0m
[32m  [+] Returns description for all known packages[0m[90m 3ms (1ms|2ms)[0m
[91m  [-] Returns package name for unknown package[0m[90m 3ms (2ms|0ms)[0m
[91m   Expected strings to be the same, but they were different.
[91m   Expected length: 30
[91m   Actual length:   0
[91m   Strings differ at index 0.
[91m   Expected: 'completely-unknown-package-xyz'
[91m   But was:  ''
[91m              ^
[91m   at $result | Should -Be "completely-unknown-package-xyz", C:\Users\lavantien\dev\github\dotfiles\tests\powershell\windows-installers-full.Tests.ps1:296
[91m   at Invoke-Assertion, C:\Users\lavantien\Documents\PowerShell\Modules\Pester\5.7.1\Pester.psm1:8250
[91m   at Should<End>, C:\Users\lavantien\Documents\PowerShell\Modules\Pester\5.7.1\Pester.psm1:8189
[91m   at <ScriptBlock>, C:\Users\lavantien\dev\github\dotfiles\tests\powershell\windows-installers-full.Tests.ps1:296
[91m   at <ScriptBlock>, C:\Users\lavantien\Documents\PowerShell\Modules\Pester\5.7.1\Pester.psm1:2024
[91m   at <ScriptBlock>, C:\Users\lavantien\Documents\PowerShell\Modules\Pester\5.7.1\Pester.psm1:1985
[91m   at Invoke-ScriptBlock, C:\Users\lavantien\Documents\PowerShell\Modules\Pester\5.7.1\Pester.psm1:2157
[91m   at Invoke-TestItem, C:\Users\lavantien\Documents\PowerShell\Modules\Pester\5.7.1\Pester.psm1:1199
[91m   at Invoke-Block, C:\Users\lavantien\Documents\PowerShell\Modules\Pester\5.7.1\Pester.psm1:835
[91m   at <ScriptBlock>, C:\Users\lavantien\Documents\PowerShell\Modules\Pester\5.7.1\Pester.psm1:893
[91m   at <ScriptBlock>, C:\Users\lavantien\Documents\PowerShell\Modules\Pester\5.7.1\Pester.psm1:2024
[91m   at <ScriptBlock>, C:\Users\lavantien\Documents\PowerShell\Modules\Pester\5.7.1\Pester.psm1:1985
[91m   at Invoke-ScriptBlock, C:\Users\lavantien\Documents\PowerShell\Modules\Pester\5.7.1\Pester.psm1:2160
[91m   at Invoke-Block, C:\Users\lavantien\Documents\PowerShell\Modules\Pester\5.7.1\Pester.psm1:940
[91m   at <ScriptBlock>, C:\Users\lavantien\Documents\PowerShell\Modules\Pester\5.7.1\Pester.psm1:893
[91m   at <ScriptBlock>, C:\Users\lavantien\Documents\PowerShell\Modules\Pester\5.7.1\Pester.psm1:2024
[91m   at <ScriptBlock>, C:\Users\lavantien\Documents\PowerShell\Modules\Pester\5.7.1\Pester.psm1:1985
[91m   at Invoke-ScriptBlock, C:\Users\lavantien\Documents\PowerShell\Modules\Pester\5.7.1\Pester.psm1:2160
[91m   at Invoke-Block, C:\Users\lavantien\Documents\PowerShell\Modules\Pester\5.7.1\Pester.psm1:940
[91m   at <ScriptBlock>, C:\Users\lavantien\Documents\PowerShell\Modules\Pester\5.7.1\Pester.psm1:1688
[91m   at <ScriptBlock>, C:\Users\lavantien\Documents\PowerShell\Modules\Pester\5.7.1\Pester.ps1:3
[91m   at <ScriptBlock>, C:\Users\lavantien\Documents\PowerShell\Modules\Pester\5.7.1\Pester.psm1:3260
[91m   at Invoke-InNewScriptScope, C:\Users\lavantien\Documents\PowerShell\Modules\Pester\5.7.1\Pester.psm1:3267
[91m   at Run-Test, C:\Users\lavantien\Documents\PowerShell\Modules\Pester\5.7.1\Pester.psm1:1691
[91m   at Invoke-Test, C:\Users\lavantien\Documents\PowerShell\Modules\Pester\5.7.1\Pester.psm1:2512
[91m   at Invoke-Pester<End>, C:\Users\lavantien\Documents\PowerShell\Modules\Pester\5.7.1\Pester.psm1:4960
[91m   at <ScriptBlock>, C:\Users\lavantien\dev\github\dotfiles\run-tests.ps1:10[0m
[0m
[92mDescribing windows.ps1 - Windows-Specific Functions[0m
[32m  [+] Get-WindowsVersion returns version object[0m[90m 3ms (1ms|2ms)[0m
[32m  [+] Get-WindowsVersion is compatible with comparison[0m[90m 3ms (2ms|1ms)[0m
[95m
[95mRunning tests from 'C:\Users\lavantien\dev\github\dotfiles\tests\powershell\windows-platform.Tests.ps1'[0m
[92mDescribing Get-PackageDescription[0m
[32m  [+] Returns description for scoop[0m[90m 3ms (2ms|1ms)[0m
[32m  [+] Returns description for winget[0m[90m 5ms (2ms|3ms)[0m
[32m  [+] Returns description for git[0m[90m 1ms (1ms|0ms)[0m
[32m  [+] Returns description for node[0m[90m 1ms (1ms|0ms)[0m
[32m  [+] Returns description for nodejs[0m[90m 2ms (2ms|0ms)[0m
[32m  [+] Returns description for python[0m[90m 2ms (1ms|0ms)[0m
[32m  [+] Returns description for go[0m[90m 2ms (1ms|0ms)[0m
[32m  [+] Returns description for rust[0m[90m 2ms (2ms|0ms)[0m
[32m  [+] Returns description for clangd[0m[90m 2ms (1ms|0ms)[0m
[32m  [+] Returns description for gopls[0m[90m 1ms (1ms|0ms)[0m
[32m  [+] Returns description for prettier[0m[90m 2ms (1ms|0ms)[0m
[32m  [+] Returns description for eslint[0m[90m 1ms (1ms|0ms)[0m
[32m  [+] Returns description for fzf[0m[90m 1ms (1ms|0ms)[0m
[32m  [+] Returns empty string for unknown package[0m[90m 1ms (1ms|0ms)[0m
[32m  [+] Returns description for clangd[0m[90m 2ms (1ms|0ms)[0m
[0m
[92mDescribing Configure-GitSettings[0m
[96m Context When git config returns non-input value[0m
[STEP] Configuring git line endings (core.autocrlf=input)...
[INFO] Set core.autocrlf=input (LF normalization enabled)
[32m   [+] Configures core.autocrlf to input[0m[90m 29ms (28ms|1ms)[0m
[96m Context When git config already set to input[0m
[32m   [+] Skips autocrlf configuration[0m[90m 10ms (9ms|1ms)[0m
[96m Context When known_hosts doesn't exist[0m
[STEP] Adding GitHub SSH key to known_hosts...
[INFO] GitHub SSH key added to known_hosts
[32m   [+] Creates .ssh directory and adds GitHub key[0m[90m 44ms (42ms|1ms)[0m
[96m Context When GitHub key already in known_hosts[0m
[32m   [+] Skips adding GitHub key[0m[90m 29ms (28ms|1ms)[0m
[0m
[92mDescribing Ensure-Scoop[0m
[96m Context When Scoop is already installed[0m
[32m   [+] Returns true and tracks skipped[0m[90m 8ms (6ms|2ms)[0m
[96m Context When Scoop is not installed and not in dry run[0m
[STEP] Installing Scoop...
[32m   [+] Attempts to install Scoop[0m[90m 58ms (57ms|1ms)[0m
[96m Context When in dry run mode[0m
[STEP] Installing Scoop...
[INFO] [DRY-RUN] Would install Scoop
[32m   [+] Returns true without installing[0m[90m 12ms (10ms|1ms)[0m
[96m Context When installation fails[0m
[STEP] Installing Scoop...
[WARN] Failed to install Scoop: Permission denied
[32m   [+] Returns false on error[0m[90m 32ms (31ms|1ms)[0m
[0m
[92mDescribing Install-ScoopPackage[0m
[96m Context When Scoop is installed and package needs install[0m
[STEP] Installing git via Scoop...
[32m   [+] Installs package successfully[0m[90m 280ms (277ms|3ms)[0m
[96m Context When Scoop is not installed[0m
[WARN] Scoop not installed, skipping git
[32m   [+] Returns false and tracks failed[0m[90m 30ms (29ms|2ms)[0m
[96m Context When package already installed[0m
[32m   [+] Skips installation and returns true[0m[90m 17ms (16ms|1ms)[0m
[96m Context When in dry run mode[0m
[STEP] Installing git via Scoop...
[INFO] [DRY-RUN] Would install: git
[32m   [+] Returns true without installing[0m[90m 17ms (16ms|1ms)[0m
[0m
[92mDescribing Install-ScoopPackages[0m
[96m Context When multiple packages need install[0m
[STEP] Installing 3 packages via Scoop...
[32m   [+] Installs all packages[0m[90m 293ms (290ms|2ms)[0m
[96m Context When some packages already installed[0m
[32m   [+] Installs only missing packages[0m[90m 20ms (19ms|1ms)[0m
[96m Context When all packages already installed[0m
[32m   [+] Skips installation[0m[90m 15ms (13ms|1ms)[0m
[0m
[92mDescribing Add-ScoopBucket[0m
[INFO] [DRY-RUN] Would add bucket: extras
[32m  [+] Returns true in dry run mode[0m[90m 4ms (3ms|2ms)[0m
[STEP] Adding Scoop bucket: extras
[32m  [+] Adds bucket when not already present[0m[90m 879ms (879ms|0ms)[0m
[0m
[92mDescribing Ensure-Winget[0m
[96m Context When winget is available[0m
[32m   [+] Returns true and tracks skipped[0m[90m 15ms (12ms|3ms)[0m
[96m Context When winget is not available[0m
[WARN] winget not available (may need Windows update)
[32m   [+] Returns false and tracks failed[0m[90m 12ms (11ms|1ms)[0m
[0m
[92mDescribing Install-WingetPackage[0m
[96m Context When winget is available and package needs install[0m
[STEP] Installing Git via winget...
[32m   [+] Installs package successfully[0m[90m 24ms (22ms|2ms)[0m
[96m Context When winget is not available[0m
[WARN] winget not available, skipping Git
[32m   [+] Returns false[0m[90m 15ms (14ms|1ms)[0m
[96m Context When package already installed[0m
[32m   [+] Skips installation[0m[90m 12ms (10ms|1ms)[0m
[96m Context When in dry run mode[0m
[STEP] Installing Git via winget...
[INFO] [DRY-RUN] Would install: Git.Git
[32m   [+] Returns true without installing[0m[90m 17ms (16ms|1ms)[0m
[0m
[92mDescribing Ensure-Choco[0m
[96m Context When Chocolatey is already installed[0m
[32m   [+] Returns true and tracks skipped[0m[90m 8ms (6ms|2ms)[0m
[96m Context When Chocolatey is not installed[0m
[STEP] Installing Chocolatey...
[32m   [+] Attempts installation[0m[90m 257ms (256ms|1ms)[0m
[0m
[92mDescribing Install-ChocoPackage[0m
[96m Context When Chocolatey is available and package needs install[0m
[91m   [-] Installs package successfully[0m[90m 77ms (75ms|2ms)[0m
[91m    CommandNotFoundException: Could not find Command choco
[91m    at Resolve-Command, C:\Users\lavantien\Documents\PowerShell\Modules\Pester\5.7.1\Pester.psm1:11723
[91m    at Mock, C:\Users\lavantien\Documents\PowerShell\Modules\Pester\5.7.1\Pester.psm1:14978
[91m    at <ScriptBlock>, C:\Users\lavantien\dev\github\dotfiles\tests\powershell\windows-platform.Tests.ps1:452
[91m    at <ScriptBlock>, C:\Users\lavantien\Documents\PowerShell\Modules\Pester\5.7.1\Pester.psm1:2024
[91m    at <ScriptBlock>, C:\Users\lavantien\Documents\PowerShell\Modules\Pester\5.7.1\Pester.psm1:1985
[91m    at Invoke-ScriptBlock, C:\Users\lavantien\Documents\PowerShell\Modules\Pester\5.7.1\Pester.psm1:2157
[91m    at Invoke-TestItem, C:\Users\lavantien\Documents\PowerShell\Modules\Pester\5.7.1\Pester.psm1:1199
[91m    at Invoke-Block, C:\Users\lavantien\Documents\PowerShell\Modules\Pester\5.7.1\Pester.psm1:835
[91m    at <ScriptBlock>, C:\Users\lavantien\Documents\PowerShell\Modules\Pester\5.7.1\Pester.psm1:893
[91m    at <ScriptBlock>, C:\Users\lavantien\Documents\PowerShell\Modules\Pester\5.7.1\Pester.psm1:2024
[91m    at <ScriptBlock>, C:\Users\lavantien\Documents\PowerShell\Modules\Pester\5.7.1\Pester.psm1:1985
[91m    at Invoke-ScriptBlock, C:\Users\lavantien\Documents\PowerShell\Modules\Pester\5.7.1\Pester.psm1:2160
[91m    at Invoke-Block, C:\Users\lavantien\Documents\PowerShell\Modules\Pester\5.7.1\Pester.psm1:940
[91m    at <ScriptBlock>, C:\Users\lavantien\Documents\PowerShell\Modules\Pester\5.7.1\Pester.psm1:893
[91m    at <ScriptBlock>, C:\Users\lavantien\Documents\PowerShell\Modules\Pester\5.7.1\Pester.psm1:2024
[91m    at <ScriptBlock>, C:\Users\lavantien\Documents\PowerShell\Modules\Pester\5.7.1\Pester.psm1:1985
[91m    at Invoke-ScriptBlock, C:\Users\lavantien\Documents\PowerShell\Modules\Pester\5.7.1\Pester.psm1:2160
[91m    at Invoke-Block, C:\Users\lavantien\Documents\PowerShell\Modules\Pester\5.7.1\Pester.psm1:940
[91m    at <ScriptBlock>, C:\Users\lavantien\Documents\PowerShell\Modules\Pester\5.7.1\Pester.psm1:893
[91m    at <ScriptBlock>, C:\Users\lavantien\Documents\PowerShell\Modules\Pester\5.7.1\Pester.psm1:2024
[91m    at <ScriptBlock>, C:\Users\lavantien\Documents\PowerShell\Modules\Pester\5.7.1\Pester.psm1:1985
[91m    at Invoke-ScriptBlock, C:\Users\lavantien\Documents\PowerShell\Modules\Pester\5.7.1\Pester.psm1:2160
[91m    at Invoke-Block, C:\Users\lavantien\Documents\PowerShell\Modules\Pester\5.7.1\Pester.psm1:940
[91m    at <ScriptBlock>, C:\Users\lavantien\Documents\PowerShell\Modules\Pester\5.7.1\Pester.psm1:1688
[91m    at <ScriptBlock>, C:\Users\lavantien\Documents\PowerShell\Modules\Pester\5.7.1\Pester.ps1:3
[91m    at <ScriptBlock>, C:\Users\lavantien\Documents\PowerShell\Modules\Pester\5.7.1\Pester.psm1:3260
[91m    at Invoke-InNewScriptScope, C:\Users\lavantien\Documents\PowerShell\Modules\Pester\5.7.1\Pester.psm1:3267
[91m    at Run-Test, C:\Users\lavantien\Documents\PowerShell\Modules\Pester\5.7.1\Pester.psm1:1691
[91m    at Invoke-Test, C:\Users\lavantien\Documents\PowerShell\Modules\Pester\5.7.1\Pester.psm1:2512
[91m    at Invoke-Pester<End>, C:\Users\lavantien\Documents\PowerShell\Modules\Pester\5.7.1\Pester.psm1:4960
[91m    at <ScriptBlock>, C:\Users\lavantien\dev\github\dotfiles\run-tests.ps1:10[0m
[96m Context When Chocolatey is not available[0m
[WARN] Chocolatey not installed, skipping git
[32m   [+] Returns false[0m[90m 7ms (6ms|1ms)[0m
[0m
[92mDescribing Install-NpmGlobal[0m
[96m Context When npm is available and package needs install[0m
[STEP] Installing prettier via npm...
[32m   [+] Installs package successfully[0m[90m 722ms (719ms|2ms)[0m
[96m Context When npm is not available[0m
[WARN] npm not found, skipping prettier
[32m   [+] Returns false and tracks failed[0m[90m 13ms (8ms|5ms)[0m
[96m Context When scoped package is installed[0m
[STEP] Installing @typescript-eslint/eslint-plugin via npm...
[32m   [+] Extracts correct command name from scoped package[0m[90m 2.69s (2.69s|1ms)[0m
[0m
[92mDescribing Install-GoPackage[0m
[96m Context When go is available and package needs install[0m
[WARN] go not found, skipping github.com/cli/cli
[91m   [-] Installs package using gup when available[0m[90m 26ms (24ms|2ms)[0m
[91m    Expected $true, but got $false.
[91m    at $result | Should -Be $true, C:\Users\lavantien\dev\github\dotfiles\tests\powershell\windows-platform.Tests.ps1:525
[91m    at Invoke-Assertion, C:\Users\lavantien\Documents\PowerShell\Modules\Pester\5.7.1\Pester.psm1:8250
[91m    at Should<End>, C:\Users\lavantien\Documents\PowerShell\Modules\Pester\5.7.1\Pester.psm1:8189
[91m    at <ScriptBlock>, C:\Users\lavantien\dev\github\dotfiles\tests\powershell\windows-platform.Tests.ps1:525
[91m    at <ScriptBlock>, C:\Users\lavantien\Documents\PowerShell\Modules\Pester\5.7.1\Pester.psm1:2024
[91m    at <ScriptBlock>, C:\Users\lavantien\Documents\PowerShell\Modules\Pester\5.7.1\Pester.psm1:1985
[91m    at Invoke-ScriptBlock, C:\Users\lavantien\Documents\PowerShell\Modules\Pester\5.7.1\Pester.psm1:2157
[91m    at Invoke-TestItem, C:\Users\lavantien\Documents\PowerShell\Modules\Pester\5.7.1\Pester.psm1:1199
[91m    at Invoke-Block, C:\Users\lavantien\Documents\PowerShell\Modules\Pester\5.7.1\Pester.psm1:835
[91m    at <ScriptBlock>, C:\Users\lavantien\Documents\PowerShell\Modules\Pester\5.7.1\Pester.psm1:893
[91m    at <ScriptBlock>, C:\Users\lavantien\Documents\PowerShell\Modules\Pester\5.7.1\Pester.psm1:2024
[91m    at <ScriptBlock>, C:\Users\lavantien\Documents\PowerShell\Modules\Pester\5.7.1\Pester.psm1:1985
[91m    at Invoke-ScriptBlock, C:\Users\lavantien\Documents\PowerShell\Modules\Pester\5.7.1\Pester.psm1:2160
[91m    at Invoke-Block, C:\Users\lavantien\Documents\PowerShell\Modules\Pester\5.7.1\Pester.psm1:940
[91m    at <ScriptBlock>, C:\Users\lavantien\Documents\PowerShell\Modules\Pester\5.7.1\Pester.psm1:893
[91m    at <ScriptBlock>, C:\Users\lavantien\Documents\PowerShell\Modules\Pester\5.7.1\Pester.psm1:2024
[91m    at <ScriptBlock>, C:\Users\lavantien\Documents\PowerShell\Modules\Pester\5.7.1\Pester.psm1:1985
[91m    at Invoke-ScriptBlock, C:\Users\lavantien\Documents\PowerShell\Modules\Pester\5.7.1\Pester.psm1:2160
[91m    at Invoke-Block, C:\Users\lavantien\Documents\PowerShell\Modules\Pester\5.7.1\Pester.psm1:940
[91m    at <ScriptBlock>, C:\Users\lavantien\Documents\PowerShell\Modules\Pester\5.7.1\Pester.psm1:893
[91m    at <ScriptBlock>, C:\Users\lavantien\Documents\PowerShell\Modules\Pester\5.7.1\Pester.psm1:2024
[91m    at <ScriptBlock>, C:\Users\lavantien\Documents\PowerShell\Modules\Pester\5.7.1\Pester.psm1:1985
[91m    at Invoke-ScriptBlock, C:\Users\lavantien\Documents\PowerShell\Modules\Pester\5.7.1\Pester.psm1:2160
[91m    at Invoke-Block, C:\Users\lavantien\Documents\PowerShell\Modules\Pester\5.7.1\Pester.psm1:940
[91m    at <ScriptBlock>, C:\Users\lavantien\Documents\PowerShell\Modules\Pester\5.7.1\Pester.psm1:1688
[91m    at <ScriptBlock>, C:\Users\lavantien\Documents\PowerShell\Modules\Pester\5.7.1\Pester.ps1:3
[91m    at <ScriptBlock>, C:\Users\lavantien\Documents\PowerShell\Modules\Pester\5.7.1\Pester.psm1:3260
[91m    at Invoke-InNewScriptScope, C:\Users\lavantien\Documents\PowerShell\Modules\Pester\5.7.1\Pester.psm1:3267
[91m    at Run-Test, C:\Users\lavantien\Documents\PowerShell\Modules\Pester\5.7.1\Pester.psm1:1691
[91m    at Invoke-Test, C:\Users\lavantien\Documents\PowerShell\Modules\Pester\5.7.1\Pester.psm1:2512
[91m    at Invoke-Pester<End>, C:\Users\lavantien\Documents\PowerShell\Modules\Pester\5.7.1\Pester.psm1:4960
[91m    at <ScriptBlock>, C:\Users\lavantien\dev\github\dotfiles\run-tests.ps1:10[0m
[96m Context When go is not available[0m
[WARN] go not found, skipping github.com/cli/cli
[32m   [+] Returns false and tracks failed[0m[90m 8ms (7ms|1ms)[0m
[96m Context When package already installed[0m
[32m   [+] Skips installation[0m[90m 112ms (111ms|1ms)[0m
[0m
[92mDescribing Install-CargoPackage[0m
[96m Context When cargo is available and package needs install[0m
[STEP] Installing ripgrep via cargo...
[32m   [+] Installs package successfully[0m[90m 24ms (22ms|3ms)[0m
[96m Context When cargo is not available[0m
[WARN] cargo not found, skipping ripgrep
[32m   [+] Returns false and tracks failed[0m[90m 8ms (7ms|1ms)[0m
[0m
[92mDescribing Test-CoursierInstalled[0m
[96m Context When coursier installed via scoop shims[0m
[32m   [+] Returns true when scoop shim exists[0m[90m 9ms (8ms|2ms)[0m
[96m Context When coursier cs.exe exists[0m
[32m   [+] Returns true when cs.exe exists[0m[90m 8ms (7ms|1ms)[0m
[96m Context When coursier command exists[0m
[32m   [+] Returns true when command available[0m[90m 20ms (18ms|1ms)[0m
[96m Context When coursier is not installed[0m
[32m   [+] Returns false[0m[90m 11ms (11ms|1ms)[0m
[0m
[92mDescribing Get-CoursierExe[0m
[32m  [+] Returns scoop shim path when it exists[0m[90m 13ms (12ms|1ms)[0m
[32m  [+] Returns cs.exe path when it exists[0m[90m 8ms (8ms|0ms)[0m
[0m
[92mDescribing Ensure-Coursier[0m
[96m Context When coursier already installed[0m
[32m   [+] Returns true and tracks skipped[0m[90m 8ms (6ms|2ms)[0m
[96m Context When coursier not installed and scoop available[0m
[STEP] Installing Coursier (via Scoop)...
[WARN] Scoop not found, cannot install Coursier
[91m   [-] Installs via scoop[0m[90m 26ms (26ms|1ms)[0m
[91m    Expected $true, but got $false.
[91m    at $result | Should -Be $true, C:\Users\lavantien\dev\github\dotfiles\tests\powershell\windows-platform.Tests.ps1:670
[91m    at Invoke-Assertion, C:\Users\lavantien\Documents\PowerShell\Modules\Pester\5.7.1\Pester.psm1:8250
[91m    at Should<End>, C:\Users\lavantien\Documents\PowerShell\Modules\Pester\5.7.1\Pester.psm1:8189
[91m    at <ScriptBlock>, C:\Users\lavantien\dev\github\dotfiles\tests\powershell\windows-platform.Tests.ps1:670
[91m    at <ScriptBlock>, C:\Users\lavantien\Documents\PowerShell\Modules\Pester\5.7.1\Pester.psm1:2024
[91m    at <ScriptBlock>, C:\Users\lavantien\Documents\PowerShell\Modules\Pester\5.7.1\Pester.psm1:1985
[91m    at Invoke-ScriptBlock, C:\Users\lavantien\Documents\PowerShell\Modules\Pester\5.7.1\Pester.psm1:2157
[91m    at Invoke-TestItem, C:\Users\lavantien\Documents\PowerShell\Modules\Pester\5.7.1\Pester.psm1:1199
[91m    at Invoke-Block, C:\Users\lavantien\Documents\PowerShell\Modules\Pester\5.7.1\Pester.psm1:835
[91m    at <ScriptBlock>, C:\Users\lavantien\Documents\PowerShell\Modules\Pester\5.7.1\Pester.psm1:893
[91m    at <ScriptBlock>, C:\Users\lavantien\Documents\PowerShell\Modules\Pester\5.7.1\Pester.psm1:2024
[91m    at <ScriptBlock>, C:\Users\lavantien\Documents\PowerShell\Modules\Pester\5.7.1\Pester.psm1:1985
[91m    at Invoke-ScriptBlock, C:\Users\lavantien\Documents\PowerShell\Modules\Pester\5.7.1\Pester.psm1:2160
[91m    at Invoke-Block, C:\Users\lavantien\Documents\PowerShell\Modules\Pester\5.7.1\Pester.psm1:940
[91m    at <ScriptBlock>, C:\Users\lavantien\Documents\PowerShell\Modules\Pester\5.7.1\Pester.psm1:893
[91m    at <ScriptBlock>, C:\Users\lavantien\Documents\PowerShell\Modules\Pester\5.7.1\Pester.psm1:2024
[91m    at <ScriptBlock>, C:\Users\lavantien\Documents\PowerShell\Modules\Pester\5.7.1\Pester.psm1:1985
[91m    at Invoke-ScriptBlock, C:\Users\lavantien\Documents\PowerShell\Modules\Pester\5.7.1\Pester.psm1:2160
[91m    at Invoke-Block, C:\Users\lavantien\Documents\PowerShell\Modules\Pester\5.7.1\Pester.psm1:940
[91m    at <ScriptBlock>, C:\Users\lavantien\Documents\PowerShell\Modules\Pester\5.7.1\Pester.psm1:893
[91m    at <ScriptBlock>, C:\Users\lavantien\Documents\PowerShell\Modules\Pester\5.7.1\Pester.psm1:2024
[91m    at <ScriptBlock>, C:\Users\lavantien\Documents\PowerShell\Modules\Pester\5.7.1\Pester.psm1:1985
[91m    at Invoke-ScriptBlock, C:\Users\lavantien\Documents\PowerShell\Modules\Pester\5.7.1\Pester.psm1:2160
[91m    at Invoke-Block, C:\Users\lavantien\Documents\PowerShell\Modules\Pester\5.7.1\Pester.psm1:940
[91m    at <ScriptBlock>, C:\Users\lavantien\Documents\PowerShell\Modules\Pester\5.7.1\Pester.psm1:1688
[91m    at <ScriptBlock>, C:\Users\lavantien\Documents\PowerShell\Modules\Pester\5.7.1\Pester.ps1:3
[91m    at <ScriptBlock>, C:\Users\lavantien\Documents\PowerShell\Modules\Pester\5.7.1\Pester.psm1:3260
[91m    at Invoke-InNewScriptScope, C:\Users\lavantien\Documents\PowerShell\Modules\Pester\5.7.1\Pester.psm1:3267
[91m    at Run-Test, C:\Users\lavantien\Documents\PowerShell\Modules\Pester\5.7.1\Pester.psm1:1691
[91m    at Invoke-Test, C:\Users\lavantien\Documents\PowerShell\Modules\Pester\5.7.1\Pester.psm1:2512
[91m    at Invoke-Pester<End>, C:\Users\lavantien\Documents\PowerShell\Modules\Pester\5.7.1\Pester.psm1:4960
[91m    at <ScriptBlock>, C:\Users\lavantien\dev\github\dotfiles\run-tests.ps1:10[0m
[96m Context When coursier not installed and scoop not available[0m
[STEP] Installing Coursier (via Scoop)...
[WARN] Scoop not found, cannot install Coursier
[32m   [+] Returns false and tracks failed[0m[90m 20ms (19ms|1ms)[0m
[0m
[92mDescribing Install-CoursierPackage[0m
[96m Context When coursier installed and package needs install[0m
[STEP] Installing org.scalameta:scalafmt_2.13 via Coursier...
[WARN] Failed to install org.scalameta:scalafmt_2.13: The term 'cs.exe' is not recognized as a name of a cmdlet, function, script file, or executable program.
Check the spelling of the name, or if a path was included, verify that the path is correct and try again.
[91m   [-] Installs package successfully[0m[90m 55ms (53ms|2ms)[0m
[91m    Expected $true, but got $false.
[91m    at $result | Should -Be $true, C:\Users\lavantien\dev\github\dotfiles\tests\powershell\windows-platform.Tests.ps1:702
[91m    at Invoke-Assertion, C:\Users\lavantien\Documents\PowerShell\Modules\Pester\5.7.1\Pester.psm1:8250
[91m    at Should<End>, C:\Users\lavantien\Documents\PowerShell\Modules\Pester\5.7.1\Pester.psm1:8189
[91m    at <ScriptBlock>, C:\Users\lavantien\dev\github\dotfiles\tests\powershell\windows-platform.Tests.ps1:702
[91m    at <ScriptBlock>, C:\Users\lavantien\Documents\PowerShell\Modules\Pester\5.7.1\Pester.psm1:2024
[91m    at <ScriptBlock>, C:\Users\lavantien\Documents\PowerShell\Modules\Pester\5.7.1\Pester.psm1:1985
[91m    at Invoke-ScriptBlock, C:\Users\lavantien\Documents\PowerShell\Modules\Pester\5.7.1\Pester.psm1:2157
[91m    at Invoke-TestItem, C:\Users\lavantien\Documents\PowerShell\Modules\Pester\5.7.1\Pester.psm1:1199
[91m    at Invoke-Block, C:\Users\lavantien\Documents\PowerShell\Modules\Pester\5.7.1\Pester.psm1:835
[91m    at <ScriptBlock>, C:\Users\lavantien\Documents\PowerShell\Modules\Pester\5.7.1\Pester.psm1:893
[91m    at <ScriptBlock>, C:\Users\lavantien\Documents\PowerShell\Modules\Pester\5.7.1\Pester.psm1:2024
[91m    at <ScriptBlock>, C:\Users\lavantien\Documents\PowerShell\Modules\Pester\5.7.1\Pester.psm1:1985
[91m    at Invoke-ScriptBlock, C:\Users\lavantien\Documents\PowerShell\Modules\Pester\5.7.1\Pester.psm1:2160
[91m    at Invoke-Block, C:\Users\lavantien\Documents\PowerShell\Modules\Pester\5.7.1\Pester.psm1:940
[91m    at <ScriptBlock>, C:\Users\lavantien\Documents\PowerShell\Modules\Pester\5.7.1\Pester.psm1:893
[91m    at <ScriptBlock>, C:\Users\lavantien\Documents\PowerShell\Modules\Pester\5.7.1\Pester.psm1:2024
[91m    at <ScriptBlock>, C:\Users\lavantien\Documents\PowerShell\Modules\Pester\5.7.1\Pester.psm1:1985
[91m    at Invoke-ScriptBlock, C:\Users\lavantien\Documents\PowerShell\Modules\Pester\5.7.1\Pester.psm1:2160
[91m    at Invoke-Block, C:\Users\lavantien\Documents\PowerShell\Modules\Pester\5.7.1\Pester.psm1:940
[91m    at <ScriptBlock>, C:\Users\lavantien\Documents\PowerShell\Modules\Pester\5.7.1\Pester.psm1:893
[91m    at <ScriptBlock>, C:\Users\lavantien\Documents\PowerShell\Modules\Pester\5.7.1\Pester.psm1:2024
[91m    at <ScriptBlock>, C:\Users\lavantien\Documents\PowerShell\Modules\Pester\5.7.1\Pester.psm1:1985
[91m    at Invoke-ScriptBlock, C:\Users\lavantien\Documents\PowerShell\Modules\Pester\5.7.1\Pester.psm1:2160
[91m    at Invoke-Block, C:\Users\lavantien\Documents\PowerShell\Modules\Pester\5.7.1\Pester.psm1:940
[91m    at <ScriptBlock>, C:\Users\lavantien\Documents\PowerShell\Modules\Pester\5.7.1\Pester.psm1:1688
[91m    at <ScriptBlock>, C:\Users\lavantien\Documents\PowerShell\Modules\Pester\5.7.1\Pester.ps1:3
[91m    at <ScriptBlock>, C:\Users\lavantien\Documents\PowerShell\Modules\Pester\5.7.1\Pester.psm1:3260
[91m    at Invoke-InNewScriptScope, C:\Users\lavantien\Documents\PowerShell\Modules\Pester\5.7.1\Pester.psm1:3267
[91m    at Run-Test, C:\Users\lavantien\Documents\PowerShell\Modules\Pester\5.7.1\Pester.psm1:1691
[91m    at Invoke-Test, C:\Users\lavantien\Documents\PowerShell\Modules\Pester\5.7.1\Pester.psm1:2512
[91m    at Invoke-Pester<End>, C:\Users\lavantien\Documents\PowerShell\Modules\Pester\5.7.1\Pester.psm1:4960
[91m    at <ScriptBlock>, C:\Users\lavantien\dev\github\dotfiles\run-tests.ps1:10[0m
[96m Context When coursier not installed[0m
[WARN] Coursier not installed, skipping org.scalameta:scalafmt_2.13
[32m   [+] Returns false and tracks failed[0m[90m 12ms (11ms|1ms)[0m
[0m
[92mDescribing Install-PipGlobal[0m
[96m Context When python is available and package needs install[0m
[WARN] Python not found, skipping black
[91m   [-] Installs package successfully[0m[90m 15ms (13ms|2ms)[0m
[91m    Expected $true, but got $false.
[91m    at $result | Should -Be $true, C:\Users\lavantien\dev\github\dotfiles\tests\powershell\windows-platform.Tests.ps1:731
[91m    at Invoke-Assertion, C:\Users\lavantien\Documents\PowerShell\Modules\Pester\5.7.1\Pester.psm1:8250
[91m    at Should<End>, C:\Users\lavantien\Documents\PowerShell\Modules\Pester\5.7.1\Pester.psm1:8189
[91m    at <ScriptBlock>, C:\Users\lavantien\dev\github\dotfiles\tests\powershell\windows-platform.Tests.ps1:731
[91m    at <ScriptBlock>, C:\Users\lavantien\Documents\PowerShell\Modules\Pester\5.7.1\Pester.psm1:2024
[91m    at <ScriptBlock>, C:\Users\lavantien\Documents\PowerShell\Modules\Pester\5.7.1\Pester.psm1:1985
[91m    at Invoke-ScriptBlock, C:\Users\lavantien\Documents\PowerShell\Modules\Pester\5.7.1\Pester.psm1:2157
[91m    at Invoke-TestItem, C:\Users\lavantien\Documents\PowerShell\Modules\Pester\5.7.1\Pester.psm1:1199
[91m    at Invoke-Block, C:\Users\lavantien\Documents\PowerShell\Modules\Pester\5.7.1\Pester.psm1:835
[91m    at <ScriptBlock>, C:\Users\lavantien\Documents\PowerShell\Modules\Pester\5.7.1\Pester.psm1:893
[91m    at <ScriptBlock>, C:\Users\lavantien\Documents\PowerShell\Modules\Pester\5.7.1\Pester.psm1:2024
[91m    at <ScriptBlock>, C:\Users\lavantien\Documents\PowerShell\Modules\Pester\5.7.1\Pester.psm1:1985
[91m    at Invoke-ScriptBlock, C:\Users\lavantien\Documents\PowerShell\Modules\Pester\5.7.1\Pester.psm1:2160
[91m    at Invoke-Block, C:\Users\lavantien\Documents\PowerShell\Modules\Pester\5.7.1\Pester.psm1:940
[91m    at <ScriptBlock>, C:\Users\lavantien\Documents\PowerShell\Modules\Pester\5.7.1\Pester.psm1:893
[91m    at <ScriptBlock>, C:\Users\lavantien\Documents\PowerShell\Modules\Pester\5.7.1\Pester.psm1:2024
[91m    at <ScriptBlock>, C:\Users\lavantien\Documents\PowerShell\Modules\Pester\5.7.1\Pester.psm1:1985
[91m    at Invoke-ScriptBlock, C:\Users\lavantien\Documents\PowerShell\Modules\Pester\5.7.1\Pester.psm1:2160
[91m    at Invoke-Block, C:\Users\lavantien\Documents\PowerShell\Modules\Pester\5.7.1\Pester.psm1:940
[91m    at <ScriptBlock>, C:\Users\lavantien\Documents\PowerShell\Modules\Pester\5.7.1\Pester.psm1:893
[91m    at <ScriptBlock>, C:\Users\lavantien\Documents\PowerShell\Modules\Pester\5.7.1\Pester.psm1:2024
[91m    at <ScriptBlock>, C:\Users\lavantien\Documents\PowerShell\Modules\Pester\5.7.1\Pester.psm1:1985
[91m    at Invoke-ScriptBlock, C:\Users\lavantien\Documents\PowerShell\Modules\Pester\5.7.1\Pester.psm1:2160
[91m    at Invoke-Block, C:\Users\lavantien\Documents\PowerShell\Modules\Pester\5.7.1\Pester.psm1:940
[91m    at <ScriptBlock>, C:\Users\lavantien\Documents\PowerShell\Modules\Pester\5.7.1\Pester.psm1:1688
[91m    at <ScriptBlock>, C:\Users\lavantien\Documents\PowerShell\Modules\Pester\5.7.1\Pester.ps1:3
[91m    at <ScriptBlock>, C:\Users\lavantien\Documents\PowerShell\Modules\Pester\5.7.1\Pester.psm1:3260
[91m    at Invoke-InNewScriptScope, C:\Users\lavantien\Documents\PowerShell\Modules\Pester\5.7.1\Pester.psm1:3267
[91m    at Run-Test, C:\Users\lavantien\Documents\PowerShell\Modules\Pester\5.7.1\Pester.psm1:1691
[91m    at Invoke-Test, C:\Users\lavantien\Documents\PowerShell\Modules\Pester\5.7.1\Pester.psm1:2512
[91m    at Invoke-Pester<End>, C:\Users\lavantien\Documents\PowerShell\Modules\Pester\5.7.1\Pester.psm1:4960
[91m    at <ScriptBlock>, C:\Users\lavantien\dev\github\dotfiles\run-tests.ps1:10[0m
[96m Context When python3 is available but python is not[0m
[WARN] Python not found, skipping black
[91m   [-] Uses python3 command[0m[90m 13ms (12ms|1ms)[0m
[91m    Expected $true, but got $false.
[91m    at $result | Should -Be $true, C:\Users\lavantien\dev\github\dotfiles\tests\powershell\windows-platform.Tests.ps1:743
[91m    at Invoke-Assertion, C:\Users\lavantien\Documents\PowerShell\Modules\Pester\5.7.1\Pester.psm1:8250
[91m    at Should<End>, C:\Users\lavantien\Documents\PowerShell\Modules\Pester\5.7.1\Pester.psm1:8189
[91m    at <ScriptBlock>, C:\Users\lavantien\dev\github\dotfiles\tests\powershell\windows-platform.Tests.ps1:743
[91m    at <ScriptBlock>, C:\Users\lavantien\Documents\PowerShell\Modules\Pester\5.7.1\Pester.psm1:2024
[91m    at <ScriptBlock>, C:\Users\lavantien\Documents\PowerShell\Modules\Pester\5.7.1\Pester.psm1:1985
[91m    at Invoke-ScriptBlock, C:\Users\lavantien\Documents\PowerShell\Modules\Pester\5.7.1\Pester.psm1:2157
[91m    at Invoke-TestItem, C:\Users\lavantien\Documents\PowerShell\Modules\Pester\5.7.1\Pester.psm1:1199
[91m    at Invoke-Block, C:\Users\lavantien\Documents\PowerShell\Modules\Pester\5.7.1\Pester.psm1:835
[91m    at <ScriptBlock>, C:\Users\lavantien\Documents\PowerShell\Modules\Pester\5.7.1\Pester.psm1:893
[91m    at <ScriptBlock>, C:\Users\lavantien\Documents\PowerShell\Modules\Pester\5.7.1\Pester.psm1:2024
[91m    at <ScriptBlock>, C:\Users\lavantien\Documents\PowerShell\Modules\Pester\5.7.1\Pester.psm1:1985
[91m    at Invoke-ScriptBlock, C:\Users\lavantien\Documents\PowerShell\Modules\Pester\5.7.1\Pester.psm1:2160
[91m    at Invoke-Block, C:\Users\lavantien\Documents\PowerShell\Modules\Pester\5.7.1\Pester.psm1:940
[91m    at <ScriptBlock>, C:\Users\lavantien\Documents\PowerShell\Modules\Pester\5.7.1\Pester.psm1:893
[91m    at <ScriptBlock>, C:\Users\lavantien\Documents\PowerShell\Modules\Pester\5.7.1\Pester.psm1:2024
[91m    at <ScriptBlock>, C:\Users\lavantien\Documents\PowerShell\Modules\Pester\5.7.1\Pester.psm1:1985
[91m    at Invoke-ScriptBlock, C:\Users\lavantien\Documents\PowerShell\Modules\Pester\5.7.1\Pester.psm1:2160
[91m    at Invoke-Block, C:\Users\lavantien\Documents\PowerShell\Modules\Pester\5.7.1\Pester.psm1:940
[91m    at <ScriptBlock>, C:\Users\lavantien\Documents\PowerShell\Modules\Pester\5.7.1\Pester.psm1:893
[91m    at <ScriptBlock>, C:\Users\lavantien\Documents\PowerShell\Modules\Pester\5.7.1\Pester.psm1:2024
[91m    at <ScriptBlock>, C:\Users\lavantien\Documents\PowerShell\Modules\Pester\5.7.1\Pester.psm1:1985
[91m    at Invoke-ScriptBlock, C:\Users\lavantien\Documents\PowerShell\Modules\Pester\5.7.1\Pester.psm1:2160
[91m    at Invoke-Block, C:\Users\lavantien\Documents\PowerShell\Modules\Pester\5.7.1\Pester.psm1:940
[91m    at <ScriptBlock>, C:\Users\lavantien\Documents\PowerShell\Modules\Pester\5.7.1\Pester.psm1:1688
[91m    at <ScriptBlock>, C:\Users\lavantien\Documents\PowerShell\Modules\Pester\5.7.1\Pester.ps1:3
[91m    at <ScriptBlock>, C:\Users\lavantien\Documents\PowerShell\Modules\Pester\5.7.1\Pester.psm1:3260
[91m    at Invoke-InNewScriptScope, C:\Users\lavantien\Documents\PowerShell\Modules\Pester\5.7.1\Pester.psm1:3267
[91m    at Run-Test, C:\Users\lavantien\Documents\PowerShell\Modules\Pester\5.7.1\Pester.psm1:1691
[91m    at Invoke-Test, C:\Users\lavantien\Documents\PowerShell\Modules\Pester\5.7.1\Pester.psm1:2512
[91m    at Invoke-Pester<End>, C:\Users\lavantien\Documents\PowerShell\Modules\Pester\5.7.1\Pester.psm1:4960
[91m    at <ScriptBlock>, C:\Users\lavantien\dev\github\dotfiles\run-tests.ps1:10[0m
[96m Context When no python available[0m
[WARN] Python not found, skipping black
[32m   [+] Returns false and tracks failed[0m[90m 9ms (8ms|1ms)[0m
[0m
[92mDescribing Install-DotnetTool[0m
[96m Context When dotnet is available and package needs install[0m
[STEP] Installing dotnet-format via dotnet...
[32m   [+] Installs package successfully[0m[90m 24ms (22ms|1ms)[0m
[96m Context When dotnet is not available[0m
[WARN] dotnet not found, skipping dotnet-format
[32m   [+] Returns false and tracks failed[0m[90m 6ms (6ms|1ms)[0m
[96m Context When install fails but update succeeds[0m
[STEP] Installing dotnet-format via dotnet...
[WARN] Failed to install dotnet-format: already installed
[32m   [+] Updates package and returns true[0m[90m 21ms (20ms|1ms)[0m
[0m
[92mDescribing Install-Rustup[0m
[96m Context When rustup already installed[0m
[32m   [+] Returns true and tracks skipped[0m[90m 11ms (9ms|2ms)[0m
[96m Context When rustup not installed and not in dry run[0m
[STEP] Installing Rust via rustup...
[WARN] Failed to install Rust: The term 'C:\Users\LAVANT~1\AppData\Local\Temp\rustup-init.exe' is not recognized as a name of a cmdlet, function, script file, or executable program.
Check the spelling of the name, or if a path was included, verify that the path is correct and try again.
[32m   [+] Downloads and runs rustup-init[0m[90m 42ms (41ms|1ms)[0m
[96m Context When in dry run mode[0m
[STEP] Installing Rust via rustup...
[INFO] [DRY-RUN] Would install rustup
[32m   [+] Returns true without installing[0m[90m 9ms (8ms|1ms)[0m
[0m
[92mDescribing Install-RustAnalyzerComponent[0m
[96m Context When rustup is available and component needs install[0m
[STEP] Adding rust-analyzer component...
[32m   [+] Adds rust-analyzer component successfully[0m[90m 23ms (21ms|2ms)[0m
[96m Context When rustup is not available[0m
[WARN] rustup not found, skipping rust-analyzer
[32m   [+] Returns false and tracks failed[0m[90m 7ms (6ms|1ms)[0m
[96m Context When component already installed[0m
[32m   [+] Skips installation[0m[90m 10ms (9ms|1ms)[0m
[0m
[92mDescribing Add-ToPath[0m
[32m  [+] Adds path to user PATH when not already present[0m[90m 3ms (2ms|1ms)[0m
[32m  [+] Does not add duplicate paths[0m[90m 3ms (2ms|0ms)[0m
[0m
[92mDescribing Refresh-Path[0m
[32m  [+] Refreshes PATH from environment variables[0m[90m 6ms (2ms|4ms)[0m
[0m
[92mDescribing Write-VerboseInfo[0m
[32m  [+] Writes message when Verbose is true[0m[90m 7ms (5ms|2ms)[0m
[32m  [+] Skips writing when Verbose is false[0m[90m 5ms (4ms|0ms)[0m
[0m
[92mDescribing Write-Section[0m
[32m  [+] Writes section header with cyan color[0m[90m 7ms (6ms|1ms)[0m
[0m
[92mDescribing cmd_exists[0m
[32m  [+] Returns true when command exists[0m[90m 5ms (4ms|1ms)[0m
[32m  [+] Returns false when command does not exist[0m[90m 4ms (4ms|0ms)[0m
[0m
[92mDescribing Get-WindowsVersion[0m
[32m  [+] Returns OS version[0m[90m 3ms (2ms|1ms)[0m
[0m
[92mDescribing Read-Confirmation[0m
[32m  [+] Returns true when user enters yes[0m[90m 8ms (6ms|1ms)[0m
[32m  [+] Returns true when user enters y[0m[90m 5ms (4ms|0ms)[0m
[32m  [+] Returns false when user enters no[0m[90m 4ms (4ms|0ms)[0m
[32m  [+] Returns false when user enters n[0m[90m 5ms (4ms|0ms)[0m
[32m  [+] Returns default value when user enters empty[0m[90m 4ms (4ms|0ms)[0m
[32m  [+] Returns true when not interactive[0m[90m 2ms (1ms|1ms)[0m
[32m  [+] Trims whitespace from user input[0m[90m 7ms (7ms|1ms)[0m
[32m  [+] Handles case insensitive input[0m[90m 6ms (6ms|0ms)[0m
[0m
[92mDescribing Invoke-CommandSafe[0m
[32m  [+] Returns true when command succeeds[0m[90m 12ms (10ms|2ms)[0m
[32m  [+] Returns false when command fails[0m[90m 12ms (11ms|0ms)[0m
[32m  [+] Returns true without executing in dry run mode[0m[90m 6ms (5ms|0ms)[0m
[32m  [+] Suppresses output when NoOutput is specified[0m[90m 9ms (9ms|1ms)[0m
[0m
[92mDescribing Initialize-UserPath[0m
[32m  [+] Calls Write-Step to indicate start[0m[90m 31ms (29ms|2ms)[0m
[32m  [+] Refreshes PATH after processing directories[0m[90m 17ms (16ms|0ms)[0m
[0m
[92mDescribing Save-State[0m
[32m  [+] Saves tool state to file[0m[90m 8ms (7ms|1ms)[0m
[0m
[92mDescribing Get-InstalledState[0m
[32m  [+] Returns null when state file does not exist[0m[90m 6ms (5ms|1ms)[0m
[32m  [+] Returns null when tool not found in state file[0m[90m 12ms (12ms|0ms)[0m
[32m  [+] Returns version when tool found in state file[0m[90m 27ms (26ms|0ms)[0m
[0m
[92mDescribing Test-Admin[0m
[32m  [+] Returns boolean indicating admin status[0m[90m 5ms (3ms|2ms)[0m
[0m
[92mDescribing Restart-ShellPrompt[0m
[32m  [+] Writes restart message to host[0m[90m 9ms (8ms|1ms)[0m
[32m  [+] Includes profile in restart message[0m[90m 15ms (14ms|1ms)[0m
[0m
[92mDescribing Ensure-Scoop[0m
[32m  [+] Returns true when scoop is already installed[0m[90m 13ms (11ms|1ms)[0m
[32m  [+] Returns true in dry run mode[0m[90m 14ms (14ms|0ms)[0m
[0m
[92mDescribing Install-ScoopPackage[0m
[32m  [+] Returns false when scoop is not installed[0m[90m 18ms (17ms|1ms)[0m
[32m  [+] Returns true in dry run mode[0m[90m 16ms (15ms|0ms)[0m
[32m  [+] Returns true when package already installed[0m[90m 11ms (10ms|1ms)[0m
[0m
[92mDescribing Ensure-Winget[0m
[32m  [+] Returns true when winget is available[0m[90m 11ms (10ms|2ms)[0m
[32m  [+] Returns false when winget is not available[0m[90m 11ms (11ms|0ms)[0m
[0m
[92mDescribing Install-WingetPackage[0m
[32m  [+] Returns false when winget is not available[0m[90m 10ms (8ms|1ms)[0m
[32m  [+] Returns true in dry run mode[0m[90m 22ms (21ms|0ms)[0m
[32m  [+] Returns true when package already installed[0m[90m 11ms (11ms|0ms)[0m
[0m
[92mDescribing Ensure-Choco[0m
[32m  [+] Returns true when chocolatey is already installed[0m[90m 10ms (9ms|1ms)[0m
[32m  [+] Returns true in dry run mode[0m[90m 16ms (15ms|0ms)[0m
[0m
[92mDescribing Install-ChocoPackage[0m
[32m  [+] Returns false when chocolatey is not installed[0m[90m 10ms (9ms|1ms)[0m
[32m  [+] Returns true in dry run mode[0m[90m 19ms (19ms|0ms)[0m
[32m  [+] Returns true when package already installed[0m[90m 14ms (14ms|1ms)[0m
[0m
[92mDescribing Install-NpmGlobal[0m
[32m  [+] Returns false when npm is not found[0m[90m 13ms (12ms|1ms)[0m
[32m  [+] Returns true in dry run mode[0m[90m 26ms (26ms|0ms)[0m
[32m  [+] Returns true when package already installed[0m[90m 14ms (14ms|0ms)[0m
[0m
[92mDescribing Install-GoPackage[0m
[32m  [+] Returns false when go is not found[0m[90m 20ms (19ms|1ms)[0m
[32m  [+] Returns true in dry run mode[0m[90m 106ms (105ms|1ms)[0m
[32m  [+] Returns true when command already exists[0m[90m 101ms (100ms|1ms)[0m
[0m
[92mDescribing Install-CargoPackage[0m
[32m  [+] Returns false when cargo is not found[0m[90m 15ms (14ms|2ms)[0m
[32m  [+] Returns true in dry run mode[0m[90m 20ms (19ms|1ms)[0m
[32m  [+] Returns true when package already installed[0m[90m 12ms (11ms|1ms)[0m
[0m
[92mDescribing Install-PipGlobal[0m
[32m  [+] Returns false when python is not found[0m[90m 17ms (15ms|1ms)[0m
[32m  [+] Returns true in dry run mode[0m[90m 35ms (34ms|1ms)[0m
[32m  [+] Returns true when package already installed[0m[90m 13ms (12ms|1ms)[0m
[0m
[92mDescribing Install-DotnetTool[0m
[32m  [+] Returns false when dotnet is not found[0m[90m 21ms (19ms|2ms)[0m
[32m  [+] Returns true in dry run mode[0m[90m 16ms (16ms|0ms)[0m
[32m  [+] Returns true when tool already installed[0m[90m 14ms (14ms|0ms)[0m
[0m
[92mDescribing Install-Rustup[0m
[32m  [+] Returns true when rustup is already installed[0m[90m 15ms (13ms|1ms)[0m
[32m  [+] Returns true in dry run mode[0m[90m 15ms (15ms|0ms)[0m
[0m
[92mDescribing Install-RustAnalyzerComponent[0m
[32m  [+] Returns false when rustup is not found[0m[90m 12ms (10ms|2ms)[0m
[32m  [+] Returns true in dry run mode[0m[90m 24ms (24ms|0ms)[0m
[32m  [+] Returns true when rust-analyzer already installed[0m[90m 13ms (11ms|2ms)[0m
[0m
[92mDescribing Ensure-Coursier[0m
[32m  [+] Returns true when coursier is already installed[0m[90m 9ms (8ms|1ms)[0m
[32m  [+] Returns true in dry run mode[0m[90m 15ms (15ms|0ms)[0m
[0m
[92mDescribing Test-CoursierInstalled[0m
[32m  [+] Returns false when scoop shim does not exist[0m[90m 14ms (12ms|2ms)[0m
[0m
[92mDescribing Install-CoursierPackage[0m
[32m  [+] Returns false when coursier is not installed[0m[90m 11ms (10ms|2ms)[0m
[32m  [+] Returns true in dry run mode[0m[90m 34ms (34ms|1ms)[0m
[32m  [+] Returns true when package already installed[0m[90m 11ms (11ms|0ms)[0m
[0m
[92mDescribing Install-ScoopPackages[0m
[32m  [+] Returns true with empty packages list[0m[90m 5ms (4ms|1ms)[0m
[32m  [+] Returns true in dry run mode[0m[90m 11ms (11ms|0ms)[0m
[32m  [+] Returns true when all packages already installed[0m[90m 21ms (20ms|0ms)[0m
[0m
[92mDescribing Add-ScoopBucket[0m
[32m  [+] Returns true in dry run mode[0m[90m 5ms (4ms|1ms)[0m
[95m
[95mRunning tests from 'C:\Users\lavantien\dev\github\dotfiles\tests\powershell\wrapper-scripts.Tests.ps1'[0m
[92mDescribing backup.ps1 wrapper script[0m
[32m  [+] Script file exists[0m[90m 2ms (1ms|1ms)[0m
[32m  [+] Maps -DryRun to --dry-run[0m[90m 2ms (2ms|0ms)[0m
[32m  [+] Maps -Keep to --keep[0m[90m 2ms (2ms|0ms)[0m
[32m  [+] Maps -BackupDir to --backup-dir[0m[90m 5ms (5ms|0ms)[0m
[32m  [+] Checks for bash availability[0m[90m 2ms (2ms|0ms)[0m
[32m  [+] Changes to script directory before invoking bash[0m[90m 2ms (1ms|0ms)[0m
[32m  [+] Invokes backup.sh script[0m[90m 2ms (1ms|0ms)[0m
[32m  [+] Returns bash exit code[0m[90m 2ms (1ms|0ms)[0m
[0m
[92mDescribing deploy.ps1 wrapper script[0m
[32m  [+] Script file exists[0m[90m 2ms (1ms|1ms)[0m
[32m  [+] Checks for bash availability[0m[90m 2ms (2ms|0ms)[0m
[32m  [+] Invokes deploy.sh script[0m[90m 2ms (1ms|0ms)[0m
[32m  [+] Returns bash exit code[0m[90m 1ms (1ms|0ms)[0m
[0m
[92mDescribing restore.ps1 wrapper script[0m
[32m  [+] Script file exists[0m[90m 4ms (2ms|2ms)[0m
[32m  [+] Maps -BackupDir to --backup-dir[0m[90m 2ms (2ms|0ms)[0m
[32m  [+] Maps -List to --list[0m[90m 2ms (2ms|0ms)[0m
[32m  [+] Maps -DryRun to --dry-run[0m[90m 2ms (1ms|0ms)[0m
[32m  [+] Maps -Force to --force[0m[90m 2ms (2ms|0ms)[0m
[32m  [+] Checks for bash availability[0m[90m 2ms (1ms|0ms)[0m
[32m  [+] Invokes restore.sh script[0m[90m 3ms (2ms|1ms)[0m
[32m  [+] Returns bash exit code[0m[90m 2ms (2ms|0ms)[0m
[0m
[92mDescribing uninstall.ps1 wrapper script[0m
[32m  [+] Script file exists[0m[90m 5ms (2ms|2ms)[0m
[32m  [+] Maps -DryRun to --dry-run[0m[90m 4ms (3ms|1ms)[0m
[32m  [+] Maps -KeepBackups to --keep-backups[0m[90m 4ms (3ms|1ms)[0m
[32m  [+] Maps -VerifyOnly to --verify-only[0m[90m 4ms (3ms|1ms)[0m
[32m  [+] Checks for bash availability[0m[90m 2ms (2ms|1ms)[0m
[32m  [+] Invokes uninstall.sh script[0m[90m 2ms (2ms|1ms)[0m
[32m  [+] Returns bash exit code[0m[90m 2ms (1ms|0ms)[0m
[0m
[92mDescribing healthcheck.ps1 wrapper script[0m
[32m  [+] Script file exists[0m[90m 4ms (2ms|2ms)[0m
[32m  [+] Maps -Verbose to --verbose[0m[90m 4ms (3ms|1ms)[0m
[32m  [+] Maps -Format to --format[0m[90m 3ms (2ms|0ms)[0m
[32m  [+] Checks for bash availability[0m[90m 3ms (2ms|1ms)[0m
[32m  [+] Invokes healthcheck.sh script[0m[90m 3ms (3ms|1ms)[0m
[32m  [+] Returns bash exit code[0m[90m 2ms (1ms|0ms)[0m
[0m
[92mDescribing Common wrapper script patterns[0m
[32m  [+] All wrappers use ErrorActionPreference Stop[0m[90m 9ms (7ms|2ms)[0m
[32m  [+] All wrappers use try/finally for location restoration[0m[90m 5ms (5ms|0ms)[0m
[32m  [+] All wrappers invoke bash with login shell (-l)[0m[90m 4ms (4ms|0ms)[0m
[95m
[95mRunning tests from 'C:\Users\lavantien\dev\github\dotfiles\tests\powershell\wrapper.Tests.ps1'[0m
[92mDescribing Wrapper Script - Basic Structure[0m
[96m Context Wrapper Files Exist[0m
[32m   [+] Both .ps1 and .sh files exist for each script[0m[90m 24ms (23ms|1ms)[0m
[0m
[92mDescribing Wrapper Script - Git Bash Detection[0m
[96m Context Bash Availability Check[0m
[32m   [+] Git Bash (bash.exe) is available on Windows[0m[90m 20ms (18ms|2ms)[0m
[32m   [+] Wrapper script has helpful error when bash is missing[0m[90m 22ms (21ms|1ms)[0m
[96m Context Error Action Preference[0m
[32m   [+] Wrapper scripts set ErrorActionPreference to Stop[0m[90m 4ms (3ms|1ms)[0m
[0m
[92mDescribing Wrapper Script - Invocation Pattern[0m
[96m Context Bash Invocation[0m
[32m   [+] Wrapper invokes .sh script via bash[0m[90m 5ms (3ms|2ms)[0m
[32m   [+] Wrapper derives .sh path from .ps1 location[0m[90m 3ms (2ms|0ms)[0m
[96m Context Exit Code Propagation[0m
[32m   [+] Wrapper propagates exit code from bash script[0m[90m 4ms (3ms|1ms)[0m
[0m
[92mDescribing Wrapper Script - Parameter Mapping[0m
[96m Context Common Parameter Mappings[0m
[32m   [+] backup.ps1 maps -DryRun to --dry-run[0m[90m 5ms (2ms|3ms)[0m
[32m   [+] backup.ps1 maps -Keep to --keep[0m[90m 2ms (2ms|0ms)[0m
[32m   [+] restore.ps1 maps -DryRun to --dry-run[0m[90m 2ms (2ms|0ms)[0m
[32m   [+] uninstall.ps1 maps -DryRun to --dry-run[0m[90m 4ms (4ms|1ms)[0m
[32m   [+] git-update-repos.ps1 maps -Username to --username[0m[90m 4ms (3ms|1ms)[0m
[32m   [+] git-update-repos.ps1 maps -Commit to --commit[0m[90m 4ms (3ms|1ms)[0m
[32m   [+] sync-system-instructions.ps1 maps -Commit to --commit[0m[90m 4ms (3ms|1ms)[0m
[32m   [+] sync-system-instructions.ps1 maps -Push to --push[0m[90m 2ms (2ms|0ms)[0m
[0m
[92mDescribing Wrapper Script - Documentation[0m
[32m  [+] Wrapper has usage comment header[0m[90m 3ms (2ms|1ms)[0m
[32m  [+] backup.ps1 documents parameters[0m[90m 2ms (2ms|0ms)[0m
[0m
[92mDescribing Wrapper Script - Regression Tests[0m
[96m Context bootstrap.ps1 Platform Detection[0m
[32m   [+] bootstrap.ps1 calls Windows-native bootstrap first[0m[90m 8ms (6ms|1ms)[0m
[32m   [+] bootstrap.ps1 has parameter hashtable for Windows bootstrap[0m[90m 3ms (2ms|0ms)[0m
[32m   [+] bootstrap.ps1 only falls back to bash if Windows bootstrap missing[0m[90m 2ms (2ms|0ms)[0m
[96m Context Login Shell Usage[0m
[32m   [+] Wrapper uses login shell (-l flag) for proper PATH setup[0m[90m 7ms (6ms|1ms)[0m
[32m   [+] Wrapper does NOT use absolute paths to invoke bash scripts[0m[90m 7ms (6ms|0ms)[0m
[32m   [+] Wrapper changes directory before invoking bash[0m[90m 20ms (20ms|1ms)[0m
[96m Context Array Splatting[0m
[32m   [+] Wrapper uses @ for splatting bash args, not $[0m[90m 13ms (11ms|2ms)[0m
[32m   [+] Wrapper does not incorrectly pass args with $ prefix[0m[90m 11ms (10ms|1ms)[0m
[96m Context Path Construction[0m
[32m   [+] Wrapper constructs bash args array with -c flag[0m[90m 16ms (15ms|1ms)[0m
[32m   [+] Wrapper uses relative script path in -c command string[0m[90m 24ms (24ms|1ms)[0m
[96m Context Exit Code Handling[0m
[32m   [+] Wrapper captures LASTEXITCODE from bash invocation[0m[90m 12ms (11ms|1ms)[0m
[32m   [+] Wrapper exits with captured exit code[0m[90m 6ms (6ms|0ms)[0m
[95m
[95mRunning tests from 'C:\Users\lavantien\dev\github\dotfiles\tests\powershell\e2e\bootstrap_e2e.Tests.ps1'[0m
[92mDescribing Bootstrap E2E - Script Structure[0m
[96m Context Bootstrap Script Files[0m
[32m   [+] bootstrap.ps1 exists and is readable[0m[90m 4ms (2ms|2ms)[0m
[32m   [+] bootstrap.sh exists for bash compatibility[0m[90m 6ms (6ms|1ms)[0m
[32m   [+] bootstrap library files exist[0m[90m 4ms (3ms|1ms)[0m
[96m Context Bootstrap Platform Scripts[0m
[32m   [+] Windows bootstrap script exists[0m[90m 3ms (2ms|1ms)[0m
[0m
[92mDescribing Bootstrap E2E - Function Tests[0m
[96m Context OS Detection[0m
[32m   [+] Can detect Windows platform[0m[90m 3ms (1ms|2ms)[0m
[32m   [+] Detects PowerShell version[0m[90m 1ms (1ms|0ms)[0m
[96m Context Command Detection[0m
[32m   [+] Detects existing commands[0m[90m 4ms (3ms|1ms)[0m
[32m   [+] Returns null for non-existent commands[0m[90m 54ms (54ms|0ms)[0m
[0m
[92mDescribing Bootstrap E2E - Idempotency[0m
[32m  [+] Bootstrap can be sourced multiple times[0m[90m 3ms (2ms|1ms)[0m
[32m  [+] Path operations are idempotent[0m[90m 2ms (2ms|0ms)[0m
[0m
[92mDescribing Bootstrap E2E - Config Integration[0m
[32m  [+] Works without config file[0m[90m 6ms (5ms|1ms)[0m
[32m  [+] Uses defaults when config is missing[0m[90m 3ms (2ms|0ms)[0m
[0m
[92mDescribing Bootstrap E2E - Prerequisites[0m
[32m  [+] Git is available[0m[90m 5ms (4ms|1ms)[0m
[32m  [+] PowerShell is available[0m[90m 2ms (2ms|1ms)[0m
[0m
[92mDescribing Bootstrap E2E - Installation Safety[0m
[32m  [+] Creates target directory before installing[0m[90m 9ms (7ms|1ms)[0m
[32m  [+] Checks if tool exists before installing[0m[90m 4ms (3ms|1ms)[0m
[0m
[92mDescribing Bootstrap E2E - Platform Specific[0m
[96m Context Windows Bootstrap[0m
[32m   [+] Windows bootstrap script can be read[0m[90m 3ms (2ms|2ms)[0m
[32m   [+] Script contains Scoop installation logic[0m[90m 2ms (2ms|0ms)[0m
[95m
[95mRunning tests from 'C:\Users\lavantien\dev\github\dotfiles\tests\powershell\e2e\git-hooks_e2e.Tests.ps1'[0m
[92mDescribing Git Hooks E2E - Hook Files[0m
[96m Context Pre-commit Hook[0m
[32m   [+] pre-commit.ps1 exists and is readable[0m[90m 3ms (1ms|1ms)[0m
[91m   [-] pre-commit.ps1 contains Get-ProjectTypes function[0m[90m 2ms (2ms|0ms)[0m
[91m    Expected regular expression 'function Get-ProjectTypes' to match '# PowerShell
[91m    ', but it did not match.
[91m    at $content | Should -Match "function Get-ProjectTypes", C:\Users\lavantien\dev\github\dotfiles\tests\powershell\e2e\git-hooks_e2e.Tests.ps1:43
[91m    at Invoke-Assertion, C:\Users\lavantien\Documents\PowerShell\Modules\Pester\5.7.1\Pester.psm1:8250
[91m    at Should<End>, C:\Users\lavantien\Documents\PowerShell\Modules\Pester\5.7.1\Pester.psm1:8193
[91m    at <ScriptBlock>, C:\Users\lavantien\dev\github\dotfiles\tests\powershell\e2e\git-hooks_e2e.Tests.ps1:43
[91m    at <ScriptBlock>, C:\Users\lavantien\Documents\PowerShell\Modules\Pester\5.7.1\Pester.psm1:2024
[91m    at <ScriptBlock>, C:\Users\lavantien\Documents\PowerShell\Modules\Pester\5.7.1\Pester.psm1:1985
[91m    at Invoke-ScriptBlock, C:\Users\lavantien\Documents\PowerShell\Modules\Pester\5.7.1\Pester.psm1:2157
[91m    at Invoke-TestItem, C:\Users\lavantien\Documents\PowerShell\Modules\Pester\5.7.1\Pester.psm1:1199
[91m    at Invoke-Block, C:\Users\lavantien\Documents\PowerShell\Modules\Pester\5.7.1\Pester.psm1:835
[91m    at <ScriptBlock>, C:\Users\lavantien\Documents\PowerShell\Modules\Pester\5.7.1\Pester.psm1:893
[91m    at <ScriptBlock>, C:\Users\lavantien\Documents\PowerShell\Modules\Pester\5.7.1\Pester.psm1:2024
[91m    at <ScriptBlock>, C:\Users\lavantien\Documents\PowerShell\Modules\Pester\5.7.1\Pester.psm1:1985
[91m    at Invoke-ScriptBlock, C:\Users\lavantien\Documents\PowerShell\Modules\Pester\5.7.1\Pester.psm1:2160
[91m    at Invoke-Block, C:\Users\lavantien\Documents\PowerShell\Modules\Pester\5.7.1\Pester.psm1:940
[91m    at <ScriptBlock>, C:\Users\lavantien\Documents\PowerShell\Modules\Pester\5.7.1\Pester.psm1:893
[91m    at <ScriptBlock>, C:\Users\lavantien\Documents\PowerShell\Modules\Pester\5.7.1\Pester.psm1:2024
[91m    at <ScriptBlock>, C:\Users\lavantien\Documents\PowerShell\Modules\Pester\5.7.1\Pester.psm1:1985
[91m    at Invoke-ScriptBlock, C:\Users\lavantien\Documents\PowerShell\Modules\Pester\5.7.1\Pester.psm1:2160
[91m    at Invoke-Block, C:\Users\lavantien\Documents\PowerShell\Modules\Pester\5.7.1\Pester.psm1:940
[91m    at <ScriptBlock>, C:\Users\lavantien\Documents\PowerShell\Modules\Pester\5.7.1\Pester.psm1:893
[91m    at <ScriptBlock>, C:\Users\lavantien\Documents\PowerShell\Modules\Pester\5.7.1\Pester.psm1:2024
[91m    at <ScriptBlock>, C:\Users\lavantien\Documents\PowerShell\Modules\Pester\5.7.1\Pester.psm1:1985
[91m    at Invoke-ScriptBlock, C:\Users\lavantien\Documents\PowerShell\Modules\Pester\5.7.1\Pester.psm1:2160
[91m    at Invoke-Block, C:\Users\lavantien\Documents\PowerShell\Modules\Pester\5.7.1\Pester.psm1:940
[91m    at <ScriptBlock>, C:\Users\lavantien\Documents\PowerShell\Modules\Pester\5.7.1\Pester.psm1:1688
[91m    at <ScriptBlock>, C:\Users\lavantien\Documents\PowerShell\Modules\Pester\5.7.1\Pester.ps1:3
[91m    at <ScriptBlock>, C:\Users\lavantien\Documents\PowerShell\Modules\Pester\5.7.1\Pester.psm1:3260
[91m    at Invoke-InNewScriptScope, C:\Users\lavantien\Documents\PowerShell\Modules\Pester\5.7.1\Pester.psm1:3267
[91m    at Run-Test, C:\Users\lavantien\Documents\PowerShell\Modules\Pester\5.7.1\Pester.psm1:1691
[91m    at Invoke-Test, C:\Users\lavantien\Documents\PowerShell\Modules\Pester\5.7.1\Pester.psm1:2512
[91m    at Invoke-Pester<End>, C:\Users\lavantien\Documents\PowerShell\Modules\Pester\5.7.1\Pester.psm1:4960
[91m    at <ScriptBlock>, C:\Users\lavantien\dev\github\dotfiles\run-tests.ps1:10[0m
[32m   [+] pre-commit hook (bash) exists and is executable[0m[90m 1ms (1ms|0ms)[0m
[96m Context Commit-msg Hook[0m
[32m   [+] commit-msg.ps1 exists and is readable[0m[90m 2ms (2ms|1ms)[0m
[32m   [+] commit-msg hook (bash) exists and is executable[0m[90m 2ms (1ms|0ms)[0m
[91m   [-] commit-msg.ps1 contains validation pattern[0m[90m 2ms (2ms|0ms)[0m
[91m    Expected regular expression 'feat|fix|chore' to match '# PowerShell
[91m    ', but it did not match.
[91m    at $content | Should -Match "feat|fix|chore", C:\Users\lavantien\dev\github\dotfiles\tests\powershell\e2e\git-hooks_e2e.Tests.ps1:67
[91m    at Invoke-Assertion, C:\Users\lavantien\Documents\PowerShell\Modules\Pester\5.7.1\Pester.psm1:8250
[91m    at Should<End>, C:\Users\lavantien\Documents\PowerShell\Modules\Pester\5.7.1\Pester.psm1:8193
[91m    at <ScriptBlock>, C:\Users\lavantien\dev\github\dotfiles\tests\powershell\e2e\git-hooks_e2e.Tests.ps1:67
[91m    at <ScriptBlock>, C:\Users\lavantien\Documents\PowerShell\Modules\Pester\5.7.1\Pester.psm1:2024
[91m    at <ScriptBlock>, C:\Users\lavantien\Documents\PowerShell\Modules\Pester\5.7.1\Pester.psm1:1985
[91m    at Invoke-ScriptBlock, C:\Users\lavantien\Documents\PowerShell\Modules\Pester\5.7.1\Pester.psm1:2157
[91m    at Invoke-TestItem, C:\Users\lavantien\Documents\PowerShell\Modules\Pester\5.7.1\Pester.psm1:1199
[91m    at Invoke-Block, C:\Users\lavantien\Documents\PowerShell\Modules\Pester\5.7.1\Pester.psm1:835
[91m    at <ScriptBlock>, C:\Users\lavantien\Documents\PowerShell\Modules\Pester\5.7.1\Pester.psm1:893
[91m    at <ScriptBlock>, C:\Users\lavantien\Documents\PowerShell\Modules\Pester\5.7.1\Pester.psm1:2024
[91m    at <ScriptBlock>, C:\Users\lavantien\Documents\PowerShell\Modules\Pester\5.7.1\Pester.psm1:1985
[91m    at Invoke-ScriptBlock, C:\Users\lavantien\Documents\PowerShell\Modules\Pester\5.7.1\Pester.psm1:2160
[91m    at Invoke-Block, C:\Users\lavantien\Documents\PowerShell\Modules\Pester\5.7.1\Pester.psm1:940
[91m    at <ScriptBlock>, C:\Users\lavantien\Documents\PowerShell\Modules\Pester\5.7.1\Pester.psm1:893
[91m    at <ScriptBlock>, C:\Users\lavantien\Documents\PowerShell\Modules\Pester\5.7.1\Pester.psm1:2024
[91m    at <ScriptBlock>, C:\Users\lavantien\Documents\PowerShell\Modules\Pester\5.7.1\Pester.psm1:1985
[91m    at Invoke-ScriptBlock, C:\Users\lavantien\Documents\PowerShell\Modules\Pester\5.7.1\Pester.psm1:2160
[91m    at Invoke-Block, C:\Users\lavantien\Documents\PowerShell\Modules\Pester\5.7.1\Pester.psm1:940
[91m    at <ScriptBlock>, C:\Users\lavantien\Documents\PowerShell\Modules\Pester\5.7.1\Pester.psm1:893
[91m    at <ScriptBlock>, C:\Users\lavantien\Documents\PowerShell\Modules\Pester\5.7.1\Pester.psm1:2024
[91m    at <ScriptBlock>, C:\Users\lavantien\Documents\PowerShell\Modules\Pester\5.7.1\Pester.psm1:1985
[91m    at Invoke-ScriptBlock, C:\Users\lavantien\Documents\PowerShell\Modules\Pester\5.7.1\Pester.psm1:2160
[91m    at Invoke-Block, C:\Users\lavantien\Documents\PowerShell\Modules\Pester\5.7.1\Pester.psm1:940
[91m    at <ScriptBlock>, C:\Users\lavantien\Documents\PowerShell\Modules\Pester\5.7.1\Pester.psm1:1688
[91m    at <ScriptBlock>, C:\Users\lavantien\Documents\PowerShell\Modules\Pester\5.7.1\Pester.ps1:3
[91m    at <ScriptBlock>, C:\Users\lavantien\Documents\PowerShell\Modules\Pester\5.7.1\Pester.psm1:3260
[91m    at Invoke-InNewScriptScope, C:\Users\lavantien\Documents\PowerShell\Modules\Pester\5.7.1\Pester.psm1:3267
[91m    at Run-Test, C:\Users\lavantien\Documents\PowerShell\Modules\Pester\5.7.1\Pester.psm1:1691
[91m    at Invoke-Test, C:\Users\lavantien\Documents\PowerShell\Modules\Pester\5.7.1\Pester.psm1:2512
[91m    at Invoke-Pester<End>, C:\Users\lavantien\Documents\PowerShell\Modules\Pester\5.7.1\Pester.psm1:4960
[91m    at <ScriptBlock>, C:\Users\lavantien\dev\github\dotfiles\run-tests.ps1:10[0m
[0;34mPre-commit checks...[0m
[1;33mNo recognized project type found.[0m
[0m
[92mDescribing Git Hooks E2E - Commit Message Validation[0m
[96m Context Valid Commit Messages[0m
[32m   [+] Accepts feat: type commit message[0m[90m 161ms (159ms|2ms)[0m
[32m   [+] Accepts fix: type commit message[0m[90m 140ms (139ms|0ms)[0m
[32m   [+] Accepts docs: type commit message[0m[90m 148ms (147ms|0ms)[0m
[32m   [+] Accepts chore: type commit message[0m[90m 176ms (176ms|0ms)[0m
[32m   [+] Accepts type(scope): format[0m[90m 167ms (167ms|1ms)[0m
[32m   [+] Accepts type(scope)!: breaking change format[0m[90m 192ms (192ms|0ms)[0m
[96m Context Invalid Commit Messages[0m
[91m   [-] Rejects invalid commit format (no type)[0m[90m 162ms (162ms|1ms)[0m
[91m    Expected 0 to be different from the actual value, but got the same value.
[91m    at $LASTEXITCODE | Should -Not -Be 0, C:\Users\lavantien\dev\github\dotfiles\tests\powershell\e2e\git-hooks_e2e.Tests.ps1:179
[91m    at Invoke-Assertion, C:\Users\lavantien\Documents\PowerShell\Modules\Pester\5.7.1\Pester.psm1:8250
[91m    at Should<End>, C:\Users\lavantien\Documents\PowerShell\Modules\Pester\5.7.1\Pester.psm1:8189
[91m    at <ScriptBlock>, C:\Users\lavantien\dev\github\dotfiles\tests\powershell\e2e\git-hooks_e2e.Tests.ps1:179
[91m    at <ScriptBlock>, C:\Users\lavantien\Documents\PowerShell\Modules\Pester\5.7.1\Pester.psm1:2024
[91m    at <ScriptBlock>, C:\Users\lavantien\Documents\PowerShell\Modules\Pester\5.7.1\Pester.psm1:1985
[91m    at Invoke-ScriptBlock, C:\Users\lavantien\Documents\PowerShell\Modules\Pester\5.7.1\Pester.psm1:2157
[91m    at Invoke-TestItem, C:\Users\lavantien\Documents\PowerShell\Modules\Pester\5.7.1\Pester.psm1:1199
[91m    at Invoke-Block, C:\Users\lavantien\Documents\PowerShell\Modules\Pester\5.7.1\Pester.psm1:835
[91m    at <ScriptBlock>, C:\Users\lavantien\Documents\PowerShell\Modules\Pester\5.7.1\Pester.psm1:893
[91m    at <ScriptBlock>, C:\Users\lavantien\Documents\PowerShell\Modules\Pester\5.7.1\Pester.psm1:2024
[91m    at <ScriptBlock>, C:\Users\lavantien\Documents\PowerShell\Modules\Pester\5.7.1\Pester.psm1:1985
[91m    at Invoke-ScriptBlock, C:\Users\lavantien\Documents\PowerShell\Modules\Pester\5.7.1\Pester.psm1:2160
[91m    at Invoke-Block, C:\Users\lavantien\Documents\PowerShell\Modules\Pester\5.7.1\Pester.psm1:940
[91m    at <ScriptBlock>, C:\Users\lavantien\Documents\PowerShell\Modules\Pester\5.7.1\Pester.psm1:893
[91m    at <ScriptBlock>, C:\Users\lavantien\Documents\PowerShell\Modules\Pester\5.7.1\Pester.psm1:2024
[91m    at <ScriptBlock>, C:\Users\lavantien\Documents\PowerShell\Modules\Pester\5.7.1\Pester.psm1:1985
[91m    at Invoke-ScriptBlock, C:\Users\lavantien\Documents\PowerShell\Modules\Pester\5.7.1\Pester.psm1:2160
[91m    at Invoke-Block, C:\Users\lavantien\Documents\PowerShell\Modules\Pester\5.7.1\Pester.psm1:940
[91m    at <ScriptBlock>, C:\Users\lavantien\Documents\PowerShell\Modules\Pester\5.7.1\Pester.psm1:893
[91m    at <ScriptBlock>, C:\Users\lavantien\Documents\PowerShell\Modules\Pester\5.7.1\Pester.psm1:2024
[91m    at <ScriptBlock>, C:\Users\lavantien\Documents\PowerShell\Modules\Pester\5.7.1\Pester.psm1:1985
[91m    at Invoke-ScriptBlock, C:\Users\lavantien\Documents\PowerShell\Modules\Pester\5.7.1\Pester.psm1:2160
[91m    at Invoke-Block, C:\Users\lavantien\Documents\PowerShell\Modules\Pester\5.7.1\Pester.psm1:940
[91m    at <ScriptBlock>, C:\Users\lavantien\Documents\PowerShell\Modules\Pester\5.7.1\Pester.psm1:1688
[91m    at <ScriptBlock>, C:\Users\lavantien\Documents\PowerShell\Modules\Pester\5.7.1\Pester.ps1:3
[91m    at <ScriptBlock>, C:\Users\lavantien\Documents\PowerShell\Modules\Pester\5.7.1\Pester.psm1:3260
[91m    at Invoke-InNewScriptScope, C:\Users\lavantien\Documents\PowerShell\Modules\Pester\5.7.1\Pester.psm1:3267
[91m    at Run-Test, C:\Users\lavantien\Documents\PowerShell\Modules\Pester\5.7.1\Pester.psm1:1691
[91m    at Invoke-Test, C:\Users\lavantien\Documents\PowerShell\Modules\Pester\5.7.1\Pester.psm1:2512
[91m    at Invoke-Pester<End>, C:\Users\lavantien\Documents\PowerShell\Modules\Pester\5.7.1\Pester.psm1:4960
[91m    at <ScriptBlock>, C:\Users\lavantien\dev\github\dotfiles\run-tests.ps1:10[0m
[91m   [-] Rejects subject over 72 characters[0m[90m 141ms (140ms|0ms)[0m
[91m    Expected 0 to be different from the actual value, but got the same value.
[91m    at $LASTEXITCODE | Should -Not -Be 0, C:\Users\lavantien\dev\github\dotfiles\tests\powershell\e2e\git-hooks_e2e.Tests.ps1:191
[91m    at Invoke-Assertion, C:\Users\lavantien\Documents\PowerShell\Modules\Pester\5.7.1\Pester.psm1:8250
[91m    at Should<End>, C:\Users\lavantien\Documents\PowerShell\Modules\Pester\5.7.1\Pester.psm1:8189
[91m    at <ScriptBlock>, C:\Users\lavantien\dev\github\dotfiles\tests\powershell\e2e\git-hooks_e2e.Tests.ps1:191
[91m    at <ScriptBlock>, C:\Users\lavantien\Documents\PowerShell\Modules\Pester\5.7.1\Pester.psm1:2024
[91m    at <ScriptBlock>, C:\Users\lavantien\Documents\PowerShell\Modules\Pester\5.7.1\Pester.psm1:1985
[91m    at Invoke-ScriptBlock, C:\Users\lavantien\Documents\PowerShell\Modules\Pester\5.7.1\Pester.psm1:2157
[91m    at Invoke-TestItem, C:\Users\lavantien\Documents\PowerShell\Modules\Pester\5.7.1\Pester.psm1:1199
[91m    at Invoke-Block, C:\Users\lavantien\Documents\PowerShell\Modules\Pester\5.7.1\Pester.psm1:835
[91m    at <ScriptBlock>, C:\Users\lavantien\Documents\PowerShell\Modules\Pester\5.7.1\Pester.psm1:893
[91m    at <ScriptBlock>, C:\Users\lavantien\Documents\PowerShell\Modules\Pester\5.7.1\Pester.psm1:2024
[91m    at <ScriptBlock>, C:\Users\lavantien\Documents\PowerShell\Modules\Pester\5.7.1\Pester.psm1:1985
[91m    at Invoke-ScriptBlock, C:\Users\lavantien\Documents\PowerShell\Modules\Pester\5.7.1\Pester.psm1:2160
[91m    at Invoke-Block, C:\Users\lavantien\Documents\PowerShell\Modules\Pester\5.7.1\Pester.psm1:940
[91m    at <ScriptBlock>, C:\Users\lavantien\Documents\PowerShell\Modules\Pester\5.7.1\Pester.psm1:893
[91m    at <ScriptBlock>, C:\Users\lavantien\Documents\PowerShell\Modules\Pester\5.7.1\Pester.psm1:2024
[91m    at <ScriptBlock>, C:\Users\lavantien\Documents\PowerShell\Modules\Pester\5.7.1\Pester.psm1:1985
[91m    at Invoke-ScriptBlock, C:\Users\lavantien\Documents\PowerShell\Modules\Pester\5.7.1\Pester.psm1:2160
[91m    at Invoke-Block, C:\Users\lavantien\Documents\PowerShell\Modules\Pester\5.7.1\Pester.psm1:940
[91m    at <ScriptBlock>, C:\Users\lavantien\Documents\PowerShell\Modules\Pester\5.7.1\Pester.psm1:893
[91m    at <ScriptBlock>, C:\Users\lavantien\Documents\PowerShell\Modules\Pester\5.7.1\Pester.psm1:2024
[91m    at <ScriptBlock>, C:\Users\lavantien\Documents\PowerShell\Modules\Pester\5.7.1\Pester.psm1:1985
[91m    at Invoke-ScriptBlock, C:\Users\lavantien\Documents\PowerShell\Modules\Pester\5.7.1\Pester.psm1:2160
[91m    at Invoke-Block, C:\Users\lavantien\Documents\PowerShell\Modules\Pester\5.7.1\Pester.psm1:940
[91m    at <ScriptBlock>, C:\Users\lavantien\Documents\PowerShell\Modules\Pester\5.7.1\Pester.psm1:1688
[91m    at <ScriptBlock>, C:\Users\lavantien\Documents\PowerShell\Modules\Pester\5.7.1\Pester.ps1:3
[91m    at <ScriptBlock>, C:\Users\lavantien\Documents\PowerShell\Modules\Pester\5.7.1\Pester.psm1:3260
[91m    at Invoke-InNewScriptScope, C:\Users\lavantien\Documents\PowerShell\Modules\Pester\5.7.1\Pester.psm1:3267
[91m    at Run-Test, C:\Users\lavantien\Documents\PowerShell\Modules\Pester\5.7.1\Pester.psm1:1691
[91m    at Invoke-Test, C:\Users\lavantien\Documents\PowerShell\Modules\Pester\5.7.1\Pester.psm1:2512
[91m    at Invoke-Pester<End>, C:\Users\lavantien\Documents\PowerShell\Modules\Pester\5.7.1\Pester.psm1:4960
[91m    at <ScriptBlock>, C:\Users\lavantien\dev\github\dotfiles\run-tests.ps1:10[0m
[96m Context Multi-line Commits[0m
[91m   [-] Requires blank line after subject for multi-line[0m[90m 147ms (146ms|1ms)[0m
[91m    Expected 0 to be different from the actual value, but got the same value.
[91m    at $LASTEXITCODE | Should -Not -Be 0, C:\Users\lavantien\dev\github\dotfiles\tests\powershell\e2e\git-hooks_e2e.Tests.ps1:205
[91m    at Invoke-Assertion, C:\Users\lavantien\Documents\PowerShell\Modules\Pester\5.7.1\Pester.psm1:8250
[91m    at Should<End>, C:\Users\lavantien\Documents\PowerShell\Modules\Pester\5.7.1\Pester.psm1:8189
[91m    at <ScriptBlock>, C:\Users\lavantien\dev\github\dotfiles\tests\powershell\e2e\git-hooks_e2e.Tests.ps1:205
[91m    at <ScriptBlock>, C:\Users\lavantien\Documents\PowerShell\Modules\Pester\5.7.1\Pester.psm1:2024
[91m    at <ScriptBlock>, C:\Users\lavantien\Documents\PowerShell\Modules\Pester\5.7.1\Pester.psm1:1985
[91m    at Invoke-ScriptBlock, C:\Users\lavantien\Documents\PowerShell\Modules\Pester\5.7.1\Pester.psm1:2157
[91m    at Invoke-TestItem, C:\Users\lavantien\Documents\PowerShell\Modules\Pester\5.7.1\Pester.psm1:1199
[91m    at Invoke-Block, C:\Users\lavantien\Documents\PowerShell\Modules\Pester\5.7.1\Pester.psm1:835
[91m    at <ScriptBlock>, C:\Users\lavantien\Documents\PowerShell\Modules\Pester\5.7.1\Pester.psm1:893
[91m    at <ScriptBlock>, C:\Users\lavantien\Documents\PowerShell\Modules\Pester\5.7.1\Pester.psm1:2024
[91m    at <ScriptBlock>, C:\Users\lavantien\Documents\PowerShell\Modules\Pester\5.7.1\Pester.psm1:1985
[91m    at Invoke-ScriptBlock, C:\Users\lavantien\Documents\PowerShell\Modules\Pester\5.7.1\Pester.psm1:2160
[91m    at Invoke-Block, C:\Users\lavantien\Documents\PowerShell\Modules\Pester\5.7.1\Pester.psm1:940
[91m    at <ScriptBlock>, C:\Users\lavantien\Documents\PowerShell\Modules\Pester\5.7.1\Pester.psm1:893
[91m    at <ScriptBlock>, C:\Users\lavantien\Documents\PowerShell\Modules\Pester\5.7.1\Pester.psm1:2024
[91m    at <ScriptBlock>, C:\Users\lavantien\Documents\PowerShell\Modules\Pester\5.7.1\Pester.psm1:1985
[91m    at Invoke-ScriptBlock, C:\Users\lavantien\Documents\PowerShell\Modules\Pester\5.7.1\Pester.psm1:2160
[91m    at Invoke-Block, C:\Users\lavantien\Documents\PowerShell\Modules\Pester\5.7.1\Pester.psm1:940
[91m    at <ScriptBlock>, C:\Users\lavantien\Documents\PowerShell\Modules\Pester\5.7.1\Pester.psm1:893
[91m    at <ScriptBlock>, C:\Users\lavantien\Documents\PowerShell\Modules\Pester\5.7.1\Pester.psm1:2024
[91m    at <ScriptBlock>, C:\Users\lavantien\Documents\PowerShell\Modules\Pester\5.7.1\Pester.psm1:1985
[91m    at Invoke-ScriptBlock, C:\Users\lavantien\Documents\PowerShell\Modules\Pester\5.7.1\Pester.psm1:2160
[91m    at Invoke-Block, C:\Users\lavantien\Documents\PowerShell\Modules\Pester\5.7.1\Pester.psm1:940
[91m    at <ScriptBlock>, C:\Users\lavantien\Documents\PowerShell\Modules\Pester\5.7.1\Pester.psm1:1688
[91m    at <ScriptBlock>, C:\Users\lavantien\Documents\PowerShell\Modules\Pester\5.7.1\Pester.ps1:3
[91m    at <ScriptBlock>, C:\Users\lavantien\Documents\PowerShell\Modules\Pester\5.7.1\Pester.psm1:3260
[91m    at Invoke-InNewScriptScope, C:\Users\lavantien\Documents\PowerShell\Modules\Pester\5.7.1\Pester.psm1:3267
[91m    at Run-Test, C:\Users\lavantien\Documents\PowerShell\Modules\Pester\5.7.1\Pester.psm1:1691
[91m    at Invoke-Test, C:\Users\lavantien\Documents\PowerShell\Modules\Pester\5.7.1\Pester.psm1:2512
[91m    at Invoke-Pester<End>, C:\Users\lavantien\Documents\PowerShell\Modules\Pester\5.7.1\Pester.psm1:4960
[91m    at <ScriptBlock>, C:\Users\lavantien\dev\github\dotfiles\run-tests.ps1:10[0m
[32m   [+] Accepts properly formatted multi-line commit[0m[90m 160ms (160ms|0ms)[0m
[96m Context Special Commit Types[0m
[32m   [+] Allows merge commits[0m[90m 18ms (16ms|1ms)[0m
[32m   [+] Allows revert commits[0m[90m 14ms (13ms|1ms)[0m
[0;34mPre-commit checks...[0m
[1;33mNo recognized project type found.[0m
[0m
[92mDescribing Git Hooks E2E - Project Detection[0m
[96m Context Project Type Detection[0m
[32m   [+] Detects Node project (package.json)[0m[90m 137ms (135ms|2ms)[0m
[32m   [+] Detects Python project (pyproject.toml)[0m[90m 281ms (281ms|0ms)[0m
[32m   [+] Detects Go project (go.mod)[0m[90m 290ms (289ms|1ms)[0m
[32m   [+] Detects Rust project (Cargo.toml)[0m[90m 349ms (349ms|1ms)[0m
[32m   [+] Detects multiple project types[0m[90m 156ms (155ms|1ms)[0m
[32m   [+] Returns empty when no project detected[0m[90m 275ms (274ms|0ms)[0m
[0;34mPre-commit checks...[0m
[1;33mNo recognized project type found.[0m
[0m
[92mDescribing Git Hooks E2E - Integration[0m
[96m Context Hook Bypass[0m
[32m   [+] Hooks can be bypassed with --no-verify[0m[90m 343ms (341ms|2ms)[0m
[96m Context Pre-commit Behavior[0m
[32m   [+] Allows commits with no language files[0m[90m 382ms (381ms|1ms)[0m
[0m
[92mDescribing Git Hooks E2E - Edge Cases[0m
[32m  [+] Handles empty commit message gracefully[0m[90m 3ms (2ms|1ms)[0m
[32m  [+] Handles whitespace-only commit message[0m[90m 6ms (5ms|0ms)[0m
[32m  [+] Handles special characters in scope[0m[90m 1ms (1ms|0ms)[0m
[32m  [+] Accepts all conventional commit types[0m[90m 8ms (8ms|0ms)[0m
[97mTests completed in 58.61s[0m
[97mTests Passed: 915, [0m[91mFailed: 120, [0m[90mSkipped: 0, [0m[90mInconclusive: 0, [0m[37m[0m[90mNotRun: 0[0m
